Microchip MPLAB XC8 Compiler V1.36 ()

Linker command line:

--edf=C:\Program Files (x86)\Microchip\xc8\v1.36\dat\en_msgs.txt -cs \
  -h+dist/default/debug\batteria4480.X.debug.sym \
  --cmf=dist/default/debug\batteria4480.X.debug.cmf -z -Q18F4550 \
  -oC:\Users\simon\AppData\Local\Temp\s9fc.2 \
  -Mdist/default/debug/batteria4480.X.debug.map -E1 -ver=XC8 --acfsm=1493 \
  -ASTACK=0141h-07ffh -pstack=STACK -ACODE=00h-07FFFh -ACONST=00h-07FFFh \
  -ASMALLCONST=0800h-08FFhx120 -AMEDIUMCONST=0800h-07FFFh -ACOMRAM=01h-05Fh \
  -AABS1=00h-07FFh -ABIGRAM=01h-07FFh -ARAM=060h-0FFh,0100h-01FFhx7 \
  -ABANK0=060h-0FFh -ABANK1=0100h-01FFh -ABANK2=0200h-02FFh \
  -ABANK3=0300h-03FFh -ABANK4=0400h-04FFh -ABANK5=0500h-05FFh \
  -ABANK6=0600h-06FFh -ABANK7=0700h-07FFh -ASFR=0F60h-0FFFh \
  -preset_vec=00h,intcode=08h,intcodelo=018h,powerup,init,end_init \
  -pramtop=0800h -psmallconst=SMALLCONST -pmediumconst=MEDIUMCONST \
  -pconst=CONST -AFARRAM=00h-00h -ACONFIG=0300000h-030000Dh -pconfig=CONFIG \
  -AIDLOC=0200000h-0200007h -pidloc=IDLOC -AEEDATA=0F00000h-0F000FFh \
  -peeprom_data=EEDATA \
  -prdata=COMRAM,nvrram=COMRAM,nvbit=COMRAM,rbss=COMRAM,rbit=COMRAM \
  -pfarbss=FARRAM,fardata=FARRAM,nvFARRAM=FARRAM \
  -pintsave_regs=BIGRAM,bigbss=BIGRAM,bigdata=BIGRAM -pbss=RAM \
  -pidata=CODE,irdata=CODE,ibigdata=CODE,ifardata=CODE -prparam=COMRAM \
  C:\Users\simon\AppData\Local\Temp\s9fc.obj \
  dist/default/debug\batteria4480.X.debug.obj 

Object code version is 3.11

Machine type is 18F4550

Call graph: (short form)




                Name                               Link     Load   Length Selector   Space Scale
C:\Users\simon\AppData\Local\Temp\s9fc.obj
                end_init                             B8       B8        4        C       0
                reset_vec                             0        0        4        0       0
                idloc                            200000   200000        8   200000       0
                config                           300000   300000        E   300000       0
dist/default/debug\batteria4480.X.debug.obj
                intcodelo                            18       18       A0        C       0
                intcode                               8        8        E        4       0
                temp                                 40       40        1        1       1
                mediumconst                        7E18     7E18      1E8     3F0C       0
                intcode_body                       395E     395E       EE        C       0
                text50                             44B4     44B4       36        C       0
                text49                             440C     440C       3A        C       0
                text48                             4626     4626       22        C       0
                text47                             447E     447E       36        C       0
                text46                             3A4C     3A4C       EC        C       0
                text45                             42EC     42EC       4C        C       0
                text44                             4648     4648       1C        C       0
                text43                             454E     454E       32        C       0
                text42                             451C     451C       32        C       0
                text41                             4676     4676        8        C       0
                text40                             34BE     34BE      16E        C       0
                text39                             4664     4664       12        C       0
                text38                             41B6     41B6       74        C       0
                text37                             44EA     44EA       32        C       0
                text36                             3F9A     3F9A       96        C       0
                text35                             45AC     45AC       2C        C       0
                text34                             4580     4580       2C        C       0
                text33                             4600     4600       26        C       0
                text32                             43C8     43C8       44        C       0
                text31                             2290     2290      3C0        C       0
                text30                             3020     3020      190        C       0
                text29                             2AF4     2AF4      1CE        C       0
                text28                             1942     1942      4A8        C       0
                text27                             1DEA     1DEA      4A6        C       0
                text26                             3742     3742      110        C       0
                text25                             3E42     3E42       B6        C       0
                text24                             3338     3338      186        C       0
                text23                              ECE      ECE      5A2        C       0
                text22                             4446     4446       38        C       0
                text21                             4380     4380       48        C       0
                text20                             3852     3852      10C        C       0
                text19                             3D86     3D86       BC        C       0
                text18                             4030     4030       94        C       0
                text17                             31B0     31B0      188        C       0
                text16                             2E82     2E82      19E        C       0
                text15                             3CC8     3CC8       BE        C       0
                text14                             3EF8     3EF8       A2        C       0
                text13                             2650     2650      2D2        C       0
                text12                             45D8     45D8       28        C       0
                text11                             1470     1470      4D2        C       0
                text10                               BC       BC      868        C       0
                text9                              3B38     3B38       D2        C       0
                text8                              362C     362C      116        C       0
                text7                              413E     413E       78        C       0
                text6                              4290     4290       5C        C       0
                text5                              3C0A     3C0A       BE        C       0
                text4                              4338     4338       48        C       0
                text3                              2CC2     2CC2      1C0        C       0
                text2                              2922     2922      1D2        C       0
                text1                              40C4     40C4       7A        C       0
                text0                               924      924      5AA        C       0
                cstackCOMRAM                          1        1       20        1       1
                cstackBANK0                          60       60       89       60       1
                cstackBANK1                         100      100       2D      100       1
                dataBANK1                           13B      13B        4      100       1
                bssBANK1                            12D      12D        E      100       1
                bssBANK0                             E9       E9       12       60       1
                dataCOMRAM                           3F       3F        1        1       1
                bssCOMRAM                            21       21       1D        1       1
                bitbssCOMRAM                        1F0       3E        2        1       1     8
                cinit                              422A     422A       66        C       0
                nvBANK1                             13F      13F        2      100       1
                idataBANK1                         467E     467E        4        C       0
                idataCOMRAM                        4682     4682        1        C       0

TOTAL           Name                               Link     Load   Length     Space
        CLASS   STACK          

        CLASS   CODE           
                end_init                             B8       B8        4         0
                intcodelo                            18       18       A0         0
                intcode                               8        8        E         0
                reset_vec                             0        0        4         0
                intcode_body                       395E     395E       EE         0
                text50                             44B4     44B4       36         0
                text49                             440C     440C       3A         0
                text48                             4626     4626       22         0
                text47                             447E     447E       36         0
                text46                             3A4C     3A4C       EC         0
                text45                             42EC     42EC       4C         0
                text44                             4648     4648       1C         0
                text43                             454E     454E       32         0
                text42                             451C     451C       32         0
                text41                             4676     4676        8         0
                text40                             34BE     34BE      16E         0
                text39                             4664     4664       12         0
                text38                             41B6     41B6       74         0
                text37                             44EA     44EA       32         0
                text36                             3F9A     3F9A       96         0
                text35                             45AC     45AC       2C         0
                text34                             4580     4580       2C         0
                text33                             4600     4600       26         0
                text32                             43C8     43C8       44         0
                text31                             2290     2290      3C0         0
                text30                             3020     3020      190         0
                text29                             2AF4     2AF4      1CE         0
                text28                             1942     1942      4A8         0
                text27                             1DEA     1DEA      4A6         0
                text26                             3742     3742      110         0
                text25                             3E42     3E42       B6         0
                text24                             3338     3338      186         0
                text23                              ECE      ECE      5A2         0
                text22                             4446     4446       38         0
                text21                             4380     4380       48         0
                text20                             3852     3852      10C         0
                text19                             3D86     3D86       BC         0
                text18                             4030     4030       94         0
                text17                             31B0     31B0      188         0
                text16                             2E82     2E82      19E         0
                text15                             3CC8     3CC8       BE         0
                text14                             3EF8     3EF8       A2         0
                text13                             2650     2650      2D2         0
                text12                             45D8     45D8       28         0
                text11                             1470     1470      4D2         0
                text10                               BC       BC      868         0
                text9                              3B38     3B38       D2         0
                text8                              362C     362C      116         0
                text7                              413E     413E       78         0
                text6                              4290     4290       5C         0
                text5                              3C0A     3C0A       BE         0
                text4                              4338     4338       48         0
                text3                              2CC2     2CC2      1C0         0
                text2                              2922     2922      1D2         0
                text1                              40C4     40C4       7A         0
                text0                               924      924      5AA         0
                cinit                              422A     422A       66         0
                idataBANK1                         467E     467E        4         0
                idataCOMRAM                        4682     4682        1         0

        CLASS   CONST          

        CLASS   SMALLCONST     

        CLASS   MEDIUMCONST    
                mediumconst                        7E18     7E18      1E8         0

        CLASS   COMRAM         
                temp                                 40       40        1         1
                cstackCOMRAM                          1        1       20         1
                dataCOMRAM                           3F       3F        1         1
                bssCOMRAM                            21       21       1D         1
                bitbssCOMRAM                        1F0       3E        2         1

        CLASS   ABS1           

        CLASS   BIGRAM         

        CLASS   RAM            

        CLASS   BANK0          
                cstackBANK0                          60       60       89         1
                bssBANK0                             E9       E9       12         1

        CLASS   BANK1          
                cstackBANK1                         100      100       2D         1
                dataBANK1                           13B      13B        4         1
                bssBANK1                            12D      12D        E         1
                nvBANK1                             13F      13F        2         1

        CLASS   BANK2          

        CLASS   BANK3          

        CLASS   BANK4          

        CLASS   BANK5          

        CLASS   BANK6          

        CLASS   BANK7          

        CLASS   SFR            

        CLASS   FARRAM         

        CLASS   CONFIG         
                config                           300000   300000        E         0

        CLASS   IDLOC          
                idloc                            200000   200000        8         0

        CLASS   EEDATA         



SEGMENTS        Name                           Load    Length   Top    Selector   Space  Class

                reset_vec                      000000  000004  000004         0       0  CODE    
                cstackCOMRAM                   000001  000040  000041         1       1  COMRAM  
                intcode                        000008  00000E  000016         4       0  CODE    
                intcodelo                      000018  00466B  004683         C       0  CODE    
                cstackBANK0                    000060  00009B  0000FB        60       1  BANK0   
                cstackBANK1                    000100  000041  000141       100       1  BANK1   
                mediumconst                    007E18  0001E8  008000      3F0C       0  MEDIUMCO
                idloc                          200000  000008  200008    200000       0  IDLOC   
                config                         300000  00000E  30000E    300000       0  CONFIG  


UNUSED ADDRESS RANGES

        Name                Unused          Largest block    Delta
        BANK0            0000FB-0000FF                5
        BANK1            000141-0001FF               BF
        BANK2            000200-0002FF              100
        BANK3            000300-0003FF              100
        BANK4            000400-0004FF              100
        BANK5            000500-0005FF              100
        BANK6            000600-0006FF              100
        BANK7            000700-0007FF              100
        BIGRAM           000041-00005F               1F
                         0000FB-0000FF                5
                         000141-0007FF              6BF
        CODE             000004-000007                4
                         000016-000017                2
                         004683-007E17             3795
        COMRAM           000041-00005F               1F
        CONST            000004-000007                4
                         000016-000017                2
                         004683-007E17             3795
        EEDATA           F00000-F000FF              100
        MEDIUMCONST      004683-007E17             3795
        RAM              0000FB-0000FF                5
                         000141-0007FF              100
        SFR              000F60-000FFF               A0
        SMALLCONST       004683-007E17              100
        STACK            000141-0007FF              6BF

                                  Symbol Table

?___awdiv                          cstackBANK0  000066
?___awmod                          cstackBANK0  000060
?___fladd                          cstackBANK0  000094
?___fldiv                          cstackBANK0  00007B
?___flmul                          cstackBANK0  0000A8
?___flneg                          cstackBANK0  000060
?___flsub                          cstackBANK0  0000A8
?___fltol                          cstackBANK0  0000CA
?___lldiv                          cstackBANK0  000060
?___llmod                          cstackBANK0  000060
?___lwdiv                          cstackBANK0  000066
?___lwmod                          cstackBANK0  000060
?___wmul                           cstackBANK0  000060
?___xxtofl                         cstackBANK0  00006D
?__div_to_l_                       cstackBANK0  000060
?__tdiv_to_l_                      cstackBANK0  000060
?_eval_poly                        cstackBANK0  0000C1
?_frexp                            cstackBANK0  000060
?_fround                           cstackBANK0  0000C1
?_log                              cstackBANK0  0000D1
?_scale                            cstackBANK0  0000C1
?_sprintf                          cstackBANK0  0000D4
LCD_cursor@active                  cstackBANK0  00006C
LCD_cursor@blinking                cstackBANK0  00006B
LCD_goto_line@line                 cstackBANK0  00006B
LCD_goto_xy@x                      cstackBANK0  00006F
LCD_goto_xy@y                      cstackBANK0  00006E
LCD_initialize@quartz_frequency    cstackBANK0  00006D
LCD_send_command@D0                cstackBANK0  00006A
LCD_send_command@D1                cstackBANK0  000069
LCD_send_command@D2                cstackBANK0  000068
LCD_send_command@D3                cstackCOMRAM 000020
LCD_shift_cursor@i                 cstackBANK0  00006D
LCD_shift_cursor@number_of_shift   cstackBANK0  00006B
LCD_shift_cursor@shift             cstackBANK0  00006C
LCD_write_char@D0                  cstackBANK0  00006E
LCD_write_char@D1                  cstackBANK0  00006D
LCD_write_char@D2                  cstackBANK0  00006C
LCD_write_char@D3                  cstackBANK0  00006B
LCD_write_char@value               cstackBANK0  00006F
LCD_write_integer@F5227            bssBANK1     000135
LCD_write_integer@convertedInt     cstackBANK0  000087
LCD_write_integer@index            cstackBANK0  00008D
LCD_write_integer@number_of_digits cstackBANK0  000080
LCD_write_integer@value            cstackBANK0  00007E
LCD_write_integer@zero_cleaning    cstackBANK0  000081
LCD_write_message@buffer           cstackBANK0  000070
LCD_write_string@buffer            cstackBANK0  000070
OpenPWM1@period                    cstackCOMRAM 000020
SetDCPWM1@DCycle                   cstackBANK0  000064
SetDCPWM1@dutycycle                cstackBANK0  000060
_ADCON0                            (abs)        000FC2
_ADCON0bits                        (abs)        000FC2
_ADCON1                            (abs)        000FC1
_ADCON2                            (abs)        000FC0
_ADRESH                            (abs)        000FC4
_ADRESL                            (abs)        000FC3
_CCP1CON                           (abs)        000FBD
_CCPR1L                            (abs)        000FBE
_INTCON2bits                       (abs)        000FF1
_INTCONbits                        (abs)        000FF2
_LATA                              (abs)        000F89
_LATB                              (abs)        000F8A
_LATBbits                          (abs)        000F8A
_LATC                              (abs)        000F8B
_LATD                              (abs)        000F8C
_LATE                              (abs)        000F8D
_LATEbits                          (abs)        000F8D
_LCD_clear                         text43       00454E
_LCD_cursor                        text42       00451C
_LCD_enable_pulse                  text48       004626
_LCD_goto_line                     text46       003A4C
_LCD_goto_xy                       text44       004648
_LCD_home                          text37       0044EA
_LCD_initialize                    text40       0034BE
_LCD_send_command                  text47       00447E
_LCD_shift_cursor                  text45       0042EC
_LCD_write_char                    text36       003F9A
_LCD_write_integer                 text3        002CC2
_LCD_write_message                 text35       0045AC
_LCD_write_string                  text33       004600
_OpenPWM1                          text39       004664
_PIR1bits                          (abs)        000F9E
_PORTBbits                         (abs)        000F81
_PR2                               (abs)        000FCB
_RCONbits                          (abs)        000FD0
_SetDCPWM1                         text32       0043C8
_T0CON                             (abs)        000FD5
_T1CON                             (abs)        000FCD
_T2CON                             (abs)        000FCA
_T2CONbits                         (abs)        000FCA
_TMR0H                             (abs)        000FD7
_TMR0L                             (abs)        000FD6
_TMR1H                             (abs)        000FCF
_TMR1L                             (abs)        000FCE
_TRISA                             (abs)        000F92
_TRISB                             (abs)        000F93
_TRISC                             (abs)        000F94
_TRISCbits                         (abs)        000F94
_TRISD                             (abs)        000F95
_TRISE                             (abs)        000F96
_UCONbits                          (abs)        000F6D
__CFG_BOR$ON                       (abs)        000000
__CFG_BORV$3                       (abs)        000000
__CFG_CCP2MX$OFF                   (abs)        000000
__CFG_CP0$OFF                      (abs)        000000
__CFG_CP1$OFF                      (abs)        000000
__CFG_CP2$OFF                      (abs)        000000
__CFG_CP3$OFF                      (abs)        000000
__CFG_CPB$OFF                      (abs)        000000
__CFG_CPD$OFF                      (abs)        000000
__CFG_CPUDIV$OSC1_PLL2             (abs)        000000
__CFG_EBTR0$OFF                    (abs)        000000
__CFG_EBTR1$OFF                    (abs)        000000
__CFG_EBTR2$OFF                    (abs)        000000
__CFG_EBTR3$OFF                    (abs)        000000
__CFG_EBTRB$OFF                    (abs)        000000
__CFG_FCMEN$OFF                    (abs)        000000
__CFG_FOSC$HS                      (abs)        000000
__CFG_ICPRT$OFF                    (abs)        000000
__CFG_IESO$OFF                     (abs)        000000
__CFG_LPT1OSC$OFF                  (abs)        000000
__CFG_LVP$OFF                      (abs)        000000
__CFG_MCLRE$ON                     (abs)        000000
__CFG_PBADEN$OFF                   (abs)        000000
__CFG_PLLDIV$1                     (abs)        000000
__CFG_PWRT$OFF                     (abs)        000000
__CFG_STVREN$ON                    (abs)        000000
__CFG_USBDIV$1                     (abs)        000000
__CFG_VREGEN$OFF                   (abs)        000000
__CFG_WDT$OFF                      (abs)        000000
__CFG_WDTPS$32768                  (abs)        000000
__CFG_WRT0$OFF                     (abs)        000000
__CFG_WRT1$OFF                     (abs)        000000
__CFG_WRT2$OFF                     (abs)        000000
__CFG_WRT3$OFF                     (abs)        000000
__CFG_WRTB$OFF                     (abs)        000000
__CFG_WRTC$OFF                     (abs)        000000
__CFG_WRTD$OFF                     (abs)        000000
__CFG_XINST$OFF                    (abs)        000000
__HRAM                             (abs)        000000
__Habs1                            abs1         000000
__Hbank0                           bank0        000000
__Hbank1                           bank1        000000
__Hbank2                           bank2        000000
__Hbank3                           bank3        000000
__Hbank4                           bank4        000000
__Hbank5                           bank5        000000
__Hbank6                           bank6        000000
__Hbank7                           bank7        000000
__Hbigbss                          bigbss       000000
__Hbigdata                         bigdata      000000
__Hbigram                          bigram       000000
__HbitbssCOMRAM                    bitbssCOMRAM 000000
__Hbss                             bss          000000
__HbssBANK0                        bssBANK0     000000
__HbssBANK1                        bssBANK1     000000
__HbssCOMRAM                       bssCOMRAM    000000
__Hcinit                           cinit        000000
__Hclrtext                         clrtext      000000
__Hcomram                          comram       000000
__Hconfig                          config       30000E
__Hconst                           const        000000
__HcstackBANK0                     cstackBANK0  000000
__HcstackBANK1                     cstackBANK1  000000
__HcstackCOMRAM                    cstackCOMRAM 000000
__Hdata                            data         000000
__HdataBANK1                       dataBANK1    000000
__HdataCOMRAM                      dataCOMRAM   000000
__Heeprom_data                     eeprom_data  000000
__Hend_init                        end_init     0000BC
__Hfarbss                          farbss       000000
__Hfardata                         fardata      000000
__Hibigdata                        ibigdata     000000
__Hidata                           idata        000000
__HidataBANK1                      idataBANK1   000000
__HidataCOMRAM                     idataCOMRAM  000000
__Hidloc                           idloc        200008
__Hifardata                        ifardata     000000
__Hinit                            init         0000B8
__Hintcode                         intcode      000016
__Hintcode_body                    intcode_body 000000
__Hintcodelo                       intcodelo    0000B8
__Hintentry                        intentry     000000
__Hintret                          intret       000000
__Hintsave_regs                    intsave_regs 000000
__Hirdata                          irdata       000000
__Hmediumconst                     mediumconst  008000
__HnvBANK1                         nvBANK1      000000
__HnvFARRAM                        nvFARRAM     000000
__Hnvbit                           nvbit        000000
__Hnvrram                          nvrram       000000
__Hparam                           rparam       000000
__Hpowerup                         powerup      0000B8
__Hram                             ram          000000
__Hramtop                          ramtop       000800
__Hrbit                            rbit         000000
__Hrbss                            rbss         000000
__Hrdata                           rdata        000000
__Hreset_vec                       reset_vec    000004
__Hrparam                          rparam       000000
__Hsfr                             sfr          000000
__Hsmallconst                      smallconst   000000
__Hspace_0                         (abs)        30000E
__Hspace_1                         (abs)        0001F2
__Hspace_2                         (abs)        000000
__Hstack                           stack        000000
__Hstruct                          struct       000000
__Htemp                            temp         000041
__Htext                            text         000000
__Htext0                           text0        000000
__Htext1                           text1        000000
__Htext10                          text10       000000
__Htext11                          text11       000000
__Htext12                          text12       000000
__Htext13                          text13       000000
__Htext14                          text14       000000
__Htext15                          text15       000000
__Htext16                          text16       000000
__Htext17                          text17       000000
__Htext18                          text18       000000
__Htext19                          text19       000000
__Htext2                           text2        000000
__Htext20                          text20       000000
__Htext21                          text21       000000
__Htext22                          text22       000000
__Htext23                          text23       000000
__Htext24                          text24       000000
__Htext25                          text25       000000
__Htext26                          text26       000000
__Htext27                          text27       000000
__Htext28                          text28       000000
__Htext29                          text29       000000
__Htext3                           text3        000000
__Htext30                          text30       000000
__Htext31                          text31       000000
__Htext32                          text32       000000
__Htext33                          text33       000000
__Htext34                          text34       000000
__Htext35                          text35       000000
__Htext36                          text36       000000
__Htext37                          text37       000000
__Htext38                          text38       000000
__Htext39                          text39       000000
__Htext4                           text4        000000
__Htext40                          text40       000000
__Htext41                          text41       000000
__Htext42                          text42       000000
__Htext43                          text43       000000
__Htext44                          text44       000000
__Htext45                          text45       000000
__Htext46                          text46       000000
__Htext47                          text47       000000
__Htext48                          text48       000000
__Htext49                          text49       000000
__Htext5                           text5        000000
__Htext50                          text50       000000
__Htext6                           text6        000000
__Htext7                           text7        000000
__Htext8                           text8        000000
__Htext9                           text9        000000
__LRAM                             (abs)        000001
__Labs1                            abs1         000000
__Lbank0                           bank0        000000
__Lbank1                           bank1        000000
__Lbank2                           bank2        000000
__Lbank3                           bank3        000000
__Lbank4                           bank4        000000
__Lbank5                           bank5        000000
__Lbank6                           bank6        000000
__Lbank7                           bank7        000000
__Lbigbss                          bigbss       000000
__Lbigdata                         bigdata      000000
__Lbigram                          bigram       000000
__LbitbssCOMRAM                    bitbssCOMRAM 000000
__Lbss                             bss          000000
__LbssBANK0                        bssBANK0     000000
__LbssBANK1                        bssBANK1     000000
__LbssCOMRAM                       bssCOMRAM    000000
__Lcinit                           cinit        000000
__Lclrtext                         clrtext      000000
__Lcomram                          comram       000000
__Lconfig                          config       300000
__Lconst                           const        000000
__LcstackBANK0                     cstackBANK0  000000
__LcstackBANK1                     cstackBANK1  000000
__LcstackCOMRAM                    cstackCOMRAM 000000
__Ldata                            data         000000
__LdataBANK1                       dataBANK1    000000
__LdataCOMRAM                      dataCOMRAM   000000
__Leeprom_data                     eeprom_data  000000
__Lend_init                        end_init     0000B8
__Lfarbss                          farbss       000000
__Lfardata                         fardata      000000
__Libigdata                        ibigdata     000000
__Lidata                           idata        000000
__LidataBANK1                      idataBANK1   000000
__LidataCOMRAM                     idataCOMRAM  000000
__Lidloc                           idloc        200000
__Lifardata                        ifardata     000000
__Linit                            init         0000B8
__Lintcode                         intcode      000008
__Lintcode_body                    intcode_body 000000
__Lintcodelo                       intcodelo    000018
__Lintentry                        intentry     000000
__Lintret                          intret       000000
__Lintsave_regs                    intsave_regs 000000
__Lirdata                          irdata       000000
__Lmediumconst                     mediumconst  007E18
__LnvBANK1                         nvBANK1      000000
__LnvFARRAM                        nvFARRAM     000000
__Lnvbit                           nvbit        000000
__Lnvrram                          nvrram       000000
__Lparam                           rparam       000000
__Lpowerup                         powerup      0000B8
__Lram                             ram          000000
__Lramtop                          ramtop       000800
__Lrbit                            rbit         000000
__Lrbss                            rbss         000000
__Lrdata                           rdata        000000
__Lreset_vec                       reset_vec    000000
__Lrparam                          rparam       000000
__Lsfr                             sfr          000000
__Lsmallconst                      smallconst   000000
__Lspace_0                         (abs)        000000
__Lspace_1                         (abs)        000000
__Lspace_2                         (abs)        000000
__Lstack                           stack        000000
__Lstruct                          struct       000000
__Ltemp                            temp         000040
__Ltext                            text         000000
__Ltext0                           text0        000000
__Ltext1                           text1        000000
__Ltext10                          text10       000000
__Ltext11                          text11       000000
__Ltext12                          text12       000000
__Ltext13                          text13       000000
__Ltext14                          text14       000000
__Ltext15                          text15       000000
__Ltext16                          text16       000000
__Ltext17                          text17       000000
__Ltext18                          text18       000000
__Ltext19                          text19       000000
__Ltext2                           text2        000000
__Ltext20                          text20       000000
__Ltext21                          text21       000000
__Ltext22                          text22       000000
__Ltext23                          text23       000000
__Ltext24                          text24       000000
__Ltext25                          text25       000000
__Ltext26                          text26       000000
__Ltext27                          text27       000000
__Ltext28                          text28       000000
__Ltext29                          text29       000000
__Ltext3                           text3        000000
__Ltext30                          text30       000000
__Ltext31                          text31       000000
__Ltext32                          text32       000000
__Ltext33                          text33       000000
__Ltext34                          text34       000000
__Ltext35                          text35       000000
__Ltext36                          text36       000000
__Ltext37                          text37       000000
__Ltext38                          text38       000000
__Ltext39                          text39       000000
__Ltext4                           text4        000000
__Ltext40                          text40       000000
__Ltext41                          text41       000000
__Ltext42                          text42       000000
__Ltext43                          text43       000000
__Ltext44                          text44       000000
__Ltext45                          text45       000000
__Ltext46                          text46       000000
__Ltext47                          text47       000000
__Ltext48                          text48       000000
__Ltext49                          text49       000000
__Ltext5                           text5        000000
__Ltext50                          text50       000000
__Ltext6                           text6        000000
__Ltext7                           text7        000000
__Ltext8                           text8        000000
__Ltext9                           text9        000000
__S0                               (abs)        30000E
__S1                               (abs)        000141
__S2                               (abs)        000000
___awdiv                           text15       003CC8
___awdiv@counter                   cstackBANK0  00006A
___awdiv@dividend                  cstackBANK0  000066
___awdiv@divisor                   cstackBANK0  000068
___awdiv@quotient                  cstackBANK0  00006C
___awdiv@sign                      cstackBANK0  00006B
___awmod                           text14       003EF8
___awmod@counter                   cstackBANK0  000064
___awmod@dividend                  cstackBANK0  000060
___awmod@divisor                   cstackBANK0  000062
___awmod@sign                      cstackBANK0  000065
___fladd                           text28       001942
___fladd@a                         cstackBANK0  000098
___fladd@aexp                      cstackBANK0  0000A5
___fladd@b                         cstackBANK0  000094
___fladd@bexp                      cstackBANK0  0000A6
___fladd@grs                       cstackBANK0  0000A7
___fladd@signs                     cstackBANK0  0000A4
___fldiv                           text31       002290
___fldiv@a                         cstackBANK0  00007F
___fldiv@aexp                      cstackBANK0  000093
___fldiv@b                         cstackBANK0  00007B
___fldiv@bexp                      cstackBANK0  000092
___fldiv@grs                       cstackBANK0  00008E
___fldiv@new_exp                   cstackBANK0  00008C
___fldiv@rem                       cstackBANK0  000088
___fldiv@sign                      cstackBANK0  000087
___flge                            text30       003020
___flge@ff1                        cstackBANK0  000060
___flge@ff2                        cstackBANK0  000064
___flmul                           text27       001DEA
___flmul@a                         cstackBANK0  0000AC
___flmul@aexp                      cstackBANK0  0000B5
___flmul@b                         cstackBANK0  0000A8
___flmul@bexp                      cstackBANK0  0000BA
___flmul@grs                       cstackBANK0  0000B6
___flmul@prod                      cstackBANK0  0000BB
___flmul@sign                      cstackBANK0  0000B4
___flmul@temp                      cstackBANK0  0000BF
___flneg                           text22       004446
___flneg@f1                        cstackBANK0  000060
___flsub                           text21       004380
___flsub@a                         cstackBANK0  0000AC
___flsub@b                         cstackBANK0  0000A8
___fltol                           text20       003852
___fltol@exp1                      cstackBANK0  0000D3
___fltol@f1                        cstackBANK0  0000CA
___fltol@sign1                     cstackBANK0  0000D2
___inthi_sp                        stack        000000
___intlo_sp                        stack        000000
___lldiv                           text19       003D86
___lldiv@counter                   cstackBANK0  00006C
___lldiv@dividend                  cstackBANK0  000060
___lldiv@divisor                   cstackBANK0  000064
___lldiv@quotient                  cstackBANK0  000068
___llmod                           text18       004030
___llmod@counter                   cstackCOMRAM 000020
___llmod@dividend                  cstackBANK0  000060
___llmod@divisor                   cstackBANK0  000064
___lwdiv                           text7        00413E
___lwdiv@counter                   cstackBANK0  00006A
___lwdiv@dividend                  cstackBANK0  000066
___lwdiv@divisor                   cstackBANK0  000068
___lwdiv@quotient                  cstackBANK0  00006B
___lwmod                           text6        004290
___lwmod@counter                   cstackCOMRAM 000020
___lwmod@dividend                  cstackBANK0  000060
___lwmod@divisor                   cstackBANK0  000062
___param_bank                      (abs)        000010
___rparam_used                     (abs)        000001
___sp                              stack        000000
___wmul                            text50       0044B4
___wmul@multiplicand               cstackBANK0  000062
___wmul@multiplier                 cstackBANK0  000060
___wmul@product                    cstackBANK0  000064
___xxtofl                          text29       002AF4
___xxtofl@arg                      cstackBANK0  000077
___xxtofl@exp                      cstackBANK0  000076
___xxtofl@sign                     cstackBANK0  000075
___xxtofl@val                      cstackBANK0  00006D
__accesstop                        (abs)        000060
__activetblptr                     (abs)        000002
__div_to_l_                        text17       0031B0
__div_to_l_@cntr                   cstackBANK0  00006C
__div_to_l_@exp1                   cstackBANK0  00006D
__div_to_l_@f1                     cstackBANK0  000060
__div_to_l_@f2                     cstackBANK0  000064
__div_to_l_@quot                   cstackBANK0  000068
__end_of_LCD_clear                 text43       004580
__end_of_LCD_cursor                text42       00454E
__end_of_LCD_enable_pulse          text48       004648
__end_of_LCD_goto_line             text46       003B38
__end_of_LCD_goto_xy               text44       004664
__end_of_LCD_home                  text37       00451C
__end_of_LCD_initialize            text40       00362C
__end_of_LCD_send_command          text47       0044B4
__end_of_LCD_shift_cursor          text45       004338
__end_of_LCD_write_char            text36       004030
__end_of_LCD_write_integer         text3        002E82
__end_of_LCD_write_message         text35       0045D8
__end_of_LCD_write_string          text33       004626
__end_of_OpenPWM1                  text39       004676
__end_of_SetDCPWM1                 text32       00440C
__end_of___awdiv                   text15       003D86
__end_of___awmod                   text14       003F9A
__end_of___fladd                   text28       001DEA
__end_of___fldiv                   text31       002650
__end_of___flge                    text30       0031B0
__end_of___flmul                   text27       002290
__end_of___flneg                   text22       00447E
__end_of___flsub                   text21       0043C8
__end_of___fltol                   text20       00395E
__end_of___lldiv                   text19       003E42
__end_of___llmod                   text18       0040C4
__end_of___lwdiv                   text7        0041B6
__end_of___lwmod                   text6        0042EC
__end_of___wmul                    text50       0044EA
__end_of___xxtofl                  text29       002CC2
__end_of__div_to_l_                text17       003338
__end_of__initialization           cinit        004282
__end_of__npowers_                 mediumconst  007E4D
__end_of__powers_                  mediumconst  007E81
__end_of__tdiv_to_l_               text16       003020
__end_of_delay_ms                  text49       004446
__end_of_delay_s                   text34       0045AC
__end_of_delay_set_quartz          text41       00467E
__end_of_display_voltage           text9        003C0A
__end_of_dpowers                   mediumconst  007EA9
__end_of_eval_poly                 text26       003852
__end_of_frexp                     text25       003EF8
__end_of_fround                    text13       002922
__end_of_inizializzazione          text38       00422A
__end_of_isdigit                   text12       004600
__end_of_isr_alta                  intcode_body 003A4C
__end_of_isr_bassa                 intcodelo    0000B8
__end_of_itoa                      text4        004380
__end_of_log                       text24       0034BE
__end_of_main                      text0        000ECE
__end_of_read_adc                  text23       001470
__end_of_ricarica                  text8        003742
__end_of_scale                     text11       001942
__end_of_scarica                   text2        002AF4
__end_of_sprintf                   text10       000924
__end_of_stabilizzazione           text1        00413E
__end_of_utoa                      text5        003CC8
__end_oflog@coeff                  mediumconst  007ECD
__initialization                   cinit        00422A
__mediumconst                      mediumconst  007E18
__npowers_                         mediumconst  007E19
__pbitbssCOMRAM                    bitbssCOMRAM 0001F0
__pbssBANK0                        bssBANK0     0000E9
__pbssBANK1                        bssBANK1     00012D
__pbssCOMRAM                       bssCOMRAM    000021
__pcinit                           cinit        00422A
__pcstackBANK0                     cstackBANK0  000060
__pcstackBANK1                     cstackBANK1  000100
__pcstackCOMRAM                    cstackCOMRAM 000001
__pdataBANK1                       dataBANK1    00013B
__pdataCOMRAM                      dataCOMRAM   00003F
__pidataBANK1                      idataBANK1   00467E
__pidataCOMRAM                     idataCOMRAM  004682
__pintcode                         intcode      000008
__pintcode_body                    intcode_body 00395E
__pintcodelo                       intcodelo    000018
__pmediumconst                     mediumconst  007E18
__pnvBANK1                         nvBANK1      00013F
__powers_                          mediumconst  007E4D
__ptext0                           text0        000924
__ptext1                           text1        0040C4
__ptext10                          text10       0000BC
__ptext11                          text11       001470
__ptext12                          text12       0045D8
__ptext13                          text13       002650
__ptext14                          text14       003EF8
__ptext15                          text15       003CC8
__ptext16                          text16       002E82
__ptext17                          text17       0031B0
__ptext18                          text18       004030
__ptext19                          text19       003D86
__ptext2                           text2        002922
__ptext20                          text20       003852
__ptext21                          text21       004380
__ptext22                          text22       004446
__ptext23                          text23       000ECE
__ptext24                          text24       003338
__ptext25                          text25       003E42
__ptext26                          text26       003742
__ptext27                          text27       001DEA
__ptext28                          text28       001942
__ptext29                          text29       002AF4
__ptext3                           text3        002CC2
__ptext30                          text30       003020
__ptext31                          text31       002290
__ptext32                          text32       0043C8
__ptext33                          text33       004600
__ptext34                          text34       004580
__ptext35                          text35       0045AC
__ptext36                          text36       003F9A
__ptext37                          text37       0044EA
__ptext38                          text38       0041B6
__ptext39                          text39       004664
__ptext4                           text4        004338
__ptext40                          text40       0034BE
__ptext41                          text41       004676
__ptext42                          text42       00451C
__ptext43                          text43       00454E
__ptext44                          text44       004648
__ptext45                          text45       0042EC
__ptext46                          text46       003A4C
__ptext47                          text47       00447E
__ptext48                          text48       004626
__ptext49                          text49       00440C
__ptext5                           text5        003C0A
__ptext50                          text50       0044B4
__ptext6                           text6        004290
__ptext7                           text7        00413E
__ptext8                           text8        00362C
__ptext9                           text9        003B38
__ramtop                           ramtop       000800
__size_of_LCD_clear                (abs)        000000
__size_of_LCD_cursor               (abs)        000000
__size_of_LCD_enable_pulse         (abs)        000000
__size_of_LCD_goto_line            (abs)        000000
__size_of_LCD_goto_xy              (abs)        000000
__size_of_LCD_home                 (abs)        000000
__size_of_LCD_initialize           (abs)        000000
__size_of_LCD_send_command         (abs)        000000
__size_of_LCD_shift_cursor         (abs)        000000
__size_of_LCD_write_char           (abs)        000000
__size_of_LCD_write_integer        (abs)        000000
__size_of_LCD_write_message        (abs)        000000
__size_of_LCD_write_string         (abs)        000000
__size_of_OpenPWM1                 (abs)        000000
__size_of_SetDCPWM1                (abs)        000000
__size_of___awdiv                  (abs)        000000
__size_of___awmod                  (abs)        000000
__size_of___fladd                  (abs)        000000
__size_of___fldiv                  (abs)        000000
__size_of___flge                   (abs)        000000
__size_of___flmul                  (abs)        000000
__size_of___flneg                  (abs)        000000
__size_of___flsub                  (abs)        000000
__size_of___fltol                  (abs)        000000
__size_of___lldiv                  (abs)        000000
__size_of___llmod                  (abs)        000000
__size_of___lwdiv                  (abs)        000000
__size_of___lwmod                  (abs)        000000
__size_of___wmul                   (abs)        000000
__size_of___xxtofl                 (abs)        000000
__size_of__div_to_l_               (abs)        000000
__size_of__tdiv_to_l_              (abs)        000000
__size_of_delay_ms                 (abs)        000000
__size_of_delay_s                  (abs)        000000
__size_of_delay_set_quartz         (abs)        000000
__size_of_display_voltage          (abs)        000000
__size_of_eval_poly                (abs)        000000
__size_of_frexp                    (abs)        000000
__size_of_fround                   (abs)        000000
__size_of_inizializzazione         (abs)        000000
__size_of_isdigit                  (abs)        000000
__size_of_isr_alta                 (abs)        000000
__size_of_isr_bassa                (abs)        000000
__size_of_itoa                     (abs)        000000
__size_of_log                      (abs)        000000
__size_of_main                     (abs)        000000
__size_of_read_adc                 (abs)        000000
__size_of_ricarica                 (abs)        000000
__size_of_scale                    (abs)        000000
__size_of_scarica                  (abs)        000000
__size_of_sprintf                  (abs)        000000
__size_of_stabilizzazione          (abs)        000000
__size_of_utoa                     (abs)        000000
__smallconst                       smallconst   000000
__tdiv_to_l_                       text16       002E82
__tdiv_to_l_@cntr                  cstackBANK0  00006F
__tdiv_to_l_@exp1                  cstackBANK0  000070
__tdiv_to_l_@f1                    cstackBANK0  000060
__tdiv_to_l_@f2                    cstackBANK0  000064
__tdiv_to_l_@quot                  cstackBANK0  00006B
_battery                           bssBANK0     0000F5
_clock_counter_reference           nvBANK1      00013F
_combinazioni                      dataBANK1    00013B
_current                           bssBANK0     0000E9
_delay_ms                          text49       00440C
_delay_quartz_frequency_value      dataCOMRAM   00003F
_delay_s                           text34       004580
_delay_set_quartz                  text41       004676
_display_voltage                   text9        003B38
_dpowers                           mediumconst  007E81
_errno                             bssCOMRAM    00002D
_eval_poly                         text26       003742
_frexp                             text25       003E42
_fround                            text13       002650
_fround$1578                       cstackBANK0  0000C9
_fround$1579                       cstackBANK0  0000C5
_inizializzazione                  text38       0041B6
_inizio                            bitbssCOMRAM 0001F0
_isdigit                           text12       0045D8
_isdigit$1144                      cstackBANK0  000060
_isr_alta                          intcode      000008
_isr_bassa                         intcodelo    000018
_itoa                              text4        004338
_log                               text24       003338
_main                              text0        000924
_main$1577                         cstackBANK1  000121
_minuti                            bssCOMRAM    00002F
_ore                               bssCOMRAM    000031
_read_adc                          text23       000ECE
_ricarica                          text8        00362C
_ricaricaFineCiclo                 bitbssCOMRAM 0001F1
_scale                             text11       001470
_scale$1580                        cstackBANK0  0000C5
_scarica                           text2        002922
_secondi                           bssCOMRAM    000033
_sommatoriaCorrente                bssBANK0     0000ED
_somme                             bssCOMRAM    000021
_sprintf                           text10       0000BC
_sprintf$1581                      cstackBANK1  000100
_stabilizzazione                   text1        0040C4
_stati                             bssCOMRAM    000035
_str                               bssCOMRAM    000036
_temperature                       bssBANK0     0000F7
_tempo                             bssCOMRAM    000025
_tempo_old                         bssCOMRAM    000029
_utoa                              text5        003C0A
_voltage                           bssBANK0     0000F1
btemp                              temp         000040
delay_ms@value_ms                  cstackBANK0  000066
delay_s@repeat_loop                cstackBANK0  000069
delay_s@value_s                    cstackBANK0  000068
delay_set_quartz@frequency         cstackCOMRAM 000020
display_voltage@line               cstackBANK0  0000E6
end_of_initialization              cinit        004282
eval_poly@d                        cstackBANK0  0000C5
eval_poly@n                        cstackBANK0  0000C7
eval_poly@res                      cstackBANK0  0000CD
eval_poly@x                        cstackBANK0  0000C1
frexp@eptr                         cstackBANK0  000064
frexp@value                        cstackBANK0  000060
fround@prec                        cstackBANK0  0000CD
int$flags                          temp         000040
int_func                           intcode_body 00395E
intlevel0                          text         000000
intlevel1                          text         000000
intlevel2                          text         000000
intlevel3                          text         000000
isdigit@c                          cstackBANK0  000061
itoa@base                          cstackBANK0  00007A
itoa@buf                           cstackBANK0  000076
itoa@cp                            cstackBANK0  00007C
itoa@val                           cstackBANK0  000078
log@coeff                          mediumconst  007EA9
log@exponent                       cstackBANK0  0000D5
log@x                              cstackBANK0  0000D1
main@minuti                        cstackBANK1  000129
main@ore                           cstackBANK1  00012B
main@percentuale                   cstackBANK1  000125
read_adc@F5407                     bssBANK1     00012D
read_adc@i                         cstackBANK0  0000DD
read_adc@lettura                   cstackBANK0  0000DE
read_adc@logaritmo                 cstackBANK0  0000D9
scale@scl                          cstackBANK0  0000C9
sprintf@ap                         cstackBANK1  000104
sprintf@c                          cstackBANK1  000118
sprintf@exp                        cstackBANK1  00010C
sprintf@f                          cstackBANK0  0000D6
sprintf@flag                       cstackBANK1  000106
sprintf@fval                       cstackBANK1  000114
sprintf@prec                       cstackBANK1  000112
sprintf@sp                         cstackBANK0  0000D4
sprintf@tmpval                     cstackBANK1  00010E
sprintf@val                        cstackBANK1  000108
stackhi                            (abs)        0007FF
stacklo                            (abs)        000141
start                              init         0000B8
start_initialization               cinit        00422A
utoa@base                          cstackBANK0  000071
utoa@buf                           cstackBANK0  00006D
utoa@c                             cstackBANK0  000075
utoa@v                             cstackBANK0  000073
utoa@val                           cstackBANK0  00006F


FUNCTION INFORMATION:

 *************** function _main *****************
 Defined at:
		line 88 in file "batterua.c"
 Parameters:    Size  Location     Type
		None
 Auto vars:     Size  Location     Type
  percentuale     4   37[BANK1 ] float 
  ore             2   43[BANK1 ] unsigned int 
  minuti          2   41[BANK1 ] unsigned int 
 Return value:  Size  Location     Type
                  1    wreg      void 
 Registers used:
		wreg, fsr1l, fsr1h, fsr2l, fsr2h, status,2, status,0, tblptrl, tblptrh, tblptru, prodl, prodh, cstack
 Tracked objects:
		On entry : 
		On exit  : 
		Unchanged: 
 Data sizes:     COMRAM   BANK0   BANK1   BANK2   BANK3   BANK4   BANK5   BANK6   BANK7
      Params:         0       0       0       0       0       0       0       0       0
      Locals:         0       0      12       0       0       0       0       0       0
      Temps:          0       2       0       0       0       0       0       0       0
      Totals:         0       2      12       0       0       0       0       0       0
Total ram usage:       14 bytes
 Hardware stack levels required when called:   10
 This function calls:
		_LCD_clear
		_LCD_goto_line
		_LCD_goto_xy
		_LCD_home
		_LCD_initialize
		_LCD_write_integer
		_LCD_write_message
		_LCD_write_string
		___fladd
		___fldiv
		___flge
		___flmul
		___fltol
		___lwdiv
		___wmul
		___xxtofl
		_delay_ms
		_delay_s
		_inizializzazione
		_read_adc
		_ricarica
		_scarica
		_sprintf
		_stabilizzazione
 This function is called by:
		Startup code after reset
 This function uses a non-reentrant model


 *************** function _stabilizzazione *****************
 Defined at:
		line 208 in file "batterua.c"
 Parameters:    Size  Location     Type
		None
 Auto vars:     Size  Location     Type
		None
 Return value:  Size  Location     Type
                  1    wreg      void 
 Registers used:
		wreg, fsr1l, fsr1h, fsr2l, fsr2h, status,2, status,0, tblptrl, tblptrh, tblptru, prodl, prodh, cstack
 Tracked objects:
		On entry : 
		On exit  : 
		Unchanged: 
 Data sizes:     COMRAM   BANK0   BANK1   BANK2   BANK3   BANK4   BANK5   BANK6   BANK7
      Params:         0       0       0       0       0       0       0       0       0
      Locals:         0       0       0       0       0       0       0       0       0
      Temps:          0       0       0       0       0       0       0       0       0
      Totals:         0       0       0       0       0       0       0       0       0
Total ram usage:        0 bytes
 Hardware stack levels used:    1
 Hardware stack levels required when called:    9
 This function calls:
		_LCD_goto_line
		_LCD_initialize
		_LCD_write_message
		___flge
		_delay_ms
		_delay_s
		_display_voltage
 This function is called by:
		_main
 This function uses a non-reentrant model


 *************** function _scarica *****************
 Defined at:
		line 225 in file "batterua.c"
 Parameters:    Size  Location     Type
		None
 Auto vars:     Size  Location     Type
		None
 Return value:  Size  Location     Type
                  1    wreg      void 
 Registers used:
		wreg, fsr1l, fsr1h, fsr2l, fsr2h, status,2, status,0, tblptrl, tblptrh, tblptru, prodl, prodh, cstack
 Tracked objects:
		On entry : 
		On exit  : 
		Unchanged: 
 Data sizes:     COMRAM   BANK0   BANK1   BANK2   BANK3   BANK4   BANK5   BANK6   BANK7
      Params:         0       0       0       0       0       0       0       0       0
      Locals:         0       0       0       0       0       0       0       0       0
      Temps:          0       0       8       0       0       0       0       0       0
      Totals:         0       0       8       0       0       0       0       0       0
Total ram usage:        8 bytes
 Hardware stack levels used:    1
 Hardware stack levels required when called:    9
 This function calls:
		_LCD_home
		_LCD_initialize
		_LCD_write_integer
		_LCD_write_message
		___fladd
		___flge
		_delay_ms
		_display_voltage
 This function is called by:
		_main
 This function uses a non-reentrant model


 *************** function _LCD_write_integer *****************
 Defined at:
		line 210 in file "C:/Users/simon/Desktop/LaurTec_PIC_libraries_v_3.3.1 - Copia/src\LCD_44780.c"
 Parameters:    Size  Location     Type
  value           2   30[BANK0 ] int 
  number_of_di    1   32[BANK0 ] unsigned char 
  zero_cleanin    1   33[BANK0 ] unsigned char 
 Auto vars:     Size  Location     Type
  convertedInt    6   39[BANK0 ] unsigned char [6]
  index           1   45[BANK0 ] unsigned char 
 Return value:  Size  Location     Type
                  1    wreg      void 
 Registers used:
		wreg, fsr1l, fsr1h, fsr2l, fsr2h, status,2, status,0, prodl, prodh, cstack
 Tracked objects:
		On entry : 
		On exit  : 
		Unchanged: 
 Data sizes:     COMRAM   BANK0   BANK1   BANK2   BANK3   BANK4   BANK5   BANK6   BANK7
      Params:         0       4       0       0       0       0       0       0       0
      Locals:         0       7       0       0       0       0       0       0       0
      Temps:          0       5       0       0       0       0       0       0       0
      Totals:         0      16       0       0       0       0       0       0       0
Total ram usage:       16 bytes
 Hardware stack levels used:    1
 Hardware stack levels required when called:    8
 This function calls:
		_LCD_write_string
		_itoa
 This function is called by:
		_main
		_scarica
 This function uses a non-reentrant model


 *************** function _itoa *****************
 Defined at:
		line 4 in file "C:\Program Files (x86)\Microchip\xc8\v1.36\sources\common\itoa.c"
 Parameters:    Size  Location     Type
  buf             2   22[BANK0 ] PTR unsigned char 
		 -> LCD_write_integer@convertedInt(6), 
  val             2   24[BANK0 ] int 
  base            2   26[BANK0 ] int 
 Auto vars:     Size  Location     Type
  cp              2   28[BANK0 ] PTR unsigned char 
		 -> LCD_write_integer@convertedInt(6), 
 Return value:  Size  Location     Type
                  2   22[BANK0 ] PTR unsigned char 
 Registers used:
		wreg, fsr2l, fsr2h, status,2, status,0, cstack
 Tracked objects:
		On entry : 
		On exit  : 
		Unchanged: 
 Data sizes:     COMRAM   BANK0   BANK1   BANK2   BANK3   BANK4   BANK5   BANK6   BANK7
      Params:         0       6       0       0       0       0       0       0       0
      Locals:         0       2       0       0       0       0       0       0       0
      Temps:          0       0       0       0       0       0       0       0       0
      Totals:         0       8       0       0       0       0       0       0       0
Total ram usage:        8 bytes
 Hardware stack levels used:    1
 Hardware stack levels required when called:    4
 This function calls:
		_utoa
 This function is called by:
		_LCD_write_integer
 This function uses a non-reentrant model


 *************** function _utoa *****************
 Defined at:
		line 17 in file "C:\Program Files (x86)\Microchip\xc8\v1.36\sources\common\itoa.c"
 Parameters:    Size  Location     Type
  buf             2   13[BANK0 ] PTR unsigned char 
		 -> LCD_write_integer@convertedInt(6), 
  val             2   15[BANK0 ] unsigned int 
  base            2   17[BANK0 ] int 
 Auto vars:     Size  Location     Type
  v               2   19[BANK0 ] unsigned int 
  c               1   21[BANK0 ] unsigned char 
 Return value:  Size  Location     Type
                  2   13[BANK0 ] PTR unsigned char 
 Registers used:
		wreg, fsr2l, fsr2h, status,2, status,0, cstack
 Tracked objects:
		On entry : 
		On exit  : 
		Unchanged: 
 Data sizes:     COMRAM   BANK0   BANK1   BANK2   BANK3   BANK4   BANK5   BANK6   BANK7
      Params:         0       6       0       0       0       0       0       0       0
      Locals:         0       3       0       0       0       0       0       0       0
      Temps:          0       0       0       0       0       0       0       0       0
      Totals:         0       9       0       0       0       0       0       0       0
Total ram usage:        9 bytes
 Hardware stack levels used:    1
 Hardware stack levels required when called:    3
 This function calls:
		___lwdiv
		___lwmod
 This function is called by:
		_itoa
 This function uses a non-reentrant model


 *************** function ___lwmod *****************
 Defined at:
		line 8 in file "C:\Program Files (x86)\Microchip\xc8\v1.36\sources\common\lwmod.c"
 Parameters:    Size  Location     Type
  dividend        2    0[BANK0 ] unsigned int 
  divisor         2    2[BANK0 ] unsigned int 
 Auto vars:     Size  Location     Type
  counter         1   31[COMRAM] unsigned char 
 Return value:  Size  Location     Type
                  2    0[BANK0 ] unsigned int 
 Registers used:
		wreg, status,2, status,0
 Tracked objects:
		On entry : 
		On exit  : 
		Unchanged: 
 Data sizes:     COMRAM   BANK0   BANK1   BANK2   BANK3   BANK4   BANK5   BANK6   BANK7
      Params:         0       4       0       0       0       0       0       0       0
      Locals:         1       0       0       0       0       0       0       0       0
      Temps:          0       0       0       0       0       0       0       0       0
      Totals:         1       4       0       0       0       0       0       0       0
Total ram usage:        5 bytes
 Hardware stack levels used:    1
 Hardware stack levels required when called:    2
 This function calls:
		Nothing
 This function is called by:
		_utoa
 This function uses a non-reentrant model


 *************** function ___lwdiv *****************
 Defined at:
		line 8 in file "C:\Program Files (x86)\Microchip\xc8\v1.36\sources\common\lwdiv.c"
 Parameters:    Size  Location     Type
  dividend        2    6[BANK0 ] unsigned int 
  divisor         2    8[BANK0 ] unsigned int 
 Auto vars:     Size  Location     Type
  quotient        2   11[BANK0 ] unsigned int 
  counter         1   10[BANK0 ] unsigned char 
 Return value:  Size  Location     Type
                  2    6[BANK0 ] unsigned int 
 Registers used:
		wreg, status,2, status,0
 Tracked objects:
		On entry : 
		On exit  : 
		Unchanged: 
 Data sizes:     COMRAM   BANK0   BANK1   BANK2   BANK3   BANK4   BANK5   BANK6   BANK7
      Params:         0       4       0       0       0       0       0       0       0
      Locals:         0       3       0       0       0       0       0       0       0
      Temps:          0       0       0       0       0       0       0       0       0
      Totals:         0       7       0       0       0       0       0       0       0
Total ram usage:        7 bytes
 Hardware stack levels used:    1
 Hardware stack levels required when called:    2
 This function calls:
		Nothing
 This function is called by:
		_main
		_utoa
 This function uses a non-reentrant model


 *************** function _ricarica *****************
 Defined at:
		line 182 in file "batterua.c"
 Parameters:    Size  Location     Type
		None
 Auto vars:     Size  Location     Type
		None
 Return value:  Size  Location     Type
                  1    wreg      void 
 Registers used:
		wreg, fsr1l, fsr1h, fsr2l, fsr2h, status,2, status,0, tblptrl, tblptrh, tblptru, prodl, prodh, cstack
 Tracked objects:
		On entry : 
		On exit  : 
		Unchanged: 
 Data sizes:     COMRAM   BANK0   BANK1   BANK2   BANK3   BANK4   BANK5   BANK6   BANK7
      Params:         0       0       0       0       0       0       0       0       0
      Locals:         0       0       0       0       0       0       0       0       0
      Temps:          0       0       0       0       0       0       0       0       0
      Totals:         0       0       0       0       0       0       0       0       0
Total ram usage:        0 bytes
 Hardware stack levels used:    1
 Hardware stack levels required when called:    9
 This function calls:
		_LCD_clear
		_LCD_goto_line
		_LCD_home
		_LCD_initialize
		_LCD_write_message
		___flge
		_delay_ms
		_delay_s
		_display_voltage
		_read_adc
 This function is called by:
		_main
 This function uses a non-reentrant model


 *************** function _display_voltage *****************
 Defined at:
		line 258 in file "batterua.c"
 Parameters:    Size  Location     Type
  line            1    wreg     unsigned char 
 Auto vars:     Size  Location     Type
  line            1  134[BANK0 ] unsigned char 
 Return value:  Size  Location     Type
                  1    wreg      void 
 Registers used:
		wreg, fsr1l, fsr1h, fsr2l, fsr2h, status,2, status,0, tblptrl, tblptrh, tblptru, prodl, prodh, cstack
 Tracked objects:
		On entry : 
		On exit  : 
		Unchanged: 
 Data sizes:     COMRAM   BANK0   BANK1   BANK2   BANK3   BANK4   BANK5   BANK6   BANK7
      Params:         0       0       0       0       0       0       0       0       0
      Locals:         0       1       0       0       0       0       0       0       0
      Temps:          0       0       0       0       0       0       0       0       0
      Totals:         0       1       0       0       0       0       0       0       0
Total ram usage:        1 bytes
 Hardware stack levels used:    1
 Hardware stack levels required when called:    8
 This function calls:
		_LCD_goto_line
		_LCD_write_string
		_read_adc
		_sprintf
 This function is called by:
		_ricarica
		_stabilizzazione
		_scarica
 This function uses a non-reentrant model


 *************** function _sprintf *****************
 Defined at:
		line 492 in file "C:\Program Files (x86)\Microchip\xc8\v1.36\sources\common\doprnt.c"
 Parameters:    Size  Location     Type
  sp              2  116[BANK0 ] PTR unsigned char 
		 -> str(8), 
  f               2  118[BANK0 ] PTR const unsigned char 
		 -> STR_28(8), STR_27(8), STR_26(7), STR_15(5), 
		 -> STR_13(5), 
 Auto vars:     Size  Location     Type
  fval            4   20[BANK1 ] PTR const unsigned char 
  tmpval          4   14[BANK1 ] struct .
  val             4    8[BANK1 ] unsigned long 
  cp              3    0        PTR const unsigned char 
  prec            2   18[BANK1 ] int 
  exp             2   12[BANK1 ] int 
  flag            2    6[BANK1 ] unsigned short 
  ap              2    4[BANK1 ] PTR void [1]
		 -> ?_sprintf(2), 
  len             2    0        unsigned int 
  width           2    0        int 
  c               1   24[BANK1 ] char 
  d               1    0        unsigned char 
 Return value:  Size  Location     Type
                  2  116[BANK0 ] int 
 Registers used:
		wreg, fsr2l, fsr2h, status,2, status,0, tblptrl, tblptrh, tblptru, prodl, prodh, cstack
 Tracked objects:
		On entry : 
		On exit  : 
		Unchanged: 
 Data sizes:     COMRAM   BANK0   BANK1   BANK2   BANK3   BANK4   BANK5   BANK6   BANK7
      Params:         0       8       0       0       0       0       0       0       0
      Locals:         0       0      25       0       0       0       0       0       0
      Temps:          0       2       0       0       0       0       0       0       0
      Totals:         0      10      25       0       0       0       0       0       0
Total ram usage:       35 bytes
 Hardware stack levels used:    1
 Hardware stack levels required when called:    4
 This function calls:
		___awdiv
		___fladd
		___flge
		___flmul
		___flneg
		___flsub
		___fltol
		___lldiv
		___llmod
		___wmul
		___xxtofl
		__div_to_l_
		__tdiv_to_l_
		_fround
		_isdigit
		_scale
 This function is called by:
		_main
		_display_voltage
 This function uses a non-reentrant model


 *************** function _scale *****************
 Defined at:
		line 425 in file "C:\Program Files (x86)\Microchip\xc8\v1.36\sources\common\doprnt.c"
 Parameters:    Size  Location     Type
  scl             1    wreg     char 
 Auto vars:     Size  Location     Type
  scl             1  105[BANK0 ] char 
 Return value:  Size  Location     Type
                  4   97[BANK0 ] char 
 Registers used:
		wreg, status,2, status,0, tblptrl, tblptrh, tblptru, prodl, prodh, cstack
 Tracked objects:
		On entry : 
		On exit  : 
		Unchanged: 
 Data sizes:     COMRAM   BANK0   BANK1   BANK2   BANK3   BANK4   BANK5   BANK6   BANK7
      Params:         0       4       0       0       0       0       0       0       0
      Locals:         0       5       0       0       0       0       0       0       0
      Temps:          0       0       0       0       0       0       0       0       0
      Totals:         0       9       0       0       0       0       0       0       0
Total ram usage:        9 bytes
 Hardware stack levels used:    1
 Hardware stack levels required when called:    3
 This function calls:
		___awdiv
		___awmod
		___flmul
 This function is called by:
		_sprintf
 This function uses a non-reentrant model


 *************** function _isdigit *****************
 Defined at:
		line 8 in file "C:\Program Files (x86)\Microchip\xc8\v1.36\sources\common\isdigit.c"
 Parameters:    Size  Location     Type
  c               1    wreg     unsigned char 
 Auto vars:     Size  Location     Type
  c               1    1[BANK0 ] unsigned char 
 Return value:  Size  Location     Type
		None               void
 Registers used:
		wreg, status,2, status,0
 Tracked objects:
		On entry : 
		On exit  : 
		Unchanged: 
 Data sizes:     COMRAM   BANK0   BANK1   BANK2   BANK3   BANK4   BANK5   BANK6   BANK7
      Params:         0       0       0       0       0       0       0       0       0
      Locals:         0       2       0       0       0       0       0       0       0
      Temps:          1       0       0       0       0       0       0       0       0
      Totals:         1       2       0       0       0       0       0       0       0
Total ram usage:        3 bytes
 Hardware stack levels used:    1
 Hardware stack levels required when called:    2
 This function calls:
		Nothing
 This function is called by:
		_sprintf
 This function uses a non-reentrant model


 *************** function _fround *****************
 Defined at:
		line 409 in file "C:\Program Files (x86)\Microchip\xc8\v1.36\sources\common\doprnt.c"
 Parameters:    Size  Location     Type
  prec            1    wreg     unsigned char 
 Auto vars:     Size  Location     Type
  prec            1  109[BANK0 ] unsigned char 
 Return value:  Size  Location     Type
                  4   97[BANK0 ] unsigned char 
 Registers used:
		wreg, status,2, status,0, tblptrl, tblptrh, tblptru, prodl, prodh, cstack
 Tracked objects:
		On entry : 
		On exit  : 
		Unchanged: 
 Data sizes:     COMRAM   BANK0   BANK1   BANK2   BANK3   BANK4   BANK5   BANK6   BANK7
[...]
 Hardware stack levels used:    1
 Hardware stack levels required when called:    6
 This function calls:
		_LCD_send_command
 This function is called by:
		_LCD_initialize
 This function uses a non-reentrant model


 *************** function _LCD_clear *****************
 Defined at:
		line 257 in file "C:/Users/simon/Desktop/LaurTec_PIC_libraries_v_3.3.1 - Copia/src\LCD_44780.c"
 Parameters:    Size  Location     Type
		None
 Auto vars:     Size  Location     Type
		None
 Return value:  Size  Location     Type
                  1    wreg      void 
 Registers used:
		wreg, status,2, status,0, prodl, prodh, cstack
 Tracked objects:
		On entry : 
		On exit  : 
		Unchanged: 
 Data sizes:     COMRAM   BANK0   BANK1   BANK2   BANK3   BANK4   BANK5   BANK6   BANK7
      Params:         0       0       0       0       0       0       0       0       0
      Locals:         0       0       0       0       0       0       0       0       0
      Temps:          0       0       0       0       0       0       0       0       0
      Totals:         0       0       0       0       0       0       0       0       0
Total ram usage:        0 bytes
 Hardware stack levels used:    1
 Hardware stack levels required when called:    6
 This function calls:
		_LCD_send_command
 This function is called by:
		_LCD_initialize
		_main
		_ricarica
 This function uses a non-reentrant model


 *************** function _LCD_goto_xy *****************
 Defined at:
		line 136 in file "C:/Users/simon/Desktop/LaurTec_PIC_libraries_v_3.3.1 - Copia/src\LCD_44780.c"
 Parameters:    Size  Location     Type
  x               1    wreg     unsigned char 
  y               1   14[BANK0 ] unsigned char 
 Auto vars:     Size  Location     Type
  x               1   15[BANK0 ] unsigned char 
 Return value:  Size  Location     Type
                  1    wreg      void 
 Registers used:
		wreg, status,2, status,0, prodl, prodh, cstack
 Tracked objects:
		On entry : 
		On exit  : 
		Unchanged: 
 Data sizes:     COMRAM   BANK0   BANK1   BANK2   BANK3   BANK4   BANK5   BANK6   BANK7
      Params:         0       1       0       0       0       0       0       0       0
      Locals:         0       1       0       0       0       0       0       0       0
      Temps:          0       0       0       0       0       0       0       0       0
      Totals:         0       2       0       0       0       0       0       0       0
Total ram usage:        2 bytes
 Hardware stack levels used:    1
 Hardware stack levels required when called:    7
 This function calls:
		_LCD_goto_line
		_LCD_shift_cursor
 This function is called by:
		_main
 This function uses a non-reentrant model


 *************** function _LCD_shift_cursor *****************
 Defined at:
		line 98 in file "C:/Users/simon/Desktop/LaurTec_PIC_libraries_v_3.3.1 - Copia/src\LCD_44780.c"
 Parameters:    Size  Location     Type
  shift           1    wreg     unsigned char 
  number_of_sh    1   11[BANK0 ] unsigned char 
 Auto vars:     Size  Location     Type
  shift           1   12[BANK0 ] unsigned char 
  i               1   13[BANK0 ] unsigned char 
 Return value:  Size  Location     Type
                  1    wreg      void 
 Registers used:
		wreg, status,2, status,0, prodl, prodh, cstack
 Tracked objects:
		On entry : 
		On exit  : 
		Unchanged: 
 Data sizes:     COMRAM   BANK0   BANK1   BANK2   BANK3   BANK4   BANK5   BANK6   BANK7
      Params:         0       1       0       0       0       0       0       0       0
      Locals:         0       2       0       0       0       0       0       0       0
      Temps:          0       0       0       0       0       0       0       0       0
      Totals:         0       3       0       0       0       0       0       0       0
Total ram usage:        3 bytes
 Hardware stack levels used:    1
 Hardware stack levels required when called:    6
 This function calls:
		_LCD_send_command
 This function is called by:
		_LCD_goto_xy
 This function uses a non-reentrant model


 *************** function _LCD_goto_line *****************
 Defined at:
		line 111 in file "C:/Users/simon/Desktop/LaurTec_PIC_libraries_v_3.3.1 - Copia/src\LCD_44780.c"
 Parameters:    Size  Location     Type
  line            1    wreg     unsigned char 
 Auto vars:     Size  Location     Type
  line            1   11[BANK0 ] unsigned char 
 Return value:  Size  Location     Type
                  1    wreg      void 
 Registers used:
		wreg, status,2, status,0, prodl, prodh, cstack
 Tracked objects:
		On entry : 
		On exit  : 
		Unchanged: 
 Data sizes:     COMRAM   BANK0   BANK1   BANK2   BANK3   BANK4   BANK5   BANK6   BANK7
      Params:         0       0       0       0       0       0       0       0       0
      Locals:         0       1       0       0       0       0       0       0       0
      Temps:          0       0       0       0       0       0       0       0       0
      Totals:         0       1       0       0       0       0       0       0       0
Total ram usage:        1 bytes
 Hardware stack levels used:    1
 Hardware stack levels required when called:    6
 This function calls:
		_LCD_send_command
 This function is called by:
		_LCD_goto_xy
		_main
		_ricarica
		_stabilizzazione
		_display_voltage
 This function uses a non-reentrant model


 *************** function _LCD_send_command *****************
 Defined at:
		line 61 in file "C:/Users/simon/Desktop/LaurTec_PIC_libraries_v_3.3.1 - Copia/src\LCD_44780.c"
 Parameters:    Size  Location     Type
  D3              1    wreg     unsigned char 
  D2              1    8[BANK0 ] unsigned char 
  D1              1    9[BANK0 ] unsigned char 
  D0              1   10[BANK0 ] unsigned char 
 Auto vars:     Size  Location     Type
  D3              1   31[COMRAM] unsigned char 
 Return value:  Size  Location     Type
                  1    wreg      void 
 Registers used:
		wreg, status,2, status,0, prodl, prodh, cstack
 Tracked objects:
		On entry : 
		On exit  : 
		Unchanged: 
 Data sizes:     COMRAM   BANK0   BANK1   BANK2   BANK3   BANK4   BANK5   BANK6   BANK7
      Params:         0       3       0       0       0       0       0       0       0
      Locals:         1       0       0       0       0       0       0       0       0
      Temps:          0       0       0       0       0       0       0       0       0
      Totals:         1       3       0       0       0       0       0       0       0
Total ram usage:        4 bytes
 Hardware stack levels used:    1
 Hardware stack levels required when called:    5
 This function calls:
		_LCD_enable_pulse
 This function is called by:
		_LCD_home
		_LCD_shift_cursor
		_LCD_goto_line
		_LCD_write_char
		_LCD_clear
		_LCD_cursor
		_LCD_initialize
		_LCD_shift
 This function uses a non-reentrant model


 *************** function _LCD_enable_pulse *****************
 Defined at:
		line 49 in file "C:/Users/simon/Desktop/LaurTec_PIC_libraries_v_3.3.1 - Copia/src\LCD_44780.c"
 Parameters:    Size  Location     Type
		None
 Auto vars:     Size  Location     Type
		None
 Return value:  Size  Location     Type
                  1    wreg      void 
 Registers used:
		wreg, status,2, status,0, prodl, prodh, cstack
 Tracked objects:
		On entry : 
		On exit  : 
		Unchanged: 
 Data sizes:     COMRAM   BANK0   BANK1   BANK2   BANK3   BANK4   BANK5   BANK6   BANK7
      Params:         0       0       0       0       0       0       0       0       0
      Locals:         0       0       0       0       0       0       0       0       0
      Temps:          0       0       0       0       0       0       0       0       0
      Totals:         0       0       0       0       0       0       0       0       0
Total ram usage:        0 bytes
 Hardware stack levels used:    1
 Hardware stack levels required when called:    4
 This function calls:
		_delay_ms
 This function is called by:
		_LCD_send_command
 This function uses a non-reentrant model


 *************** function _delay_ms *****************
 Defined at:
		line 61 in file "C:/Users/simon/Desktop/LaurTec_PIC_libraries_v_3.3.1 - Copia/src\delay.c"
 Parameters:    Size  Location     Type
  value_ms        2    6[BANK0 ] unsigned int 
 Auto vars:     Size  Location     Type
		None
 Return value:  Size  Location     Type
                  1    wreg      void 
 Registers used:
		wreg, status,2, status,0, prodl, prodh, cstack
 Tracked objects:
		On entry : 
		On exit  : 
		Unchanged: 
 Data sizes:     COMRAM   BANK0   BANK1   BANK2   BANK3   BANK4   BANK5   BANK6   BANK7
      Params:         0       2       0       0       0       0       0       0       0
      Locals:         0       0       0       0       0       0       0       0       0
      Temps:          0       0       0       0       0       0       0       0       0
      Totals:         0       2       0       0       0       0       0       0       0
Total ram usage:        2 bytes
 Hardware stack levels used:    1
 Hardware stack levels required when called:    3
 This function calls:
		___wmul
 This function is called by:
		_LCD_enable_pulse
		_LCD_initialize
		_delay_s
		_main
		_ricarica
		_stabilizzazione
		_scarica
		_read_adc
 This function uses a non-reentrant model


 *************** function ___wmul *****************
 Defined at:
		line 15 in file "C:\Program Files (x86)\Microchip\xc8\v1.36\sources\common\Umul16.c"
 Parameters:    Size  Location     Type
  multiplier      2    0[BANK0 ] unsigned int 
  multiplicand    2    2[BANK0 ] unsigned int 
 Auto vars:     Size  Location     Type
  product         2    4[BANK0 ] unsigned int 
 Return value:  Size  Location     Type
                  2    0[BANK0 ] unsigned int 
 Registers used:
		wreg, status,2, status,0, prodl, prodh
 Tracked objects:
		On entry : 
		On exit  : 
		Unchanged: 
 Data sizes:     COMRAM   BANK0   BANK1   BANK2   BANK3   BANK4   BANK5   BANK6   BANK7
      Params:         0       4       0       0       0       0       0       0       0
      Locals:         0       2       0       0       0       0       0       0       0
      Temps:          0       0       0       0       0       0       0       0       0
      Totals:         0       6       0       0       0       0       0       0       0
Total ram usage:        6 bytes
 Hardware stack levels used:    1
 Hardware stack levels required when called:    2
 This function calls:
		Nothing
 This function is called by:
		_delay_ms
		_main
		_sprintf
 This function uses a non-reentrant model


 *************** function _isr_bassa *****************
 Defined at:
		line 78 in file "batterua.c"
 Parameters:    Size  Location     Type
		None
 Auto vars:     Size  Location     Type
		None
 Return value:  Size  Location     Type
                  1    wreg      void 
 Registers used:
		wreg, status,2
 Tracked objects:
		On entry : 
		On exit  : 
		Unchanged: 
 Data sizes:     COMRAM   BANK0   BANK1   BANK2   BANK3   BANK4   BANK5   BANK6   BANK7
      Params:         0       0       0       0       0       0       0       0       0
      Locals:         0       0       0       0       0       0       0       0       0
      Temps:         17       0       0       0       0       0       0       0       0
      Totals:        17       0       0       0       0       0       0       0       0
Total ram usage:       17 bytes
 Hardware stack levels used:    1
 Hardware stack levels required when called:    1
 This function calls:
		Nothing
 This function is called by:
		Interrupt level 1
 This function uses a non-reentrant model


 *************** function _isr_alta *****************
 Defined at:
		line 46 in file "batterua.c"
 Parameters:    Size  Location     Type
		None
 Auto vars:     Size  Location     Type
		None
 Return value:  Size  Location     Type
                  1    wreg      void 
 Registers used:
		wreg, status,2, status,0
 Tracked objects:
		On entry : 
		On exit  : 
		Unchanged: 
 Data sizes:     COMRAM   BANK0   BANK1   BANK2   BANK3   BANK4   BANK5   BANK6   BANK7
      Params:         0       0       0       0       0       0       0       0       0
      Locals:         0       0       0       0       0       0       0       0       0
      Temps:         14       0       0       0       0       0       0       0       0
      Totals:        14       0       0       0       0       0       0       0       0
Total ram usage:       14 bytes
 Hardware stack levels used:    1
 This function calls:
		Nothing
 This function is called by:
		Interrupt level 2
 This function uses a non-reentrant model



MODULE INFORMATION

Module		Function		Class		Link	Load	Size
batterua.c
		_isr_bassa     		CODE           	0018	0000	161
		_scarica       		CODE           	2922	0000	467
		_main          		CODE           	0924	0000	1451
		_isr_alta      		CODE           	0008	0000	253
		_stabilizzazione		CODE           	40C4	0000	123
		_inizializzazione		CODE           	41B6	0000	117
		_display_voltage		CODE           	3B38	0000	211
		_read_adc      		CODE           	0ECE	0000	1443
		_ricarica      		CODE           	362C	0000	279

batterua.c estimated size: 4505

C:/Users/simon/Desktop/LaurTec_PIC_libraries_v_3.3.1 - Copia/src\LCD_44780.c
		_LCD_clear     		CODE           	454E	0000	51
		_LCD_cursor    		CODE           	451C	0000	51
		_LCD_goto_xy   		CODE           	4648	0000	29
		_LCD_goto_line 		CODE           	3A4C	0000	237
		_LCD_shift_cursor		CODE           	42EC	0000	77
		_LCD_write_string		CODE           	4600	0000	39
		_LCD_home      		CODE           	44EA	0000	51
		_LCD_enable_pulse		CODE           	4626	0000	35
		_LCD_write_message		CODE           	45AC	0000	45
		_LCD_write_char		CODE           	3F9A	0000	151
		_LCD_write_integer		CODE           	2CC2	0000	449
		_LCD_send_command		CODE           	447E	0000	55
		_LCD_initialize		CODE           	34BE	0000	367

C:/Users/simon/Desktop/LaurTec_PIC_libraries_v_3.3.1 - Copia/src\LCD_44780.c estimated size: 1637

C:\Program Files (x86)\Microchip\xc8\v1.36\sources\common\awdiv.c
		___awdiv       		CODE           	3CC8	0000	191

C:\Program Files (x86)\Microchip\xc8\v1.36\sources\common\awdiv.c estimated size: 191

C:\Program Files (x86)\Microchip\xc8\v1.36\sources\common\lldiv.c
		___lldiv       		CODE           	3D86	0000	189

C:\Program Files (x86)\Microchip\xc8\v1.36\sources\common\lldiv.c estimated size: 189

C:\Program Files (x86)\Microchip\xc8\v1.36\sources\common\flneg.c
		___flneg       		CODE           	4446	0000	57

C:\Program Files (x86)\Microchip\xc8\v1.36\sources\common\flneg.c estimated size: 57

sources\pic18\plib\PWM\pw1open.c
		_OpenPWM1      		CODE           	4664	0000	19

sources\pic18\plib\PWM\pw1open.c estimated size: 19

C:\Program Files (x86)\Microchip\xc8\v1.36\sources\common\sprcmul.c
		___flmul       		CODE           	1DEA	0000	1191

C:\Program Files (x86)\Microchip\xc8\v1.36\sources\common\sprcmul.c estimated size: 1191

C:\Program Files (x86)\Microchip\xc8\v1.36\sources\common\sprcdiv.c
		___fldiv       		CODE           	2290	0000	961

C:\Program Files (x86)\Microchip\xc8\v1.36\sources\common\sprcdiv.c estimated size: 961

C:\Program Files (x86)\Microchip\xc8\v1.36\sources\common\doprnt.c
		_scale         		CODE           	1470	0000	1235
		_sprintf       		CODE           	00BC	0000	2153
		_fround        		CODE           	2650	0000	723

C:\Program Files (x86)\Microchip\xc8\v1.36\sources\common\doprnt.c estimated size: 4111

C:\Program Files (x86)\Microchip\xc8\v1.36\sources\common\ftdivl.c
		__tdiv_to_l_   		CODE           	2E82	0000	415

C:\Program Files (x86)\Microchip\xc8\v1.36\sources\common\ftdivl.c estimated size: 415

C:\Program Files (x86)\Microchip\xc8\v1.36\sources\common\Umul16.c
		___wmul        		CODE           	44B4	0000	55

C:\Program Files (x86)\Microchip\xc8\v1.36\sources\common\Umul16.c estimated size: 55

C:\Program Files (x86)\Microchip\xc8\v1.36\sources\common\lwmod.c
		___lwmod       		CODE           	4290	0000	93

C:\Program Files (x86)\Microchip\xc8\v1.36\sources\common\lwmod.c estimated size: 93

sources\pic18\plib\PWM\pw1setdc.c
		_SetDCPWM1     		CODE           	43C8	0000	69

sources\pic18\plib\PWM\pw1setdc.c estimated size: 69

shared
		__powers_      		MEDIUMCONST    	7E4D	0000	53
		_dpowers       		MEDIUMCONST    	7E81	0000	41
		__npowers_     		MEDIUMCONST    	7E19	0000	53
		__initialization		CODE           	422A	0000	89
		log@coeff      		MEDIUMCONST    	7EA9	0000	37

shared estimated size: 273

C:\Program Files (x86)\Microchip\xc8\v1.36\sources\common\evalpoly.c
		_eval_poly     		CODE           	3742	0000	273

C:\Program Files (x86)\Microchip\xc8\v1.36\sources\common\evalpoly.c estimated size: 273

C:\Program Files (x86)\Microchip\xc8\v1.36\sources\common\itoa.c
		_itoa          		CODE           	4338	0000	73
		_utoa          		CODE           	3C0A	0000	191

C:\Program Files (x86)\Microchip\xc8\v1.36\sources\common\itoa.c estimated size: 264

C:\Program Files (x86)\Microchip\xc8\v1.36\sources\common\frexp.c
		_frexp         		CODE           	3E42	0000	183

C:\Program Files (x86)\Microchip\xc8\v1.36\sources\common\frexp.c estimated size: 183

C:\Program Files (x86)\Microchip\xc8\v1.36\sources\common\isdigit.c
		_isdigit       		CODE           	45D8	0000	41

C:\Program Files (x86)\Microchip\xc8\v1.36\sources\common\isdigit.c estimated size: 41

C:\Program Files (x86)\Microchip\xc8\v1.36\sources\common\sprcadd.c
		___flsub       		CODE           	4380	0000	73
		___fladd       		CODE           	1942	0000	1193

C:\Program Files (x86)\Microchip\xc8\v1.36\sources\common\sprcadd.c estimated size: 1266

C:/Users/simon/Desktop/LaurTec_PIC_libraries_v_3.3.1 - Copia/src\delay.c
		_delay_set_quartz		CODE           	4676	0000	9
		_delay_ms      		CODE           	440C	0000	59
		_delay_s       		CODE           	4580	0000	45

C:/Users/simon/Desktop/LaurTec_PIC_libraries_v_3.3.1 - Copia/src\delay.c estimated size: 113

C:\Program Files (x86)\Microchip\xc8\v1.36\sources\common\awmod.c
		___awmod       		CODE           	3EF8	0000	163

C:\Program Files (x86)\Microchip\xc8\v1.36\sources\common\awmod.c estimated size: 163

C:\Program Files (x86)\Microchip\xc8\v1.36\sources\common\fldivl.c
		__div_to_l_    		CODE           	31B0	0000	393

C:\Program Files (x86)\Microchip\xc8\v1.36\sources\common\fldivl.c estimated size: 393

C:\Program Files (x86)\Microchip\xc8\v1.36\sources\common\flge.c
		___flge        		CODE           	3020	0000	401

C:\Program Files (x86)\Microchip\xc8\v1.36\sources\common\flge.c estimated size: 401

C:\Program Files (x86)\Microchip\xc8\v1.36\sources\common\llmod.c
		___llmod       		CODE           	4030	0000	149

C:\Program Files (x86)\Microchip\xc8\v1.36\sources\common\llmod.c estimated size: 149

C:\Program Files (x86)\Microchip\xc8\v1.36\sources\common\log.c
		_log           		CODE           	3338	0000	391

C:\Program Files (x86)\Microchip\xc8\v1.36\sources\common\log.c estimated size: 391

C:\Program Files (x86)\Microchip\xc8\v1.36\sources\common\xxtofl.c
		___xxtofl      		CODE           	2AF4	0000	463

C:\Program Files (x86)\Microchip\xc8\v1.36\sources\common\xxtofl.c estimated size: 463

C:\Program Files (x86)\Microchip\xc8\v1.36\sources\common\lwdiv.c
		___lwdiv       		CODE           	413E	0000	121

C:\Program Files (x86)\Microchip\xc8\v1.36\sources\common\lwdiv.c estimated size: 121

C:\Program Files (x86)\Microchip\xc8\v1.36\sources\common\fltol.c
		___fltol       		CODE           	3852	0000	269

C:\Program Files (x86)\Microchip\xc8\v1.36\sources\common\fltol.c estimated size: 269

