Microchip MPLAB XC8 Compiler V1.37 ()

Linker command line:

--edf=C:\Program Files (x86)\Microchip\xc8\v1.37\dat\en_msgs.txt -cs \
  -h+dist/default/debug\batteria4480.X.debug.sym \
  --cmf=dist/default/debug\batteria4480.X.debug.cmf -z -Q18F4480 \
  -oC:\Users\Simone\AppData\Local\Temp\sao0.2 \
  -Mdist/default/debug/batteria4480.X.debug.map -E1 -ver=XC8 --acfsm=1493 \
  -ASTACK=0109h-02ffh -pstack=STACK -ACODE=00h-03FFFh -ACONST=00h-03FFFh \
  -ASMALLCONST=0300h-03FFhx61 -AMEDIUMCONST=0300h-03FFFh -ACOMRAM=01h-05Fh \
  -AABS1=00h-02FFh -ABIGRAM=01h-02FFh -ARAM=060h-0FFh,0100h-01FFhx2 \
  -ABANK0=060h-0FFh -ABANK1=0100h-01FFh -ABANK2=0200h-02FFh \
  -ASFR=0D00h-0DFFhx2,0F00h-0F5Fh,0F60h-0FFFh \
  -preset_vec=00h,intcode=08h,intcodelo=018h,powerup,init,end_init \
  -pramtop=0300h -psmallconst=SMALLCONST -pmediumconst=MEDIUMCONST \
  -pconst=CONST -AFARRAM=00h-00h -ACONFIG=0300000h-030000Dh -pconfig=CONFIG \
  -AIDLOC=0200000h-0200007h -pidloc=IDLOC -AEEDATA=0F00000h-0F000FFh \
  -peeprom_data=EEDATA \
  -prdata=COMRAM,nvrram=COMRAM,nvbit=COMRAM,rbss=COMRAM,rbit=COMRAM \
  -pfarbss=FARRAM,fardata=FARRAM,nvFARRAM=FARRAM \
  -pintsave_regs=BIGRAM,bigbss=BIGRAM,bigdata=BIGRAM -pbss=RAM \
  -pidata=CODE,irdata=CODE,ibigdata=CODE,ifardata=CODE -prparam=COMRAM \
  C:\Users\Simone\AppData\Local\Temp\sao0.obj \
  dist/default/debug\batteria4480.X.debug.obj 

Object code version is 3.11

Machine type is 18F4480

Call graph: (short form)




                Name                               Link     Load   Length Selector   Space Scale
C:\Users\Simone\AppData\Local\Temp\sao0.obj
                end_init                             B8       B8        4        C       0
                reset_vec                             0        0        4        0       0
                idloc                            200000   200000        8   200000       0
                config                           300000   300000        E   300000       0
dist/default/debug\batteria4480.X.debug.obj
                intcodelo                            18       18       A0        C       0
                intcode                               8        8        E        4       0
                temp                                 40       40        1        1       1
                smallconst                          300      300       FC      180       0
                intcode_body                       35D0     35D0       B4      1FE       0
                text41                             3C64     3C64       32      1FE       0
                text40                             3B5C     3B5C       3A      1FE       0
                text39                             3D3C     3D3C       22      1FE       0
                text38                             3B22     3B22       3A      1FE       0
                text37                             3C32     3C32       32      1FE       0
                text36                             371A     371A       96      1FE       0
                text35                             3D16     3D16       26      1FE       0
                text34                             3966     3966       78      1FE       0
                text33                             39DE     39DE       5C      1FE       0
                text32                             3456     3456       BE      1FE       0
                text31                             3ADA     3ADA       48      1FE       0
                text30                             29BC     29BC      1C0      1FE       0
                text29                             3CC2     3CC2       2C      1FE       0
                text28                             32AC     32AC       EC      1FE       0
                text27                             1F0A     1F0A      3C0      1FE       0
                text26                             15DE     15DE      4A6      1FE       0
                text25                             27EE     27EE      1CE      1FE       0
                text24                             259C     259C      252      1FE       0
                text23                             2D1A     2D1A      190      1FE       0
                text22                             3B96     3B96       38      1FE       0
                text21                             1136     1136      4A8      1FE       0
                text20                             3A92     3A92       48      1FE       0
                text19                             31A0     31A0      10C      1FE       0
                text18                             3514     3514       BC      1FE       0
                text17                             3844     3844       94      1FE       0
                text16                             2EAA     2EAA      188      1FE       0
                text15                             2B7C     2B7C      19E      1FE       0
                text14                             3398     3398       BE      1FE       0
                text13                             37B0     37B0       94      1FE       0
                text12                             22CA     22CA      2D2      1FE       0
                text11                             3CEE     3CEE       28      1FE       0
                text10                              C64      C64      4D2      1FE       0
                text9                               3FC      3FC      868      1FE       0
                text8                              3684     3684       96      1FE       0
                text7                              3D5E     3D5E        E      1FE       0
                text6                              3C00     3C00       32      1FE       0
                text5                              3BCE     3BCE       32      1FE       0
                text4                              3D6C     3D6C        8      1FE       0
                text3                              3032     3032      16E      1FE       0
                text2                              3C96     3C96       2C      1FE       0
                text1                              38D8     38D8       8E      1FE       0
                text0                              1A84     1A84      486      1FE       0
                cstackCOMRAM                          1        1       21        1       1
                cstackBANK0                          60       60       7A       60       1
                cstackBANK1                         100      100        9      100       1
                dataBANK0                            FC       FC        4       60       1
                bssBANK0                             DA       DA       1C       60       1
                dataCOMRAM                           3F       3F        1        1       1
                bssCOMRAM                            22       22       1D        1       1
                cinit                              3A3A     3A3A       58      1FE       0
                nvBANK0                              F6       F6        6       60       1
                idataBANK0                         3D74     3D74        4      1FE       0
                idataCOMRAM                        3D78     3D78        1      1FE       0

TOTAL           Name                               Link     Load   Length     Space
        CLASS   STACK          

        CLASS   CODE           
                end_init                             B8       B8        4         0
                intcodelo                            18       18       A0         0
                intcode                               8        8        E         0
                reset_vec                             0        0        4         0
                intcode_body                       35D0     35D0       B4         0
                text41                             3C64     3C64       32         0
                text40                             3B5C     3B5C       3A         0
                text39                             3D3C     3D3C       22         0
                text38                             3B22     3B22       3A         0
                text37                             3C32     3C32       32         0
                text36                             371A     371A       96         0
                text35                             3D16     3D16       26         0
                text34                             3966     3966       78         0
                text33                             39DE     39DE       5C         0
                text32                             3456     3456       BE         0
                text31                             3ADA     3ADA       48         0
                text30                             29BC     29BC      1C0         0
                text29                             3CC2     3CC2       2C         0
                text28                             32AC     32AC       EC         0
                text27                             1F0A     1F0A      3C0         0
                text26                             15DE     15DE      4A6         0
                text25                             27EE     27EE      1CE         0
                text24                             259C     259C      252         0
                text23                             2D1A     2D1A      190         0
                text22                             3B96     3B96       38         0
                text21                             1136     1136      4A8         0
                text20                             3A92     3A92       48         0
                text19                             31A0     31A0      10C         0
                text18                             3514     3514       BC         0
                text17                             3844     3844       94         0
                text16                             2EAA     2EAA      188         0
                text15                             2B7C     2B7C      19E         0
                text14                             3398     3398       BE         0
                text13                             37B0     37B0       94         0
                text12                             22CA     22CA      2D2         0
                text11                             3CEE     3CEE       28         0
                text10                              C64      C64      4D2         0
                text9                               3FC      3FC      868         0
                text8                              3684     3684       96         0
                text7                              3D5E     3D5E        E         0
                text6                              3C00     3C00       32         0
                text5                              3BCE     3BCE       32         0
                text4                              3D6C     3D6C        8         0
                text3                              3032     3032      16E         0
                text2                              3C96     3C96       2C         0
                text1                              38D8     38D8       8E         0
                text0                              1A84     1A84      486         0
                cinit                              3A3A     3A3A       58         0
                idataBANK0                         3D74     3D74        4         0
                idataCOMRAM                        3D78     3D78        1         0

        CLASS   CONST          

        CLASS   SMALLCONST     
                smallconst                          300      300       FC         0

        CLASS   MEDIUMCONST    

        CLASS   COMRAM         
                temp                                 40       40        1         1
                cstackCOMRAM                          1        1       21         1
                dataCOMRAM                           3F       3F        1         1
                bssCOMRAM                            22       22       1D         1

        CLASS   ABS1           

        CLASS   BIGRAM         

        CLASS   RAM            

        CLASS   BANK0          
                cstackBANK0                          60       60       7A         1
                dataBANK0                            FC       FC        4         1
                bssBANK0                             DA       DA       1C         1
                nvBANK0                              F6       F6        6         1

        CLASS   BANK1          
                cstackBANK1                         100      100        9         1

        CLASS   BANK2          

        CLASS   SFR            

        CLASS   FARRAM         

        CLASS   CONFIG         
                config                           300000   300000        E         0

        CLASS   IDLOC          
                idloc                            200000   200000        8         0

        CLASS   EEDATA         



SEGMENTS        Name                           Load    Length   Top    Selector   Space  Class

                reset_vec                      000000  000004  000004         0       0  CODE    
                cstackCOMRAM                   000001  000040  000041         1       1  COMRAM  
                intcode                        000008  00000E  000016         4       0  CODE    
                intcodelo                      000018  0000A4  0000BC         C       0  CODE    
                cstackBANK0                    000060  0000A0  000100        60       1  BANK0   
                cstackBANK1                    000100  000009  000109       100       1  BANK1   
                smallconst                     000300  0000FC  0003FC       180       0  SMALLCON
                text9                          0003FC  00397D  003D79       1FE       0  CODE    
                idloc                          200000  000008  200008    200000       0  IDLOC   
                config                         300000  00000E  30000E    300000       0  CONFIG  


UNUSED ADDRESS RANGES

        Name                Unused          Largest block    Delta
        BANK1            000109-0001FF               F7
        BANK2            000200-0002FF              100
        BIGRAM           000041-00005F               1F
                         000109-0002FF              1F7
        CODE             000004-000007                4
                         000016-000017                2
                         0000BC-0002FF              244
                         003D79-003FFF              287
        COMRAM           000041-00005F               1F
        CONST            000004-000007                4
                         000016-000017                2
                         0000BC-0002FF              244
                         003D79-003FFF              287
        EEDATA           F00000-F000FF              100
        MEDIUMCONST      003D79-003FFF              287
        RAM              000109-0002FF               F7
        SFR              000D00-000FFF              100
        SMALLCONST       003D79-003FFF              100
        STACK            000109-0002FF              1F7

                                  Symbol Table

?___awdiv                          cstackBANK0  000064
?___awmod                          cstackBANK0  000060
?___fladd                          cstackBANK0  00009B
?___fldiv                          cstackBANK0  00008E
?___flmul                          cstackBANK0  000075
?___flneg                          cstackBANK0  000060
?___flsub                          cstackBANK0  0000AF
?___fltol                          cstackBANK0  000097
?___lldiv                          cstackBANK0  000060
?___llmod                          cstackBANK0  000060
?___lwdiv                          cstackBANK0  000060
?___lwmod                          cstackBANK0  000060
?___wmul                           cstackBANK0  000060
?___xxtofl                         cstackBANK0  000067
?__div_to_l_                       cstackBANK0  000060
?__tdiv_to_l_                      cstackBANK0  000060
?_fround                           cstackBANK0  00008E
?_scale                            cstackBANK0  00008E
?_sprintf                          cstackBANK0  0000B7
LCD_backlight@active               cstackCOMRAM 000020
LCD_cursor@active                  cstackBANK0  00006B
LCD_cursor@blinking                cstackBANK0  00006A
LCD_goto_line@line                 cstackBANK0  00006A
LCD_initialize@quartz_frequency    cstackBANK0  00006C
LCD_send_command@D0                cstackBANK0  000068
LCD_send_command@D1                cstackBANK0  000067
LCD_send_command@D2                cstackBANK0  000066
LCD_send_command@D3                cstackBANK0  000069
LCD_write_char@D0                  cstackBANK0  00006D
LCD_write_char@D1                  cstackBANK0  00006C
LCD_write_char@D2                  cstackBANK0  00006B
LCD_write_char@D3                  cstackBANK0  00006A
LCD_write_char@value               cstackBANK0  00006E
LCD_write_integer@F16106           bssBANK0     0000DA
LCD_write_integer@convertedInt     cstackBANK0  000081
LCD_write_integer@index            cstackBANK0  000087
LCD_write_integer@number_of_digits cstackBANK0  00007A
LCD_write_integer@value            cstackBANK0  000078
LCD_write_integer@zero_cleaning    cstackBANK0  00007B
LCD_write_message@buffer           cstackBANK0  00006F
LCD_write_string@buffer            cstackBANK0  00006F
_ADCON0                            (abs)        000FC2
_ADCON0bits                        (abs)        000FC2
_ADCON1                            (abs)        000FC1
_ADCON2                            (abs)        000FC0
_ADRESH                            (abs)        000FC4
_ADRESL                            (abs)        000FC3
_INTCONbits                        (abs)        000FF2
_IPR1bits                          (abs)        000F9F
_LATA                              (abs)        000F89
_LATB                              (abs)        000F8A
_LATBbits                          (abs)        000F8A
_LATC                              (abs)        000F8B
_LATCbits                          (abs)        000F8B
_LATD                              (abs)        000F8C
_LATDbits                          (abs)        000F8C
_LATE                              (abs)        000F8D
_LATEbits                          (abs)        000F8D
_LCD_backlight                     text7        003D5E
_LCD_clear                         text6        003C00
_LCD_cursor                        text5        003BCE
_LCD_enable_pulse                  text39       003D3C
_LCD_goto_line                     text28       0032AC
_LCD_home                          text37       003C32
_LCD_initialize                    text3        003032
_LCD_send_command                  text38       003B22
_LCD_write_char                    text36       00371A
_LCD_write_integer                 text30       0029BC
_LCD_write_message                 text2        003C96
_LCD_write_string                  text35       003D16
_PIE1bits                          (abs)        000F9D
_PIR1bits                          (abs)        000F9E
_RCONbits                          (abs)        000FD0
_T0CON                             (abs)        000FD5
_T1CON                             (abs)        000FCD
_TMR0H                             (abs)        000FD7
_TMR0L                             (abs)        000FD6
_TMR1H                             (abs)        000FCF
_TMR1L                             (abs)        000FCE
_TRISA                             (abs)        000F92
_TRISB                             (abs)        000F93
_TRISC                             (abs)        000F94
_TRISD                             (abs)        000F95
_TRISE                             (abs)        000F96
__CFG_BBSIZ$1024                   (abs)        000000
__CFG_BOREN$BOHW                   (abs)        000000
__CFG_BORV$3                       (abs)        000000
__CFG_CP0$OFF                      (abs)        000000
__CFG_CP1$OFF                      (abs)        000000
__CFG_CPB$OFF                      (abs)        000000
__CFG_CPD$OFF                      (abs)        000000
__CFG_EBTR0$OFF                    (abs)        000000
__CFG_EBTR1$OFF                    (abs)        000000
__CFG_EBTRB$OFF                    (abs)        000000
__CFG_FCMEN$OFF                    (abs)        000000
__CFG_IESO$OFF                     (abs)        000000
__CFG_LPT1OSC$OFF                  (abs)        000000
__CFG_LVP$OFF                      (abs)        000000
__CFG_MCLRE$ON                     (abs)        000000
__CFG_OSC$HS                       (abs)        000000
__CFG_PBADEN$OFF                   (abs)        000000
__CFG_PWRT$OFF                     (abs)        000000
__CFG_STVREN$ON                    (abs)        000000
__CFG_WDT$OFF                      (abs)        000000
__CFG_WDTPS$32768                  (abs)        000000
__CFG_WRT0$OFF                     (abs)        000000
__CFG_WRT1$OFF                     (abs)        000000
__CFG_WRTB$OFF                     (abs)        000000
__CFG_WRTC$OFF                     (abs)        000000
__CFG_WRTD$OFF                     (abs)        000000
__CFG_XINST$OFF                    (abs)        000000
__HRAM                             (abs)        000000
__Habs1                            abs1         000000
__Hbank0                           bank0        000000
__Hbank1                           bank1        000000
__Hbank2                           bank2        000000
__Hbigbss                          bigbss       000000
__Hbigdata                         bigdata      000000
__Hbigram                          bigram       000000
__Hbss                             bss          000000
__HbssBANK0                        bssBANK0     000000
__HbssCOMRAM                       bssCOMRAM    000000
__Hcinit                           cinit        000000
__Hclrtext                         clrtext      000000
__Hcomram                          comram       000000
__Hconfig                          config       30000E
__Hconst                           const        000000
__HcstackBANK0                     cstackBANK0  000000
__HcstackBANK1                     cstackBANK1  000000
__HcstackCOMRAM                    cstackCOMRAM 000000
__Hdata                            data         000000
__HdataBANK0                       dataBANK0    000000
__HdataCOMRAM                      dataCOMRAM   000000
__Heeprom_data                     eeprom_data  000000
__Hend_init                        end_init     0000BC
__Hfarbss                          farbss       000000
__Hfardata                         fardata      000000
__Hibigdata                        ibigdata     000000
__Hidata                           idata        000000
__HidataBANK0                      idataBANK0   000000
__HidataCOMRAM                     idataCOMRAM  000000
__Hidloc                           idloc        200008
__Hifardata                        ifardata     000000
__Hinit                            init         0000B8
__Hintcode                         intcode      000016
__Hintcode_body                    intcode_body 000000
__Hintcodelo                       intcodelo    0000B8
__Hintentry                        intentry     000000
__Hintret                          intret       000000
__Hintsave_regs                    intsave_regs 000000
__Hirdata                          irdata       000000
__Hmediumconst                     mediumconst  000000
__HnvBANK0                         nvBANK0      000000
__HnvFARRAM                        nvFARRAM     000000
__Hnvbit                           nvbit        000000
__Hnvrram                          nvrram       000000
__Hparam                           rparam       000000
__Hpowerup                         powerup      0000B8
__Hram                             ram          000000
__Hramtop                          ramtop       000300
__Hrbit                            rbit         000000
__Hrbss                            rbss         000000
__Hrdata                           rdata        000000
__Hreset_vec                       reset_vec    000004
__Hrparam                          rparam       000000
__Hsfr                             sfr          000000
__Hsmallconst                      smallconst   0003FC
__Hspace_0                         (abs)        30000E
__Hspace_1                         (abs)        000109
__Hspace_2                         (abs)        000000
__Hstack                           stack        000000
__Hstruct                          struct       000000
__Htemp                            temp         000041
__Htext                            text         000000
__Htext0                           text0        000000
__Htext1                           text1        000000
__Htext10                          text10       000000
__Htext11                          text11       000000
__Htext12                          text12       000000
__Htext13                          text13       000000
__Htext14                          text14       000000
__Htext15                          text15       000000
__Htext16                          text16       000000
__Htext17                          text17       000000
__Htext18                          text18       000000
__Htext19                          text19       000000
__Htext2                           text2        000000
__Htext20                          text20       000000
__Htext21                          text21       000000
__Htext22                          text22       000000
__Htext23                          text23       000000
__Htext24                          text24       000000
__Htext25                          text25       000000
__Htext26                          text26       000000
__Htext27                          text27       000000
__Htext28                          text28       000000
__Htext29                          text29       000000
__Htext3                           text3        000000
__Htext30                          text30       000000
__Htext31                          text31       000000
__Htext32                          text32       000000
__Htext33                          text33       000000
__Htext34                          text34       000000
__Htext35                          text35       000000
__Htext36                          text36       000000
__Htext37                          text37       000000
__Htext38                          text38       000000
__Htext39                          text39       000000
__Htext4                           text4        000000
__Htext40                          text40       000000
__Htext41                          text41       000000
__Htext5                           text5        000000
__Htext6                           text6        000000
__Htext7                           text7        000000
__Htext8                           text8        000000
__Htext9                           text9        000000
__LRAM                             (abs)        000001
__Labs1                            abs1         000000
__Lbank0                           bank0        000000
__Lbank1                           bank1        000000
__Lbank2                           bank2        000000
__Lbigbss                          bigbss       000000
__Lbigdata                         bigdata      000000
__Lbigram                          bigram       000000
__Lbss                             bss          000000
__LbssBANK0                        bssBANK0     000000
__LbssCOMRAM                       bssCOMRAM    000000
__Lcinit                           cinit        000000
__Lclrtext                         clrtext      000000
__Lcomram                          comram       000000
__Lconfig                          config       300000
__Lconst                           const        000000
__LcstackBANK0                     cstackBANK0  000000
__LcstackBANK1                     cstackBANK1  000000
__LcstackCOMRAM                    cstackCOMRAM 000000
__Ldata                            data         000000
__LdataBANK0                       dataBANK0    000000
__LdataCOMRAM                      dataCOMRAM   000000
__Leeprom_data                     eeprom_data  000000
__Lend_init                        end_init     0000B8
__Lfarbss                          farbss       000000
__Lfardata                         fardata      000000
__Libigdata                        ibigdata     000000
__Lidata                           idata        000000
__LidataBANK0                      idataBANK0   000000
__LidataCOMRAM                     idataCOMRAM  000000
__Lidloc                           idloc        200000
__Lifardata                        ifardata     000000
__Linit                            init         0000B8
__Lintcode                         intcode      000008
__Lintcode_body                    intcode_body 000000
__Lintcodelo                       intcodelo    000018
__Lintentry                        intentry     000000
__Lintret                          intret       000000
__Lintsave_regs                    intsave_regs 000000
__Lirdata                          irdata       000000
__Lmediumconst                     mediumconst  000000
__LnvBANK0                         nvBANK0      000000
__LnvFARRAM                        nvFARRAM     000000
__Lnvbit                           nvbit        000000
__Lnvrram                          nvrram       000000
__Lparam                           rparam       000000
__Lpowerup                         powerup      0000B8
__Lram                             ram          000000
__Lramtop                          ramtop       000300
__Lrbit                            rbit         000000
__Lrbss                            rbss         000000
__Lrdata                           rdata        000000
__Lreset_vec                       reset_vec    000000
__Lrparam                          rparam       000000
__Lsfr                             sfr          000000
__Lsmallconst                      smallconst   000300
__Lspace_0                         (abs)        000000
__Lspace_1                         (abs)        000000
__Lspace_2                         (abs)        000000
__Lstack                           stack        000000
__Lstruct                          struct       000000
__Ltemp                            temp         000040
__Ltext                            text         000000
__Ltext0                           text0        000000
__Ltext1                           text1        000000
__Ltext10                          text10       000000
__Ltext11                          text11       000000
__Ltext12                          text12       000000
__Ltext13                          text13       000000
__Ltext14                          text14       000000
__Ltext15                          text15       000000
__Ltext16                          text16       000000
__Ltext17                          text17       000000
__Ltext18                          text18       000000
__Ltext19                          text19       000000
__Ltext2                           text2        000000
__Ltext20                          text20       000000
__Ltext21                          text21       000000
__Ltext22                          text22       000000
__Ltext23                          text23       000000
__Ltext24                          text24       000000
__Ltext25                          text25       000000
__Ltext26                          text26       000000
__Ltext27                          text27       000000
__Ltext28                          text28       000000
__Ltext29                          text29       000000
__Ltext3                           text3        000000
__Ltext30                          text30       000000
__Ltext31                          text31       000000
__Ltext32                          text32       000000
__Ltext33                          text33       000000
__Ltext34                          text34       000000
__Ltext35                          text35       000000
__Ltext36                          text36       000000
__Ltext37                          text37       000000
__Ltext38                          text38       000000
__Ltext39                          text39       000000
__Ltext4                           text4        000000
__Ltext40                          text40       000000
__Ltext41                          text41       000000
__Ltext5                           text5        000000
__Ltext6                           text6        000000
__Ltext7                           text7        000000
__Ltext8                           text8        000000
__Ltext9                           text9        000000
__S0                               (abs)        30000E
__S1                               (abs)        000109
__S2                               (abs)        000000
___awdiv                           text14       003398
___awdiv@counter                   cstackBANK0  000068
___awdiv@dividend                  cstackBANK0  000064
___awdiv@divisor                   cstackBANK0  000066
___awdiv@quotient                  cstackBANK0  00006A
___awdiv@sign                      cstackBANK0  000069
___awmod                           text13       0037B0
___awmod@counter                   cstackCOMRAM 000020
___awmod@dividend                  cstackBANK0  000060
___awmod@divisor                   cstackBANK0  000062
___awmod@sign                      cstackCOMRAM 000021
___fladd                           text21       001136
___fladd@a                         cstackBANK0  00009F
___fladd@aexp                      cstackBANK0  0000AC
___fladd@b                         cstackBANK0  00009B
___fladd@bexp                      cstackBANK0  0000AD
___fladd@grs                       cstackBANK0  0000AE
___fladd@signs                     cstackBANK0  0000AB
___fldiv                           text27       001F0A
___fldiv@a                         cstackBANK0  000092
___fldiv@aexp                      cstackBANK0  0000A6
___fldiv@b                         cstackBANK0  00008E
___fldiv@bexp                      cstackBANK0  0000A5
___fldiv@grs                       cstackBANK0  0000A1
___fldiv@new_exp                   cstackBANK0  00009F
___fldiv@rem                       cstackBANK0  00009B
___fldiv@sign                      cstackBANK0  00009A
___flge                            text23       002D1A
___flge@ff1                        cstackBANK0  000060
___flge@ff2                        cstackBANK0  000064
___flmul                           text26       0015DE
___flmul@a                         cstackBANK0  000079
___flmul@aexp                      cstackBANK0  000082
___flmul@b                         cstackBANK0  000075
___flmul@bexp                      cstackBANK0  000087
___flmul@grs                       cstackBANK0  000083
___flmul@prod                      cstackBANK0  000088
___flmul@sign                      cstackBANK0  000081
___flmul@temp                      cstackBANK0  00008C
___flneg                           text22       003B96
___flneg@f1                        cstackBANK0  000060
___flsub                           text20       003A92
___flsub@a                         cstackBANK0  0000B3
___flsub@b                         cstackBANK0  0000AF
___fltol                           text19       0031A0
___fltol@exp1                      cstackBANK0  0000A0
___fltol@f1                        cstackBANK0  000097
___fltol@sign1                     cstackBANK0  00009F
___inthi_sp                        stack        000000
___intlo_sp                        stack        000000
___lldiv                           text18       003514
___lldiv@counter                   cstackBANK0  00006C
___lldiv@dividend                  cstackBANK0  000060
___lldiv@divisor                   cstackBANK0  000064
___lldiv@quotient                  cstackBANK0  000068
___llmod                           text17       003844
___llmod@counter                   cstackCOMRAM 000020
___llmod@dividend                  cstackBANK0  000060
___llmod@divisor                   cstackBANK0  000064
___lwdiv                           text34       003966
___lwdiv@counter                   cstackBANK0  000064
___lwdiv@dividend                  cstackBANK0  000060
___lwdiv@divisor                   cstackBANK0  000062
___lwdiv@quotient                  cstackBANK0  000065
___lwmod                           text33       0039DE
___lwmod@counter                   cstackCOMRAM 000020
___lwmod@dividend                  cstackBANK0  000060
___lwmod@divisor                   cstackBANK0  000062
___param_bank                      (abs)        000010
___rparam_used                     (abs)        000001
___sp                              stack        000000
___wmul                            text41       003C64
___wmul@multiplicand               cstackBANK0  000062
___wmul@multiplier                 cstackBANK0  000060
___wmul@product                    cstackCOMRAM 000020
___xxtofl                          text25       0027EE
___xxtofl@arg                      cstackBANK0  000071
___xxtofl@exp                      cstackBANK0  000070
___xxtofl@sign                     cstackBANK0  00006F
___xxtofl@val                      cstackBANK0  000067
__accesstop                        (abs)        000060
__activetblptr                     (abs)        000002
__div_to_l_                        text16       002EAA
__div_to_l_@cntr                   cstackBANK0  00006C
__div_to_l_@exp1                   cstackBANK0  00006D
__div_to_l_@f1                     cstackBANK0  000060
__div_to_l_@f2                     cstackBANK0  000064
__div_to_l_@quot                   cstackBANK0  000068
__end_of_LCD_backlight             text7        003D6C
__end_of_LCD_clear                 text6        003C32
__end_of_LCD_cursor                text5        003C00
__end_of_LCD_enable_pulse          text39       003D5E
__end_of_LCD_goto_line             text28       003398
__end_of_LCD_home                  text37       003C64
__end_of_LCD_initialize            text3        0031A0
__end_of_LCD_send_command          text38       003B5C
__end_of_LCD_write_char            text36       0037B0
__end_of_LCD_write_integer         text30       002B7C
__end_of_LCD_write_message         text2        003CC2
__end_of_LCD_write_string          text35       003D3C
__end_of___awdiv                   text14       003456
__end_of___awmod                   text13       003844
__end_of___fladd                   text21       0015DE
__end_of___fldiv                   text27       0022CA
__end_of___flge                    text23       002EAA
__end_of___flmul                   text26       001A84
__end_of___flneg                   text22       003BCE
__end_of___flsub                   text20       003ADA
__end_of___fltol                   text19       0032AC
__end_of___lldiv                   text18       0035D0
__end_of___llmod                   text17       0038D8
__end_of___lwdiv                   text34       0039DE
__end_of___lwmod                   text33       003A3A
__end_of___wmul                    text41       003C96
__end_of___xxtofl                  text25       0029BC
__end_of__div_to_l_                text16       003032
__end_of__initialization           cinit        003A84
__end_of__npowers_                 smallconst   000335
__end_of__powers_                  smallconst   000369
__end_of__tdiv_to_l_               text15       002D1A
__end_of_delay_ms                  text40       003B96
__end_of_delay_s                   text29       003CEE
__end_of_delay_set_quartz          text4        003D74
__end_of_display_voltage           text8        00371A
__end_of_dpowers                   smallconst   000391
__end_of_fround                    text12       00259C
__end_of_inizializzazione          text1        003966
__end_of_isdigit                   text11       003D16
__end_of_isr_alta                  intcode_body 003684
__end_of_isr_bassa                 intcodelo    0000B8
__end_of_itoa                      text31       003B22
__end_of_main                      text0        001F0A
__end_of_read_adc                  text24       0027EE
__end_of_scale                     text10       001136
__end_of_sprintf                   text9        000C64
__end_of_utoa                      text32       003514
__initialization                   cinit        003A3A
__mediumconst                      mediumconst  000000
__npowers_                         smallconst   000301
__pbssBANK0                        bssBANK0     0000DA
__pbssCOMRAM                       bssCOMRAM    000022
__pcinit                           cinit        003A3A
__pcstackBANK0                     cstackBANK0  000060
__pcstackBANK1                     cstackBANK1  000100
__pcstackCOMRAM                    cstackCOMRAM 000001
__pdataBANK0                       dataBANK0    0000FC
__pdataCOMRAM                      dataCOMRAM   00003F
__pidataBANK0                      idataBANK0   003D74
__pidataCOMRAM                     idataCOMRAM  003D78
__pintcode                         intcode      000008
__pintcode_body                    intcode_body 0035D0
__pintcodelo                       intcodelo    000018
__pnvBANK0                         nvBANK0      0000F6
__powers_                          smallconst   000335
__psmallconst                      smallconst   000300
__ptext0                           text0        001A84
__ptext1                           text1        0038D8
__ptext10                          text10       000C64
__ptext11                          text11       003CEE
__ptext12                          text12       0022CA
__ptext13                          text13       0037B0
__ptext14                          text14       003398
__ptext15                          text15       002B7C
__ptext16                          text16       002EAA
__ptext17                          text17       003844
__ptext18                          text18       003514
__ptext19                          text19       0031A0
__ptext2                           text2        003C96
__ptext20                          text20       003A92
__ptext21                          text21       001136
__ptext22                          text22       003B96
__ptext23                          text23       002D1A
__ptext24                          text24       00259C
__ptext25                          text25       0027EE
__ptext26                          text26       0015DE
__ptext27                          text27       001F0A
__ptext28                          text28       0032AC
__ptext29                          text29       003CC2
__ptext3                           text3        003032
__ptext30                          text30       0029BC
__ptext31                          text31       003ADA
__ptext32                          text32       003456
__ptext33                          text33       0039DE
__ptext34                          text34       003966
__ptext35                          text35       003D16
__ptext36                          text36       00371A
__ptext37                          text37       003C32
__ptext38                          text38       003B22
__ptext39                          text39       003D3C
__ptext4                           text4        003D6C
__ptext40                          text40       003B5C
__ptext41                          text41       003C64
__ptext5                           text5        003BCE
__ptext6                           text6        003C00
__ptext7                           text7        003D5E
__ptext8                           text8        003684
__ptext9                           text9        0003FC
__ramtop                           ramtop       000300
__size_of_LCD_backlight            (abs)        000000
__size_of_LCD_clear                (abs)        000000
__size_of_LCD_cursor               (abs)        000000
__size_of_LCD_enable_pulse         (abs)        000000
__size_of_LCD_goto_line            (abs)        000000
__size_of_LCD_home                 (abs)        000000
__size_of_LCD_initialize           (abs)        000000
__size_of_LCD_send_command         (abs)        000000
__size_of_LCD_write_char           (abs)        000000
__size_of_LCD_write_integer        (abs)        000000
__size_of_LCD_write_message        (abs)        000000
__size_of_LCD_write_string         (abs)        000000
__size_of___awdiv                  (abs)        000000
__size_of___awmod                  (abs)        000000
__size_of___fladd                  (abs)        000000
__size_of___fldiv                  (abs)        000000
__size_of___flge                   (abs)        000000
__size_of___flmul                  (abs)        000000
__size_of___flneg                  (abs)        000000
__size_of___flsub                  (abs)        000000
__size_of___fltol                  (abs)        000000
__size_of___lldiv                  (abs)        000000
__size_of___llmod                  (abs)        000000
__size_of___lwdiv                  (abs)        000000
__size_of___lwmod                  (abs)        000000
__size_of___wmul                   (abs)        000000
__size_of___xxtofl                 (abs)        000000
__size_of__div_to_l_               (abs)        000000
__size_of__tdiv_to_l_              (abs)        000000
__size_of_delay_ms                 (abs)        000000
__size_of_delay_s                  (abs)        000000
__size_of_delay_set_quartz         (abs)        000000
__size_of_display_voltage          (abs)        000000
__size_of_fround                   (abs)        000000
__size_of_inizializzazione         (abs)        000000
__size_of_isdigit                  (abs)        000000
__size_of_isr_alta                 (abs)        000000
__size_of_isr_bassa                (abs)        000000
__size_of_itoa                     (abs)        000000
__size_of_main                     (abs)        000000
__size_of_read_adc                 (abs)        000000
__size_of_scale                    (abs)        000000
__size_of_sprintf                  (abs)        000000
__size_of_utoa                     (abs)        000000
__smallconst                       smallconst   000300
__tdiv_to_l_                       text15       002B7C
__tdiv_to_l_@cntr                  cstackBANK0  00006F
__tdiv_to_l_@exp1                  cstackBANK0  000070
__tdiv_to_l_@f1                    cstackBANK0  000060
__tdiv_to_l_@f2                    cstackBANK0  000064
__tdiv_to_l_@quot                  cstackBANK0  00006B
_capacita                          bssBANK0     0000E0
_clock_counter_reference           nvBANK0      0000F6
_combinazioni                      dataBANK0    0000FC
_correnteMedia                     bssBANK0     0000E4
_current                           bssCOMRAM    000028
_delay_ms                          text40       003B5C
_delay_quartz_frequency_value      dataCOMRAM   00003F
_delay_s                           text29       003CC2
_delay_set_quartz                  text4        003D6C
_display_voltage                   text8        003684
_dpowers                           smallconst   000369
_fround                            text12       0022CA
_fround$1477                       cstackBANK0  000096
_fround$1478                       cstackBANK0  000092
_inizializzazione                  text1        0038D8
_isdigit                           text11       003CEE
_isdigit$1102                      cstackBANK0  000060
_isr_alta                          intcode      000008
_isr_bassa                         intcodelo    000018
_itoa                              text31       003ADA
_lettura                           bssCOMRAM    000022
_main                              text0        001A84
_minuti                            bssCOMRAM    000038
_ore                               bssCOMRAM    00003A
_rapporto                          nvBANK0      0000F8
_read_adc                          text24       00259C
_scale                             text10       000C64
_scale$1479                        cstackBANK0  000092
_secondi                           bssCOMRAM    00003C
_sommatoriaCorrente                bssCOMRAM    00002C
_somme                             bssBANK0     0000EC
_sprintf                           text9        0003FC
_sprintf$1480                      cstackBANK0  0000C1
_stati                             bssCOMRAM    00003E
_str                               bssBANK0     0000EE
_tempo                             bssCOMRAM    000030
_tempo_old                         bssBANK0     0000E8
_utoa                              text32       003456
_voltage                           bssCOMRAM    000034
btemp                              temp         000040
delay_ms@value_ms                  cstackBANK0  000064
delay_s@repeat_loop                cstackBANK0  000067
delay_s@value_s                    cstackBANK0  000066
delay_set_quartz@frequency         cstackCOMRAM 000020
display_voltage@line               cstackBANK1  000100
end_of_initialization              cinit        003A84
fround@prec                        cstackBANK0  00009A
int$flags                          temp         000040
int_func                           intcode_body 0035D0
intlevel0                          text         000000
intlevel1                          text         000000
intlevel2                          text         000000
intlevel3                          text         000000
isdigit@c                          cstackBANK0  000061
itoa@base                          cstackBANK0  000074
itoa@buf                           cstackBANK0  000070
itoa@cp                            cstackBANK0  000076
itoa@val                           cstackBANK0  000072
read_adc@i                         cstackBANK0  0000A9
scale@scl                          cstackBANK0  000096
sprintf@ap                         cstackBANK0  0000C5
sprintf@c                          cstackBANK0  0000D9
sprintf@exp                        cstackBANK0  0000CD
sprintf@f                          cstackBANK0  0000B9
sprintf@flag                       cstackBANK0  0000C7
sprintf@fval                       cstackBANK0  0000D5
sprintf@prec                       cstackBANK0  0000D3
sprintf@sp                         cstackBANK0  0000B7
sprintf@tmpval                     cstackBANK0  0000CF
sprintf@val                        cstackBANK0  0000C9
stackhi                            (abs)        0002FF
stacklo                            (abs)        000109
start                              init         0000B8
start_initialization               cinit        003A3A
utoa@base                          cstackBANK0  00006B
utoa@buf                           cstackBANK0  000067
utoa@c                             cstackBANK0  00006F
utoa@v                             cstackBANK0  00006D
utoa@val                           cstackBANK0  000069


FUNCTION INFORMATION:

 *************** function _main *****************
 Defined at:
		line 62 in file "batterua.c"
 Parameters:    Size  Location     Type
		None
 Auto vars:     Size  Location     Type
		None
 Return value:  Size  Location     Type
                  1    wreg      void 
 Registers used:
		wreg, fsr1l, fsr1h, fsr2l, fsr2h, status,2, status,0, tblptrl, tblptrh, tblptru, prodl, prodh, cstack
 Tracked objects:
		On entry : 
		On exit  : 
		Unchanged: 
 Data sizes:     COMRAM   BANK0   BANK1   BANK2
      Params:         0       0       0       0
      Locals:         0       0       0       0
      Temps:          0       0       8       0
      Totals:         0       0       8       0
Total ram usage:        8 bytes
 Hardware stack levels required when called:    9
 This function calls:
		_LCD_goto_line
		_LCD_home
		_LCD_write_integer
		_LCD_write_message
		___fladd
		___fldiv
		___flge
		___flmul
		___lwdiv
		___xxtofl
		_delay_ms
		_delay_s
		_delay_set_quartz
		_display_voltage
		_inizializzazione
		_read_adc
 This function is called by:
		Startup code after reset
 This function uses a non-reentrant model


 *************** function _inizializzazione *****************
 Defined at:
		line 167 in file "batterua.c"
 Parameters:    Size  Location     Type
		None
 Auto vars:     Size  Location     Type
		None
 Return value:  Size  Location     Type
                  1    wreg      void 
 Registers used:
		wreg, status,2, status,0, tblptrl, tblptrh, tblptru, prodl, prodh, cstack
 Tracked objects:
		On entry : 
		On exit  : 
		Unchanged: 
 Data sizes:     COMRAM   BANK0   BANK1   BANK2
      Params:         0       0       0       0
      Locals:         0       0       0       0
      Temps:          0       0       0       0
      Totals:         0       0       0       0
Total ram usage:        0 bytes
 Hardware stack levels used:    1
 Hardware stack levels required when called:    8
 This function calls:
		_LCD_backlight
		_LCD_initialize
		_LCD_write_message
		_delay_ms
 This function is called by:
		_main
 This function uses a non-reentrant model


 *************** function _LCD_write_message *****************
 Defined at:
		line 178 in file "C:/Users/Simone/Desktop/LaurTec_PIC_libraries_v_3.3.1/src\LCD_44780.c"
 Parameters:    Size  Location     Type
  buffer          2   15[BANK0 ] PTR const unsigned char 
		 -> STR_10(16), STR_7(2), STR_6(2), STR_5(7), 
		 -> STR_4(17), STR_3(17), STR_2(17), STR_1(17), 
 Auto vars:     Size  Location     Type
		None
 Return value:  Size  Location     Type
                  1    wreg      void 
 Registers used:
		wreg, status,2, status,0, tblptrl, tblptrh, tblptru, prodl, prodh, cstack
 Tracked objects:
		On entry : 
		On exit  : 
		Unchanged: 
 Data sizes:     COMRAM   BANK0   BANK1   BANK2
      Params:         0       2       0       0
      Locals:         0       0       0       0
      Temps:          0       0       0       0
      Totals:         0       2       0       0
Total ram usage:        2 bytes
 Hardware stack levels used:    1
 Hardware stack levels required when called:    7
 This function calls:
		_LCD_write_char
 This function is called by:
		_main
		_inizializzazione
 This function uses a non-reentrant model


 *************** function _LCD_initialize *****************
 Defined at:
		line 283 in file "C:/Users/Simone/Desktop/LaurTec_PIC_libraries_v_3.3.1/src\LCD_44780.c"
 Parameters:    Size  Location     Type
  quartz_frequ    1    wreg     unsigned char 
 Auto vars:     Size  Location     Type
  quartz_frequ    1   12[BANK0 ] unsigned char 
 Return value:  Size  Location     Type
                  1    wreg      void 
 Registers used:
		wreg, status,2, status,0, prodl, prodh, cstack
 Tracked objects:
		On entry : 
		On exit  : 
		Unchanged: 
 Data sizes:     COMRAM   BANK0   BANK1   BANK2
      Params:         0       0       0       0
      Locals:         0       1       0       0
      Temps:          0       0       0       0
      Totals:         0       1       0       0
Total ram usage:        1 bytes
 Hardware stack levels used:    1
 Hardware stack levels required when called:    7
 This function calls:
		_LCD_clear
		_LCD_cursor
		_LCD_send_command
		_delay_ms
		_delay_set_quartz
 This function is called by:
		_inizializzazione
 This function uses a non-reentrant model


 *************** function _delay_set_quartz *****************
 Defined at:
		line 115 in file "C:/Users/Simone/Desktop/LaurTec_PIC_libraries_v_3.3.1/src\delay.c"
 Parameters:    Size  Location     Type
  frequency       1    wreg     unsigned char 
 Auto vars:     Size  Location     Type
  frequency       1   31[COMRAM] unsigned char 
 Return value:  Size  Location     Type
                  1    wreg      void 
 Registers used:
		wreg
 Tracked objects:
		On entry : 
		On exit  : 
		Unchanged: 
 Data sizes:     COMRAM   BANK0   BANK1   BANK2
      Params:         0       0       0       0
      Locals:         1       0       0       0
      Temps:          0       0       0       0
      Totals:         1       0       0       0
Total ram usage:        1 bytes
 Hardware stack levels used:    1
 Hardware stack levels required when called:    2
 This function calls:
		Nothing
 This function is called by:
		_LCD_initialize
		_main
 This function uses a non-reentrant model


 *************** function _LCD_cursor *****************
 Defined at:
		line 266 in file "C:/Users/Simone/Desktop/LaurTec_PIC_libraries_v_3.3.1/src\LCD_44780.c"
 Parameters:    Size  Location     Type
  active          1    wreg     unsigned char 
  blinking        1   10[BANK0 ] unsigned char 
 Auto vars:     Size  Location     Type
  active          1   11[BANK0 ] unsigned char 
 Return value:  Size  Location     Type
                  1    wreg      void 
 Registers used:
		wreg, status,2, status,0, prodl, prodh, cstack
 Tracked objects:
		On entry : 
		On exit  : 
		Unchanged: 
 Data sizes:     COMRAM   BANK0   BANK1   BANK2
      Params:         0       1       0       0
      Locals:         0       1       0       0
      Temps:          0       0       0       0
      Totals:         0       2       0       0
Total ram usage:        2 bytes
 Hardware stack levels used:    1
 Hardware stack levels required when called:    6
 This function calls:
		_LCD_send_command
 This function is called by:
		_LCD_initialize
 This function uses a non-reentrant model


 *************** function _LCD_clear *****************
 Defined at:
		line 257 in file "C:/Users/Simone/Desktop/LaurTec_PIC_libraries_v_3.3.1/src\LCD_44780.c"
 Parameters:    Size  Location     Type
		None
 Auto vars:     Size  Location     Type
		None
 Return value:  Size  Location     Type
                  1    wreg      void 
 Registers used:
		wreg, status,2, status,0, prodl, prodh, cstack
 Tracked objects:
		On entry : 
		On exit  : 
		Unchanged: 
 Data sizes:     COMRAM   BANK0   BANK1   BANK2
      Params:         0       0       0       0
      Locals:         0       0       0       0
      Temps:          0       0       0       0
      Totals:         0       0       0       0
Total ram usage:        0 bytes
 Hardware stack levels used:    1
 Hardware stack levels required when called:    6
 This function calls:
		_LCD_send_command
 This function is called by:
		_LCD_initialize
 This function uses a non-reentrant model


 *************** function _LCD_backlight *****************
 Defined at:
		line 275 in file "C:/Users/Simone/Desktop/LaurTec_PIC_libraries_v_3.3.1/src\LCD_44780.c"
 Parameters:    Size  Location     Type
  active          1    wreg     unsigned char 
 Auto vars:     Size  Location     Type
  active          1   31[COMRAM] unsigned char 
 Return value:  Size  Location     Type
                  1    wreg      void 
 Registers used:
		wreg
 Tracked objects:
		On entry : 
		On exit  : 
		Unchanged: 
 Data sizes:     COMRAM   BANK0   BANK1   BANK2
      Params:         0       0       0       0
      Locals:         1       0       0       0
      Temps:          0       0       0       0
      Totals:         1       0       0       0
Total ram usage:        1 bytes
 Hardware stack levels used:    1
 Hardware stack levels required when called:    2
 This function calls:
		Nothing
 This function is called by:
		_inizializzazione
 This function uses a non-reentrant model


 *************** function _display_voltage *****************
 Defined at:
		line 138 in file "batterua.c"
 Parameters:    Size  Location     Type
  line            1    wreg     unsigned char 
 Auto vars:     Size  Location     Type
  line            1    0[BANK1 ] unsigned char 
 Return value:  Size  Location     Type
                  1    wreg      void 
 Registers used:
		wreg, fsr2l, fsr2h, status,2, status,0, tblptrl, tblptrh, tblptru, prodl, prodh, cstack
 Tracked objects:
		On entry : 
		On exit  : 
		Unchanged: 
 Data sizes:     COMRAM   BANK0   BANK1   BANK2
      Params:         0       0       0       0
      Locals:         0       0       1       0
      Temps:          0       0       0       0
      Totals:         0       0       1       0
Total ram usage:        1 bytes
 Hardware stack levels used:    1
 Hardware stack levels required when called:    8
 This function calls:
		_LCD_goto_line
		_LCD_write_string
		_read_adc
		_sprintf
 This function is called by:
		_main
 This function uses a non-reentrant model


 *************** function _sprintf *****************
 Defined at:
		line 492 in file "C:\Program Files (x86)\Microchip\xc8\v1.37\sources\common\doprnt.c"
 Parameters:    Size  Location     Type
  sp              2   87[BANK0 ] PTR unsigned char 
		 -> str(8), 
  f               2   89[BANK0 ] PTR const unsigned char 
		 -> STR_9(8), STR_8(7), 
 Auto vars:     Size  Location     Type
  fval            4  117[BANK0 ] PTR const unsigned char 
  tmpval          4  111[BANK0 ] struct .
  val             4  105[BANK0 ] unsigned long 
  cp              3    0        PTR const unsigned char 
  prec            2  115[BANK0 ] int 
  exp             2  109[BANK0 ] int 
  flag            2  103[BANK0 ] unsigned short 
  ap              2  101[BANK0 ] PTR void [1]
		 -> ?_sprintf(2), 
  len             2    0        unsigned int 
  width           2    0        int 
  c               1  121[BANK0 ] char 
  d               1    0        unsigned char 
 Return value:  Size  Location     Type
                  2   87[BANK0 ] int 
 Registers used:
		wreg, fsr2l, fsr2h, status,2, status,0, tblptrl, tblptrh, tblptru, prodl, prodh, cstack
 Tracked objects:
		On entry : 
		On exit  : 
		Unchanged: 
 Data sizes:     COMRAM   BANK0   BANK1   BANK2
      Params:         0       8       0       0
      Locals:         0      25       0       0
      Temps:          0       2       0       0
      Totals:         0      35       0       0
Total ram usage:       35 bytes
 Hardware stack levels used:    1
 Hardware stack levels required when called:    4
 This function calls:
		___awdiv
		___fladd
		___flge
		___flmul
		___flneg
		___flsub
		___fltol
		___lldiv
		___llmod
		___wmul
		___xxtofl
		__div_to_l_
		__tdiv_to_l_
		_fround
		_isdigit
		_scale
 This function is called by:
		_display_voltage
 This function uses a non-reentrant model


 *************** function _scale *****************
 Defined at:
		line 425 in file "C:\Program Files (x86)\Microchip\xc8\v1.37\sources\common\doprnt.c"
 Parameters:    Size  Location     Type
  scl             1    wreg     char 
 Auto vars:     Size  Location     Type
  scl             1   54[BANK0 ] char 
 Return value:  Size  Location     Type
                  4   46[BANK0 ] char 
 Registers used:
		wreg, status,2, status,0, tblptrl, tblptrh, tblptru, prodl, prodh, cstack
 Tracked objects:
		On entry : 
		On exit  : 
		Unchanged: 
 Data sizes:     COMRAM   BANK0   BANK1   BANK2
      Params:         0       4       0       0
      Locals:         0       5       0       0
      Temps:          0       0       0       0
      Totals:         0       9       0       0
Total ram usage:        9 bytes
 Hardware stack levels used:    1
 Hardware stack levels required when called:    3
 This function calls:
		___awdiv
		___awmod
		___flmul
 This function is called by:
		_sprintf
 This function uses a non-reentrant model


 *************** function _isdigit *****************
 Defined at:
		line 8 in file "C:\Program Files (x86)\Microchip\xc8\v1.37\sources\common\isdigit.c"
 Parameters:    Size  Location     Type
  c               1    wreg     unsigned char 
 Auto vars:     Size  Location     Type
  c               1    1[BANK0 ] unsigned char 
 Return value:  Size  Location     Type
		None               void
 Registers used:
		wreg, status,2, status,0
 Tracked objects:
		On entry : 
		On exit  : 
		Unchanged: 
 Data sizes:     COMRAM   BANK0   BANK1   BANK2
      Params:         0       0       0       0
      Locals:         0       2       0       0
      Temps:          1       0       0       0
      Totals:         1       2       0       0
Total ram usage:        3 bytes
 Hardware stack levels used:    1
 Hardware stack levels required when called:    2
 This function calls:
		Nothing
 This function is called by:
		_sprintf
 This function uses a non-reentrant model


 *************** function _fround *****************
 Defined at:
		line 409 in file "C:\Program Files (x86)\Microchip\xc8\v1.37\sources\common\doprnt.c"
 Parameters:    Size  Location     Type
  prec            1    wreg     unsigned char 
 Auto vars:     Size  Location     Type
  prec            1   58[BANK0 ] unsigned char 
 Return value:  Size  Location     Type
                  4   46[BANK0 ] unsigned char 
 Registers used:
		wreg, status,2, status,0, tblptrl, tblptrh, tblptru, prodl, prodh, cstack
 Tracked objects:
		On entry : 
		On exit  : 
		Unchanged: 
 Data sizes:     COMRAM   BANK0   BANK1   BANK2
      Params:         0       4       0       0
      Locals:         0       9       0       0
      Temps:          0       0       0       0
      Totals:         0      13       0       0
Total ram usage:       13 bytes
 Hardware stack levels used:    1
 Hardware stack levels required when called:    3
 This function calls:
		___awdiv
		___awmod
		___flmul
 This function is called by:
		_sprintf
 This function uses a non-reentrant model


 *************** function ___awmod *****************
 Defined at:
		line 8 in file "C:\Program Files (x86)\Microchip\xc8\v1.37\sources\common\awmod.c"
 Parameters:    Size  Location     Type
  dividend        2    0[BANK0 ] int 
  divisor         2    2[BANK0 ] int 
 Auto vars:     Size  Location     Type
  sign            1   32[COMRAM] unsigned char 
  counter         1   31[COMRAM] unsigned char 
 Return value:  Size  Location     Type
                  2    0[BANK0 ] int 
 Registers used:
		wreg, status,2, status,0
 Tracked objects:
		On entry : 
		On exit  : 
		Unchanged: 
 Data sizes:     COMRAM   BANK0   BANK1   BANK2
      Params:         0       4       0       0
      Locals:         2       0       0       0
      Temps:          0       0       0       0
      Totals:         2       4       0       0
Total ram usage:        6 bytes
 Hardware stack levels used:    1
 Hardware stack levels required when called:    2
 This function calls:
		Nothing
 This function is called by:
		_fround
		_scale
 This function uses a non-reentrant model


 *************** function ___awdiv *****************
 Defined at:
		line 8 in file "C:\Program Files (x86)\Microchip\xc8\v1.37\sources\common\awdiv.c"
 Parameters:    Size  Location     Type
  dividend        2    4[BANK0 ] int 
  divisor         2    6[BANK0 ] int 
 Auto vars:     Size  Location     Type
  quotient        2   10[BANK0 ] int 
  sign            1    9[BANK0 ] unsigned char 
  counter         1    8[BANK0 ] unsigned char 
 Return value:  Size  Location     Type
                  2    4[BANK0 ] int 
 Registers used:
		wreg, status,2, status,0
 Tracked objects:
		On entry : 
		On exit  : 
		Unchanged: 
 Data sizes:     COMRAM   BANK0   BANK1   BANK2
      Params:         0       4       0       0
      Locals:         0       4       0       0
      Temps:          0       0       0       0
      Totals:         0       8       0       0
Total ram usage:        8 bytes
 Hardware stack levels used:    1
 Hardware stack levels required when called:    2
 This function calls:
		Nothing
 This function is called by:
		_fround
		_scale
		_sprintf
 This function uses a non-reentrant model


 *************** function __tdiv_to_l_ *****************
 Defined at:
		line 60 in file "C:\Program Files (x86)\Microchip\xc8\v1.37\sources\common\ftdivl.c"
 Parameters:    Size  Location     Type
  f1              4    0[BANK0 ] float 
  f2              4    4[BANK0 ] float 
 Auto vars:     Size  Location     Type
  quot            4   11[BANK0 ] unsigned long 
  exp1            1   16[BANK0 ] unsigned char 
  cntr            1   15[BANK0 ] unsigned char 
 Return value:  Size  Location     Type
                  4    0[BANK0 ] unsigned long 
 Registers used:
		wreg, status,2, status,0
 Tracked objects:
		On entry : 
		On exit  : 
		Unchanged: 
 Data sizes:     COMRAM   BANK0   BANK1   BANK2
      Params:         0       8       0       0
      Locals:         0       6       0       0
      Temps:          0       3       0       0
      Totals:         0      17       0       0
Total ram usage:       17 bytes
 Hardware stack levels used:    1
 Hardware stack levels required when called:    2
 This function calls:
		Nothing
 This function is called by:
		_sprintf
 This function uses a non-reentrant model


 *************** function __div_to_l_ *****************
 Defined at:
		line 60 in file "C:\Program Files (x86)\Microchip\xc8\v1.37\sources\common\fldivl.c"
 Parameters:    Size  Location     Type
  f1              4    0[BANK0 ] unsigned long 
  f2              4    4[BANK0 ] unsigned long 
 Auto vars:     Size  Location     Type
  quot            4    8[BANK0 ] unsigned long 
  exp1            1   13[BANK0 ] unsigned char 
  cntr            1   12[BANK0 ] unsigned char 
 Return value:  Size  Location     Type
                  4    0[BANK0 ] unsigned long 
 Registers used:
		wreg, status,2, status,0
 Tracked objects:
		On entry : 
		On exit  : 
		Unchanged: 
 Data sizes:     COMRAM   BANK0   BANK1   BANK2
      Params:         0       8       0       0
      Locals:         0       6       0       0
      Temps:          0       0       0       0
      Totals:         0      14       0       0
Total ram usage:       14 bytes
 Hardware stack levels used:    1
 Hardware stack levels required when called:    2
 This function calls:
		Nothing
 This function is called by:
		_sprintf
 This function uses a non-reentrant model


 *************** function ___llmod *****************
 Defined at:
		line 8 in file "C:\Program Files (x86)\Microchip\xc8\v1.37\sources\common\llmod.c"
 Parameters:    Size  Location     Type
  dividend        4    0[BANK0 ] unsigned long 
  divisor         4    4[BANK0 ] unsigned long 
 Auto vars:     Size  Location     Type
  counter         1   31[COMRAM] unsigned char 
 Return value:  Size  Location     Type
                  4    0[BANK0 ] unsigned long 
 Registers used:
		wreg, status,2, status,0
 Tracked objects:
		On entry : 
		On exit  : 
		Unchanged: 
 Data sizes:     COMRAM   BANK0   BANK1   BANK2
      Params:         0       8       0       0
      Locals:         1       0       0       0
      Temps:          0       0       0       0
      Totals:         1       8       0       0
Total ram usage:        9 bytes
 Hardware stack levels used:    1
 Hardware stack levels required when called:    2
 This function calls:
		Nothing
 This function is called by:
		_sprintf
 This function uses a non-reentrant model


 *************** function ___lldiv *****************
 Defined at:
		line 8 in file "C:\Program Files (x86)\Microchip\xc8\v1.37\sources\common\lldiv.c"
 Parameters:    Size  Location     Type
  dividend        4    0[BANK0 ] unsigned long 
  divisor         4    4[BANK0 ] unsigned long 
 Auto vars:     Size  Location     Type
  quotient        4    8[BANK0 ] unsigned long 
  counter         1   12[BANK0 ] unsigned char 
 Return value:  Size  Location     Type
                  4    0[BANK0 ] unsigned long 
 Registers used:
		wreg, status,2, status,0
 Tracked objects:
		On entry : 
		On exit  : 
		Unchanged: 
 Data sizes:     COMRAM   BANK0   BANK1   BANK2
      Params:         0       8       0       0
      Locals:         0       5       0       0
      Temps:          0       0       0       0
      Totals:         0      13       0       0
Total ram usage:       13 bytes
 Hardware stack levels used:    1
 Hardware stack levels required when called:    2
 This function calls:
		Nothing
 This function is called by:
		_sprintf
 This function uses a non-reentrant model


 *************** function ___fltol *****************
 Defined at:
		line 43 in file "C:\Program Files (x86)\Microchip\xc8\v1.37\sources\common\fltol.c"
 Parameters:    Size  Location     Type
  f1              4   55[BANK0 ] unsigned long 
 Auto vars:     Size  Location     Type
  exp1            1   64[BANK0 ] unsigned char 
  sign1           1   63[BANK0 ] unsigned char 
 Return value:  Size  Location     Type
                  4   55[BANK0 ] long 
 Registers used:
		wreg, status,2, status,0
 Tracked objects:
		On entry : 
		On exit  : 
		Unchanged: 
 Data sizes:     COMRAM   BANK0   BANK1   BANK2
      Params:         0       4       0       0
      Locals:         0       2       0       0
      Temps:          0       4       0       0
      Totals:         0      10       0       0
Total ram usage:       10 bytes
 Hardware stack levels used:    1
 Hardware stack levels required when called:    2
 This function calls:
		Nothing
 This function is called by:
		_sprintf
 This function uses a non-reentrant model


 *************** function ___flsub *****************
 Defined at:
		line 245 in file "C:\Program Files (x86)\Microchip\xc8\v1.37\sources\common\sprcadd.c"
 Parameters:    Size  Location     Type
  b               4   79[BANK0 ] long 
  a               4   83[BANK0 ] long 
 Auto vars:     Size  Location     Type
		None
 Return value:  Size  Location     Type
                  4   79[BANK0 ] long 
 Registers used:
		wreg, status,2, status,0, cstack
 Tracked objects:
		On entry : 
		On exit  : 
		Unchanged: 
 Data sizes:     COMRAM   BANK0   BANK1   BANK2
      Params:         0       8       0       0
      Locals:         0       0       0       0
      Temps:          0       0       0       0
      Totals:         0       8       0       0
Total ram usage:        8 bytes
 Hardware stack levels used:    1
 Hardware stack levels required when called:    3
 This function calls:
		___fladd
 This function is called by:
		_sprintf
 This function uses a non-reentrant model


 *************** function ___fladd *****************
 Defined at:
		line 10 in file "C:\Program Files (x86)\Microchip\xc8\v1.37\sources\common\sprcadd.c"
 Parameters:    Size  Location     Type
  b               4   59[BANK0 ] long 
  a               4   63[BANK0 ] long 
 Auto vars:     Size  Location     Type
  grs             1   78[BANK0 ] unsigned char 
  bexp            1   77[BANK0 ] unsigned char 
  aexp            1   76[BANK0 ] unsigned char 
  signs           1   75[BANK0 ] unsigned char 
 Return value:  Size  Location     Type
                  4   59[BANK0 ] unsigned char 
 Registers used:
		wreg, status,2, status,0
 Tracked objects:
		On entry : 
		On exit  : 
		Unchanged: 
 Data sizes:     COMRAM   BANK0   BANK1   BANK2
      Params:         0       8       0       0
      Locals:         0       4       0       0
      Temps:          0       8       0       0
      Totals:         0      20       0       0
Total ram usage:       20 bytes
 Hardware stack levels used:    1
 Hardware stack levels required when called:    2
 This function calls:
		Nothing
 This function is called by:
		_main
		_sprintf
		___flsub
 This function uses a non-reentrant model


 *************** function ___flneg *****************
 Defined at:
		line 15 in file "C:\Program Files (x86)\Microchip\xc8\v1.37\sources\common\flneg.c"
 Parameters:    Size  Location     Type
  f1              4    0[BANK0 ] unsigned char 
 Auto vars:     Size  Location     Type
		None
 Return value:  Size  Location     Type
                  4    0[BANK0 ] unsigned char 
 Registers used:
		wreg, status,2, status,0
 Tracked objects:
		On entry : 
		On exit  : 
		Unchanged: 
 Data sizes:     COMRAM   BANK0   BANK1   BANK2
      Params:         0       4       0       0
      Locals:         0       0       0       0
      Temps:          0       0       0       0
      Totals:         0       4       0       0
Total ram usage:        4 bytes
 Hardware stack levels used:    1
 Hardware stack levels required when called:    2
 This function calls:
		Nothing
 This function is called by:
		_sprintf
 This function uses a non-reentrant model


 *************** function ___flge *****************
 Defined at:
		line 4 in file "C:\Program Files (x86)\Microchip\xc8\v1.37\sources\common\flge.c"
 Parameters:    Size  Location     Type
  ff1             4    0[BANK0 ] unsigned char 
  ff2             4    4[BANK0 ] unsigned char 
 Auto vars:     Size  Location     Type
		None
 Return value:  Size  Location     Type
		None               void
 Registers used:
		wreg, status,2, status,0
 Tracked objects:
		On entry : 
		On exit  : 
		Unchanged: 
 Data sizes:     COMRAM   BANK0   BANK1   BANK2
      Params:         0       8       0       0
      Locals:         0       0       0       0
      Temps:          0       4       0       0
      Totals:         0      12       0       0
Total ram usage:       12 bytes
 Hardware stack levels used:    1
 Hardware stack levels required when called:    2
 This function calls:
		Nothing
 This function is called by:
		_main
		_sprintf
 This function uses a non-reentrant model


 *************** function _read_adc *****************
 Defined at:
		line 149 in file "batterua.c"
 Parameters:    Size  Location     Type
		None
 Auto vars:     Size  Location     Type
  i               1   73[BANK0 ] unsigned char 
 Return value:  Size  Location     Type
                  1    wreg      void 
 Registers used:
		wreg, fsr2l, fsr2h, status,2, status,0, prodl, prodh, cstack
 Tracked objects:
		On entry : 
		On exit  : 
		Unchanged: 
 Data sizes:     COMRAM   BANK0   BANK1   BANK2
      Params:         0       0       0       0
      Locals:         0       1       0       0
      Temps:          0       2       0       0
      Totals:         0       3       0       0
Total ram usage:        3 bytes
 Hardware stack levels used:    1
 Hardware stack levels required when called:    4
 This function calls:
		___fldiv
		___flmul
		___xxtofl
		_delay_ms
 This function is called by:
		_main
		_display_voltage
 This function uses a non-reentrant model


[...]
 Parameters:    Size  Location     Type
  buf             2   16[BANK0 ] PTR unsigned char 
		 -> LCD_write_integer@convertedInt(6), 
  val             2   18[BANK0 ] int 
  base            2   20[BANK0 ] int 
 Auto vars:     Size  Location     Type
  cp              2   22[BANK0 ] PTR unsigned char 
		 -> LCD_write_integer@convertedInt(6), 
 Return value:  Size  Location     Type
                  2   16[BANK0 ] PTR unsigned char 
 Registers used:
		wreg, fsr2l, fsr2h, status,2, status,0, cstack
 Tracked objects:
		On entry : 
		On exit  : 
		Unchanged: 
 Data sizes:     COMRAM   BANK0   BANK1   BANK2
      Params:         0       6       0       0
      Locals:         0       2       0       0
      Temps:          0       0       0       0
      Totals:         0       8       0       0
Total ram usage:        8 bytes
 Hardware stack levels used:    1
 Hardware stack levels required when called:    4
 This function calls:
		_utoa
 This function is called by:
		_LCD_write_integer
 This function uses a non-reentrant model


 *************** function _utoa *****************
 Defined at:
		line 17 in file "C:\Program Files (x86)\Microchip\xc8\v1.37\sources\common\itoa.c"
 Parameters:    Size  Location     Type
  buf             2    7[BANK0 ] PTR unsigned char 
		 -> LCD_write_integer@convertedInt(6), 
  val             2    9[BANK0 ] unsigned int 
  base            2   11[BANK0 ] int 
 Auto vars:     Size  Location     Type
  v               2   13[BANK0 ] unsigned int 
  c               1   15[BANK0 ] unsigned char 
 Return value:  Size  Location     Type
                  2    7[BANK0 ] PTR unsigned char 
 Registers used:
		wreg, fsr2l, fsr2h, status,2, status,0, cstack
 Tracked objects:
		On entry : 
		On exit  : 
		Unchanged: 
 Data sizes:     COMRAM   BANK0   BANK1   BANK2
      Params:         0       6       0       0
      Locals:         0       3       0       0
      Temps:          0       0       0       0
      Totals:         0       9       0       0
Total ram usage:        9 bytes
 Hardware stack levels used:    1
 Hardware stack levels required when called:    3
 This function calls:
		___lwdiv
		___lwmod
 This function is called by:
		_itoa
 This function uses a non-reentrant model


 *************** function ___lwmod *****************
 Defined at:
		line 8 in file "C:\Program Files (x86)\Microchip\xc8\v1.37\sources\common\lwmod.c"
 Parameters:    Size  Location     Type
  dividend        2    0[BANK0 ] unsigned int 
  divisor         2    2[BANK0 ] unsigned int 
 Auto vars:     Size  Location     Type
  counter         1   31[COMRAM] unsigned char 
 Return value:  Size  Location     Type
                  2    0[BANK0 ] unsigned int 
 Registers used:
		wreg, status,2, status,0
 Tracked objects:
		On entry : 
		On exit  : 
		Unchanged: 
 Data sizes:     COMRAM   BANK0   BANK1   BANK2
      Params:         0       4       0       0
      Locals:         1       0       0       0
      Temps:          0       0       0       0
      Totals:         1       4       0       0
Total ram usage:        5 bytes
 Hardware stack levels used:    1
 Hardware stack levels required when called:    2
 This function calls:
		Nothing
 This function is called by:
		_utoa
 This function uses a non-reentrant model


 *************** function ___lwdiv *****************
 Defined at:
		line 8 in file "C:\Program Files (x86)\Microchip\xc8\v1.37\sources\common\lwdiv.c"
 Parameters:    Size  Location     Type
  dividend        2    0[BANK0 ] unsigned int 
  divisor         2    2[BANK0 ] unsigned int 
 Auto vars:     Size  Location     Type
  quotient        2    5[BANK0 ] unsigned int 
  counter         1    4[BANK0 ] unsigned char 
 Return value:  Size  Location     Type
                  2    0[BANK0 ] unsigned int 
 Registers used:
		wreg, status,2, status,0
 Tracked objects:
		On entry : 
		On exit  : 
		Unchanged: 
 Data sizes:     COMRAM   BANK0   BANK1   BANK2
      Params:         0       4       0       0
      Locals:         0       3       0       0
      Temps:          0       0       0       0
      Totals:         0       7       0       0
Total ram usage:        7 bytes
 Hardware stack levels used:    1
 Hardware stack levels required when called:    2
 This function calls:
		Nothing
 This function is called by:
		_main
		_utoa
 This function uses a non-reentrant model


 *************** function _LCD_write_string *****************
 Defined at:
		line 194 in file "C:/Users/Simone/Desktop/LaurTec_PIC_libraries_v_3.3.1/src\LCD_44780.c"
 Parameters:    Size  Location     Type
  buffer          2   15[BANK0 ] PTR unsigned char 
		 -> str(8), LCD_write_integer@convertedInt(6), 
 Auto vars:     Size  Location     Type
		None
 Return value:  Size  Location     Type
                  1    wreg      void 
 Registers used:
		wreg, fsr2l, fsr2h, status,2, status,0, prodl, prodh, cstack
 Tracked objects:
		On entry : 
		On exit  : 
		Unchanged: 
 Data sizes:     COMRAM   BANK0   BANK1   BANK2
      Params:         0       2       0       0
      Locals:         0       0       0       0
      Temps:          0       0       0       0
      Totals:         0       2       0       0
Total ram usage:        2 bytes
 Hardware stack levels used:    1
 Hardware stack levels required when called:    7
 This function calls:
		_LCD_write_char
 This function is called by:
		_LCD_write_integer
		_display_voltage
 This function uses a non-reentrant model


 *************** function _LCD_write_char *****************
 Defined at:
		line 145 in file "C:/Users/Simone/Desktop/LaurTec_PIC_libraries_v_3.3.1/src\LCD_44780.c"
 Parameters:    Size  Location     Type
  value           1    wreg     unsigned char 
 Auto vars:     Size  Location     Type
  value           1   14[BANK0 ] unsigned char 
  D0              1   13[BANK0 ] unsigned char 
  D1              1   12[BANK0 ] unsigned char 
  D2              1   11[BANK0 ] unsigned char 
  D3              1   10[BANK0 ] unsigned char 
 Return value:  Size  Location     Type
                  1    wreg      void 
 Registers used:
		wreg, status,2, status,0, prodl, prodh, cstack
 Tracked objects:
		On entry : 
		On exit  : 
		Unchanged: 
 Data sizes:     COMRAM   BANK0   BANK1   BANK2
      Params:         0       0       0       0
      Locals:         0       5       0       0
      Temps:          0       0       0       0
      Totals:         0       5       0       0
Total ram usage:        5 bytes
 Hardware stack levels used:    1
 Hardware stack levels required when called:    6
 This function calls:
		_LCD_send_command
 This function is called by:
		_LCD_write_message
		_LCD_write_string
 This function uses a non-reentrant model


 *************** function _LCD_home *****************
 Defined at:
		line 74 in file "C:/Users/Simone/Desktop/LaurTec_PIC_libraries_v_3.3.1/src\LCD_44780.c"
 Parameters:    Size  Location     Type
		None
 Auto vars:     Size  Location     Type
		None
 Return value:  Size  Location     Type
                  1    wreg      void 
 Registers used:
		wreg, status,2, status,0, prodl, prodh, cstack
 Tracked objects:
		On entry : 
		On exit  : 
		Unchanged: 
 Data sizes:     COMRAM   BANK0   BANK1   BANK2
      Params:         0       0       0       0
      Locals:         0       0       0       0
      Temps:          0       0       0       0
      Totals:         0       0       0       0
Total ram usage:        0 bytes
 Hardware stack levels used:    1
 Hardware stack levels required when called:    6
 This function calls:
		_LCD_send_command
 This function is called by:
		_main
 This function uses a non-reentrant model


 *************** function _LCD_send_command *****************
 Defined at:
		line 61 in file "C:/Users/Simone/Desktop/LaurTec_PIC_libraries_v_3.3.1/src\LCD_44780.c"
 Parameters:    Size  Location     Type
  D3              1    wreg     unsigned char 
  D2              1    6[BANK0 ] unsigned char 
  D1              1    7[BANK0 ] unsigned char 
  D0              1    8[BANK0 ] unsigned char 
 Auto vars:     Size  Location     Type
  D3              1    9[BANK0 ] unsigned char 
 Return value:  Size  Location     Type
                  1    wreg      void 
 Registers used:
		wreg, status,2, status,0, prodl, prodh, cstack
 Tracked objects:
		On entry : 
		On exit  : 
		Unchanged: 
 Data sizes:     COMRAM   BANK0   BANK1   BANK2
      Params:         0       3       0       0
      Locals:         0       1       0       0
      Temps:          0       0       0       0
      Totals:         0       4       0       0
Total ram usage:        4 bytes
 Hardware stack levels used:    1
 Hardware stack levels required when called:    5
 This function calls:
		_LCD_enable_pulse
 This function is called by:
		_LCD_home
		_LCD_goto_line
		_LCD_write_char
		_LCD_clear
		_LCD_cursor
		_LCD_initialize
		_LCD_shift
		_LCD_shift_cursor
 This function uses a non-reentrant model


 *************** function _LCD_enable_pulse *****************
 Defined at:
		line 49 in file "C:/Users/Simone/Desktop/LaurTec_PIC_libraries_v_3.3.1/src\LCD_44780.c"
 Parameters:    Size  Location     Type
		None
 Auto vars:     Size  Location     Type
		None
 Return value:  Size  Location     Type
                  1    wreg      void 
 Registers used:
		wreg, status,2, status,0, prodl, prodh, cstack
 Tracked objects:
		On entry : 
		On exit  : 
		Unchanged: 
 Data sizes:     COMRAM   BANK0   BANK1   BANK2
      Params:         0       0       0       0
      Locals:         0       0       0       0
      Temps:          0       0       0       0
      Totals:         0       0       0       0
Total ram usage:        0 bytes
 Hardware stack levels used:    1
 Hardware stack levels required when called:    4
 This function calls:
		_delay_ms
 This function is called by:
		_LCD_send_command
 This function uses a non-reentrant model


 *************** function _delay_ms *****************
 Defined at:
		line 61 in file "C:/Users/Simone/Desktop/LaurTec_PIC_libraries_v_3.3.1/src\delay.c"
 Parameters:    Size  Location     Type
  value_ms        2    4[BANK0 ] unsigned int 
 Auto vars:     Size  Location     Type
		None
 Return value:  Size  Location     Type
                  1    wreg      void 
 Registers used:
		wreg, status,2, status,0, prodl, prodh, cstack
 Tracked objects:
		On entry : 
		On exit  : 
		Unchanged: 
 Data sizes:     COMRAM   BANK0   BANK1   BANK2
      Params:         0       2       0       0
      Locals:         0       0       0       0
      Temps:          0       0       0       0
      Totals:         0       2       0       0
Total ram usage:        2 bytes
 Hardware stack levels used:    1
 Hardware stack levels required when called:    3
 This function calls:
		___wmul
 This function is called by:
		_LCD_enable_pulse
		_LCD_initialize
		_delay_s
		_main
		_read_adc
		_inizializzazione
 This function uses a non-reentrant model


 *************** function ___wmul *****************
 Defined at:
		line 15 in file "C:\Program Files (x86)\Microchip\xc8\v1.37\sources\common\Umul16.c"
 Parameters:    Size  Location     Type
  multiplier      2    0[BANK0 ] unsigned int 
  multiplicand    2    2[BANK0 ] unsigned int 
 Auto vars:     Size  Location     Type
  product         2   31[COMRAM] unsigned int 
 Return value:  Size  Location     Type
                  2    0[BANK0 ] unsigned int 
 Registers used:
		wreg, status,2, status,0, prodl, prodh
 Tracked objects:
		On entry : 
		On exit  : 
		Unchanged: 
 Data sizes:     COMRAM   BANK0   BANK1   BANK2
      Params:         0       4       0       0
      Locals:         2       0       0       0
      Temps:          0       0       0       0
      Totals:         2       4       0       0
Total ram usage:        6 bytes
 Hardware stack levels used:    1
 Hardware stack levels required when called:    2
 This function calls:
		Nothing
 This function is called by:
		_delay_ms
		_sprintf
 This function uses a non-reentrant model


 *************** function _isr_bassa *****************
 Defined at:
		line 52 in file "batterua.c"
 Parameters:    Size  Location     Type
		None
 Auto vars:     Size  Location     Type
		None
 Return value:  Size  Location     Type
                  1    wreg      void 
 Registers used:
		wreg, status,2
 Tracked objects:
		On entry : 
		On exit  : 
		Unchanged: 
 Data sizes:     COMRAM   BANK0   BANK1   BANK2
      Params:         0       0       0       0
      Locals:         0       0       0       0
      Temps:         17       0       0       0
      Totals:        17       0       0       0
Total ram usage:       17 bytes
 Hardware stack levels used:    1
 Hardware stack levels required when called:    1
 This function calls:
		Nothing
 This function is called by:
		Interrupt level 1
 This function uses a non-reentrant model


 *************** function _isr_alta *****************
 Defined at:
		line 36 in file "batterua.c"
 Parameters:    Size  Location     Type
		None
 Auto vars:     Size  Location     Type
		None
 Return value:  Size  Location     Type
                  1    wreg      void 
 Registers used:
		wreg, status,2, status,0
 Tracked objects:
		On entry : 
		On exit  : 
		Unchanged: 
 Data sizes:     COMRAM   BANK0   BANK1   BANK2
      Params:         0       0       0       0
      Locals:         0       0       0       0
      Temps:         14       0       0       0
      Totals:        14       0       0       0
Total ram usage:       14 bytes
 Hardware stack levels used:    1
 This function calls:
		Nothing
 This function is called by:
		Interrupt level 2
 This function uses a non-reentrant model



MODULE INFORMATION

Module		Function		Class		Link	Load	Size
C:\Program Files (x86)\Microchip\xc8\v1.37\sources\common\sprcdiv.c
		___fldiv       		CODE           	1F0A	0000	961

C:\Program Files (x86)\Microchip\xc8\v1.37\sources\common\sprcdiv.c estimated size: 961

C:\Program Files (x86)\Microchip\xc8\v1.37\sources\common\llmod.c
		___llmod       		CODE           	3844	0000	149

C:\Program Files (x86)\Microchip\xc8\v1.37\sources\common\llmod.c estimated size: 149

C:\Program Files (x86)\Microchip\xc8\v1.37\sources\common\doprnt.c
		_scale         		CODE           	0C64	0000	1235
		_sprintf       		CODE           	03FC	0000	2153
		_fround        		CODE           	22CA	0000	723

C:\Program Files (x86)\Microchip\xc8\v1.37\sources\common\doprnt.c estimated size: 4111

batterua.c
		_isr_bassa     		CODE           	0018	0000	161
		_main          		CODE           	1A84	0000	1159
		_isr_alta      		CODE           	0008	0000	195
		_inizializzazione		CODE           	38D8	0000	143
		_display_voltage		CODE           	3684	0000	151
		_read_adc      		CODE           	259C	0000	595

batterua.c estimated size: 2404

C:/Users/Simone/Desktop/LaurTec_PIC_libraries_v_3.3.1/src\LCD_44780.c
		_LCD_clear     		CODE           	3C00	0000	51
		_LCD_cursor    		CODE           	3BCE	0000	51
		_LCD_goto_line 		CODE           	32AC	0000	237
		_LCD_write_string		CODE           	3D16	0000	39
		_LCD_home      		CODE           	3C32	0000	51
		_LCD_enable_pulse		CODE           	3D3C	0000	35
		_LCD_write_message		CODE           	3C96	0000	45
		_LCD_write_char		CODE           	371A	0000	151
		_LCD_write_integer		CODE           	29BC	0000	449
		_LCD_send_command		CODE           	3B22	0000	59
		_LCD_initialize		CODE           	3032	0000	367
		_LCD_backlight 		CODE           	3D5E	0000	15

C:/Users/Simone/Desktop/LaurTec_PIC_libraries_v_3.3.1/src\LCD_44780.c estimated size: 1550

C:\Program Files (x86)\Microchip\xc8\v1.37\sources\common\Umul16.c
		___wmul        		CODE           	3C64	0000	51

C:\Program Files (x86)\Microchip\xc8\v1.37\sources\common\Umul16.c estimated size: 51

C:\Program Files (x86)\Microchip\xc8\v1.37\sources\common\lwdiv.c
		___lwdiv       		CODE           	3966	0000	121

C:\Program Files (x86)\Microchip\xc8\v1.37\sources\common\lwdiv.c estimated size: 121

C:\Program Files (x86)\Microchip\xc8\v1.37\sources\common\awdiv.c
		___awdiv       		CODE           	3398	0000	191

C:\Program Files (x86)\Microchip\xc8\v1.37\sources\common\awdiv.c estimated size: 191

C:\Program Files (x86)\Microchip\xc8\v1.37\sources\common\fltol.c
		___fltol       		CODE           	31A0	0000	269

C:\Program Files (x86)\Microchip\xc8\v1.37\sources\common\fltol.c estimated size: 269

C:\Program Files (x86)\Microchip\xc8\v1.37\sources\common\isdigit.c
		_isdigit       		CODE           	3CEE	0000	41

C:\Program Files (x86)\Microchip\xc8\v1.37\sources\common\isdigit.c estimated size: 41

C:\Program Files (x86)\Microchip\xc8\v1.37\sources\common\sprcadd.c
		___flsub       		CODE           	3A92	0000	73
		___fladd       		CODE           	1136	0000	1193

C:\Program Files (x86)\Microchip\xc8\v1.37\sources\common\sprcadd.c estimated size: 1266

C:\Program Files (x86)\Microchip\xc8\v1.37\sources\common\lldiv.c
		___lldiv       		CODE           	3514	0000	189

C:\Program Files (x86)\Microchip\xc8\v1.37\sources\common\lldiv.c estimated size: 189

C:\Program Files (x86)\Microchip\xc8\v1.37\sources\common\ftdivl.c
		__tdiv_to_l_   		CODE           	2B7C	0000	415

C:\Program Files (x86)\Microchip\xc8\v1.37\sources\common\ftdivl.c estimated size: 415

C:\Program Files (x86)\Microchip\xc8\v1.37\sources\common\fldivl.c
		__div_to_l_    		CODE           	2EAA	0000	393

C:\Program Files (x86)\Microchip\xc8\v1.37\sources\common\fldivl.c estimated size: 393

C:/Users/Simone/Desktop/LaurTec_PIC_libraries_v_3.3.1/src\delay.c
		_delay_set_quartz		CODE           	3D6C	0000	9
		_delay_ms      		CODE           	3B5C	0000	59
		_delay_s       		CODE           	3CC2	0000	45

C:/Users/Simone/Desktop/LaurTec_PIC_libraries_v_3.3.1/src\delay.c estimated size: 113

shared
		__powers_      		SMALLCONST     	0335	0000	53
		_dpowers       		SMALLCONST     	0369	0000	41
		__npowers_     		SMALLCONST     	0301	0000	53
		__initialization		CODE           	3A3A	0000	75

shared estimated size: 222

C:\Program Files (x86)\Microchip\xc8\v1.37\sources\common\itoa.c
		_itoa          		CODE           	3ADA	0000	73
		_utoa          		CODE           	3456	0000	191

C:\Program Files (x86)\Microchip\xc8\v1.37\sources\common\itoa.c estimated size: 264

C:\Program Files (x86)\Microchip\xc8\v1.37\sources\common\flneg.c
		___flneg       		CODE           	3B96	0000	57

C:\Program Files (x86)\Microchip\xc8\v1.37\sources\common\flneg.c estimated size: 57

C:\Program Files (x86)\Microchip\xc8\v1.37\sources\common\flge.c
		___flge        		CODE           	2D1A	0000	401

C:\Program Files (x86)\Microchip\xc8\v1.37\sources\common\flge.c estimated size: 401

C:\Program Files (x86)\Microchip\xc8\v1.37\sources\common\xxtofl.c
		___xxtofl      		CODE           	27EE	0000	463

C:\Program Files (x86)\Microchip\xc8\v1.37\sources\common\xxtofl.c estimated size: 463

C:\Program Files (x86)\Microchip\xc8\v1.37\sources\common\lwmod.c
		___lwmod       		CODE           	39DE	0000	93

C:\Program Files (x86)\Microchip\xc8\v1.37\sources\common\lwmod.c estimated size: 93

C:\Program Files (x86)\Microchip\xc8\v1.37\sources\common\awmod.c
		___awmod       		CODE           	37B0	0000	149

C:\Program Files (x86)\Microchip\xc8\v1.37\sources\common\awmod.c estimated size: 149

C:\Program Files (x86)\Microchip\xc8\v1.37\sources\common\sprcmul.c
		___flmul       		CODE           	15DE	0000	1191

C:\Program Files (x86)\Microchip\xc8\v1.37\sources\common\sprcmul.c estimated size: 1191

