Microchip MPLAB XC8 Compiler V1.34 ()

Linker command line:

--edf=C:\Program Files (x86)\Microchip\xc8\v1.34\dat\en_msgs.txt -cs \
  -h+dist/default/production\batteria4480.X.production.sym \
  --cmf=dist/default/production\batteria4480.X.production.cmf -z -Q18F4480 \
  -oC:\Users\simone\AppData\Local\Temp\sbf4.6 \
  -Mdist/default/production/batteria4480.X.production.map -E1 -ver=XC8 \
  -ASTACK=091h-02ffh -pstack=STACK -ACODE=00h-03FFFh -ACONST=00h-03FFFh \
  -ASMALLCONST=0300h-03FFhx61 -AMEDIUMCONST=0300h-03FFFh -ACOMRAM=01h-05Fh \
  -AABS1=00h-02FFh -ABIGRAM=01h-02FFh -ARAM=060h-0FFh,0100h-01FFhx2 \
  -ABANK0=060h-0FFh -ABANK1=0100h-01FFh -ABANK2=0200h-02FFh \
  -ASFR=0D00h-0DFFhx2,0F00h-0F5Fh,0F60h-0FFFh \
  -preset_vec=00h,intcode,intcodelo,powerup,init,end_init -pramtop=0300h \
  -psmallconst=SMALLCONST -pmediumconst=MEDIUMCONST -pconst=CONST \
  -AFARRAM=00h-00h -ACONFIG=0300000h-030000Dh -pconfig=CONFIG \
  -AIDLOC=0200000h-0200007h -pidloc=IDLOC -AEEDATA=0F00000h-0F000FFh \
  -peeprom_data=EEDATA \
  -prdata=COMRAM,nvrram=COMRAM,nvbit=COMRAM,rbss=COMRAM,rbit=COMRAM \
  -pfarbss=FARRAM,fardata=FARRAM,nvFARRAM=FARRAM \
  -pintsave_regs=BIGRAM,bigbss=BIGRAM,bigdata=BIGRAM -pbss=RAM \
  -pidata=CODE,irdata=CODE,ibigdata=CODE,ifardata=CODE -prparam=COMRAM \
  C:\Users\simone\AppData\Local\Temp\sbf4.obj \
  dist/default/production\batteria4480.X.production.obj 

Object code version is 3.11

Machine type is 18F4480

Call graph: (short form)




                Name                               Link     Load   Length Selector   Space Scale
C:\Users\simone\AppData\Local\Temp\sbf4.obj
                end_init                              0        0        4        0       0
                idloc                            200000   200000        8   200000       0
                config                           300000   300000        E   300000       0
dist/default/production\batteria4480.X.production.obj
                smallconst                          300      300       BA      180       0
                text35                             23C2     23C2       28      1DD       0
                text34                             2306     2306       38      1DD       0
                text33                             24A2     24A2       1E      1DD       0
                text32                             233E     233E       30      1DD       0
                text31                             1DD4     1DD4       BA      1DD       0
                text30                             2138     2138       70      1DD       0
                text29                             2436     2436       26      1DD       0
                text28                             24C0     24C0        E      1DD       0
                text27                             2410     2410       26      1DD       0
                text26                             239A     239A       28      1DD       0
                text25                             24CE     24CE        8      1DD       0
                text24                             171A     171A      11A      1DD       0
                text23                             236E     236E       2C      1DD       0
                text22                             21A8     21A8       68      1DD       0
                text21                             1D0E     1D0E       C6      1DD       0
                text20                             1C2C     1C2C       E2      1DD       0
                text19                             1A4E     1A4E       F8      1DD       0
                text18                             23EA     23EA       26      1DD       0
                text17                             13D2     13D2      1C2      1DD       0
                text16                             1F24     1F24       96      1DD       0
                text15                             245C     245C       24      1DD       0
                text14                             120E     120E      1C4      1DD       0
                text13                             22C2     22C2       44      1DD       0
                text12                             1B46     1B46       E6      1DD       0
                text11                             1FBA     1FBA       8C      1DD       0
                text10                             20C8     20C8       70      1DD       0
                text9                              2210     2210       60      1DD       0
                text8                              1944     1944      10A      1DD       0
                text7                              1834     1834      110      1DD       0
                text6                              1E8E     1E8E       96      1DD       0
                text5                              2046     2046       82      1DD       0
                text4                               FCA      FCA      244      1DD       0
                text3                              2480     2480       22      1DD       0
                text2                               BEA      BEA      3E0      1DD       0
                text1                               3BA      3BA      830      1DD       0
                text0                              1594     1594      186      1DD       0
                cstackCOMRAM                          1        1       4C        1       1
                cstackBANK0                          60       60       17       60       1
                dataBANK0                            8E       8E        3       60       1
                bssBANK0                             77       77       12       60       1
                dataCOMRAM                           5F       5F        1        1       1
                bssCOMRAM                            4D       4D       12        1       1
                cinit                              2270     2270       52      1DD       0
                nvBANK0                              89       89        5       60       1
                idataBANK0                         24D6     24D6        3      1DD       0
                idataCOMRAM                        24D9     24D9        1      1DD       0

TOTAL           Name                               Link     Load   Length     Space
        CLASS   STACK          

        CLASS   CODE           
                end_init                              0        0        4         0
                text35                             23C2     23C2       28         0
                text34                             2306     2306       38         0
                text33                             24A2     24A2       1E         0
                text32                             233E     233E       30         0
                text31                             1DD4     1DD4       BA         0
                text30                             2138     2138       70         0
                text29                             2436     2436       26         0
                text28                             24C0     24C0        E         0
                text27                             2410     2410       26         0
                text26                             239A     239A       28         0
                text25                             24CE     24CE        8         0
                text24                             171A     171A      11A         0
                text23                             236E     236E       2C         0
                text22                             21A8     21A8       68         0
                text21                             1D0E     1D0E       C6         0
                text20                             1C2C     1C2C       E2         0
                text19                             1A4E     1A4E       F8         0
                text18                             23EA     23EA       26         0
                text17                             13D2     13D2      1C2         0
                text16                             1F24     1F24       96         0
                text15                             245C     245C       24         0
                text14                             120E     120E      1C4         0
                text13                             22C2     22C2       44         0
                text12                             1B46     1B46       E6         0
                text11                             1FBA     1FBA       8C         0
                text10                             20C8     20C8       70         0
                text9                              2210     2210       60         0
                text8                              1944     1944      10A         0
                text7                              1834     1834      110         0
                text6                              1E8E     1E8E       96         0
                text5                              2046     2046       82         0
                text4                               FCA      FCA      244         0
                text3                              2480     2480       22         0
                text2                               BEA      BEA      3E0         0
                text1                               3BA      3BA      830         0
                text0                              1594     1594      186         0
                cinit                              2270     2270       52         0
                idataBANK0                         24D6     24D6        3         0
                idataCOMRAM                        24D9     24D9        1         0

        CLASS   CONST          

        CLASS   SMALLCONST     
                smallconst                          300      300       BA         0

        CLASS   MEDIUMCONST    

        CLASS   COMRAM         
                cstackCOMRAM                          1        1       4C         1
                dataCOMRAM                           5F       5F        1         1
                bssCOMRAM                            4D       4D       12         1

        CLASS   ABS1           

        CLASS   BIGRAM         

        CLASS   RAM            

        CLASS   BANK0          
                cstackBANK0                          60       60       17         1
                dataBANK0                            8E       8E        3         1
                bssBANK0                             77       77       12         1
                nvBANK0                              89       89        5         1

        CLASS   BANK1          

        CLASS   BANK2          

        CLASS   SFR            

        CLASS   FARRAM         

        CLASS   CONFIG         
                config                           300000   300000        E         0

        CLASS   IDLOC          
                idloc                            200000   200000        8         0

        CLASS   EEDATA         



SEGMENTS        Name                           Load    Length   Top    Selector   Space  Class

                reset_vec                      000000  000004  000004         0       0  CODE    
                cstackCOMRAM                   000001  00005F  000060         1       1  COMRAM  
                cstackBANK0                    000060  000031  000091        60       1  BANK0   
                smallconst                     000300  0000BA  0003BA       180       0  SMALLCON
                text1                          0003BA  002120  0024DA       1DD       0  CODE    
                idloc                          200000  000008  200008    200000       0  IDLOC   
                config                         300000  00000E  30000E    300000       0  CONFIG  


UNUSED ADDRESS RANGES

        Name                Unused          Largest block    Delta
        BANK0            000091-0000FF               6F
        BANK1            000100-0001FF              100
        BANK2            000200-0002FF              100
        BIGRAM           000091-0002FF              26F
        CODE             000004-0002FF              2FC
                         0024DA-003FFF             1B26
        CONST            000004-0002FF              2FC
                         0024DA-003FFF             1B26
        EEDATA           F00000-F000FF              100
        MEDIUMCONST      0024DA-003FFF             1B26
        RAM              000091-0002FF              100
        SFR              000D00-000FFF              100
        SMALLCONST       0024DA-003FFF              100
        STACK            000091-0002FF              26F

                                  Symbol Table

?___awdiv                       cstackCOMRAM 000007
?___awmod                       cstackCOMRAM 000001
?___ftadd                       cstackCOMRAM 00002E
?___ftdiv                       cstackCOMRAM 000024
?___ftmul                       cstackCOMRAM 000015
?___ftneg                       cstackCOMRAM 000001
?___ftpack                      cstackCOMRAM 000001
?___ftsub                       cstackCOMRAM 00003A
?___fttol                       cstackCOMRAM 00002B
?___lldiv                       cstackCOMRAM 000001
?___llmod                       cstackCOMRAM 000001
?___lltoft                      cstackCOMRAM 000009
?___lwtoft                      cstackCOMRAM 000009
?___wmul                        cstackCOMRAM 00000F
?__div_to_l_                    cstackCOMRAM 000001
?__tdiv_to_l_                   cstackCOMRAM 000001
?_fround                        cstackCOMRAM 000024
?_scale                         cstackCOMRAM 000024
?_sprintf                       cstackCOMRAM 000040
LCD_backlight@active            cstackCOMRAM 000001
LCD_cursor@active               cstackCOMRAM 00001C
LCD_cursor@blinking             cstackCOMRAM 00001B
LCD_goto_line@line              cstackCOMRAM 00001B
LCD_initialize@quartz_frequency cstackCOMRAM 00001D
LCD_send_command@D0             cstackCOMRAM 000019
LCD_send_command@D1             cstackCOMRAM 000018
LCD_send_command@D2             cstackCOMRAM 000017
LCD_send_command@D3             cstackCOMRAM 00001A
LCD_write_char@D0               cstackCOMRAM 00001E
LCD_write_char@D1               cstackCOMRAM 00001D
LCD_write_char@D2               cstackCOMRAM 00001C
LCD_write_char@D3               cstackCOMRAM 00001B
LCD_write_char@value            cstackCOMRAM 00001F
LCD_write_integer@F16259        bssBANK0     000077
LCD_write_message@buffer        cstackCOMRAM 000020
LCD_write_string@buffer         cstackCOMRAM 000020
_ADCON0                         (abs)        000FC2
_ADCON0bits                     (abs)        000FC2
_ADCON1                         (abs)        000FC1
_ADCON2                         (abs)        000FC0
_ADRESH                         (abs)        000FC4
_ADRESL                         (abs)        000FC3
_INTCONbits                     (abs)        000FF2
_LATA                           (abs)        000F89
_LATB                           (abs)        000F8A
_LATC                           (abs)        000F8B
_LATD                           (abs)        000F8C
_LATDbits                       (abs)        000F8C
_LCD_backlight                  text28       0024C0
_LCD_clear                      text27       002410
_LCD_cursor                     text26       00239A
_LCD_enable_pulse               text33       0024A2
_LCD_goto_line                  text31       001DD4
_LCD_initialize                 text24       00171A
_LCD_send_command               text32       00233E
_LCD_write_char                 text30       002138
_LCD_write_message              text23       00236E
_LCD_write_string               text29       002436
_PORTCbits                      (abs)        000F82
_T0CON                          (abs)        000FD5
_TMR0H                          (abs)        000FD7
_TMR0L                          (abs)        000FD6
_TRISA                          (abs)        000F92
_TRISB                          (abs)        000F93
_TRISC                          (abs)        000F94
_TRISD                          (abs)        000F95
__CFG_BBSIZ$1024                (abs)        000000
__CFG_BOREN$BOHW                (abs)        000000
__CFG_BORV$3                    (abs)        000000
__CFG_CP0$OFF                   (abs)        000000
__CFG_CP1$OFF                   (abs)        000000
__CFG_CPB$OFF                   (abs)        000000
__CFG_CPD$OFF                   (abs)        000000
__CFG_EBTR0$OFF                 (abs)        000000
__CFG_EBTR1$OFF                 (abs)        000000
__CFG_EBTRB$OFF                 (abs)        000000
__CFG_FCMEN$OFF                 (abs)        000000
__CFG_IESO$OFF                  (abs)        000000
__CFG_LPT1OSC$OFF               (abs)        000000
__CFG_LVP$OFF                   (abs)        000000
__CFG_MCLRE$ON                  (abs)        000000
__CFG_OSC$HS                    (abs)        000000
__CFG_PBADEN$OFF                (abs)        000000
__CFG_PWRT$OFF                  (abs)        000000
__CFG_STVREN$ON                 (abs)        000000
__CFG_WDT$OFF                   (abs)        000000
__CFG_WDTPS$32768               (abs)        000000
__CFG_WRT0$OFF                  (abs)        000000
__CFG_WRT1$OFF                  (abs)        000000
__CFG_WRTB$OFF                  (abs)        000000
__CFG_WRTC$OFF                  (abs)        000000
__CFG_WRTD$OFF                  (abs)        000000
__CFG_XINST$OFF                 (abs)        000000
__HRAM                          (abs)        000000
__Habs1                         abs1         000000
__Hbank0                        bank0        000000
__Hbank1                        bank1        000000
__Hbank2                        bank2        000000
__Hbigbss                       bigbss       000000
__Hbigdata                      bigdata      000000
__Hbigram                       bigram       000000
__Hbss                          bss          000000
__HbssBANK0                     bssBANK0     000000
__HbssCOMRAM                    bssCOMRAM    000000
__Hcinit                        cinit        000000
__Hclrtext                      clrtext      000000
__Hcomram                       comram       000000
__Hconfig                       config       30000E
__Hconst                        const        000000
__HcstackBANK0                  cstackBANK0  000000
__HcstackCOMRAM                 cstackCOMRAM 000000
__Hdata                         data         000000
__HdataBANK0                    dataBANK0    000000
__HdataCOMRAM                   dataCOMRAM   000000
__Heeprom_data                  eeprom_data  000000
__Hend_init                     end_init     000004
__Hfarbss                       farbss       000000
__Hfardata                      fardata      000000
__Hibigdata                     ibigdata     000000
__Hidata                        idata        000000
__HidataBANK0                   idataBANK0   000000
__HidataCOMRAM                  idataCOMRAM  000000
__Hidloc                        idloc        200008
__Hifardata                     ifardata     000000
__Hinit                         init         000000
__Hintcode                      intcode      000000
__Hintcode_body                 intcode_body 000000
__Hintcodelo                    intcodelo    000000
__Hintentry                     intentry     000000
__Hintret                       intret       000000
__Hintsave_regs                 intsave_regs 000000
__Hirdata                       irdata       000000
__Hmediumconst                  mediumconst  000000
__HnvBANK0                      nvBANK0      000000
__HnvFARRAM                     nvFARRAM     000000
__Hnvbit                        nvbit        000000
__Hnvrram                       nvrram       000000
__Hparam                        rparam       000000
__Hpowerup                      powerup      000000
__Hram                          ram          000000
__Hramtop                       ramtop       000300
__Hrbit                         rbit         000000
__Hrbss                         rbss         000000
__Hrdata                        rdata        000000
__Hreset_vec                    reset_vec    000000
__Hrparam                       rparam       000000
__Hsfr                          sfr          000000
__Hsmallconst                   smallconst   0003BA
__Hspace_0                      (abs)        30000E
__Hspace_1                      (abs)        000091
__Hspace_2                      (abs)        000000
__Hstack                        stack        000000
__Hstruct                       struct       000000
__Htemp                         temp         000000
__Htext                         text         000000
__Htext0                        text0        000000
__Htext1                        text1        000000
__Htext10                       text10       000000
__Htext11                       text11       000000
__Htext12                       text12       000000
__Htext13                       text13       000000
__Htext14                       text14       000000
__Htext15                       text15       000000
__Htext16                       text16       000000
__Htext17                       text17       000000
__Htext18                       text18       000000
__Htext19                       text19       000000
__Htext2                        text2        000000
__Htext20                       text20       000000
__Htext21                       text21       000000
__Htext22                       text22       000000
__Htext23                       text23       000000
__Htext24                       text24       000000
__Htext25                       text25       000000
__Htext26                       text26       000000
__Htext27                       text27       000000
__Htext28                       text28       000000
__Htext29                       text29       000000
__Htext3                        text3        000000
__Htext30                       text30       000000
__Htext31                       text31       000000
__Htext32                       text32       000000
__Htext33                       text33       000000
__Htext34                       text34       000000
__Htext35                       text35       000000
__Htext4                        text4        000000
__Htext5                        text5        000000
__Htext6                        text6        000000
__Htext7                        text7        000000
__Htext8                        text8        000000
__Htext9                        text9        000000
__LRAM                          (abs)        000001
__Labs1                         abs1         000000
__Lbank0                        bank0        000000
__Lbank1                        bank1        000000
__Lbank2                        bank2        000000
__Lbigbss                       bigbss       000000
__Lbigdata                      bigdata      000000
__Lbigram                       bigram       000000
__Lbss                          bss          000000
__LbssBANK0                     bssBANK0     000000
__LbssCOMRAM                    bssCOMRAM    000000
__Lcinit                        cinit        000000
__Lclrtext                      clrtext      000000
__Lcomram                       comram       000000
__Lconfig                       config       300000
__Lconst                        const        000000
__LcstackBANK0                  cstackBANK0  000000
__LcstackCOMRAM                 cstackCOMRAM 000000
__Ldata                         data         000000
__LdataBANK0                    dataBANK0    000000
__LdataCOMRAM                   dataCOMRAM   000000
__Leeprom_data                  eeprom_data  000000
__Lend_init                     end_init     000000
__Lfarbss                       farbss       000000
__Lfardata                      fardata      000000
__Libigdata                     ibigdata     000000
__Lidata                        idata        000000
__LidataBANK0                   idataBANK0   000000
__LidataCOMRAM                  idataCOMRAM  000000
__Lidloc                        idloc        200000
__Lifardata                     ifardata     000000
__Linit                         init         000000
__Lintcode                      intcode      000000
__Lintcode_body                 intcode_body 000000
__Lintcodelo                    intcodelo    000000
__Lintentry                     intentry     000000
__Lintret                       intret       000000
__Lintsave_regs                 intsave_regs 000000
__Lirdata                       irdata       000000
__Lmediumconst                  mediumconst  000000
__LnvBANK0                      nvBANK0      000000
__LnvFARRAM                     nvFARRAM     000000
__Lnvbit                        nvbit        000000
__Lnvrram                       nvrram       000000
__Lparam                        rparam       000000
__Lpowerup                      powerup      000000
__Lram                          ram          000000
__Lramtop                       ramtop       000300
__Lrbit                         rbit         000000
__Lrbss                         rbss         000000
__Lrdata                        rdata        000000
__Lreset_vec                    reset_vec    000000
__Lrparam                       rparam       000000
__Lsfr                          sfr          000000
__Lsmallconst                   smallconst   000300
__Lspace_0                      (abs)        000000
__Lspace_1                      (abs)        000000
__Lspace_2                      (abs)        000000
__Lstack                        stack        000000
__Lstruct                       struct       000000
__Ltemp                         temp         000000
__Ltext                         text         000000
__Ltext0                        text0        000000
__Ltext1                        text1        000000
__Ltext10                       text10       000000
__Ltext11                       text11       000000
__Ltext12                       text12       000000
__Ltext13                       text13       000000
__Ltext14                       text14       000000
__Ltext15                       text15       000000
__Ltext16                       text16       000000
__Ltext17                       text17       000000
__Ltext18                       text18       000000
__Ltext19                       text19       000000
__Ltext2                        text2        000000
__Ltext20                       text20       000000
__Ltext21                       text21       000000
__Ltext22                       text22       000000
__Ltext23                       text23       000000
__Ltext24                       text24       000000
__Ltext25                       text25       000000
__Ltext26                       text26       000000
__Ltext27                       text27       000000
__Ltext28                       text28       000000
__Ltext29                       text29       000000
__Ltext3                        text3        000000
__Ltext30                       text30       000000
__Ltext31                       text31       000000
__Ltext32                       text32       000000
__Ltext33                       text33       000000
__Ltext34                       text34       000000
__Ltext35                       text35       000000
__Ltext4                        text4        000000
__Ltext5                        text5        000000
__Ltext6                        text6        000000
__Ltext7                        text7        000000
__Ltext8                        text8        000000
__Ltext9                        text9        000000
__S0                            (abs)        30000E
__S1                            (abs)        000091
__S2                            (abs)        000000
___awdiv                        text6        001E8E
___awdiv@counter                cstackCOMRAM 00000B
___awdiv@dividend               cstackCOMRAM 000007
___awdiv@divisor                cstackCOMRAM 000009
___awdiv@quotient               cstackCOMRAM 00000D
___awdiv@sign                   cstackCOMRAM 00000C
___awmod                        text5        002046
___awmod@counter                cstackCOMRAM 000005
___awmod@dividend               cstackCOMRAM 000001
___awmod@divisor                cstackCOMRAM 000003
___awmod@sign                   cstackCOMRAM 000006
___ftadd                        text14       00120E
___ftadd@exp1                   cstackCOMRAM 000039
___ftadd@exp2                   cstackCOMRAM 000038
___ftadd@f1                     cstackCOMRAM 00002E
___ftadd@f2                     cstackCOMRAM 000031
___ftadd@sign                   cstackCOMRAM 000037
___ftdiv                        text20       001C2C
___ftdiv@cntr                   cstackCOMRAM 00002D
___ftdiv@exp                    cstackCOMRAM 000031
___ftdiv@f1                     cstackCOMRAM 000024
___ftdiv@f2                     cstackCOMRAM 000027
___ftdiv@f3                     cstackCOMRAM 00002E
___ftdiv@sign                   cstackCOMRAM 000032
___ftge                         text16       001F24
___ftge@ff1                     cstackCOMRAM 000001
___ftge@ff2                     cstackCOMRAM 000004
___ftmul                        text19       001A4E
___ftmul@cntr                   cstackCOMRAM 000022
___ftmul@exp                    cstackCOMRAM 00001E
___ftmul@f1                     cstackCOMRAM 000015
___ftmul@f2                     cstackCOMRAM 000018
___ftmul@f3_as_product          cstackCOMRAM 00001F
___ftmul@sign                   cstackCOMRAM 000023
___ftneg                        text15       00245C
___ftneg@f1                     cstackCOMRAM 000001
___ftpack                       text21       001D0E
___ftpack@arg                   cstackCOMRAM 000001
___ftpack@exp                   cstackCOMRAM 000004
___ftpack@sign                  cstackCOMRAM 000005
___ftsub                        text13       0022C2
___ftsub@f1                     cstackCOMRAM 00003A
___ftsub@f2                     cstackCOMRAM 00003D
___fttol                        text12       001B46
___fttol@exp1                   cstackCOMRAM 000039
___fttol@f1                     cstackCOMRAM 00002B
___fttol@lval                   cstackCOMRAM 000035
___fttol@sign1                  cstackCOMRAM 000034
___inthi_sp                     stack        000000
___intlo_sp                     stack        000000
___lldiv                        text11       001FBA
___lldiv@counter                cstackCOMRAM 00000D
___lldiv@dividend               cstackCOMRAM 000001
___lldiv@divisor                cstackCOMRAM 000005
___lldiv@quotient               cstackCOMRAM 000009
___llmod                        text10       0020C8
___llmod@counter                cstackCOMRAM 000009
___llmod@dividend               cstackCOMRAM 000001
___llmod@divisor                cstackCOMRAM 000005
___lltoft                       text9        002210
___lltoft@c                     cstackCOMRAM 000009
___lltoft@exp                   cstackCOMRAM 000011
___lwtoft                       text18       0023EA
___lwtoft@c                     cstackCOMRAM 000009
___param_bank                   (abs)        000010
___rparam_used                  (abs)        000001
___sp                           stack        000000
___wmul                         text35       0023C2
___wmul@multiplicand            cstackCOMRAM 000011
___wmul@multiplier              cstackCOMRAM 00000F
___wmul@product                 cstackCOMRAM 000013
__accesstop                     (abs)        000060
__activetblptr                  (abs)        000002
__div_to_l_                     text8        001944
__div_to_l_@cntr                cstackCOMRAM 00000B
__div_to_l_@exp1                cstackCOMRAM 00000C
__div_to_l_@f1                  cstackCOMRAM 000001
__div_to_l_@f2                  cstackCOMRAM 000004
__div_to_l_@quot                cstackCOMRAM 000007
__end_of_LCD_backlight          text28       0024CE
__end_of_LCD_clear              text27       002436
__end_of_LCD_cursor             text26       0023C2
__end_of_LCD_enable_pulse       text33       0024C0
__end_of_LCD_goto_line          text31       001E8E
__end_of_LCD_initialize         text24       001834
__end_of_LCD_send_command       text32       00236E
__end_of_LCD_write_char         text30       0021A8
__end_of_LCD_write_message      text23       00239A
__end_of_LCD_write_string       text29       00245C
__end_of___awdiv                text6        001F24
__end_of___awmod                text5        0020C8
__end_of___ftadd                text14       0013D2
__end_of___ftdiv                text20       001D0E
__end_of___ftge                 text16       001FBA
__end_of___ftmul                text19       001B46
__end_of___ftneg                text15       002480
__end_of___ftpack               text21       001DD4
__end_of___ftsub                text13       002306
__end_of___fttol                text12       001C2C
__end_of___lldiv                text11       002046
__end_of___llmod                text10       002138
__end_of___lltoft               text9        002270
__end_of___lwtoft               text18       002410
__end_of___wmul                 text35       0023EA
__end_of__div_to_l_             text8        001A4E
__end_of__initialization        cinit        0022B8
__end_of__npowers_              smallconst   000350
__end_of__powers_               smallconst   000377
__end_of__tdiv_to_l_            text7        001944
__end_of_delay_ms               text34       00233E
__end_of_delay_set_quartz       text25       0024D6
__end_of_dpowers                smallconst   000329
__end_of_fround                 text4        00120E
__end_of_inizializzazione       text22       002210
__end_of_isdigit                text3        0024A2
__end_of_main                   text0        00171A
__end_of_read_adc               text17       001594
__end_of_scale                  text2        000FCA
__end_of_sprintf                text1        000BEA
__initialization                cinit        002270
__mediumconst                   mediumconst  000000
__npowers_                      smallconst   000329
__pbssBANK0                     bssBANK0     000077
__pbssCOMRAM                    bssCOMRAM    00004D
__pcinit                        cinit        002270
__pcstackBANK0                  cstackBANK0  000060
__pcstackCOMRAM                 cstackCOMRAM 000001
__pdataBANK0                    dataBANK0    00008E
__pdataCOMRAM                   dataCOMRAM   00005F
__pidataBANK0                   idataBANK0   0024D6
__pidataCOMRAM                  idataCOMRAM  0024D9
__pnvBANK0                      nvBANK0      000089
__powers_                       smallconst   000350
__psmallconst                   smallconst   000300
__ptext0                        text0        001594
__ptext1                        text1        0003BA
__ptext10                       text10       0020C8
__ptext11                       text11       001FBA
__ptext12                       text12       001B46
__ptext13                       text13       0022C2
__ptext14                       text14       00120E
__ptext15                       text15       00245C
__ptext16                       text16       001F24
__ptext17                       text17       0013D2
__ptext18                       text18       0023EA
__ptext19                       text19       001A4E
__ptext2                        text2        000BEA
__ptext20                       text20       001C2C
__ptext21                       text21       001D0E
__ptext22                       text22       0021A8
__ptext23                       text23       00236E
__ptext24                       text24       00171A
__ptext25                       text25       0024CE
__ptext26                       text26       00239A
__ptext27                       text27       002410
__ptext28                       text28       0024C0
__ptext29                       text29       002436
__ptext3                        text3        002480
__ptext30                       text30       002138
__ptext31                       text31       001DD4
__ptext32                       text32       00233E
__ptext33                       text33       0024A2
__ptext34                       text34       002306
__ptext35                       text35       0023C2
__ptext4                        text4        000FCA
__ptext5                        text5        002046
__ptext6                        text6        001E8E
__ptext7                        text7        001834
__ptext8                        text8        001944
__ptext9                        text9        002210
__ramtop                        ramtop       000300
__size_of_LCD_backlight         (abs)        000000
__size_of_LCD_clear             (abs)        000000
__size_of_LCD_cursor            (abs)        000000
__size_of_LCD_enable_pulse      (abs)        000000
__size_of_LCD_goto_line         (abs)        000000
__size_of_LCD_initialize        (abs)        000000
__size_of_LCD_send_command      (abs)        000000
__size_of_LCD_write_char        (abs)        000000
__size_of_LCD_write_message     (abs)        000000
__size_of_LCD_write_string      (abs)        000000
__size_of___awdiv               (abs)        000000
__size_of___awmod               (abs)        000000
__size_of___ftadd               (abs)        000000
__size_of___ftdiv               (abs)        000000
__size_of___ftge                (abs)        000000
__size_of___ftmul               (abs)        000000
__size_of___ftneg               (abs)        000000
__size_of___ftpack              (abs)        000000
__size_of___ftsub               (abs)        000000
__size_of___fttol               (abs)        000000
__size_of___lldiv               (abs)        000000
__size_of___llmod               (abs)        000000
__size_of___lltoft              (abs)        000000
__size_of___lwtoft              (abs)        000000
__size_of___wmul                (abs)        000000
__size_of__div_to_l_            (abs)        000000
__size_of__tdiv_to_l_           (abs)        000000
__size_of_delay_ms              (abs)        000000
__size_of_delay_set_quartz      (abs)        000000
__size_of_fround                (abs)        000000
__size_of_inizializzazione      (abs)        000000
__size_of_isdigit               (abs)        000000
__size_of_main                  (abs)        000000
__size_of_read_adc              (abs)        000000
__size_of_scale                 (abs)        000000
__size_of_sprintf               (abs)        000000
__smallconst                    smallconst   000300
__tdiv_to_l_                    text7        001834
__tdiv_to_l_@cntr               cstackCOMRAM 00000E
__tdiv_to_l_@exp1               cstackCOMRAM 00000F
__tdiv_to_l_@f1                 cstackCOMRAM 000001
__tdiv_to_l_@f2                 cstackCOMRAM 000004
__tdiv_to_l_@quot               cstackCOMRAM 00000A
_clock_counter_reference        nvBANK0      000089
_combinazioni                   dataBANK0    00008E
_current                        bssCOMRAM    000053
_delay_ms                       text34       002306
_delay_quartz_frequency_value   dataCOMRAM   00005F
_delay_set_quartz               text25       0024CE
_dpowers                        smallconst   000301
_fround                         text4        000FCA
_fround$1136                    cstackCOMRAM 00002A
_fround$1137                    cstackCOMRAM 000027
_inizializzazione               text22       0021A8
_isdigit                        text3        002480
_isdigit$854                    cstackCOMRAM 000002
_lettura                        bssCOMRAM    00004D
_main                           text0        001594
_minuti                         bssCOMRAM    000059
_ore                            bssCOMRAM    00005B
_rapporto                       nvBANK0      00008B
_read_adc                       text17       0013D2
_scale                          text2        000BEA
_scale$1138                     cstackCOMRAM 000027
_secondi                        bssCOMRAM    00005D
_sprintf                        text1        0003BA
_sprintf$1139                   cstackBANK0  000060
_str                            bssBANK0     000081
_tempo                          bssBANK0     00007D
_voltage                        bssCOMRAM    000056
delay_ms@value_ms               cstackCOMRAM 000015
delay_set_quartz@frequency      cstackCOMRAM 000001
end_of_initialization           cinit        0022B8
fround@prec                     cstackCOMRAM 00002D
intlevel0                       text         000000
intlevel1                       text         000000
intlevel2                       text         000000
intlevel3                       text         000000
isdigit@c                       cstackCOMRAM 000003
read_adc@i                      cstackCOMRAM 000035
scale@scl                       cstackCOMRAM 00002A
sprintf@ap                      cstackBANK0  000063
sprintf@c                       cstackBANK0  000076
sprintf@exp                     cstackBANK0  00006B
sprintf@f                       cstackCOMRAM 000042
sprintf@flag                    cstackBANK0  000065
sprintf@fval                    cstackBANK0  000073
sprintf@prec                    cstackBANK0  000071
sprintf@sp                      cstackCOMRAM 000040
sprintf@tmpval                  cstackBANK0  00006D
sprintf@val                     cstackBANK0  000067
stackhi                         (abs)        0002FF
stacklo                         (abs)        000091
start                           init         000000
start_initialization            cinit        002270


FUNCTION INFORMATION:

 *************** function _main *****************
 Defined at:
		line 44 in file "batterua.c"
 Parameters:    Size  Location     Type
		None
 Auto vars:     Size  Location     Type
		None
 Return value:  Size  Location     Type
		None               void
 Registers used:
		wreg, fsr2l, fsr2h, status,2, status,0, tblptrl, tblptrh, tblptru, prodl, prodh, cstack
 Tracked objects:
		On entry : 
		On exit  : 
		Unchanged: 
 Data sizes:     COMRAM   BANK0   BANK1   BANK2
      Params:         0       0       0       0
      Locals:         0       0       0       0
      Temps:          0       0       0       0
      Totals:         0       0       0       0
Total ram usage:        0 bytes
 Hardware stack levels required when called:    7
 This function calls:
		_LCD_goto_line
		_LCD_write_message
		_LCD_write_string
		___ftdiv
		___ftge
		_delay_ms
		_delay_set_quartz
		_inizializzazione
		_read_adc
		_sprintf
 This function is called by:
		Startup code after reset
 This function uses a non-reentrant model


 *************** function _sprintf *****************
 Defined at:
		line 492 in file "C:\Program Files (x86)\Microchip\xc8\v1.34\sources\common\doprnt.c"
 Parameters:    Size  Location     Type
  sp              2   63[COMRAM] PTR unsigned char 
		 -> str(8), 
  f               2   65[COMRAM] PTR const unsigned char 
		 -> STR_3(8), STR_2(7), 
 Auto vars:     Size  Location     Type
  tmpval          4   13[BANK0 ] struct .
  val             4    7[BANK0 ] unsigned long 
  fval            3   19[BANK0 ] unsigned long 
  cp              3    0        PTR const unsigned char 
  prec            2   17[BANK0 ] int 
  exp             2   11[BANK0 ] int 
  flag            2    5[BANK0 ] unsigned short 
  ap              2    3[BANK0 ] PTR void [1]
		 -> ?_sprintf(2), 
  len             2    0        unsigned int 
  width           2    0        int 
  c               1   22[BANK0 ] char 
  d               1    0        unsigned char 
 Return value:  Size  Location     Type
                  2   63[COMRAM] int 
 Registers used:
		wreg, fsr2l, fsr2h, status,2, status,0, tblptrl, tblptrh, tblptru, prodl, prodh, cstack
 Tracked objects:
		On entry : 
		On exit  : 
		Unchanged: 
 Data sizes:     COMRAM   BANK0   BANK1   BANK2
      Params:         7       0       0       0
      Locals:         0      23       0       0
      Temps:          6       0       0       0
      Totals:        13      23       0       0
Total ram usage:       36 bytes
 Hardware stack levels used:    1
 Hardware stack levels required when called:    3
 This function calls:
		___awdiv
		___ftadd
		___ftge
		___ftmul
		___ftneg
		___ftsub
		___fttol
		___lldiv
		___llmod
		___lltoft
		___wmul
		__div_to_l_
		__tdiv_to_l_
		_fround
		_isdigit
		_scale
 This function is called by:
		_main
 This function uses a non-reentrant model


 *************** function _scale *****************
 Defined at:
		line 425 in file "C:\Program Files (x86)\Microchip\xc8\v1.34\sources\common\doprnt.c"
 Parameters:    Size  Location     Type
  scl             1    wreg     char 
 Auto vars:     Size  Location     Type
  scl             1   41[COMRAM] char 
 Return value:  Size  Location     Type
                  3   35[COMRAM] char 
 Registers used:
		wreg, status,2, status,0, tblptrl, tblptrh, tblptru, prodl, prodh, cstack
 Tracked objects:
		On entry : 
		On exit  : 
		Unchanged: 
 Data sizes:     COMRAM   BANK0   BANK1   BANK2
      Params:         3       0       0       0
      Locals:         4       0       0       0
      Temps:          0       0       0       0
      Totals:         7       0       0       0
Total ram usage:        7 bytes
 Hardware stack levels used:    1
 Hardware stack levels required when called:    2
 This function calls:
		___awdiv
		___awmod
		___ftmul
		___wmul
 This function is called by:
		_sprintf
 This function uses a non-reentrant model


 *************** function _isdigit *****************
 Defined at:
		line 8 in file "C:\Program Files (x86)\Microchip\xc8\v1.34\sources\common\isdigit.c"
 Parameters:    Size  Location     Type
  c               1    wreg     unsigned char 
 Auto vars:     Size  Location     Type
  c               1    2[COMRAM] unsigned char 
 Return value:  Size  Location     Type
		None               void
 Registers used:
		wreg, status,2, status,0
 Tracked objects:
		On entry : 
		On exit  : 
		Unchanged: 
 Data sizes:     COMRAM   BANK0   BANK1   BANK2
      Params:         0       0       0       0
      Locals:         2       0       0       0
      Temps:          1       0       0       0
      Totals:         3       0       0       0
Total ram usage:        3 bytes
 Hardware stack levels used:    1
 This function calls:
		Nothing
 This function is called by:
		_sprintf
 This function uses a non-reentrant model


 *************** function _fround *****************
 Defined at:
		line 409 in file "C:\Program Files (x86)\Microchip\xc8\v1.34\sources\common\doprnt.c"
 Parameters:    Size  Location     Type
  prec            1    wreg     unsigned char 
 Auto vars:     Size  Location     Type
  prec            1   44[COMRAM] unsigned char 
 Return value:  Size  Location     Type
                  3   35[COMRAM] unsigned char 
 Registers used:
		wreg, status,2, status,0, tblptrl, tblptrh, tblptru, prodl, prodh, cstack
 Tracked objects:
		On entry : 
		On exit  : 
		Unchanged: 
 Data sizes:     COMRAM   BANK0   BANK1   BANK2
      Params:         3       0       0       0
      Locals:         7       0       0       0
      Temps:          0       0       0       0
      Totals:        10       0       0       0
Total ram usage:       10 bytes
 Hardware stack levels used:    1
 Hardware stack levels required when called:    2
 This function calls:
		___awdiv
		___awmod
		___ftmul
		___wmul
 This function is called by:
		_sprintf
 This function uses a non-reentrant model


 *************** function ___awmod *****************
 Defined at:
		line 8 in file "C:\Program Files (x86)\Microchip\xc8\v1.34\sources\common\awmod.c"
 Parameters:    Size  Location     Type
  dividend        2    0[COMRAM] int 
  divisor         2    2[COMRAM] int 
 Auto vars:     Size  Location     Type
  sign            1    5[COMRAM] unsigned char 
  counter         1    4[COMRAM] unsigned char 
 Return value:  Size  Location     Type
                  2    0[COMRAM] int 
 Registers used:
		wreg, status,2, status,0
 Tracked objects:
		On entry : 
		On exit  : 
		Unchanged: 
 Data sizes:     COMRAM   BANK0   BANK1   BANK2
      Params:         4       0       0       0
      Locals:         2       0       0       0
      Temps:          0       0       0       0
      Totals:         6       0       0       0
Total ram usage:        6 bytes
 Hardware stack levels used:    1
 This function calls:
		Nothing
 This function is called by:
		_fround
		_scale
 This function uses a non-reentrant model


 *************** function ___awdiv *****************
 Defined at:
		line 8 in file "C:\Program Files (x86)\Microchip\xc8\v1.34\sources\common\awdiv.c"
 Parameters:    Size  Location     Type
  dividend        2    6[COMRAM] int 
  divisor         2    8[COMRAM] int 
 Auto vars:     Size  Location     Type
  quotient        2   12[COMRAM] int 
  sign            1   11[COMRAM] unsigned char 
  counter         1   10[COMRAM] unsigned char 
 Return value:  Size  Location     Type
                  2    6[COMRAM] int 
 Registers used:
		wreg, status,2, status,0
 Tracked objects:
		On entry : 
		On exit  : 
		Unchanged: 
 Data sizes:     COMRAM   BANK0   BANK1   BANK2
      Params:         4       0       0       0
      Locals:         4       0       0       0
      Temps:          0       0       0       0
      Totals:         8       0       0       0
Total ram usage:        8 bytes
 Hardware stack levels used:    1
 This function calls:
		Nothing
 This function is called by:
		_fround
		_scale
		_sprintf
 This function uses a non-reentrant model


 *************** function __tdiv_to_l_ *****************
 Defined at:
		line 60 in file "C:\Program Files (x86)\Microchip\xc8\v1.34\sources\common\ftdivl.c"
 Parameters:    Size  Location     Type
  f1              3    0[COMRAM] float 
  f2              3    3[COMRAM] float 
 Auto vars:     Size  Location     Type
  quot            4    9[COMRAM] unsigned long 
  exp1            1   14[COMRAM] unsigned char 
  cntr            1   13[COMRAM] unsigned char 
 Return value:  Size  Location     Type
                  4    0[COMRAM] unsigned long 
 Registers used:
		wreg, status,2, status,0
 Tracked objects:
		On entry : 
		On exit  : 
		Unchanged: 
 Data sizes:     COMRAM   BANK0   BANK1   BANK2
      Params:         6       0       0       0
      Locals:         6       0       0       0
      Temps:          3       0       0       0
      Totals:        15       0       0       0
Total ram usage:       15 bytes
 Hardware stack levels used:    1
 This function calls:
		Nothing
 This function is called by:
		_sprintf
 This function uses a non-reentrant model


 *************** function __div_to_l_ *****************
 Defined at:
		line 60 in file "C:\Program Files (x86)\Microchip\xc8\v1.34\sources\common\fldivl.c"
 Parameters:    Size  Location     Type
  f1              3    0[COMRAM] unsigned long 
  f2              3    3[COMRAM] unsigned long 
 Auto vars:     Size  Location     Type
  quot            4    6[COMRAM] unsigned long 
  exp1            1   11[COMRAM] unsigned char 
  cntr            1   10[COMRAM] unsigned char 
 Return value:  Size  Location     Type
                  4    0[COMRAM] unsigned long 
 Registers used:
		wreg, status,2, status,0
 Tracked objects:
		On entry : 
		On exit  : 
		Unchanged: 
 Data sizes:     COMRAM   BANK0   BANK1   BANK2
      Params:         6       0       0       0
      Locals:         6       0       0       0
      Temps:          0       0       0       0
      Totals:        12       0       0       0
Total ram usage:       12 bytes
 Hardware stack levels used:    1
 This function calls:
		Nothing
 This function is called by:
		_sprintf
 This function uses a non-reentrant model


 *************** function ___lltoft *****************
 Defined at:
		line 35 in file "C:\Program Files (x86)\Microchip\xc8\v1.34\sources\common\lltoft.c"
 Parameters:    Size  Location     Type
  c               4    8[COMRAM] unsigned long 
 Auto vars:     Size  Location     Type
  exp             1   16[COMRAM] unsigned char 
 Return value:  Size  Location     Type
                  3    8[COMRAM] float 
 Registers used:
		wreg, status,2, status,0, cstack
 Tracked objects:
		On entry : 
		On exit  : 
		Unchanged: 
 Data sizes:     COMRAM   BANK0   BANK1   BANK2
      Params:         4       0       0       0
      Locals:         1       0       0       0
      Temps:          4       0       0       0
      Totals:         9       0       0       0
Total ram usage:        9 bytes
 Hardware stack levels used:    1
 Hardware stack levels required when called:    1
 This function calls:
		___ftpack
 This function is called by:
		_sprintf
 This function uses a non-reentrant model


 *************** function ___llmod *****************
 Defined at:
		line 8 in file "C:\Program Files (x86)\Microchip\xc8\v1.34\sources\common\llmod.c"
 Parameters:    Size  Location     Type
  dividend        4    0[COMRAM] unsigned long 
  divisor         4    4[COMRAM] unsigned long 
 Auto vars:     Size  Location     Type
  counter         1    8[COMRAM] unsigned char 
 Return value:  Size  Location     Type
                  4    0[COMRAM] unsigned long 
 Registers used:
		wreg, status,2, status,0
 Tracked objects:
		On entry : 
		On exit  : 
		Unchanged: 
 Data sizes:     COMRAM   BANK0   BANK1   BANK2
      Params:         8       0       0       0
      Locals:         1       0       0       0
      Temps:          0       0       0       0
      Totals:         9       0       0       0
Total ram usage:        9 bytes
 Hardware stack levels used:    1
 This function calls:
		Nothing
 This function is called by:
		_sprintf
 This function uses a non-reentrant model


 *************** function ___lldiv *****************
 Defined at:
		line 8 in file "C:\Program Files (x86)\Microchip\xc8\v1.34\sources\common\lldiv.c"
 Parameters:    Size  Location     Type
  dividend        4    0[COMRAM] unsigned long 
  divisor         4    4[COMRAM] unsigned long 
 Auto vars:     Size  Location     Type
  quotient        4    8[COMRAM] unsigned long 
  counter         1   12[COMRAM] unsigned char 
 Return value:  Size  Location     Type
                  4    0[COMRAM] unsigned long 
 Registers used:
		wreg, status,2, status,0
 Tracked objects:
		On entry : 
		On exit  : 
		Unchanged: 
 Data sizes:     COMRAM   BANK0   BANK1   BANK2
      Params:         8       0       0       0
      Locals:         5       0       0       0
      Temps:          0       0       0       0
      Totals:        13       0       0       0
Total ram usage:       13 bytes
 Hardware stack levels used:    1
 This function calls:
		Nothing
 This function is called by:
		_sprintf
 This function uses a non-reentrant model


 *************** function ___fttol *****************
 Defined at:
		line 44 in file "C:\Program Files (x86)\Microchip\xc8\v1.34\sources\common\fttol.c"
 Parameters:    Size  Location     Type
  f1              3   42[COMRAM] float 
 Auto vars:     Size  Location     Type
  lval            4   52[COMRAM] unsigned long 
  exp1            1   56[COMRAM] unsigned char 
  sign1           1   51[COMRAM] unsigned char 
 Return value:  Size  Location     Type
                  4   42[COMRAM] long 
 Registers used:
		wreg, status,2, status,0
 Tracked objects:
		On entry : 
		On exit  : 
		Unchanged: 
 Data sizes:     COMRAM   BANK0   BANK1   BANK2
      Params:         4       0       0       0
      Locals:         6       0       0       0
      Temps:          5       0       0       0
      Totals:        15       0       0       0
Total ram usage:       15 bytes
 Hardware stack levels used:    1
 This function calls:
		Nothing
 This function is called by:
		_sprintf
 This function uses a non-reentrant model


 *************** function ___ftsub *****************
 Defined at:
		line 20 in file "C:\Program Files (x86)\Microchip\xc8\v1.34\sources\common\ftsub.c"
 Parameters:    Size  Location     Type
  f1              3   57[COMRAM] float 
  f2              3   60[COMRAM] float 
 Auto vars:     Size  Location     Type
		None
 Return value:  Size  Location     Type
                  3   57[COMRAM] float 
 Registers used:
		wreg, status,2, status,0, cstack
 Tracked objects:
		On entry : 
		On exit  : 
		Unchanged: 
 Data sizes:     COMRAM   BANK0   BANK1   BANK2
      Params:         6       0       0       0
      Locals:         0       0       0       0
      Temps:          0       0       0       0
      Totals:         6       0       0       0
Total ram usage:        6 bytes
 Hardware stack levels used:    1
 Hardware stack levels required when called:    2
 This function calls:
		___ftadd
 This function is called by:
		_sprintf
 This function uses a non-reentrant model


 *************** function ___ftadd *****************
 Defined at:
		line 86 in file "C:\Program Files (x86)\Microchip\xc8\v1.34\sources\common\ftadd.c"
 Parameters:    Size  Location     Type
  f1              3   45[COMRAM] float 
  f2              3   48[COMRAM] float 
 Auto vars:     Size  Location     Type
  exp1            1   56[COMRAM] unsigned char 
  exp2            1   55[COMRAM] unsigned char 
  sign            1   54[COMRAM] unsigned char 
 Return value:  Size  Location     Type
                  3   45[COMRAM] float 
 Registers used:
		wreg, status,2, status,0, cstack
 Tracked objects:
		On entry : 
		On exit  : 
		Unchanged: 
 Data sizes:     COMRAM   BANK0   BANK1   BANK2
      Params:         6       0       0       0
      Locals:         3       0       0       0
      Temps:          3       0       0       0
      Totals:        12       0       0       0
Total ram usage:       12 bytes
 Hardware stack levels used:    1
 Hardware stack levels required when called:    1
 This function calls:
		___ftpack
 This function is called by:
		_sprintf
		___ftsub
 This function uses a non-reentrant model


 *************** function ___ftneg *****************
 Defined at:
		line 15 in file "C:\Program Files (x86)\Microchip\xc8\v1.34\sources\common\ftneg.c"
 Parameters:    Size  Location     Type
  f1              3    0[COMRAM] float 
 Auto vars:     Size  Location     Type
		None
 Return value:  Size  Location     Type
                  3    0[COMRAM] float 
 Registers used:
		wreg, status,2, status,0
 Tracked objects:
		On entry : 
		On exit  : 
		Unchanged: 
 Data sizes:     COMRAM   BANK0   BANK1   BANK2
      Params:         3       0       0       0
      Locals:         0       0       0       0
      Temps:          0       0       0       0
      Totals:         3       0       0       0
Total ram usage:        3 bytes
 Hardware stack levels used:    1
 This function calls:
		Nothing
 This function is called by:
		_sprintf
 This function uses a non-reentrant model


 *************** function ___ftge *****************
 Defined at:
		line 4 in file "C:\Program Files (x86)\Microchip\xc8\v1.34\sources\common\ftge.c"
 Parameters:    Size  Location     Type
  ff1             3    0[COMRAM] float 
  ff2             3    3[COMRAM] float 
 Auto vars:     Size  Location     Type
		None
 Return value:  Size  Location     Type
		None               void
 Registers used:
		wreg, status,2, status,0
 Tracked objects:
		On entry : 
		On exit  : 
		Unchanged: 
 Data sizes:     COMRAM   BANK0   BANK1   BANK2
      Params:         6       0       0       0
      Locals:         0       0       0       0
      Temps:          3       0       0       0
      Totals:         9       0       0       0
Total ram usage:        9 bytes
 Hardware stack levels used:    1
 This function calls:
		Nothing
 This function is called by:
		_main
		_sprintf
 This function uses a non-reentrant model


 *************** function _read_adc *****************
 Defined at:
		line 74 in file "batterua.c"
 Parameters:    Size  Location     Type
		None
 Auto vars:     Size  Location     Type
  i               1   52[COMRAM] unsigned char 
 Return value:  Size  Location     Type
		None               void
 Registers used:
		wreg, fsr2l, fsr2h, status,2, status,0, prodl, prodh, cstack
 Tracked objects:
		On entry : 
		On exit  : 
		Unchanged: 
 Data sizes:     COMRAM   BANK0   BANK1   BANK2
      Params:         0       0       0       0
      Locals:         1       0       0       0
      Temps:          2       0       0       0
      Totals:         3       0       0       0
Total ram usage:        3 bytes
 Hardware stack levels used:    1
 Hardware stack levels required when called:    2
 This function calls:
		___ftdiv
		___ftmul
		___lwtoft
		_delay_ms
 This function is called by:
		_main
 This function uses a non-reentrant model


 *************** function ___lwtoft *****************
 Defined at:
		line 28 in file "C:\Program Files (x86)\Microchip\xc8\v1.34\sources\common\lwtoft.c"
 Parameters:    Size  Location     Type
  c               2    8[COMRAM] unsigned int 
 Auto vars:     Size  Location     Type
		None
 Return value:  Size  Location     Type
                  3    8[COMRAM] float 
 Registers used:
		wreg, status,2, status,0, cstack
 Tracked objects:
		On entry : 
		On exit  : 
		Unchanged: 
 Data sizes:     COMRAM   BANK0   BANK1   BANK2
      Params:         3       0       0       0
      Locals:         0       0       0       0
      Temps:          0       0       0       0
      Totals:         3       0       0       0
Total ram usage:        3 bytes
 Hardware stack levels used:    1
 Hardware stack levels required when called:    1
 This function calls:
		___ftpack
 This function is called by:
		_read_adc
 This function uses a non-reentrant model


 *************** function ___ftmul *****************
 Defined at:
		line 62 in file "C:\Program Files (x86)\Microchip\xc8\v1.34\sources\common\ftmul.c"
 Parameters:    Size  Location     Type
  f1              3   20[COMRAM] float 
  f2              3   23[COMRAM] float 
 Auto vars:     Size  Location     Type
  f3_as_produc    3   30[COMRAM] unsigned um
  sign            1   34[COMRAM] unsigned char 
  cntr            1   33[COMRAM] unsigned char 
  exp             1   29[COMRAM] unsigned char 
 Return value:  Size  Location     Type
                  3   20[COMRAM] float 
 Registers used:
		wreg, status,2, status,0, cstack
 Tracked objects:
		On entry : 
		On exit  : 
		Unchanged: 
 Data sizes:     COMRAM   BANK0   BANK1   BANK2
      Params:         6       0       0       0
      Locals:         6       0       0       0
      Temps:          3       0       0       0
      Totals:        15       0       0       0
Total ram usage:       15 bytes
 Hardware stack levels used:    1
 Hardware stack levels required when called:    1
 This function calls:
		___ftpack
 This function is called by:
		_read_adc
		_fround
		_scale
		_sprintf
 This function uses a non-reentrant model


 *************** function ___ftdiv *****************
 Defined at:
		line 54 in file "C:\Program Files (x86)\Microchip\xc8\v1.34\sources\common\ftdiv.c"
 Parameters:    Size  Location     Type
  f1              3   35[COMRAM] float 
  f2              3   38[COMRAM] float 
 Auto vars:     Size  Location     Type
  f3              3   45[COMRAM] float 
  sign            1   49[COMRAM] unsigned char 
  exp             1   48[COMRAM] unsigned char 
  cntr            1   44[COMRAM] unsigned char 
 Return value:  Size  Location     Type
                  3   35[COMRAM] float 
 Registers used:
		wreg, status,2, status,0, cstack
 Tracked objects:
		On entry : 
		On exit  : 
		Unchanged: 
 Data sizes:     COMRAM   BANK0   BANK1   BANK2
      Params:         6       0       0       0
      Locals:         6       0       0       0
      Temps:          3       0       0       0
      Totals:        15       0       0       0
Total ram usage:       15 bytes
 Hardware stack levels used:    1
 Hardware stack levels required when called:    1
 This function calls:
		___ftpack
 This function is called by:
		_main
		_read_adc
 This function uses a non-reentrant model


 *************** function ___ftpack *****************
 Defined at:
		line 62 in file "C:\Program Files (x86)\Microchip\xc8\v1.34\sources\common\float.c"
 Parameters:    Size  Location     Type
  arg             3    0[COMRAM] unsigned um
  exp             1    3[COMRAM] unsigned char 
  sign            1    4[COMRAM] unsigned char 
 Auto vars:     Size  Location     Type
		None
 Return value:  Size  Location     Type
                  3    0[COMRAM] float 
 Registers used:
		wreg, status,2, status,0
 Tracked objects:
		On entry : 
		On exit  : 
		Unchanged: 
 Data sizes:     COMRAM   BANK0   BANK1   BANK2
      Params:         5       0       0       0
      Locals:         0       0       0       0
      Temps:          3       0       0       0
      Totals:         8       0       0       0
Total ram usage:        8 bytes
 Hardware stack levels used:    1
 This function calls:
		Nothing
 This function is called by:
		___ftadd
		___ftdiv
		___ftmul
		___lltoft
		___lwtoft
 This function uses a non-reentrant model


 *************** function _inizializzazione *****************
 Defined at:
		line 92 in file "batterua.c"
 Parameters:    Size  Location     Type
		None
 Auto vars:     Size  Location     Type
		None
 Return value:  Size  Location     Type
		None               void
 Registers used:
		wreg, status,2, status,0, tblptrl, tblptrh, tblptru, prodl, prodh, cstack
 Tracked objects:
		On entry : 
		On exit  : 
		Unchanged: 
 Data sizes:     COMRAM   BANK0   BANK1   BANK2
      Params:         0       0       0       0
      Locals:         0       0       0       0
      Temps:          0       0       0       0
      Totals:         0       0       0       0
Total ram usage:        0 bytes
 Hardware stack levels used:    1
 Hardware stack levels required when called:    6
 This function calls:
		_LCD_backlight
		_LCD_initialize
		_LCD_write_message
		_delay_ms
 This function is called by:
		_main
 This function uses a non-reentrant model


 *************** function _LCD_write_message *****************
 Defined at:
		line 178 in file "C:/Users/simone/Desktop/LaurTec_PIC_libraries_v_3.3.1 - Copia/src\LCD_44780.c"
 Parameters:    Size  Location     Type
  buffer          2   31[COMRAM] PTR const unsigned char 
		 -> STR_5(16), STR_4(17), STR_1(17), 
 Auto vars:     Size  Location     Type
		None
 Return value:  Size  Location     Type
		None               void
 Registers used:
		wreg, status,2, status,0, tblptrl, tblptrh, tblptru, prodl, prodh, cstack
 Tracked objects:
		On entry : 
		On exit  : 
		Unchanged: 
 Data sizes:     COMRAM   BANK0   BANK1   BANK2
      Params:         2       0       0       0
      Locals:         0       0       0       0
      Temps:          0       0       0       0
      Totals:         2       0       0       0
Total ram usage:        2 bytes
 Hardware stack levels used:    1
 Hardware stack levels required when called:    5
 This function calls:
		_LCD_write_char
 This function is called by:
		_main
		_inizializzazione
 This function uses a non-reentrant model


 *************** function _LCD_initialize *****************
 Defined at:
		line 283 in file "C:/Users/simone/Desktop/LaurTec_PIC_libraries_v_3.3.1 - Copia/src\LCD_44780.c"
 Parameters:    Size  Location     Type
  quartz_frequ    1    wreg     unsigned char 
 Auto vars:     Size  Location     Type
  quartz_frequ    1   28[COMRAM] unsigned char 
 Return value:  Size  Location     Type
		None               void
 Registers used:
		wreg, status,2, status,0, prodl, prodh, cstack
 Tracked objects:
		On entry : 
		On exit  : 
		Unchanged: 
 Data sizes:     COMRAM   BANK0   BANK1   BANK2
      Params:         0       0       0       0
      Locals:         1       0       0       0
      Temps:          0       0       0       0
      Totals:         1       0       0       0
Total ram usage:        1 bytes
 Hardware stack levels used:    1
 Hardware stack levels required when called:    5
 This function calls:
		_LCD_clear
		_LCD_cursor
		_LCD_send_command
		_delay_ms
		_delay_set_quartz
 This function is called by:
		_inizializzazione
 This function uses a non-reentrant model


 *************** function _delay_set_quartz *****************
 Defined at:
		line 115 in file "C:/Users/simone/Desktop/LaurTec_PIC_libraries_v_3.3.1 - Copia/src\delay.c"
 Parameters:    Size  Location     Type
  frequency       1    wreg     unsigned char 
 Auto vars:     Size  Location     Type
  frequency       1    0[COMRAM] unsigned char 
 Return value:  Size  Location     Type
		None               void
 Registers used:
		wreg
 Tracked objects:
		On entry : 
		On exit  : 
		Unchanged: 
 Data sizes:     COMRAM   BANK0   BANK1   BANK2
      Params:         0       0       0       0
      Locals:         1       0       0       0
      Temps:          0       0       0       0
      Totals:         1       0       0       0
Total ram usage:        1 bytes
 Hardware stack levels used:    1
 This function calls:
		Nothing
 This function is called by:
		_LCD_initialize
		_main
 This function uses a non-reentrant model


 *************** function _LCD_cursor *****************
 Defined at:
		line 266 in file "C:/Users/simone/Desktop/LaurTec_PIC_libraries_v_3.3.1 - Copia/src\LCD_44780.c"
 Parameters:    Size  Location     Type
  active          1    wreg     unsigned char 
  blinking        1   26[COMRAM] unsigned char 
 Auto vars:     Size  Location     Type
  active          1   27[COMRAM] unsigned char 
 Return value:  Size  Location     Type
		None               void
 Registers used:
		wreg, status,2, status,0, prodl, prodh, cstack
 Tracked objects:
		On entry : 
		On exit  : 
		Unchanged: 
 Data sizes:     COMRAM   BANK0   BANK1   BANK2
      Params:         1       0       0       0
      Locals:         1       0       0       0
      Temps:          0       0       0       0
      Totals:         2       0       0       0
Total ram usage:        2 bytes
 Hardware stack levels used:    1
 Hardware stack levels required when called:    4
 This function calls:
		_LCD_send_command
 This function is called by:
		_LCD_initialize
 This function uses a non-reentrant model


 *************** function _LCD_clear *****************
 Defined at:
		line 257 in file "C:/Users/simone/Desktop/LaurTec_PIC_libraries_v_3.3.1 - Copia/src\LCD_44780.c"
 Parameters:    Size  Location     Type
		None
 Auto vars:     Size  Location     Type
		None
 Return value:  Size  Location     Type
		None               void
 Registers used:
		wreg, status,2, status,0, prodl, prodh, cstack
 Tracked objects:
		On entry : 
		On exit  : 
		Unchanged: 
 Data sizes:     COMRAM   BANK0   BANK1   BANK2
      Params:         0       0       0       0
      Locals:         0       0       0       0
      Temps:          0       0       0       0
      Totals:         0       0       0       0
Total ram usage:        0 bytes
 Hardware stack levels used:    1
 Hardware stack levels required when called:    4
 This function calls:
		_LCD_send_command
 This function is called by:
		_LCD_initialize
 This function uses a non-reentrant model


 *************** function _LCD_backlight *****************
 Defined at:
		line 275 in file "C:/Users/simone/Desktop/LaurTec_PIC_libraries_v_3.3.1 - Copia/src\LCD_44780.c"
 Parameters:    Size  Location     Type
  active          1    wreg     unsigned char 
 Auto vars:     Size  Location     Type
  active          1    0[COMRAM] unsigned char 
 Return value:  Size  Location     Type
		None               void
 Registers used:
		wreg
 Tracked objects:
		On entry : 
		On exit  : 
		Unchanged: 
 Data sizes:     COMRAM   BANK0   BANK1   BANK2
      Params:         0       0       0       0
      Locals:         1       0       0       0
      Temps:          0       0       0       0
      Totals:         1       0       0       0
Total ram usage:        1 bytes
 Hardware stack levels used:    1
 This function calls:
		Nothing
 This function is called by:
		_inizializzazione
 This function uses a non-reentrant model


 *************** function _LCD_write_string *****************
 Defined at:
		line 194 in file "C:/Users/simone/Desktop/LaurTec_PIC_libraries_v_3.3.1 - Copia/src\LCD_44780.c"
 Parameters:    Size  Location     Type
  buffer          2   31[COMRAM] PTR unsigned char 
		 -> str(8), LCD_write_integer@convertedInt(6), 
 Auto vars:     Size  Location     Type
		None
 Return value:  Size  Location     Type
		None               void
 Registers used:
		wreg, fsr2l, fsr2h, status,2, status,0, prodl, prodh, cstack
 Tracked objects:
		On entry : 
		On exit  : 
		Unchanged: 
 Data sizes:     COMRAM   BANK0   BANK1   BANK2
      Params:         2       0       0       0
      Locals:         0       0       0       0
      Temps:          0       0       0       0
      Totals:         2       0       0       0
Total ram usage:        2 bytes
 Hardware stack levels used:    1
 Hardware stack levels required when called:    5
 This function calls:
		_LCD_write_char
 This function is called by:
		_main
		_LCD_write_integer
 This function uses a non-reentrant model


 *************** function _LCD_write_char *****************
 Defined at:
		line 145 in file "C:/Users/simone/Desktop/LaurTec_PIC_libraries_v_3.3.1 - Copia/src\LCD_44780.c"
 Parameters:    Size  Location     Type
  value           1    wreg     unsigned char 
 Auto vars:     Size  Location     Type
  value           1   30[COMRAM] unsigned char 
  D0              1   29[COMRAM] unsigned char 
  D1              1   28[COMRAM] unsigned char 
  D2              1   27[COMRAM] unsigned char 
  D3              1   26[COMRAM] unsigned char 
 Return value:  Size  Location     Type
		None               void
 Registers used:
		wreg, status,2, status,0, prodl, prodh, cstack
 Tracked objects:
		On entry : 
		On exit  : 
		Unchanged: 
 Data sizes:     COMRAM   BANK0   BANK1   BANK2
      Params:         0       0       0       0
      Locals:         5       0       0       0
      Temps:          0       0       0       0
      Totals:         5       0       0       0
Total ram usage:        5 bytes
 Hardware stack levels used:    1
 Hardware stack levels required when called:    4
 This function calls:
		_LCD_send_command
 This function is called by:
		_LCD_write_message
		_LCD_write_string
 This function uses a non-reentrant model


 *************** function _LCD_goto_line *****************
 Defined at:
		line 111 in file "C:/Users/simone/Desktop/LaurTec_PIC_libraries_v_3.3.1 - Copia/src\LCD_44780.c"
 Parameters:    Size  Location     Type
  line            1    wreg     unsigned char 
 Auto vars:     Size  Location     Type
  line            1   26[COMRAM] unsigned char 
 Return value:  Size  Location     Type
		None               void
 Registers used:
		wreg, status,2, status,0, prodl, prodh, cstack
 Tracked objects:
		On entry : 
		On exit  : 
		Unchanged: 
 Data sizes:     COMRAM   BANK0   BANK1   BANK2
      Params:         0       0       0       0
      Locals:         1       0       0       0
      Temps:          0       0       0       0
      Totals:         1       0       0       0
Total ram usage:        1 bytes
 Hardware stack levels used:    1
 Hardware stack levels required when called:    4
 This function calls:
		_LCD_send_command
 This function is called by:
		_main
		_LCD_goto_xy
 This function uses a non-reentrant model


 *************** function _LCD_send_command *****************
 Defined at:
		line 61 in file "C:/Users/simone/Desktop/LaurTec_PIC_libraries_v_3.3.1 - Copia/src\LCD_44780.c"
 Parameters:    Size  Location     Type
  D3              1    wreg     unsigned char 
  D2              1   22[COMRAM] unsigned char 
  D1              1   23[COMRAM] unsigned char 
  D0              1   24[COMRAM] unsigned char 
 Auto vars:     Size  Location     Type
  D3              1   25[COMRAM] unsigned char 
 Return value:  Size  Location     Type
		None               void
 Registers used:
		wreg, status,2, status,0, prodl, prodh, cstack
 Tracked objects:
		On entry : 
		On exit  : 
		Unchanged: 
 Data sizes:     COMRAM   BANK0   BANK1   BANK2
      Params:         3       0       0       0
      Locals:         1       0       0       0
      Temps:          0       0       0       0
      Totals:         4       0       0       0
Total ram usage:        4 bytes
 Hardware stack levels used:    1
 Hardware stack levels required when called:    3
 This function calls:
		_LCD_enable_pulse
 This function is called by:
		_LCD_goto_line
		_LCD_write_char
		_LCD_clear
		_LCD_cursor
		_LCD_initialize
		_LCD_home
		_LCD_shift
		_LCD_shift_cursor
 This function uses a non-reentrant model


 *************** function _LCD_enable_pulse *****************
 Defined at:
		line 49 in file "C:/Users/simone/Desktop/LaurTec_PIC_libraries_v_3.3.1 - Copia/src\LCD_44780.c"
 Parameters:    Size  Location     Type
		None
 Auto vars:     Size  Location     Type
		None
 Return value:  Size  Location     Type
		None               void
 Registers used:
		wreg, status,2, status,0, prodl, prodh, cstack
 Tracked objects:
		On entry : 
		On exit  : 
		Unchanged: 
 Data sizes:     COMRAM   BANK0   BANK1   BANK2
      Params:         0       0       0       0
      Locals:         0       0       0       0
      Temps:          0       0       0       0
      Totals:         0       0       0       0
Total ram usage:        0 bytes
 Hardware stack levels used:    1
 Hardware stack levels required when called:    2
 This function calls:
		_delay_ms
 This function is called by:
		_LCD_send_command
 This function uses a non-reentrant model


 *************** function _delay_ms *****************
 Defined at:
		line 61 in file "C:/Users/simone/Desktop/LaurTec_PIC_libraries_v_3.3.1 - Copia/src\delay.c"
 Parameters:    Size  Location     Type
  value_ms        2   20[COMRAM] unsigned int 
 Auto vars:     Size  Location     Type
		None
 Return value:  Size  Location     Type
		None               void
 Registers used:
		wreg, status,2, status,0, prodl, prodh, cstack
 Tracked objects:
		On entry : 
		On exit  : 
		Unchanged: 
 Data sizes:     COMRAM   BANK0   BANK1   BANK2
      Params:         2       0       0       0
      Locals:         0       0       0       0
      Temps:          0       0       0       0
      Totals:         2       0       0       0
Total ram usage:        2 bytes
 Hardware stack levels used:    1
 Hardware stack levels required when called:    1
 This function calls:
		___wmul
 This function is called by:
		_LCD_enable_pulse
		_LCD_initialize
		_main
		_read_adc
		_inizializzazione
		_delay_s
 This function uses a non-reentrant model


 *************** function ___wmul *****************
 Defined at:
		line 15 in file "C:\Program Files (x86)\Microchip\xc8\v1.34\sources\common\Umul16.c"
 Parameters:    Size  Location     Type
  multiplier      2   14[COMRAM] unsigned int 
  multiplicand    2   16[COMRAM] unsigned int 
 Auto vars:     Size  Location     Type
  product         2   18[COMRAM] unsigned int 
 Return value:  Size  Location     Type
                  2   14[COMRAM] unsigned int 
 Registers used:
		wreg, status,2, status,0, prodl, prodh
 Tracked objects:
		On entry : 
		On exit  : 
		Unchanged: 
 Data sizes:     COMRAM   BANK0   BANK1   BANK2
      Params:         4       0       0       0
      Locals:         2       0       0       0
      Temps:          0       0       0       0
      Totals:         6       0       0       0
Total ram usage:        6 bytes
 Hardware stack levels used:    1
 This function calls:
		Nothing
 This function is called by:
		_delay_ms
		_fround
		_scale
		_sprintf
 This function uses a non-reentrant model



MODULE INFORMATION

Module		Function		Class		Link	Load	Size
C:\Program Files (x86)\Microchip\xc8\v1.34\sources\common\ftge.c
		___ftge        		CODE           	1F24	0000	151

C:\Program Files (x86)\Microchip\xc8\v1.34\sources\common\ftge.c estimated size: 151

C:/Users/simone/Desktop/LaurTec_PIC_libraries_v_3.3.1 - Copia/src\delay.c
		_delay_set_quar		CODE           	24CE	0000	9
		_delay_ms      		CODE           	2306	0000	57

C:/Users/simone/Desktop/LaurTec_PIC_libraries_v_3.3.1 - Copia/src\delay.c estimated size: 66

C:\Program Files (x86)\Microchip\xc8\v1.34\sources\common\ftdivl.c
		__tdiv_to_l_   		CODE           	1834	0000	273

C:\Program Files (x86)\Microchip\xc8\v1.34\sources\common\ftdivl.c estimated size: 273

batterua.c
		_main          		CODE           	1594	0000	391
		_inizializzazio		CODE           	21A8	0000	105
		_read_adc      		CODE           	13D2	0000	451

batterua.c estimated size: 947

C:\Program Files (x86)\Microchip\xc8\v1.34\sources\common\ftneg.c
		___ftneg       		CODE           	245C	0000	37

C:\Program Files (x86)\Microchip\xc8\v1.34\sources\common\ftneg.c estimated size: 37

C:\Program Files (x86)\Microchip\xc8\v1.34\sources\common\fldivl.c
		__div_to_l_    		CODE           	1944	0000	267

C:\Program Files (x86)\Microchip\xc8\v1.34\sources\common\fldivl.c estimated size: 267

C:\Program Files (x86)\Microchip\xc8\v1.34\sources\common\ftsub.c
		___ftsub       		CODE           	22C2	0000	69

C:\Program Files (x86)\Microchip\xc8\v1.34\sources\common\ftsub.c estimated size: 69

C:\Program Files (x86)\Microchip\xc8\v1.34\sources\common\float.c
		___ftpack      		CODE           	1D0E	0000	199

C:\Program Files (x86)\Microchip\xc8\v1.34\sources\common\float.c estimated size: 199

C:/Users/simone/Desktop/LaurTec_PIC_libraries_v_3.3.1 - Copia/src\LCD_44780.c
		_LCD_clear     		CODE           	2410	0000	39
		_LCD_cursor    		CODE           	239A	0000	41
		_LCD_goto_line 		CODE           	1DD4	0000	187
		_LCD_write_stri		CODE           	2436	0000	39
		_LCD_enable_pul		CODE           	24A2	0000	31
		_LCD_write_mess		CODE           	236E	0000	45
		_LCD_write_char		CODE           	2138	0000	113
		_LCD_send_comma		CODE           	233E	0000	49
		_LCD_initialize		CODE           	171A	0000	283
		_LCD_backlight 		CODE           	24C0	0000	15

C:/Users/simone/Desktop/LaurTec_PIC_libraries_v_3.3.1 - Copia/src\LCD_44780.c estimated size: 842

C:\Program Files (x86)\Microchip\xc8\v1.34\sources\common\awmod.c
		___awmod       		CODE           	2046	0000	131

C:\Program Files (x86)\Microchip\xc8\v1.34\sources\common\awmod.c estimated size: 131

C:\Program Files (x86)\Microchip\xc8\v1.34\sources\common\llmod.c
		___llmod       		CODE           	20C8	0000	113

C:\Program Files (x86)\Microchip\xc8\v1.34\sources\common\llmod.c estimated size: 113

C:\Program Files (x86)\Microchip\xc8\v1.34\sources\common\ftmul.c
		___ftmul       		CODE           	1A4E	0000	249

C:\Program Files (x86)\Microchip\xc8\v1.34\sources\common\ftmul.c estimated size: 249

C:\Program Files (x86)\Microchip\xc8\v1.34\sources\common\isdigit.c
		_isdigit       		CODE           	2480	0000	35

C:\Program Files (x86)\Microchip\xc8\v1.34\sources\common\isdigit.c estimated size: 35

C:\Program Files (x86)\Microchip\xc8\v1.34\sources\common\lwtoft.c
		___lwtoft      		CODE           	23EA	0000	39

C:\Program Files (x86)\Microchip\xc8\v1.34\sources\common\lwtoft.c estimated size: 39

C:\Program Files (x86)\Microchip\xc8\v1.34\sources\common\ftdiv.c
		___ftdiv       		CODE           	1C2C	0000	227

C:\Program Files (x86)\Microchip\xc8\v1.34\sources\common\ftdiv.c estimated size: 227

C:\Program Files (x86)\Microchip\xc8\v1.34\sources\common\lltoft.c
		___lltoft      		CODE           	2210	0000	97

C:\Program Files (x86)\Microchip\xc8\v1.34\sources\common\lltoft.c estimated size: 97

shared
		__powers_      		SMALLCONST     	0350	0000	40
		_dpowers       		SMALLCONST     	0301	0000	41
		__npowers_     		SMALLCONST     	0329	0000	40
		__initializatio		CODE           	2270	0000	73

shared estimated size: 194

C:\Program Files (x86)\Microchip\xc8\v1.34\sources\common\awdiv.c
		___awdiv       		CODE           	1E8E	0000	151

C:\Program Files (x86)\Microchip\xc8\v1.34\sources\common\awdiv.c estimated size: 151

C:\Program Files (x86)\Microchip\xc8\v1.34\sources\common\lldiv.c
		___lldiv       		CODE           	1FBA	0000	141

C:\Program Files (x86)\Microchip\xc8\v1.34\sources\common\lldiv.c estimated size: 141

C:\Program Files (x86)\Microchip\xc8\v1.34\sources\common\doprnt.c
		_scale         		CODE           	0BEA	0000	993
		_sprintf       		CODE           	03BA	0000	2097
		_fround        		CODE           	0FCA	0000	581

C:\Program Files (x86)\Microchip\xc8\v1.34\sources\common\doprnt.c estimated size: 3671

C:\Program Files (x86)\Microchip\xc8\v1.34\sources\common\fttol.c
		___fttol       		CODE           	1B46	0000	231

C:\Program Files (x86)\Microchip\xc8\v1.34\sources\common\fttol.c estimated size: 231

C:\Program Files (x86)\Microchip\xc8\v1.34\sources\common\Umul16.c
		___wmul        		CODE           	23C2	0000	41

C:\Program Files (x86)\Microchip\xc8\v1.34\sources\common\Umul16.c estimated size: 41

C:\Program Files (x86)\Microchip\xc8\v1.34\sources\common\ftadd.c
		___ftadd       		CODE           	120E	0000	453

C:\Program Files (x86)\Microchip\xc8\v1.34\sources\common\ftadd.c estimated size: 453

