Microchip MPLAB XC8 Compiler V1.37 ()

Linker command line:

--edf=C:\Program Files (x86)\Microchip\xc8\v1.37\dat\en_msgs.txt -cs \
  -h+dist/default/production\batteria4480.X.production.sym \
  --cmf=dist/default/production\batteria4480.X.production.cmf -z -w9 \
  --norlf -Q18F4480 -oC:\Users\simon\AppData\Local\Temp\sdsk.2 \
  -Mdist/default/production/batteria4480.X.production.map -E1 -ver=XC8 \
  --acfsm=1493 -ACODE=00h-03FFFh -ACONST=00h-03FFFh \
  -ASMALLCONST=0300h-03FFhx61 -AMEDIUMCONST=0300h-03FFFh -ACOMRAM=01h-05Fh \
  -AABS1=00h-02FFh -ABIGRAM=01h-02FFh -ARAM=060h-0FFh,0100h-01FFhx2 \
  -ABANK0=060h-0FFh -ABANK1=0100h-01FFh -ABANK2=0200h-02FFh \
  -ASFR=0D00h-0DFFhx2,0F00h-0F5Fh,0F60h-0FFFh \
  -preset_vec=00h,intcode,intcodelo,powerup,init,end_init -pramtop=0300h \
  -psmallconst=SMALLCONST -pmediumconst=MEDIUMCONST -pconst=CONST \
  -AFARRAM=00h-00h -ACONFIG=0300000h-030000Dh -pconfig=CONFIG \
  -AIDLOC=0200000h-0200007h -pidloc=IDLOC -AEEDATA=0F00000h-0F000FFh \
  -peeprom_data=EEDATA \
  -prdata=COMRAM,nvrram=COMRAM,nvbit=COMRAM,rbss=COMRAM,rbit=COMRAM \
  -pfarbss=FARRAM,fardata=FARRAM,nvFARRAM=FARRAM \
  -pintsave_regs=BIGRAM,bigbss=BIGRAM,bigdata=BIGRAM -pbss=RAM \
  -pidata=CODE,irdata=CODE,ibigdata=CODE,ifardata=CODE \
  C:\Users\simon\AppData\Local\Temp\sdsk.obj \
  dist/default/production\batteria4480.X.production.obj 

Object code version is 3.11

Machine type is 18F4480

Call graph: (short form)




                Name                               Link     Load   Length Selector   Space Scale
C:\Users\simon\AppData\Local\Temp\sdsk.obj
                end_init                             AE       AE        4        0       0
dist/default/production\batteria4480.X.production.obj
                intcodelo                             E        E       A0        0       0
                intcode                               0        0        E        0       0
                temp                                 40       40        1        1       1
                mediumconst                        3EE6     3EE6      11A     1F73       0
                intcode_body                       1344     1344       C8      9A2       0
                text43                              A64      A64       26      532       0
                text42                              B86      B86       32      5C3       0
                text41                              9E4      9E4       1E      4F2       0
                text40                              B56      B56       30      5AB       0
                text39                              A8A      A8A       26      545       0
                text38                              AD6      AD6       28      56B       0
                text37                              9DC      9DC        8      4EE       0
                text36                             1518     1518      11A      A8C       0
                text35                              F92      F92       88      7C9       0
                text34                              A20      A20       20      510       0
                text33                             128C     128C       B8      946       0
                text32                             101A     101A       96      80D       0
                text31                              AFE      AFE       2A      57F       0
                text30                              A40      A40       24      520       0
                text29                             2552     2552      3C0     12A9       0
                text28                             2D50     2D50      4A6     16A8       0
                text27                             187A     187A      150      C3D       0
                text26                             2086     2086      244     1043       0
                text25                             1632     1632      120      B19       0
                text24                              B28      B28       2E      594       0
                text23                             31F6     31F6      4A8     18FB       0
                text22                              BFA      BFA       48      5FD       0
                text21                             140C     140C      10C      A06       0
                text20                              E0A      E0A       82      705       0
                text19                              D34      D34       66      69A       0
                text18                             1752     1752      128      BA9       0
                text17                             19CA     19CA      15C      CE5       0
                text16                              F0E      F0E       84      787       0
                text15                              D9A      D9A       70      6CD       0
                text14                             22CA     22CA      288     1165       0
                text13                              A02      A02       1E      501       0
                text12                             2912     2912      43E     1489       0
                text11                             369E     369E      848     1B4F       0
                text10                             10B0     10B0       96      858       0
                text9                              1146     1146       96      8A3       0
                text8                               AB0      AB0       26      558       0
                text7                               C8A      C8A       52      645       0
                text6                               BB8      BB8       42      5DC       0
                text5                              11DC     11DC       B0      8EE       0
                text4                               C42      C42       48      621       0
                text3                              1B26     1B26      1BC      D93       0
                text2                              1CE2     1CE2      1CC      E71       0
                text1                               E8C      E8C       82      746       0
                text0                              1EAE     1EAE      1D8      F57       0
                cstackCOMRAM                          1        1       2E        1       1
                cstackBANK0                          60       60       70       60       1
                cstackBANK1                         100      100       19      100       1
                dataBANK0                            F5       F5        4       60       1
                bssBANK0                             D0       D0       25       60       1
                dataCOMRAM                           3F       3F        1        1       1
                bssCOMRAM                            2F       2F        E        1       1
                cinit                               CDC      CDC       58      66E       0
                nvCOMRAM                             3D       3D        2        1       1
                idataBANK0                          9D8      9D8        4      9D8       0
                idataCOMRAM                         9D7      9D7        1      9D7       0

TOTAL           Name                               Link     Load   Length     Space
        CLASS   CODE           
                end_init                             AE       AE        4         0
                intcodelo                             E        E       A0         0
                intcode                               0        0        E         0
                intcode_body                       1344     1344       C8         0
                text43                              A64      A64       26         0
                text42                              B86      B86       32         0
                text41                              9E4      9E4       1E         0
                text40                              B56      B56       30         0
                text39                              A8A      A8A       26         0
                text38                              AD6      AD6       28         0
                text37                              9DC      9DC        8         0
                text36                             1518     1518      11A         0
                text35                              F92      F92       88         0
                text34                              A20      A20       20         0
                text33                             128C     128C       B8         0
                text32                             101A     101A       96         0
                text31                              AFE      AFE       2A         0
                text30                              A40      A40       24         0
                text29                             2552     2552      3C0         0
                text28                             2D50     2D50      4A6         0
                text27                             187A     187A      150         0
                text26                             2086     2086      244         0
                text25                             1632     1632      120         0
                text24                              B28      B28       2E         0
                text23                             31F6     31F6      4A8         0
                text22                              BFA      BFA       48         0
                text21                             140C     140C      10C         0
                text20                              E0A      E0A       82         0
                text19                              D34      D34       66         0
                text18                             1752     1752      128         0
                text17                             19CA     19CA      15C         0
                text16                              F0E      F0E       84         0
                text15                              D9A      D9A       70         0
                text14                             22CA     22CA      288         0
                text13                              A02      A02       1E         0
                text12                             2912     2912      43E         0
                text11                             369E     369E      848         0
                text10                             10B0     10B0       96         0
                text9                              1146     1146       96         0
                text8                               AB0      AB0       26         0
                text7                               C8A      C8A       52         0
                text6                               BB8      BB8       42         0
                text5                              11DC     11DC       B0         0
                text4                               C42      C42       48         0
                text3                              1B26     1B26      1BC         0
                text2                              1CE2     1CE2      1CC         0
                text1                               E8C      E8C       82         0
                text0                              1EAE     1EAE      1D8         0
                cinit                               CDC      CDC       58         0
                idataBANK0                          9D8      9D8        4         0
                idataCOMRAM                         9D7      9D7        1         0

        CLASS   CONST          

        CLASS   SMALLCONST     

        CLASS   MEDIUMCONST    
                mediumconst                        3EE6     3EE6      11A         0

        CLASS   COMRAM         
                temp                                 40       40        1         1
                cstackCOMRAM                          1        1       2E         1
                dataCOMRAM                           3F       3F        1         1
                bssCOMRAM                            2F       2F        E         1
                nvCOMRAM                             3D       3D        2         1

        CLASS   ABS1           

        CLASS   BIGRAM         

        CLASS   RAM            

        CLASS   BANK0          
                cstackBANK0                          60       60       70         1
                dataBANK0                            F5       F5        4         1
                bssBANK0                             D0       D0       25         1

        CLASS   BANK1          
                cstackBANK1                         100      100       19         1

        CLASS   BANK2          

        CLASS   SFR            

        CLASS   FARRAM         

        CLASS   CONFIG         

        CLASS   IDLOC          

        CLASS   EEDATA         

        CLASS   STACK          



SEGMENTS        Name                           Load    Length   Top    Selector   Space  Class

                reset_vec                      000000  0000B2  0000B2         0       0  CODE    
                cstackCOMRAM                   000001  000040  000041         1       1  COMRAM  
                cstackBANK0                    000060  000099  0000F9        60       1  BANK0   
                cstackBANK1                    000100  000019  000119       100       1  BANK1   
                idataCOMRAM                    0009D7  000001  0009D8       9D7       0  CODE    
                idataBANK0                     0009D8  000004  0009DC       9D8       0  CODE    
                text37                         0009DC  000008  0009E4       4EE       0  CODE    
                text41                         0009E4  00001E  000A02       4F2       0  CODE    
                text13                         000A02  00001E  000A20       501       0  CODE    
                text34                         000A20  000020  000A40       510       0  CODE    
                text30                         000A40  000024  000A64       520       0  CODE    
                text43                         000A64  000026  000A8A       532       0  CODE    
                text39                         000A8A  000026  000AB0       545       0  CODE    
                text8                          000AB0  000026  000AD6       558       0  CODE    
                text38                         000AD6  000028  000AFE       56B       0  CODE    
                text31                         000AFE  00002A  000B28       57F       0  CODE    
                text24                         000B28  00002E  000B56       594       0  CODE    
                text40                         000B56  000030  000B86       5AB       0  CODE    
                text42                         000B86  000032  000BB8       5C3       0  CODE    
                text6                          000BB8  000042  000BFA       5DC       0  CODE    
                text22                         000BFA  000048  000C42       5FD       0  CODE    
                text4                          000C42  000048  000C8A       621       0  CODE    
                text7                          000C8A  000052  000CDC       645       0  CODE    
                cinit                          000CDC  000058  000D34       66E       0  CODE    
                text19                         000D34  000066  000D9A       69A       0  CODE    
                text15                         000D9A  000070  000E0A       6CD       0  CODE    
                text20                         000E0A  000082  000E8C       705       0  CODE    
                text1                          000E8C  000082  000F0E       746       0  CODE    
                text16                         000F0E  000084  000F92       787       0  CODE    
                text35                         000F92  000088  00101A       7C9       0  CODE    
                text32                         00101A  000096  0010B0       80D       0  CODE    
                text10                         0010B0  000096  001146       858       0  CODE    
                text9                          001146  000096  0011DC       8A3       0  CODE    
                text5                          0011DC  0000B0  00128C       8EE       0  CODE    
                text33                         00128C  0000B8  001344       946       0  CODE    
                intcode_body                   001344  0000C8  00140C       9A2       0  CODE    
                text21                         00140C  00010C  001518       A06       0  CODE    
                text36                         001518  00011A  001632       A8C       0  CODE    
                text25                         001632  000120  001752       B19       0  CODE    
                text18                         001752  000128  00187A       BA9       0  CODE    
                text27                         00187A  000150  0019CA       C3D       0  CODE    
                text17                         0019CA  00015C  001B26       CE5       0  CODE    
                text3                          001B26  0001BC  001CE2       D93       0  CODE    
                text2                          001CE2  0001CC  001EAE       E71       0  CODE    
                text0                          001EAE  0001D8  002086       F57       0  CODE    
                text26                         002086  000244  0022CA      1043       0  CODE    
                text14                         0022CA  000288  002552      1165       0  CODE    
                text29                         002552  0003C0  002912      12A9       0  CODE    
                text12                         002912  00043E  002D50      1489       0  CODE    
                text28                         002D50  0004A6  0031F6      16A8       0  CODE    
                text23                         0031F6  0004A8  00369E      18FB       0  CODE    
                text11                         00369E  000848  003EE6      1B4F       0  CODE    
                mediumconst                    003EE6  00011A  004000      1F73       0  MEDIUMCO


UNUSED ADDRESS RANGES

        Name                Unused          Largest block    Delta
        BANK0            00F9-00FF              7
        BANK1            0119-01FF             E7
        BANK2            0200-02FF            100
        BIGRAM           0041-005F             1F
                         00F9-00FF              7
                         0119-02FF            1E7
        CODE             00B2-09D6            925
        COMRAM           0041-005F             1F
        CONFIG           300000-30000D              E
        CONST            00B2-09D6            925
        EEDATA           F00000-F000FF            100
        IDLOC            200000-200007              8
        MEDIUMCONST      0300-09D6            6D7
        RAM              00F9-00FF              7
                         0119-02FF             E7
        SFR              0D00-0FFF            100
        SMALLCONST       0300-09D6            100

                                  Symbol Table

_LCD_backlight                                      
__CFG_BBSIZ$1024                   (abs)        0000
__CFG_BOREN$BOHW                   (abs)        0000
__CFG_BORV$3                       (abs)        0000
__CFG_CP0$OFF                      (abs)        0000
__CFG_CP1$OFF                      (abs)        0000
__CFG_CPB$OFF                      (abs)        0000
__CFG_CPD$OFF                      (abs)        0000
__CFG_EBTR0$OFF                    (abs)        0000
__CFG_EBTR1$OFF                    (abs)        0000
__CFG_EBTRB$OFF                    (abs)        0000
__CFG_FCMEN$OFF                    (abs)        0000
__CFG_IESO$OFF                     (abs)        0000
__CFG_LPT1OSC$OFF                  (abs)        0000
__CFG_LVP$OFF                      (abs)        0000
__CFG_MCLRE$ON                     (abs)        0000
__CFG_OSC$HS                       (abs)        0000
__CFG_PBADEN$OFF                   (abs)        0000
__CFG_PWRT$OFF                     (abs)        0000
__CFG_STVREN$ON                    (abs)        0000
__CFG_WDT$OFF                      (abs)        0000
__CFG_WDTPS$32768                  (abs)        0000
__CFG_WRT0$OFF                     (abs)        0000
__CFG_WRT1$OFF                     (abs)        0000
__CFG_WRTB$OFF                     (abs)        0000
__CFG_WRTC$OFF                     (abs)        0000
__CFG_WRTD$OFF                     (abs)        0000
__CFG_XINST$OFF                    (abs)        0000
__HRAM                             (abs)        0000
__Habs1                            abs1         0000
__Hbank0                           bank0        0000
__Hbank1                           bank1        0000
__Hbank2                           bank2        0000
__Hbigbss                          bigbss       0000
__Hbigdata                         bigdata      0000
__Hbigram                          bigram       0000
__Hbss                             bss          0000
__HbssBANK0                        bssBANK0     0000
__HbssCOMRAM                       bssCOMRAM    0000
__Hcinit                           cinit        0000
__Hclrtext                         clrtext      0000
__Hcomram                          comram       0000
__Hconfig                          config       0000
__Hconst                           const        0000
__HcstackBANK0                     cstackBANK0  0000
__HcstackBANK1                     cstackBANK1  0000
__HcstackCOMRAM                    cstackCOMRAM 0000
__Hdata                            data         0000
__HdataBANK0                       dataBANK0    0000
__HdataCOMRAM                      dataCOMRAM   0000
__Heeprom_data                     eeprom_data  0000
__Hfarbss                          farbss       0000
__Hfardata                         fardata      0000
__Hibigdata                        ibigdata     0000
__Hidata                           idata        0000
__HidataBANK0                      idataBANK0   0000
__HidataCOMRAM                     idataCOMRAM  0000
__Hidloc                           idloc        0000
__Hifardata                        ifardata     0000
__Hintcode_body                    intcode_body 0000
__Hintentry                        intentry     0000
__Hintret                          intret       0000
__Hintsave_regs                    intsave_regs 0000
__Hirdata                          irdata       0000
__HnvCOMRAM                        nvCOMRAM     0000
__HnvFARRAM                        nvFARRAM     0000
__Hnvbit                           nvbit        0000
__Hnvrram                          nvrram       0000
__Hparam                           rparam       0000
__Hram                             ram          0000
__Hrbit                            rbit         0000
__Hrbss                            rbss         0000
__Hrdata                           rdata        0000
__Hreset_vec                       reset_vec    0000
__Hrparam                          rparam       0000
__Hsfr                             sfr          0000
__Hsmallconst                      smallconst   0000
__Hspace_2                         (abs)        0000
__Hstack                           stack        0000
__Hstruct                          struct       0000
__Htext                            text         0000
__Htext0                           text0        0000
__Htext1                           text1        0000
__Htext10                          text10       0000
__Htext11                          text11       0000
__Htext12                          text12       0000
__Htext13                          text13       0000
__Htext14                          text14       0000
__Htext15                          text15       0000
__Htext16                          text16       0000
__Htext17                          text17       0000
__Htext18                          text18       0000
__Htext19                          text19       0000
__Htext2                           text2        0000
__Htext20                          text20       0000
__Htext21                          text21       0000
__Htext22                          text22       0000
__Htext23                          text23       0000
__Htext24                          text24       0000
__Htext25                          text25       0000
__Htext26                          text26       0000
__Htext27                          text27       0000
__Htext28                          text28       0000
__Htext29                          text29       0000
__Htext3                           text3        0000
__Htext30                          text30       0000
__Htext31                          text31       0000
__Htext32                          text32       0000
__Htext33                          text33       0000
__Htext34                          text34       0000
__Htext35                          text35       0000
__Htext36                          text36       0000
__Htext37                          text37       0000
__Htext38                          text38       0000
__Htext39                          text39       0000
__Htext4                           text4        0000
__Htext40                          text40       0000
__Htext41                          text41       0000
__Htext42                          text42       0000
__Htext43                          text43       0000
__Htext5                           text5        0000
__Htext6                           text6        0000
__Htext7                           text7        0000
__Htext8                           text8        0000
__Htext9                           text9        0000
__Labs1                            abs1         0000
__Lbank0                           bank0        0000
__Lbank1                           bank1        0000
__Lbank2                           bank2        0000
__Lbigbss                          bigbss       0000
__Lbigdata                         bigdata      0000
__Lbigram                          bigram       0000
__Lbss                             bss          0000
__LbssBANK0                        bssBANK0     0000
__LbssCOMRAM                       bssCOMRAM    0000
__Lcinit                           cinit        0000
__Lclrtext                         clrtext      0000
__Lcomram                          comram       0000
__Lconfig                          config       0000
__Lconst                           const        0000
__LcstackBANK0                     cstackBANK0  0000
__LcstackBANK1                     cstackBANK1  0000
__LcstackCOMRAM                    cstackCOMRAM 0000
__Ldata                            data         0000
__LdataBANK0                       dataBANK0    0000
__LdataCOMRAM                      dataCOMRAM   0000
__Leeprom_data                     eeprom_data  0000
__Lfarbss                          farbss       0000
__Lfardata                         fardata      0000
__Libigdata                        ibigdata     0000
__Lidata                           idata        0000
__LidataBANK0                      idataBANK0   0000
__LidataCOMRAM                     idataCOMRAM  0000
__Lidloc                           idloc        0000
__Lifardata                        ifardata     0000
__Lintcode                         intcode      0000
__Lintcode_body                    intcode_body 0000
__Lintentry                        intentry     0000
__Lintret                          intret       0000
__Lintsave_regs                    intsave_regs 0000
__Lirdata                          irdata       0000
__LnvCOMRAM                        nvCOMRAM     0000
__LnvFARRAM                        nvFARRAM     0000
__Lnvbit                           nvbit        0000
__Lnvrram                          nvrram       0000
__Lparam                           rparam       0000
__Lram                             ram          0000
__Lrbit                            rbit         0000
__Lrbss                            rbss         0000
__Lrdata                           rdata        0000
__Lreset_vec                       reset_vec    0000
__Lrparam                          rparam       0000
__Lsfr                             sfr          0000
__Lsmallconst                      smallconst   0000
__Lspace_0                         (abs)        0000
__Lspace_1                         (abs)        0000
__Lspace_2                         (abs)        0000
__Lstack                           stack        0000
__Lstruct                          struct       0000
__Ltext                            text         0000
__Ltext0                           text0        0000
__Ltext1                           text1        0000
__Ltext10                          text10       0000
__Ltext11                          text11       0000
__Ltext12                          text12       0000
__Ltext13                          text13       0000
__Ltext14                          text14       0000
__Ltext15                          text15       0000
__Ltext16                          text16       0000
__Ltext17                          text17       0000
__Ltext18                          text18       0000
__Ltext19                          text19       0000
__Ltext2                           text2        0000
__Ltext20                          text20       0000
__Ltext21                          text21       0000
__Ltext22                          text22       0000
__Ltext23                          text23       0000
__Ltext24                          text24       0000
__Ltext25                          text25       0000
__Ltext26                          text26       0000
__Ltext27                          text27       0000
__Ltext28                          text28       0000
__Ltext29                          text29       0000
__Ltext3                           text3        0000
__Ltext30                          text30       0000
__Ltext31                          text31       0000
__Ltext32                          text32       0000
__Ltext33                          text33       0000
__Ltext34                          text34       0000
__Ltext35                          text35       0000
__Ltext36                          text36       0000
__Ltext37                          text37       0000
__Ltext38                          text38       0000
__Ltext39                          text39       0000
__Ltext4                           text4        0000
__Ltext40                          text40       0000
__Ltext41                          text41       0000
__Ltext42                          text42       0000
__Ltext43                          text43       0000
__Ltext5                           text5        0000
__Ltext6                           text6        0000
__Ltext7                           text7        0000
__Ltext8                           text8        0000
__Ltext9                           text9        0000
___inthi_sp                        stack        0000
___intlo_sp                        stack        0000
___sp                              stack        0000
__pintcode                         intcode      0000
__size_of_LCD_clear                (abs)        0000
__size_of_LCD_cursor               (abs)        0000
__size_of_LCD_enable_pulse         (abs)        0000
__size_of_LCD_goto_line            (abs)        0000
__size_of_LCD_home                 (abs)        0000
__size_of_LCD_initialize           (abs)        0000
__size_of_LCD_send_command         (abs)        0000
__size_of_LCD_write_char           (abs)        0000
__size_of_LCD_write_integer        (abs)        0000
__size_of_LCD_write_message        (abs)        0000
__size_of_LCD_write_string         (abs)        0000
__size_of___awdiv                  (abs)        0000
__size_of___awmod                  (abs)        0000
__size_of___fladd                  (abs)        0000
__size_of___fldiv                  (abs)        0000
__size_of___flge                   (abs)        0000
__size_of___flmul                  (abs)        0000
__size_of___flneg                  (abs)        0000
__size_of___flsub                  (abs)        0000
__size_of___fltol                  (abs)        0000
__size_of___lldiv                  (abs)        0000
__size_of___llmod                  (abs)        0000
__size_of___lwdiv                  (abs)        0000
__size_of___lwmod                  (abs)        0000
__size_of___wmul                   (abs)        0000
__size_of___xxtofl                 (abs)        0000
__size_of__div_to_l_               (abs)        0000
__size_of__tdiv_to_l_              (abs)        0000
__size_of_delay_ms                 (abs)        0000
__size_of_delay_s                  (abs)        0000
__size_of_delay_set_quartz         (abs)        0000
__size_of_display_voltage          (abs)        0000
__size_of_fround                   (abs)        0000
__size_of_inizializzazione         (abs)        0000
__size_of_isdigit                  (abs)        0000
__size_of_isr_alta                 (abs)        0000
__size_of_isr_bassa                (abs)        0000
__size_of_itoa                     (abs)        0000
__size_of_main                     (abs)        0000
__size_of_read_adc                 (abs)        0000
__size_of_ricarica                 (abs)        0000
__size_of_scale                    (abs)        0000
__size_of_scarica                  (abs)        0000
__size_of_sprintf                  (abs)        0000
__size_of_stabilizzazione          (abs)        0000
__size_of_utoa                     (abs)        0000
__smallconst                       smallconst   0000
_isr_alta                          intcode      0000
intlevel0                          text         0000
intlevel1                          text         0000
intlevel2                          text         0000
intlevel3                          text         0000
stackhi                            (abs)        0000
stacklo                            (abs)        0000
__LRAM                             (abs)        0001
___rparam_used                     (abs)        0001
__pcstackCOMRAM                    cstackCOMRAM 0001
__activetblptr                     (abs)        0002
__Hintcode                         intcode      000E
__Lintcodelo                       intcodelo    000E
__pintcodelo                       intcodelo    000E
_isr_bassa                         intcodelo    000E
___param_bank                      (abs)        0010
?___awmod                          cstackCOMRAM 0020
?___flneg                          cstackCOMRAM 0020
?___lldiv                          cstackCOMRAM 0020
?___llmod                          cstackCOMRAM 0020
?___lwdiv                          cstackCOMRAM 0020
?___lwmod                          cstackCOMRAM 0020
?___wmul                           cstackCOMRAM 0020
?___xxtofl                         cstackCOMRAM 0020
?__div_to_l_                       cstackCOMRAM 0020
?__tdiv_to_l_                      cstackCOMRAM 0020
___awmod@dividend                  cstackCOMRAM 0020
___flge@ff1                        cstackCOMRAM 0020
___flneg@f1                        cstackCOMRAM 0020
___lldiv@dividend                  cstackCOMRAM 0020
___llmod@dividend                  cstackCOMRAM 0020
___lwdiv@dividend                  cstackCOMRAM 0020
___lwmod@dividend                  cstackCOMRAM 0020
___wmul@multiplier                 cstackCOMRAM 0020
___xxtofl@val                      cstackCOMRAM 0020
__div_to_l_@f1                     cstackCOMRAM 0020
__tdiv_to_l_@f1                    cstackCOMRAM 0020
delay_set_quartz@frequency         cstackCOMRAM 0020
_isdigit$954                       cstackCOMRAM 0021
___awmod@divisor                   cstackCOMRAM 0022
___lwdiv@divisor                   cstackCOMRAM 0022
___lwmod@divisor                   cstackCOMRAM 0022
___wmul@multiplicand               cstackCOMRAM 0022
isdigit@c                          cstackCOMRAM 0022
___awmod@counter                   cstackCOMRAM 0024
___flge@ff2                        cstackCOMRAM 0024
___lldiv@divisor                   cstackCOMRAM 0024
___llmod@divisor                   cstackCOMRAM 0024
___lwdiv@counter                   cstackCOMRAM 0024
___lwmod@counter                   cstackCOMRAM 0024
___wmul@product                    cstackCOMRAM 0024
__div_to_l_@f2                     cstackCOMRAM 0024
__tdiv_to_l_@f2                    cstackCOMRAM 0024
___awmod@sign                      cstackCOMRAM 0025
___lwdiv@quotient                  cstackCOMRAM 0025
?___awdiv                          cstackCOMRAM 0026
___awdiv@dividend                  cstackCOMRAM 0026
delay_ms@value_ms                  cstackCOMRAM 0026
utoa@buf                           cstackCOMRAM 0027
LCD_send_command@D2                cstackCOMRAM 0028
___awdiv@divisor                   cstackCOMRAM 0028
___lldiv@quotient                  cstackCOMRAM 0028
___llmod@counter                   cstackCOMRAM 0028
___xxtofl@sign                     cstackCOMRAM 0028
__div_to_l_@quot                   cstackCOMRAM 0028
delay_s@value_s                    cstackCOMRAM 0028
LCD_send_command@D1                cstackCOMRAM 0029
___xxtofl@exp                      cstackCOMRAM 0029
delay_s@repeat_loop                cstackCOMRAM 0029
utoa@val                           cstackCOMRAM 0029
LCD_send_command@D0                cstackCOMRAM 002A
___awdiv@counter                   cstackCOMRAM 002A
___xxtofl@arg                      cstackCOMRAM 002A
LCD_send_command@D3                cstackCOMRAM 002B
___awdiv@sign                      cstackCOMRAM 002B
utoa@base                          cstackCOMRAM 002B
LCD_cursor@blinking                cstackCOMRAM 002C
LCD_goto_line@line                 cstackCOMRAM 002C
LCD_write_message@buffer           cstackCOMRAM 002C
LCD_write_string@buffer            cstackCOMRAM 002C
___awdiv@quotient                  cstackCOMRAM 002C
___lldiv@counter                   cstackCOMRAM 002C
__div_to_l_@cntr                   cstackCOMRAM 002C
LCD_cursor@active                  cstackCOMRAM 002D
__div_to_l_@exp1                   cstackCOMRAM 002D
itoa@cp                            cstackCOMRAM 002D
LCD_initialize@quartz_frequency    cstackCOMRAM 002E
read_adc@i                         cstackCOMRAM 002E
LCD_write_integer@F16106           bssCOMRAM    002F
__pbssCOMRAM                       bssCOMRAM    002F
_str                               bssCOMRAM    0035
__pnvCOMRAM                        nvCOMRAM     003D
_clock_counter_reference           nvCOMRAM     003D
__pdataCOMRAM                      dataCOMRAM   003F
_delay_quartz_frequency_value      dataCOMRAM   003F
__Ltemp                            temp         0040
__Htemp                            temp         0041
?___fldiv                          cstackBANK0  0060
LCD_write_char@D3                  cstackBANK0  0060
___fldiv@b                         cstackBANK0  0060
__accesstop                        (abs)        0060
__pcstackBANK0                     cstackBANK0  0060
__tdiv_to_l_@quot                  cstackBANK0  0060
LCD_write_char@D2                  cstackBANK0  0061
LCD_write_char@D1                  cstackBANK0  0062
LCD_write_char@D0                  cstackBANK0  0063
LCD_write_char@value               cstackBANK0  0064
___fldiv@a                         cstackBANK0  0064
__tdiv_to_l_@cntr                  cstackBANK0  0064
__tdiv_to_l_@exp1                  cstackBANK0  0065
LCD_write_integer@value            cstackBANK0  0069
LCD_write_integer@number_of_digits cstackBANK0  006B
LCD_write_integer@zero_cleaning    cstackBANK0  006C
___fldiv@sign                      cstackBANK0  006C
___fldiv@rem                       cstackBANK0  006D
___fldiv@new_exp                   cstackBANK0  0071
LCD_write_integer@convertedInt     cstackBANK0  0072
___fldiv@grs                       cstackBANK0  0073
___fldiv@bexp                      cstackBANK0  0077
LCD_write_integer@index            cstackBANK0  0078
___fldiv@aexp                      cstackBANK0  0078
?___fladd                          cstackBANK0  0079
___fladd@b                         cstackBANK0  0079
___fladd@a                         cstackBANK0  007D
___fladd@signs                     cstackBANK0  0089
___fladd@aexp                      cstackBANK0  008A
___fladd@bexp                      cstackBANK0  008B
___fladd@grs                       cstackBANK0  008C
?___flmul                          cstackBANK0  008D
?___flsub                          cstackBANK0  008D
___flmul@b                         cstackBANK0  008D
___flsub@b                         cstackBANK0  008D
___flmul@a                         cstackBANK0  0091
___flsub@a                         cstackBANK0  0091
___flmul@sign                      cstackBANK0  0099
___flmul@aexp                      cstackBANK0  009A
___flmul@grs                       cstackBANK0  009B
___flmul@bexp                      cstackBANK0  009F
___flmul@prod                      cstackBANK0  00A0
___flmul@temp                      cstackBANK0  00A4
?_fround                           cstackBANK0  00A6
?_scale                            cstackBANK0  00A6
_fround$1329                       cstackBANK0  00AA
_scale$1330                        cstackBANK0  00AA
__Hinit                            init         00AE
__Hintcodelo                       intcodelo    00AE
__Hpowerup                         powerup      00AE
__Lend_init                        end_init     00AE
__Linit                            init         00AE
__Lpowerup                         powerup      00AE
__end_of_isr_bassa                 intcodelo    00AE
_fround$1328                       cstackBANK0  00AE
?___fltol                          cstackBANK0  00AF
___fltol@f1                        cstackBANK0  00AF
__Hend_init                        end_init     00B2
___fltol@sign1                     cstackBANK0  00B7
___fltol@exp1                      cstackBANK0  00B8
?_sprintf                          cstackBANK0  00B9
_main$1327                         cstackBANK0  00CC
__pbssBANK0                        bssBANK0     00D0
_lettura                           bssBANK0     00D0
_current                           bssBANK0     00D6
_sommatoriaCorrente                bssBANK0     00DA
_somme                             bssBANK0     00DE
_tempo                             bssBANK0     00E2
_tempo_old                         bssBANK0     00E6
_voltage                           bssBANK0     00EA
_minuti                            bssBANK0     00EE
_ore                               bssBANK0     00F0
_secondi                           bssBANK0     00F2
_stati                             bssBANK0     00F4
__pdataBANK0                       dataBANK0    00F5
_combinazioni                      dataBANK0    00F5
__pcstackBANK1                     cstackBANK1  0100
_sprintf$1331                      cstackBANK1  0100
__Hspace_1                         (abs)        0119
__S1                               (abs)        0119
__Hramtop                          ramtop       0300
__Lramtop                          ramtop       0300
__ramtop                           ramtop       0300
__pidataCOMRAM                     idataCOMRAM  09D7
__pidataBANK0                      idataBANK0   09D8
__ptext37                          text37       09DC
_delay_set_quartz                  text37       09DC
_LCD_enable_pulse                  text41       09E4
__end_of_delay_set_quartz          text37       09E4
__ptext41                          text41       09E4
__end_of_LCD_enable_pulse          text41       0A02
__ptext13                          text13       0A02
_isdigit                           text13       0A02
__end_of_isdigit                   text13       0A20
__ptext34                          text34       0A20
_delay_s                           text34       0A20
_LCD_write_string                  text30       0A40
__end_of_delay_s                   text34       0A40
__ptext30                          text30       0A40
___wmul                            text43       0A64
__end_of_LCD_write_string          text30       0A64
__ptext43                          text43       0A64
_LCD_clear                         text39       0A8A
__end_of___wmul                    text43       0A8A
__ptext39                          text39       0A8A
_LCD_home                          text8        0AB0
__end_of_LCD_clear                 text39       0AB0
__ptext8                           text8        0AB0
_LCD_cursor                        text38       0AD6
__end_of_LCD_home                  text8        0AD6
__ptext38                          text38       0AD6
_LCD_write_message                 text31       0AFE
__end_of_LCD_cursor                text38       0AFE
__ptext31                          text31       0AFE
___flneg                           text24       0B28
__end_of_LCD_write_message         text31       0B28
__ptext24                          text24       0B28
_LCD_send_command                  text40       0B56
__end_of___flneg                   text24       0B56
__ptext40                          text40       0B56
__end_of_LCD_send_command          text40       0B86
__ptext42                          text42       0B86
_delay_ms                          text42       0B86
___lwmod                           text6        0BB8
__end_of_delay_ms                  text42       0BB8
__ptext6                           text6        0BB8
___flsub                           text22       0BFA
__end_of___lwmod                   text6        0BFA
__ptext22                          text22       0BFA
__end_of___flsub                   text22       0C42
__ptext4                           text4        0C42
_itoa                              text4        0C42
___lwdiv                           text7        0C8A
__end_of_itoa                      text4        0C8A
__ptext7                           text7        0C8A
__end_of___lwdiv                   text7        0CDC
__initialization                   cinit        0CDC
__pcinit                           cinit        0CDC
__end_of__initialization           cinit        0D26
___llmod                           text19       0D34
__ptext19                          text19       0D34
___awmod                           text15       0D9A
__end_of___llmod                   text19       0D9A
__ptext15                          text15       0D9A
___lldiv                           text20       0E0A
__end_of___awmod                   text15       0E0A
__ptext20                          text20       0E0A
__end_of___lldiv                   text20       0E8C
__ptext1                           text1        0E8C
_stabilizzazione                   text1        0E8C
___awdiv                           text16       0F0E
__end_of_stabilizzazione           text1        0F0E
__ptext16                          text16       0F0E
_LATA                              (abs)        0F89
_LATB                              (abs)        0F8A
_LATBbits                          (abs)        0F8A
_LATC                              (abs)        0F8B
_LATD                              (abs)        0F8C
_LATE                              (abs)        0F8D
_LATEbits                          (abs)        0F8D
_TRISA                             (abs)        0F92
__end_of___awdiv                   text16       0F92
__ptext35                          text35       0F92
_inizializzazione                  text35       0F92
_TRISB                             (abs)        0F93
_TRISC                             (abs)        0F94
_TRISD                             (abs)        0F95
_TRISE                             (abs)        0F96
_PIE1bits                          (abs)        0F9D
_PIR1bits                          (abs)        0F9E
_IPR1bits                          (abs)        0F9F
_ADCON2                            (abs)        0FC0
_ADCON1                            (abs)        0FC1
_ADCON0                            (abs)        0FC2
_ADCON0bits                        (abs)        0FC2
_ADRESL                            (abs)        0FC3
_ADRESH                            (abs)        0FC4
_T1CON                             (abs)        0FCD
_TMR1L                             (abs)        0FCE
_TMR1H                             (abs)        0FCF
_RCONbits                          (abs)        0FD0
_T0CON                             (abs)        0FD5
_TMR0L                             (abs)        0FD6
_TMR0H                             (abs)        0FD7
_INTCONbits                        (abs)        0FF2
_LCD_write_char                    text32       101A
__end_of_inizializzazione          text35       101A
__ptext32                          text32       101A
__end_of_LCD_write_char            text32       10B0
__ptext10                          text10       10B0
_display_voltage                   text10       10B0
__end_of_display_voltage           text10       1146
__ptext9                           text9        1146
_ricarica                          text9        1146
__end_of_ricarica                  text9        11DC
__ptext5                           text5        11DC
_utoa                              text5        11DC
_LCD_goto_line                     text33       128C
__end_of_utoa                      text5        128C
__ptext33                          text33       128C
__end_of_LCD_goto_line             text33       1344
__pintcode_body                    intcode_body 1344
___fltol                           text21       140C
__end_of_isr_alta                  intcode_body 140C
__ptext21                          text21       140C
_LCD_initialize                    text36       1518
__end_of___fltol                   text21       1518
__ptext36                          text36       1518
___flge                            text25       1632
__end_of_LCD_initialize            text36       1632
__ptext25                          text25       1632
__div_to_l_                        text18       1752
__end_of___flge                    text25       1752
__ptext18                          text18       1752
___xxtofl                          text27       187A
__end_of__div_to_l_                text18       187A
__ptext27                          text27       187A
__end_of___xxtofl                  text27       19CA
__ptext17                          text17       19CA
__tdiv_to_l_                       text17       19CA
_LCD_write_integer                 text3        1B26
__end_of__tdiv_to_l_               text17       1B26
__ptext3                           text3        1B26
__end_of_LCD_write_integer         text3        1CE2
__ptext2                           text2        1CE2
_scarica                           text2        1CE2
__end_of_scarica                   text2        1EAE
__ptext0                           text0        1EAE
_main                              text0        1EAE
__end_of_main                      text0        2086
__ptext26                          text26       2086
_read_adc                          text26       2086
__end_of_read_adc                  text26       22CA
__ptext14                          text14       22CA
_fround                            text14       22CA
___fldiv                           text29       2552
__end_of_fround                    text14       2552
__ptext29                          text29       2552
__end_of___fldiv                   text29       2912
__ptext12                          text12       2912
_scale                             text12       2912
___flmul                           text28       2D50
__end_of_scale                     text12       2D50
__ptext28                          text28       2D50
___fladd                           text23       31F6
__end_of___flmul                   text28       31F6
__ptext23                          text23       31F6
__end_of___fladd                   text23       369E
__ptext11                          text11       369E
_sprintf                           text11       369E
__Lmediumconst                     mediumconst  3EE6
__end_of_sprintf                   text11       3EE6
__mediumconst                      mediumconst  3EE6
__pmediumconst                     mediumconst  3EE6
__npowers_                         mediumconst  3EE7
__end_of__npowers_                 mediumconst  3F1B
__powers_                          mediumconst  3F1B
__end_of__powers_                  mediumconst  3F4F
_dpowers                           mediumconst  3F4F
__end_of_dpowers                   mediumconst  3F77
__Hmediumconst                     mediumconst  4000
__Hspace_0                         (abs)        4000
__S0                               (abs)        4000
btemp                              temp         0040
int$flags                          temp         0040
fround@prec                        cstackBANK0  00B2
display_voltage@line               cstackBANK0  00C3
end_of_initialization              cinit        0D26
int_func                           intcode_body 1344
itoa@buf                           cstackBANK0  0063
itoa@val                           cstackBANK0  0065
itoa@base                          cstackBANK0  0067
scale@scl                          cstackBANK0  00AE
start                              init         00AE
sprintf@sp                         cstackBANK0  00B9
sprintf@f                          cstackBANK0  00BB
sprintf@ap                         cstackBANK1  0104
sprintf@flag                       cstackBANK1  0106
sprintf@val                        cstackBANK1  0108
sprintf@exp                        cstackBANK1  010C
sprintf@tmpval                     cstackBANK1  010E
sprintf@prec                       cstackBANK1  0112
sprintf@fval                       cstackBANK1  0114
sprintf@c                          cstackBANK1  0118
start_initialization               cinit        0CDC
utoa@v                             cstackBANK0  0060
utoa@c                             cstackBANK0  0062
