Microchip MPLAB XC8 Compiler V1.37 ()

Linker command line:

--edf=C:\Program Files (x86)\Microchip\xc8\v1.37\dat\en_msgs.txt -cs \
  -h+dist/default/production\batteria4480.X.production.sym \
  --cmf=dist/default/production\batteria4480.X.production.cmf -z -Q18F4480 \
  -oC:\Users\simone\AppData\Local\Temp\s768.2 \
  -Mdist/default/production/batteria4480.X.production.map -E1 -ver=XC8 \
  --acfsm=1493 -ASTACK=0119h-02ffh -pstack=STACK -ACODE=00h-03FFFh \
  -ACONST=00h-03FFFh -ASMALLCONST=0300h-03FFhx61 -AMEDIUMCONST=0300h-03FFFh \
  -ACOMRAM=01h-05Fh -AABS1=00h-02FFh -ABIGRAM=01h-02FFh \
  -ARAM=060h-0FFh,0100h-01FFhx2 -ABANK0=060h-0FFh -ABANK1=0100h-01FFh \
  -ABANK2=0200h-02FFh -ASFR=0D00h-0DFFhx2,0F00h-0F5Fh,0F60h-0FFFh \
  -preset_vec=00h,intcode=08h,intcodelo=018h,powerup,init,end_init \
  -pramtop=0300h -psmallconst=SMALLCONST -pmediumconst=MEDIUMCONST \
  -pconst=CONST -AFARRAM=00h-00h -ACONFIG=0300000h-030000Dh -pconfig=CONFIG \
  -AIDLOC=0200000h-0200007h -pidloc=IDLOC -AEEDATA=0F00000h-0F000FFh \
  -peeprom_data=EEDATA \
  -prdata=COMRAM,nvrram=COMRAM,nvbit=COMRAM,rbss=COMRAM,rbit=COMRAM \
  -pfarbss=FARRAM,fardata=FARRAM,nvFARRAM=FARRAM \
  -pintsave_regs=BIGRAM,bigbss=BIGRAM,bigdata=BIGRAM -pbss=RAM \
  -pidata=CODE,irdata=CODE,ibigdata=CODE,ifardata=CODE -prparam=COMRAM \
  C:\Users\simone\AppData\Local\Temp\s768.obj \
  dist/default/production\batteria4480.X.production.obj 

Object code version is 3.11

Machine type is 18F4480

Call graph: (short form)




                Name                               Link     Load   Length Selector   Space Scale
C:\Users\simone\AppData\Local\Temp\s768.obj
                end_init                             B8       B8        4        C       0
                reset_vec                             0        0        4        0       0
                idloc                            200000   200000        8   200000       0
                config                           300000   300000        E   300000       0
dist/default/production\batteria4480.X.production.obj
                intcodelo                            18       18       A0        C       0
                intcode                               8        8        E        4       0
                temp                                 40       40        1        1       1
                mediumconst                        3EE6     3EE6      11A     1F73       0
                intcode_body                       2BAA     2BAA       C8        C       0
                text44                             35D2     35D2        E        C       0
                text43                             352C     352C       26        C       0
                text42                             33FE     33FE       32        C       0
                text41                             35B4     35B4       1E        C       0
                text40                             3430     3430       30        C       0
                text39                             3506     3506       26        C       0
                text38                             34B8     34B8       28        C       0
                text37                             35E0     35E0        8        C       0
                text36                             2984     2984      11A        C       0
                text35                             2F9C     2F9C       88        C       0
                text34                             3576     3576       20        C       0
                text33                             2C72     2C72       B8        C       0
                text32                             2F06     2F06       96        C       0
                text31                             348E     348E       2A        C       0
                text30                             3552     3552       24        C       0
                text29                             1690     1690      3C0        C       0
                text28                              DAC      DAC      4A6        C       0
                text27                             25EC     25EC      150        C       0
                text26                             1CD8     1CD8      244        C       0
                text25                             2864     2864      120        C       0
                text24                             3460     3460       2E        C       0
                text23                              904      904      4A8        C       0
                text22                             3374     3374       48        C       0
                text21                             2A9E     2A9E      10C        C       0
                text20                             312A     312A       82        C       0
                text19                             321C     321C       66        C       0
                text18                             273C     273C      128        C       0
                text17                             2490     2490      15C        C       0
                text16                             3024     3024       84        C       0
                text15                             31AC     31AC       70        C       0
                text14                             1A50     1A50      288        C       0
                text13                             3596     3596       1E        C       0
                text12                             1252     1252      43E        C       0
                text11                               BC       BC      848        C       0
                text10                             2E70     2E70       96        C       0
                text9                              2DDA     2DDA       96        C       0
                text8                              34E0     34E0       26        C       0
                text7                              32DA     32DA       52        C       0
                text6                              33BC     33BC       42        C       0
                text5                              2D2A     2D2A       B0        C       0
                text4                              332C     332C       48        C       0
                text3                              22D4     22D4      1BC        C       0
                text2                              2108     2108      1CC        C       0
                text1                              30A8     30A8       82        C       0
                text0                              1F1C     1F1C      1EC        C       0
                cstackCOMRAM                          1        1       2E        1       1
                cstackBANK0                          60       60       70       60       1
                cstackBANK1                         100      100       19      100       1
                dataBANK0                            F5       F5        4       60       1
                bssBANK0                             D0       D0       25       60       1
                dataCOMRAM                           3F       3F        1        1       1
                bssCOMRAM                            2F       2F        E        1       1
                cinit                              3282     3282       58        C       0
                nvCOMRAM                             3D       3D        2        1       1
                idataBANK0                         35E8     35E8        4        C       0
                idataCOMRAM                        35EC     35EC        1        C       0

TOTAL           Name                               Link     Load   Length     Space
        CLASS   STACK          

        CLASS   CODE           
                end_init                             B8       B8        4         0
                intcodelo                            18       18       A0         0
                intcode                               8        8        E         0
                reset_vec                             0        0        4         0
                intcode_body                       2BAA     2BAA       C8         0
                text44                             35D2     35D2        E         0
                text43                             352C     352C       26         0
                text42                             33FE     33FE       32         0
                text41                             35B4     35B4       1E         0
                text40                             3430     3430       30         0
                text39                             3506     3506       26         0
                text38                             34B8     34B8       28         0
                text37                             35E0     35E0        8         0
                text36                             2984     2984      11A         0
                text35                             2F9C     2F9C       88         0
                text34                             3576     3576       20         0
                text33                             2C72     2C72       B8         0
                text32                             2F06     2F06       96         0
                text31                             348E     348E       2A         0
                text30                             3552     3552       24         0
                text29                             1690     1690      3C0         0
                text28                              DAC      DAC      4A6         0
                text27                             25EC     25EC      150         0
                text26                             1CD8     1CD8      244         0
                text25                             2864     2864      120         0
                text24                             3460     3460       2E         0
                text23                              904      904      4A8         0
                text22                             3374     3374       48         0
                text21                             2A9E     2A9E      10C         0
                text20                             312A     312A       82         0
                text19                             321C     321C       66         0
                text18                             273C     273C      128         0
                text17                             2490     2490      15C         0
                text16                             3024     3024       84         0
                text15                             31AC     31AC       70         0
                text14                             1A50     1A50      288         0
                text13                             3596     3596       1E         0
                text12                             1252     1252      43E         0
                text11                               BC       BC      848         0
                text10                             2E70     2E70       96         0
                text9                              2DDA     2DDA       96         0
                text8                              34E0     34E0       26         0
                text7                              32DA     32DA       52         0
                text6                              33BC     33BC       42         0
                text5                              2D2A     2D2A       B0         0
                text4                              332C     332C       48         0
                text3                              22D4     22D4      1BC         0
                text2                              2108     2108      1CC         0
                text1                              30A8     30A8       82         0
                text0                              1F1C     1F1C      1EC         0
                cinit                              3282     3282       58         0
                idataBANK0                         35E8     35E8        4         0
                idataCOMRAM                        35EC     35EC        1         0

        CLASS   CONST          

        CLASS   SMALLCONST     

        CLASS   MEDIUMCONST    
                mediumconst                        3EE6     3EE6      11A         0

        CLASS   COMRAM         
                temp                                 40       40        1         1
                cstackCOMRAM                          1        1       2E         1
                dataCOMRAM                           3F       3F        1         1
                bssCOMRAM                            2F       2F        E         1
                nvCOMRAM                             3D       3D        2         1

        CLASS   ABS1           

        CLASS   BIGRAM         

        CLASS   RAM            

        CLASS   BANK0          
                cstackBANK0                          60       60       70         1
                dataBANK0                            F5       F5        4         1
                bssBANK0                             D0       D0       25         1

        CLASS   BANK1          
                cstackBANK1                         100      100       19         1

        CLASS   BANK2          

        CLASS   SFR            

        CLASS   FARRAM         

        CLASS   CONFIG         
                config                           300000   300000        E         0

        CLASS   IDLOC          
                idloc                            200000   200000        8         0

        CLASS   EEDATA         



SEGMENTS        Name                           Load    Length   Top    Selector   Space  Class

                reset_vec                      000000  000004  000004         0       0  CODE    
                cstackCOMRAM                   000001  000040  000041         1       1  COMRAM  
                intcode                        000008  00000E  000016         4       0  CODE    
                intcodelo                      000018  0035D5  0035ED         C       0  CODE    
                cstackBANK0                    000060  000099  0000F9        60       1  BANK0   
                cstackBANK1                    000100  000019  000119       100       1  BANK1   
                mediumconst                    003EE6  00011A  004000      1F73       0  MEDIUMCO
                idloc                          200000  000008  200008    200000       0  IDLOC   
                config                         300000  00000E  30000E    300000       0  CONFIG  


UNUSED ADDRESS RANGES

        Name                Unused          Largest block    Delta
        BANK0            0000F9-0000FF                7
        BANK1            000119-0001FF               E7
        BANK2            000200-0002FF              100
        BIGRAM           000041-00005F               1F
                         0000F9-0000FF                7
                         000119-0002FF              1E7
        CODE             000004-000007                4
                         000016-000017                2
                         0035ED-003EE5              8F9
        COMRAM           000041-00005F               1F
        CONST            000004-000007                4
                         000016-000017                2
                         0035ED-003EE5              8F9
        EEDATA           F00000-F000FF              100
        MEDIUMCONST      0035ED-003EE5              8F9
        RAM              0000F9-0000FF                7
                         000119-0002FF               E7
        SFR              000D00-000FFF              100
        SMALLCONST       0035ED-003EE5              100
        STACK            000119-0002FF              1E7

                                  Symbol Table

?___awdiv                          cstackCOMRAM 000026
?___awmod                          cstackCOMRAM 000020
?___fladd                          cstackBANK0  000079
?___fldiv                          cstackBANK0  000060
?___flmul                          cstackBANK0  00008D
?___flneg                          cstackCOMRAM 000020
?___flsub                          cstackBANK0  00008D
?___fltol                          cstackBANK0  0000AF
?___lldiv                          cstackCOMRAM 000020
?___llmod                          cstackCOMRAM 000020
?___lwdiv                          cstackCOMRAM 000020
?___lwmod                          cstackCOMRAM 000020
?___wmul                           cstackCOMRAM 000020
?___xxtofl                         cstackCOMRAM 000020
?__div_to_l_                       cstackCOMRAM 000020
?__tdiv_to_l_                      cstackCOMRAM 000020
?_fround                           cstackBANK0  0000A6
?_scale                            cstackBANK0  0000A6
?_sprintf                          cstackBANK0  0000B9
LCD_backlight@active               cstackCOMRAM 000020
LCD_cursor@active                  cstackCOMRAM 00002D
LCD_cursor@blinking                cstackCOMRAM 00002C
LCD_goto_line@line                 cstackCOMRAM 00002C
LCD_initialize@quartz_frequency    cstackCOMRAM 00002E
LCD_send_command@D0                cstackCOMRAM 00002A
LCD_send_command@D1                cstackCOMRAM 000029
LCD_send_command@D2                cstackCOMRAM 000028
LCD_send_command@D3                cstackCOMRAM 00002B
LCD_write_char@D0                  cstackBANK0  000063
LCD_write_char@D1                  cstackBANK0  000062
LCD_write_char@D2                  cstackBANK0  000061
LCD_write_char@D3                  cstackBANK0  000060
LCD_write_char@value               cstackBANK0  000064
LCD_write_integer@F16106           bssCOMRAM    00002F
LCD_write_integer@convertedInt     cstackBANK0  000072
LCD_write_integer@index            cstackBANK0  000078
LCD_write_integer@number_of_digits cstackBANK0  00006B
LCD_write_integer@value            cstackBANK0  000069
LCD_write_integer@zero_cleaning    cstackBANK0  00006C
LCD_write_message@buffer           cstackCOMRAM 00002C
LCD_write_string@buffer            cstackCOMRAM 00002C
_ADCON0                            (abs)        000FC2
_ADCON0bits                        (abs)        000FC2
_ADCON1                            (abs)        000FC1
_ADCON2                            (abs)        000FC0
_ADRESH                            (abs)        000FC4
_ADRESL                            (abs)        000FC3
_INTCONbits                        (abs)        000FF2
_IPR1bits                          (abs)        000F9F
_LATA                              (abs)        000F89
_LATB                              (abs)        000F8A
_LATBbits                          (abs)        000F8A
_LATC                              (abs)        000F8B
_LATD                              (abs)        000F8C
_LATDbits                          (abs)        000F8C
_LATE                              (abs)        000F8D
_LATEbits                          (abs)        000F8D
_LCD_backlight                     text44       0035D2
_LCD_clear                         text39       003506
_LCD_cursor                        text38       0034B8
_LCD_enable_pulse                  text41       0035B4
_LCD_goto_line                     text33       002C72
_LCD_home                          text8        0034E0
_LCD_initialize                    text36       002984
_LCD_send_command                  text40       003430
_LCD_write_char                    text32       002F06
_LCD_write_integer                 text3        0022D4
_LCD_write_message                 text31       00348E
_LCD_write_string                  text30       003552
_PIE1bits                          (abs)        000F9D
_PIR1bits                          (abs)        000F9E
_RCONbits                          (abs)        000FD0
_T0CON                             (abs)        000FD5
_T1CON                             (abs)        000FCD
_TMR0H                             (abs)        000FD7
_TMR0L                             (abs)        000FD6
_TMR1H                             (abs)        000FCF
_TMR1L                             (abs)        000FCE
_TRISA                             (abs)        000F92
_TRISB                             (abs)        000F93
_TRISC                             (abs)        000F94
_TRISD                             (abs)        000F95
_TRISE                             (abs)        000F96
__CFG_BBSIZ$1024                   (abs)        000000
__CFG_BOREN$BOHW                   (abs)        000000
__CFG_BORV$3                       (abs)        000000
__CFG_CP0$OFF                      (abs)        000000
__CFG_CP1$OFF                      (abs)        000000
__CFG_CPB$OFF                      (abs)        000000
__CFG_CPD$OFF                      (abs)        000000
__CFG_EBTR0$OFF                    (abs)        000000
__CFG_EBTR1$OFF                    (abs)        000000
__CFG_EBTRB$OFF                    (abs)        000000
__CFG_FCMEN$OFF                    (abs)        000000
__CFG_IESO$OFF                     (abs)        000000
__CFG_LPT1OSC$OFF                  (abs)        000000
__CFG_LVP$OFF                      (abs)        000000
__CFG_MCLRE$ON                     (abs)        000000
__CFG_OSC$HS                       (abs)        000000
__CFG_PBADEN$OFF                   (abs)        000000
__CFG_PWRT$OFF                     (abs)        000000
__CFG_STVREN$ON                    (abs)        000000
__CFG_WDT$OFF                      (abs)        000000
__CFG_WDTPS$32768                  (abs)        000000
__CFG_WRT0$OFF                     (abs)        000000
__CFG_WRT1$OFF                     (abs)        000000
__CFG_WRTB$OFF                     (abs)        000000
__CFG_WRTC$OFF                     (abs)        000000
__CFG_WRTD$OFF                     (abs)        000000
__CFG_XINST$OFF                    (abs)        000000
__HRAM                             (abs)        000000
__Habs1                            abs1         000000
__Hbank0                           bank0        000000
__Hbank1                           bank1        000000
__Hbank2                           bank2        000000
__Hbigbss                          bigbss       000000
__Hbigdata                         bigdata      000000
__Hbigram                          bigram       000000
__Hbss                             bss          000000
__HbssBANK0                        bssBANK0     000000
__HbssCOMRAM                       bssCOMRAM    000000
__Hcinit                           cinit        000000
__Hclrtext                         clrtext      000000
__Hcomram                          comram       000000
__Hconfig                          config       30000E
__Hconst                           const        000000
__HcstackBANK0                     cstackBANK0  000000
__HcstackBANK1                     cstackBANK1  000000
__HcstackCOMRAM                    cstackCOMRAM 000000
__Hdata                            data         000000
__HdataBANK0                       dataBANK0    000000
__HdataCOMRAM                      dataCOMRAM   000000
__Heeprom_data                     eeprom_data  000000
__Hend_init                        end_init     0000BC
__Hfarbss                          farbss       000000
__Hfardata                         fardata      000000
__Hibigdata                        ibigdata     000000
__Hidata                           idata        000000
__HidataBANK0                      idataBANK0   000000
__HidataCOMRAM                     idataCOMRAM  000000
__Hidloc                           idloc        200008
__Hifardata                        ifardata     000000
__Hinit                            init         0000B8
__Hintcode                         intcode      000016
__Hintcode_body                    intcode_body 000000
__Hintcodelo                       intcodelo    0000B8
__Hintentry                        intentry     000000
__Hintret                          intret       000000
__Hintsave_regs                    intsave_regs 000000
__Hirdata                          irdata       000000
__Hmediumconst                     mediumconst  004000
__HnvCOMRAM                        nvCOMRAM     000000
__HnvFARRAM                        nvFARRAM     000000
__Hnvbit                           nvbit        000000
__Hnvrram                          nvrram       000000
__Hparam                           rparam       000000
__Hpowerup                         powerup      0000B8
__Hram                             ram          000000
__Hramtop                          ramtop       000300
__Hrbit                            rbit         000000
__Hrbss                            rbss         000000
__Hrdata                           rdata        000000
__Hreset_vec                       reset_vec    000004
__Hrparam                          rparam       000000
__Hsfr                             sfr          000000
__Hsmallconst                      smallconst   000000
__Hspace_0                         (abs)        30000E
__Hspace_1                         (abs)        000119
__Hspace_2                         (abs)        000000
__Hstack                           stack        000000
__Hstruct                          struct       000000
__Htemp                            temp         000041
__Htext                            text         000000
__Htext0                           text0        000000
__Htext1                           text1        000000
__Htext10                          text10       000000
__Htext11                          text11       000000
__Htext12                          text12       000000
__Htext13                          text13       000000
__Htext14                          text14       000000
__Htext15                          text15       000000
__Htext16                          text16       000000
__Htext17                          text17       000000
__Htext18                          text18       000000
__Htext19                          text19       000000
__Htext2                           text2        000000
__Htext20                          text20       000000
__Htext21                          text21       000000
__Htext22                          text22       000000
__Htext23                          text23       000000
__Htext24                          text24       000000
__Htext25                          text25       000000
__Htext26                          text26       000000
__Htext27                          text27       000000
__Htext28                          text28       000000
__Htext29                          text29       000000
__Htext3                           text3        000000
__Htext30                          text30       000000
__Htext31                          text31       000000
__Htext32                          text32       000000
__Htext33                          text33       000000
__Htext34                          text34       000000
__Htext35                          text35       000000
__Htext36                          text36       000000
__Htext37                          text37       000000
__Htext38                          text38       000000
__Htext39                          text39       000000
__Htext4                           text4        000000
__Htext40                          text40       000000
__Htext41                          text41       000000
__Htext42                          text42       000000
__Htext43                          text43       000000
__Htext44                          text44       000000
__Htext5                           text5        000000
__Htext6                           text6        000000
__Htext7                           text7        000000
__Htext8                           text8        000000
__Htext9                           text9        000000
__LRAM                             (abs)        000001
__Labs1                            abs1         000000
__Lbank0                           bank0        000000
__Lbank1                           bank1        000000
__Lbank2                           bank2        000000
__Lbigbss                          bigbss       000000
__Lbigdata                         bigdata      000000
__Lbigram                          bigram       000000
__Lbss                             bss          000000
__LbssBANK0                        bssBANK0     000000
__LbssCOMRAM                       bssCOMRAM    000000
__Lcinit                           cinit        000000
__Lclrtext                         clrtext      000000
__Lcomram                          comram       000000
__Lconfig                          config       300000
__Lconst                           const        000000
__LcstackBANK0                     cstackBANK0  000000
__LcstackBANK1                     cstackBANK1  000000
__LcstackCOMRAM                    cstackCOMRAM 000000
__Ldata                            data         000000
__LdataBANK0                       dataBANK0    000000
__LdataCOMRAM                      dataCOMRAM   000000
__Leeprom_data                     eeprom_data  000000
__Lend_init                        end_init     0000B8
__Lfarbss                          farbss       000000
__Lfardata                         fardata      000000
__Libigdata                        ibigdata     000000
__Lidata                           idata        000000
__LidataBANK0                      idataBANK0   000000
__LidataCOMRAM                     idataCOMRAM  000000
__Lidloc                           idloc        200000
__Lifardata                        ifardata     000000
__Linit                            init         0000B8
__Lintcode                         intcode      000008
__Lintcode_body                    intcode_body 000000
__Lintcodelo                       intcodelo    000018
__Lintentry                        intentry     000000
__Lintret                          intret       000000
__Lintsave_regs                    intsave_regs 000000
__Lirdata                          irdata       000000
__Lmediumconst                     mediumconst  003EE6
__LnvCOMRAM                        nvCOMRAM     000000
__LnvFARRAM                        nvFARRAM     000000
__Lnvbit                           nvbit        000000
__Lnvrram                          nvrram       000000
__Lparam                           rparam       000000
__Lpowerup                         powerup      0000B8
__Lram                             ram          000000
__Lramtop                          ramtop       000300
__Lrbit                            rbit         000000
__Lrbss                            rbss         000000
__Lrdata                           rdata        000000
__Lreset_vec                       reset_vec    000000
__Lrparam                          rparam       000000
__Lsfr                             sfr          000000
__Lsmallconst                      smallconst   000000
__Lspace_0                         (abs)        000000
__Lspace_1                         (abs)        000000
__Lspace_2                         (abs)        000000
__Lstack                           stack        000000
__Lstruct                          struct       000000
__Ltemp                            temp         000040
__Ltext                            text         000000
__Ltext0                           text0        000000
__Ltext1                           text1        000000
__Ltext10                          text10       000000
__Ltext11                          text11       000000
__Ltext12                          text12       000000
__Ltext13                          text13       000000
__Ltext14                          text14       000000
__Ltext15                          text15       000000
__Ltext16                          text16       000000
__Ltext17                          text17       000000
__Ltext18                          text18       000000
__Ltext19                          text19       000000
__Ltext2                           text2        000000
__Ltext20                          text20       000000
__Ltext21                          text21       000000
__Ltext22                          text22       000000
__Ltext23                          text23       000000
__Ltext24                          text24       000000
__Ltext25                          text25       000000
__Ltext26                          text26       000000
__Ltext27                          text27       000000
__Ltext28                          text28       000000
__Ltext29                          text29       000000
__Ltext3                           text3        000000
__Ltext30                          text30       000000
__Ltext31                          text31       000000
__Ltext32                          text32       000000
__Ltext33                          text33       000000
__Ltext34                          text34       000000
__Ltext35                          text35       000000
__Ltext36                          text36       000000
__Ltext37                          text37       000000
__Ltext38                          text38       000000
__Ltext39                          text39       000000
__Ltext4                           text4        000000
__Ltext40                          text40       000000
__Ltext41                          text41       000000
__Ltext42                          text42       000000
__Ltext43                          text43       000000
__Ltext44                          text44       000000
__Ltext5                           text5        000000
__Ltext6                           text6        000000
__Ltext7                           text7        000000
__Ltext8                           text8        000000
__Ltext9                           text9        000000
__S0                               (abs)        30000E
__S1                               (abs)        000119
__S2                               (abs)        000000
___awdiv                           text16       003024
___awdiv@counter                   cstackCOMRAM 00002A
___awdiv@dividend                  cstackCOMRAM 000026
___awdiv@divisor                   cstackCOMRAM 000028
___awdiv@quotient                  cstackCOMRAM 00002C
___awdiv@sign                      cstackCOMRAM 00002B
___awmod                           text15       0031AC
___awmod@counter                   cstackCOMRAM 000024
___awmod@dividend                  cstackCOMRAM 000020
___awmod@divisor                   cstackCOMRAM 000022
___awmod@sign                      cstackCOMRAM 000025
___fladd                           text23       000904
___fladd@a                         cstackBANK0  00007D
___fladd@aexp                      cstackBANK0  00008A
___fladd@b                         cstackBANK0  000079
___fladd@bexp                      cstackBANK0  00008B
___fladd@grs                       cstackBANK0  00008C
___fladd@signs                     cstackBANK0  000089
___fldiv                           text29       001690
___fldiv@a                         cstackBANK0  000064
___fldiv@aexp                      cstackBANK0  000078
___fldiv@b                         cstackBANK0  000060
___fldiv@bexp                      cstackBANK0  000077
___fldiv@grs                       cstackBANK0  000073
___fldiv@new_exp                   cstackBANK0  000071
___fldiv@rem                       cstackBANK0  00006D
___fldiv@sign                      cstackBANK0  00006C
___flge                            text25       002864
___flge@ff1                        cstackCOMRAM 000020
___flge@ff2                        cstackCOMRAM 000024
___flmul                           text28       000DAC
___flmul@a                         cstackBANK0  000091
___flmul@aexp                      cstackBANK0  00009A
___flmul@b                         cstackBANK0  00008D
___flmul@bexp                      cstackBANK0  00009F
___flmul@grs                       cstackBANK0  00009B
___flmul@prod                      cstackBANK0  0000A0
___flmul@sign                      cstackBANK0  000099
___flmul@temp                      cstackBANK0  0000A4
___flneg                           text24       003460
___flneg@f1                        cstackCOMRAM 000020
___flsub                           text22       003374
___flsub@a                         cstackBANK0  000091
___flsub@b                         cstackBANK0  00008D
___fltol                           text21       002A9E
___fltol@exp1                      cstackBANK0  0000B8
___fltol@f1                        cstackBANK0  0000AF
___fltol@sign1                     cstackBANK0  0000B7
___inthi_sp                        stack        000000
___intlo_sp                        stack        000000
___lldiv                           text20       00312A
___lldiv@counter                   cstackCOMRAM 00002C
___lldiv@dividend                  cstackCOMRAM 000020
___lldiv@divisor                   cstackCOMRAM 000024
___lldiv@quotient                  cstackCOMRAM 000028
___llmod                           text19       00321C
___llmod@counter                   cstackCOMRAM 000028
___llmod@dividend                  cstackCOMRAM 000020
___llmod@divisor                   cstackCOMRAM 000024
___lwdiv                           text7        0032DA
___lwdiv@counter                   cstackCOMRAM 000024
___lwdiv@dividend                  cstackCOMRAM 000020
___lwdiv@divisor                   cstackCOMRAM 000022
___lwdiv@quotient                  cstackCOMRAM 000025
___lwmod                           text6        0033BC
___lwmod@counter                   cstackCOMRAM 000024
___lwmod@dividend                  cstackCOMRAM 000020
___lwmod@divisor                   cstackCOMRAM 000022
___param_bank                      (abs)        000010
___rparam_used                     (abs)        000001
___sp                              stack        000000
___wmul                            text43       00352C
___wmul@multiplicand               cstackCOMRAM 000022
___wmul@multiplier                 cstackCOMRAM 000020
___wmul@product                    cstackCOMRAM 000024
___xxtofl                          text27       0025EC
___xxtofl@arg                      cstackCOMRAM 00002A
___xxtofl@exp                      cstackCOMRAM 000029
___xxtofl@sign                     cstackCOMRAM 000028
___xxtofl@val                      cstackCOMRAM 000020
__accesstop                        (abs)        000060
__activetblptr                     (abs)        000002
__div_to_l_                        text18       00273C
__div_to_l_@cntr                   cstackCOMRAM 00002C
__div_to_l_@exp1                   cstackCOMRAM 00002D
__div_to_l_@f1                     cstackCOMRAM 000020
__div_to_l_@f2                     cstackCOMRAM 000024
__div_to_l_@quot                   cstackCOMRAM 000028
__end_of_LCD_backlight             text44       0035E0
__end_of_LCD_clear                 text39       00352C
__end_of_LCD_cursor                text38       0034E0
__end_of_LCD_enable_pulse          text41       0035D2
__end_of_LCD_goto_line             text33       002D2A
__end_of_LCD_home                  text8        003506
__end_of_LCD_initialize            text36       002A9E
__end_of_LCD_send_command          text40       003460
__end_of_LCD_write_char            text32       002F9C
__end_of_LCD_write_integer         text3        002490
__end_of_LCD_write_message         text31       0034B8
__end_of_LCD_write_string          text30       003576
__end_of___awdiv                   text16       0030A8
__end_of___awmod                   text15       00321C
__end_of___fladd                   text23       000DAC
__end_of___fldiv                   text29       001A50
__end_of___flge                    text25       002984
__end_of___flmul                   text28       001252
__end_of___flneg                   text24       00348E
__end_of___flsub                   text22       0033BC
__end_of___fltol                   text21       002BAA
__end_of___lldiv                   text20       0031AC
__end_of___llmod                   text19       003282
__end_of___lwdiv                   text7        00332C
__end_of___lwmod                   text6        0033FE
__end_of___wmul                    text43       003552
__end_of___xxtofl                  text27       00273C
__end_of__div_to_l_                text18       002864
__end_of__initialization           cinit        0032CC
__end_of__npowers_                 mediumconst  003F1B
__end_of__powers_                  mediumconst  003F4F
__end_of__tdiv_to_l_               text17       0025EC
__end_of_delay_ms                  text42       003430
__end_of_delay_s                   text34       003596
__end_of_delay_set_quartz          text37       0035E8
__end_of_display_voltage           text10       002F06
__end_of_dpowers                   mediumconst  003F77
__end_of_fround                    text14       001CD8
__end_of_inizializzazione          text35       003024
__end_of_isdigit                   text13       0035B4
__end_of_isr_alta                  intcode_body 002C72
__end_of_isr_bassa                 intcodelo    0000B8
__end_of_itoa                      text4        003374
__end_of_main                      text0        002108
__end_of_read_adc                  text26       001F1C
__end_of_ricarica                  text9        002E70
__end_of_scale                     text12       001690
__end_of_scarica                   text2        0022D4
__end_of_sprintf                   text11       000904
__end_of_stabilizzazione           text1        00312A
__end_of_utoa                      text5        002DDA
__initialization                   cinit        003282
__mediumconst                      mediumconst  003EE6
__npowers_                         mediumconst  003EE7
__pbssBANK0                        bssBANK0     0000D0
__pbssCOMRAM                       bssCOMRAM    00002F
__pcinit                           cinit        003282
__pcstackBANK0                     cstackBANK0  000060
__pcstackBANK1                     cstackBANK1  000100
__pcstackCOMRAM                    cstackCOMRAM 000001
__pdataBANK0                       dataBANK0    0000F5
__pdataCOMRAM                      dataCOMRAM   00003F
__pidataBANK0                      idataBANK0   0035E8
__pidataCOMRAM                     idataCOMRAM  0035EC
__pintcode                         intcode      000008
__pintcode_body                    intcode_body 002BAA
__pintcodelo                       intcodelo    000018
__pmediumconst                     mediumconst  003EE6
__pnvCOMRAM                        nvCOMRAM     00003D
__powers_                          mediumconst  003F1B
__ptext0                           text0        001F1C
__ptext1                           text1        0030A8
__ptext10                          text10       002E70
__ptext11                          text11       0000BC
__ptext12                          text12       001252
__ptext13                          text13       003596
__ptext14                          text14       001A50
__ptext15                          text15       0031AC
__ptext16                          text16       003024
__ptext17                          text17       002490
__ptext18                          text18       00273C
__ptext19                          text19       00321C
__ptext2                           text2        002108
__ptext20                          text20       00312A
__ptext21                          text21       002A9E
__ptext22                          text22       003374
__ptext23                          text23       000904
__ptext24                          text24       003460
__ptext25                          text25       002864
__ptext26                          text26       001CD8
__ptext27                          text27       0025EC
__ptext28                          text28       000DAC
__ptext29                          text29       001690
__ptext3                           text3        0022D4
__ptext30                          text30       003552
__ptext31                          text31       00348E
__ptext32                          text32       002F06
__ptext33                          text33       002C72
__ptext34                          text34       003576
__ptext35                          text35       002F9C
__ptext36                          text36       002984
__ptext37                          text37       0035E0
__ptext38                          text38       0034B8
__ptext39                          text39       003506
__ptext4                           text4        00332C
__ptext40                          text40       003430
__ptext41                          text41       0035B4
__ptext42                          text42       0033FE
__ptext43                          text43       00352C
__ptext44                          text44       0035D2
__ptext5                           text5        002D2A
__ptext6                           text6        0033BC
__ptext7                           text7        0032DA
__ptext8                           text8        0034E0
__ptext9                           text9        002DDA
__ramtop                           ramtop       000300
__size_of_LCD_backlight            (abs)        000000
__size_of_LCD_clear                (abs)        000000
__size_of_LCD_cursor               (abs)        000000
__size_of_LCD_enable_pulse         (abs)        000000
__size_of_LCD_goto_line            (abs)        000000
__size_of_LCD_home                 (abs)        000000
__size_of_LCD_initialize           (abs)        000000
__size_of_LCD_send_command         (abs)        000000
__size_of_LCD_write_char           (abs)        000000
__size_of_LCD_write_integer        (abs)        000000
__size_of_LCD_write_message        (abs)        000000
__size_of_LCD_write_string         (abs)        000000
__size_of___awdiv                  (abs)        000000
__size_of___awmod                  (abs)        000000
__size_of___fladd                  (abs)        000000
__size_of___fldiv                  (abs)        000000
__size_of___flge                   (abs)        000000
__size_of___flmul                  (abs)        000000
__size_of___flneg                  (abs)        000000
__size_of___flsub                  (abs)        000000
__size_of___fltol                  (abs)        000000
__size_of___lldiv                  (abs)        000000
__size_of___llmod                  (abs)        000000
__size_of___lwdiv                  (abs)        000000
__size_of___lwmod                  (abs)        000000
__size_of___wmul                   (abs)        000000
__size_of___xxtofl                 (abs)        000000
__size_of__div_to_l_               (abs)        000000
__size_of__tdiv_to_l_              (abs)        000000
__size_of_delay_ms                 (abs)        000000
__size_of_delay_s                  (abs)        000000
__size_of_delay_set_quartz         (abs)        000000
__size_of_display_voltage          (abs)        000000
__size_of_fround                   (abs)        000000
__size_of_inizializzazione         (abs)        000000
__size_of_isdigit                  (abs)        000000
__size_of_isr_alta                 (abs)        000000
__size_of_isr_bassa                (abs)        000000
__size_of_itoa                     (abs)        000000
__size_of_main                     (abs)        000000
__size_of_read_adc                 (abs)        000000
__size_of_ricarica                 (abs)        000000
__size_of_scale                    (abs)        000000
__size_of_scarica                  (abs)        000000
__size_of_sprintf                  (abs)        000000
__size_of_stabilizzazione          (abs)        000000
__size_of_utoa                     (abs)        000000
__smallconst                       smallconst   000000
__tdiv_to_l_                       text17       002490
__tdiv_to_l_@cntr                  cstackBANK0  000064
__tdiv_to_l_@exp1                  cstackBANK0  000065
__tdiv_to_l_@f1                    cstackCOMRAM 000020
__tdiv_to_l_@f2                    cstackCOMRAM 000024
__tdiv_to_l_@quot                  cstackBANK0  000060
_clock_counter_reference           nvCOMRAM     00003D
_combinazioni                      dataBANK0    0000F5
_current                           bssBANK0     0000D6
_delay_ms                          text42       0033FE
_delay_quartz_frequency_value      dataCOMRAM   00003F
_delay_s                           text34       003576
_delay_set_quartz                  text37       0035E0
_display_voltage                   text10       002E70
_dpowers                           mediumconst  003F4F
_fround                            text14       001A50
_fround$1411                       cstackBANK0  0000AE
_fround$1412                       cstackBANK0  0000AA
_inizializzazione                  text35       002F9C
_isdigit                           text13       003596
_isdigit$1035                      cstackCOMRAM 000021
_isr_alta                          intcode      000008
_isr_bassa                         intcodelo    000018
_itoa                              text4        00332C
_lettura                           bssBANK0     0000D0
_main                              text0        001F1C
_main$1410                         cstackBANK0  0000CC
_minuti                            bssBANK0     0000EE
_ore                               bssBANK0     0000F0
_read_adc                          text26       001CD8
_ricarica                          text9        002DDA
_scale                             text12       001252
_scale$1413                        cstackBANK0  0000AA
_scarica                           text2        002108
_secondi                           bssBANK0     0000F2
_sommatoriaCorrente                bssBANK0     0000DA
_somme                             bssBANK0     0000DE
_sprintf                           text11       0000BC
_sprintf$1414                      cstackBANK1  000100
_stabilizzazione                   text1        0030A8
_stati                             bssBANK0     0000F4
_str                               bssCOMRAM    000035
_tempo                             bssBANK0     0000E2
_tempo_old                         bssBANK0     0000E6
_utoa                              text5        002D2A
_voltage                           bssBANK0     0000EA
btemp                              temp         000040
delay_ms@value_ms                  cstackCOMRAM 000026
delay_s@repeat_loop                cstackCOMRAM 000029
delay_s@value_s                    cstackCOMRAM 000028
delay_set_quartz@frequency         cstackCOMRAM 000020
display_voltage@line               cstackBANK0  0000C3
end_of_initialization              cinit        0032CC
fround@prec                        cstackBANK0  0000B2
int$flags                          temp         000040
int_func                           intcode_body 002BAA
intlevel0                          text         000000
intlevel1                          text         000000
intlevel2                          text         000000
intlevel3                          text         000000
isdigit@c                          cstackCOMRAM 000022
itoa@base                          cstackBANK0  000067
itoa@buf                           cstackBANK0  000063
itoa@cp                            cstackCOMRAM 00002D
itoa@val                           cstackBANK0  000065
read_adc@i                         cstackCOMRAM 00002E
scale@scl                          cstackBANK0  0000AE
sprintf@ap                         cstackBANK1  000104
sprintf@c                          cstackBANK1  000118
sprintf@exp                        cstackBANK1  00010C
sprintf@f                          cstackBANK0  0000BB
sprintf@flag                       cstackBANK1  000106
sprintf@fval                       cstackBANK1  000114
sprintf@prec                       cstackBANK1  000112
sprintf@sp                         cstackBANK0  0000B9
sprintf@tmpval                     cstackBANK1  00010E
sprintf@val                        cstackBANK1  000108
stackhi                            (abs)        0002FF
stacklo                            (abs)        000119
start                              init         0000B8
start_initialization               cinit        003282
utoa@base                          cstackCOMRAM 00002B
utoa@buf                           cstackCOMRAM 000027
utoa@c                             cstackBANK0  000062
utoa@v                             cstackBANK0  000060
utoa@val                           cstackCOMRAM 000029


FUNCTION INFORMATION:

 *************** function _main *****************
 Defined at:
		line 64 in file "batterua.c"
 Parameters:    Size  Location     Type
		None
 Auto vars:     Size  Location     Type
		None
 Return value:  Size  Location     Type
                  1    wreg      void 
 Registers used:
		wreg, fsr1l, fsr1h, fsr2l, fsr2h, status,2, status,0, tblptrl, tblptrh, tblptru, prodl, prodh, cstack
 Tracked objects:
		On entry : 
		On exit  : 
		Unchanged: 
 Data sizes:     COMRAM   BANK0   BANK1   BANK2
      Params:         0       0       0       0
      Locals:         0       4       0       0
      Temps:          0       0       0       0
      Totals:         0       4       0       0
Total ram usage:        4 bytes
 Hardware stack levels required when called:   10
 This function calls:
		_LCD_goto_line
		_LCD_home
		_LCD_write_message
		_LCD_write_string
		___fladd
		___fldiv
		___flmul
		___xxtofl
		_inizializzazione
		_read_adc
		_ricarica
		_scarica
		_sprintf
		_stabilizzazione
 This function is called by:
		Startup code after reset
 This function uses a non-reentrant model


 *************** function _stabilizzazione *****************
 Defined at:
		line 107 in file "batterua.c"
 Parameters:    Size  Location     Type
		None
 Auto vars:     Size  Location     Type
		None
 Return value:  Size  Location     Type
                  1    wreg      void 
 Registers used:
		wreg, fsr2l, fsr2h, status,2, status,0, tblptrl, tblptrh, tblptru, prodl, prodh, cstack
 Tracked objects:
		On entry : 
		On exit  : 
		Unchanged: 
 Data sizes:     COMRAM   BANK0   BANK1   BANK2
      Params:         0       0       0       0
      Locals:         0       0       0       0
      Temps:          0       0       0       0
      Totals:         0       0       0       0
Total ram usage:        0 bytes
 Hardware stack levels used:    1
 Hardware stack levels required when called:    9
 This function calls:
		_LCD_goto_line
		_LCD_write_message
		___flge
		_delay_s
		_display_voltage
 This function is called by:
		_main
 This function uses a non-reentrant model


 *************** function _scarica *****************
 Defined at:
		line 124 in file "batterua.c"
 Parameters:    Size  Location     Type
		None
 Auto vars:     Size  Location     Type
		None
 Return value:  Size  Location     Type
                  1    wreg      void 
 Registers used:
		wreg, fsr1l, fsr1h, fsr2l, fsr2h, status,2, status,0, tblptrl, tblptrh, tblptru, prodl, prodh, cstack
 Tracked objects:
		On entry : 
		On exit  : 
		Unchanged: 
 Data sizes:     COMRAM   BANK0   BANK1   BANK2
      Params:         0       0       0       0
      Locals:         0       0       0       0
      Temps:          0       8       0       0
      Totals:         0       8       0       0
Total ram usage:        8 bytes
 Hardware stack levels used:    1
 Hardware stack levels required when called:    9
 This function calls:
		_LCD_home
		_LCD_write_integer
		_LCD_write_message
		___fladd
		___flge
		_delay_ms
		_display_voltage
 This function is called by:
		_main
 This function uses a non-reentrant model


 *************** function _LCD_write_integer *****************
 Defined at:
		line 210 in file "../../../Desktop/LaurTec_PIC_libraries_v_3.3.1 - Copia/src\LCD_44780.c"
 Parameters:    Size  Location     Type
  value           2    9[BANK0 ] int 
  number_of_di    1   11[BANK0 ] unsigned char 
  zero_cleanin    1   12[BANK0 ] unsigned char 
 Auto vars:     Size  Location     Type
  convertedInt    6   18[BANK0 ] unsigned char [6]
  index           1   24[BANK0 ] unsigned char 
 Return value:  Size  Location     Type
                  1    wreg      void 
 Registers used:
		wreg, fsr1l, fsr1h, fsr2l, fsr2h, status,2, status,0, prodl, prodh, cstack
 Tracked objects:
		On entry : 
		On exit  : 
		Unchanged: 
 Data sizes:     COMRAM   BANK0   BANK1   BANK2
      Params:         0       4       0       0
      Locals:         0       7       0       0
      Temps:          0       5       0       0
      Totals:         0      16       0       0
Total ram usage:       16 bytes
 Hardware stack levels used:    1
 Hardware stack levels required when called:    8
 This function calls:
		_LCD_write_string
		_itoa
 This function is called by:
		_scarica
 This function uses a non-reentrant model


 *************** function _itoa *****************
 Defined at:
		line 4 in file "C:\Program Files (x86)\Microchip\xc8\v1.37\sources\common\itoa.c"
 Parameters:    Size  Location     Type
  buf             2    3[BANK0 ] PTR unsigned char 
		 -> LCD_write_integer@convertedInt(6), 
  val             2    5[BANK0 ] int 
  base            2    7[BANK0 ] int 
 Auto vars:     Size  Location     Type
  cp              2   44[COMRAM] PTR unsigned char 
		 -> LCD_write_integer@convertedInt(6), 
 Return value:  Size  Location     Type
                  2    3[BANK0 ] PTR unsigned char 
 Registers used:
		wreg, fsr2l, fsr2h, status,2, status,0, cstack
 Tracked objects:
		On entry : 
		On exit  : 
		Unchanged: 
 Data sizes:     COMRAM   BANK0   BANK1   BANK2
      Params:         0       6       0       0
      Locals:         2       0       0       0
      Temps:          0       0       0       0
      Totals:         2       6       0       0
Total ram usage:        8 bytes
 Hardware stack levels used:    1
 Hardware stack levels required when called:    4
 This function calls:
		_utoa
 This function is called by:
		_LCD_write_integer
 This function uses a non-reentrant model


 *************** function _utoa *****************
 Defined at:
		line 17 in file "C:\Program Files (x86)\Microchip\xc8\v1.37\sources\common\itoa.c"
 Parameters:    Size  Location     Type
  buf             2   38[COMRAM] PTR unsigned char 
		 -> LCD_write_integer@convertedInt(6), 
  val             2   40[COMRAM] unsigned int 
  base            2   42[COMRAM] int 
 Auto vars:     Size  Location     Type
  v               2    0[BANK0 ] unsigned int 
  c               1    2[BANK0 ] unsigned char 
 Return value:  Size  Location     Type
                  2   38[COMRAM] PTR unsigned char 
 Registers used:
		wreg, fsr2l, fsr2h, status,2, status,0, cstack
 Tracked objects:
		On entry : 
		On exit  : 
		Unchanged: 
 Data sizes:     COMRAM   BANK0   BANK1   BANK2
      Params:         6       0       0       0
      Locals:         0       3       0       0
      Temps:          0       0       0       0
      Totals:         6       3       0       0
Total ram usage:        9 bytes
 Hardware stack levels used:    1
 Hardware stack levels required when called:    3
 This function calls:
		___lwdiv
		___lwmod
 This function is called by:
		_itoa
 This function uses a non-reentrant model


 *************** function ___lwmod *****************
 Defined at:
		line 8 in file "C:\Program Files (x86)\Microchip\xc8\v1.37\sources\common\lwmod.c"
 Parameters:    Size  Location     Type
  dividend        2   31[COMRAM] unsigned int 
  divisor         2   33[COMRAM] unsigned int 
 Auto vars:     Size  Location     Type
  counter         1   35[COMRAM] unsigned char 
 Return value:  Size  Location     Type
                  2   31[COMRAM] unsigned int 
 Registers used:
		wreg, status,2, status,0
 Tracked objects:
		On entry : 
		On exit  : 
		Unchanged: 
 Data sizes:     COMRAM   BANK0   BANK1   BANK2
      Params:         4       0       0       0
      Locals:         1       0       0       0
      Temps:          0       0       0       0
      Totals:         5       0       0       0
Total ram usage:        5 bytes
 Hardware stack levels used:    1
 Hardware stack levels required when called:    2
 This function calls:
		Nothing
 This function is called by:
		_utoa
 This function uses a non-reentrant model


 *************** function ___lwdiv *****************
 Defined at:
		line 8 in file "C:\Program Files (x86)\Microchip\xc8\v1.37\sources\common\lwdiv.c"
 Parameters:    Size  Location     Type
  dividend        2   31[COMRAM] unsigned int 
  divisor         2   33[COMRAM] unsigned int 
 Auto vars:     Size  Location     Type
  quotient        2   36[COMRAM] unsigned int 
  counter         1   35[COMRAM] unsigned char 
 Return value:  Size  Location     Type
                  2   31[COMRAM] unsigned int 
 Registers used:
		wreg, status,2, status,0
 Tracked objects:
		On entry : 
		On exit  : 
		Unchanged: 
 Data sizes:     COMRAM   BANK0   BANK1   BANK2
      Params:         4       0       0       0
      Locals:         3       0       0       0
      Temps:          0       0       0       0
      Totals:         7       0       0       0
Total ram usage:        7 bytes
 Hardware stack levels used:    1
 Hardware stack levels required when called:    2
 This function calls:
		Nothing
 This function is called by:
		_utoa
 This function uses a non-reentrant model


 *************** function _LCD_home *****************
 Defined at:
		line 74 in file "../../../Desktop/LaurTec_PIC_libraries_v_3.3.1 - Copia/src\LCD_44780.c"
 Parameters:    Size  Location     Type
		None
 Auto vars:     Size  Location     Type
		None
 Return value:  Size  Location     Type
                  1    wreg      void 
 Registers used:
		wreg, status,2, status,0, prodl, prodh, cstack
 Tracked objects:
		On entry : 
		On exit  : 
		Unchanged: 
 Data sizes:     COMRAM   BANK0   BANK1   BANK2
      Params:         0       0       0       0
      Locals:         0       0       0       0
      Temps:          0       0       0       0
      Totals:         0       0       0       0
Total ram usage:        0 bytes
 Hardware stack levels used:    1
 Hardware stack levels required when called:    6
 This function calls:
		_LCD_send_command
 This function is called by:
		_main
		_scarica
 This function uses a non-reentrant model


 *************** function _ricarica *****************
 Defined at:
		line 91 in file "batterua.c"
 Parameters:    Size  Location     Type
		None
 Auto vars:     Size  Location     Type
		None
 Return value:  Size  Location     Type
                  1    wreg      void 
 Registers used:
		wreg, fsr2l, fsr2h, status,2, status,0, tblptrl, tblptrh, tblptru, prodl, prodh, cstack
 Tracked objects:
		On entry : 
		On exit  : 
		Unchanged: 
 Data sizes:     COMRAM   BANK0   BANK1   BANK2
      Params:         0       0       0       0
      Locals:         0       0       0       0
      Temps:          0       0       0       0
      Totals:         0       0       0       0
Total ram usage:        0 bytes
 Hardware stack levels used:    1
 Hardware stack levels required when called:    9
 This function calls:
		_LCD_clear
		_LCD_goto_line
		_LCD_write_message
		___flge
		_delay_s
		_display_voltage
		_read_adc
 This function is called by:
		_main
 This function uses a non-reentrant model


 *************** function _display_voltage *****************
 Defined at:
		line 155 in file "batterua.c"
 Parameters:    Size  Location     Type
  line            1    wreg     unsigned char 
 Auto vars:     Size  Location     Type
  line            1   99[BANK0 ] unsigned char 
 Return value:  Size  Location     Type
                  1    wreg      void 
 Registers used:
		wreg, fsr2l, fsr2h, status,2, status,0, tblptrl, tblptrh, tblptru, prodl, prodh, cstack
 Tracked objects:
		On entry : 
		On exit  : 
		Unchanged: 
 Data sizes:     COMRAM   BANK0   BANK1   BANK2
      Params:         0       0       0       0
      Locals:         0       1       0       0
      Temps:          0       0       0       0
      Totals:         0       1       0       0
Total ram usage:        1 bytes
 Hardware stack levels used:    1
 Hardware stack levels required when called:    8
 This function calls:
		_LCD_goto_line
		_LCD_write_message
		_LCD_write_string
		_read_adc
		_sprintf
 This function is called by:
		_ricarica
		_stabilizzazione
		_scarica
 This function uses a non-reentrant model


 *************** function _sprintf *****************
 Defined at:
		line 492 in file "C:\Program Files (x86)\Microchip\xc8\v1.37\sources\common\doprnt.c"
 Parameters:    Size  Location     Type
  sp              2   89[BANK0 ] PTR unsigned char 
		 -> str(8), 
  f               2   91[BANK0 ] PTR const unsigned char 
		 -> STR_13(8), STR_12(7), STR_3(5), 
 Auto vars:     Size  Location     Type
  fval            4   20[BANK1 ] PTR const unsigned char 
  tmpval          4   14[BANK1 ] struct .
  val             4    8[BANK1 ] unsigned long 
  cp              3    0        PTR const unsigned char 
  prec            2   18[BANK1 ] int 
  exp             2   12[BANK1 ] int 
  flag            2    6[BANK1 ] unsigned short 
  ap              2    4[BANK1 ] PTR void [1]
		 -> ?_sprintf(2), 
  len             2    0        unsigned int 
  width           2    0        int 
  c               1   24[BANK1 ] char 
  d               1    0        unsigned char 
 Return value:  Size  Location     Type
                  2   89[BANK0 ] int 
 Registers used:
		wreg, fsr2l, fsr2h, status,2, status,0, tblptrl, tblptrh, tblptru, prodl, prodh, cstack
 Tracked objects:
		On entry : 
		On exit  : 
		Unchanged: 
 Data sizes:     COMRAM   BANK0   BANK1   BANK2
      Params:         0       8       0       0
      Locals:         0       0      25       0
      Temps:          0       2       0       0
      Totals:         0      10      25       0
Total ram usage:       35 bytes
 Hardware stack levels used:    1
 Hardware stack levels required when called:    4
 This function calls:
		___awdiv
		___fladd
		___flge
		___flmul
		___flneg
		___flsub
		___fltol
		___lldiv
		___llmod
		___wmul
		___xxtofl
		__div_to_l_
		__tdiv_to_l_
		_fround
		_isdigit
		_scale
 This function is called by:
		_main
		_display_voltage
 This function uses a non-reentrant model


 *************** function _scale *****************
 Defined at:
		line 425 in file "C:\Program Files (x86)\Microchip\xc8\v1.37\sources\common\doprnt.c"
 Parameters:    Size  Location     Type
  scl             1    wreg     char 
 Auto vars:     Size  Location     Type
  scl             1   78[BANK0 ] char 
 Return value:  Size  Location     Type
                  4   70[BANK0 ] char 
 Registers used:
		wreg, status,2, status,0, tblptrl, tblptrh, tblptru, prodl, prodh, cstack
 Tracked objects:
		On entry : 
		On exit  : 
		Unchanged: 
 Data sizes:     COMRAM   BANK0   BANK1   BANK2
      Params:         0       4       0       0
      Locals:         0       5       0       0
      Temps:          0       0       0       0
      Totals:         0       9       0       0
Total ram usage:        9 bytes
 Hardware stack levels used:    1
 Hardware stack levels required when called:    3
 This function calls:
		___awdiv
		___awmod
		___flmul
 This function is called by:
		_sprintf
 This function uses a non-reentrant model


 *************** function _isdigit *****************
 Defined at:
		line 8 in file "C:\Program Files (x86)\Microchip\xc8\v1.37\sources\common\isdigit.c"
 Parameters:    Size  Location     Type
  c               1    wreg     unsigned char 
 Auto vars:     Size  Location     Type
  c               1   33[COMRAM] unsigned char 
 Return value:  Size  Location     Type
		None               void
 Registers used:
		wreg, status,2, status,0
 Tracked objects:
		On entry : 
		On exit  : 
		Unchanged: 
 Data sizes:     COMRAM   BANK0   BANK1   BANK2
      Params:         0       0       0       0
      Locals:         2       0       0       0
      Temps:          1       0       0       0
      Totals:         3       0       0       0
Total ram usage:        3 bytes
 Hardware stack levels used:    1
 Hardware stack levels required when called:    2
 This function calls:
		Nothing
 This function is called by:
		_sprintf
 This function uses a non-reentrant model


 *************** function _fround *****************
 Defined at:
		line 409 in file "C:\Program Files (x86)\Microchip\xc8\v1.37\sources\common\doprnt.c"
 Parameters:    Size  Location     Type
  prec            1    wreg     unsigned char 
 Auto vars:     Size  Location     Type
  prec            1   82[BANK0 ] unsigned char 
 Return value:  Size  Location     Type
                  4   70[BANK0 ] unsigned char 
 Registers used:
		wreg, status,2, status,0, tblptrl, tblptrh, tblptru, prodl, prodh, cstack
 Tracked objects:
		On entry : 
		On exit  : 
		Unchanged: 
 Data sizes:     COMRAM   BANK0   BANK1   BANK2
      Params:         0       4       0       0
      Locals:         0       9       0       0
      Temps:          0       0       0       0
      Totals:         0      13       0       0
Total ram usage:       13 bytes
 Hardware stack levels used:    1
 Hardware stack levels required when called:    3
 This function calls:
		___awdiv
		___awmod
		___flmul
 This function is called by:
		_sprintf
 This function uses a non-reentrant model


 *************** function ___awmod *****************
 Defined at:
		line 8 in file "C:\Program Files (x86)\Microchip\xc8\v1.37\sources\common\awmod.c"
 Parameters:    Size  Location     Type
  dividend        2   31[COMRAM] int 
  divisor         2   33[COMRAM] int 
 Auto vars:     Size  Location     Type
  sign            1   36[COMRAM] unsigned char 
  counter         1   35[COMRAM] unsigned char 
 Return value:  Size  Location     Type
                  2   31[COMRAM] int 
 Registers used:
		wreg, status,2, status,0
 Tracked objects:
		On entry : 
		On exit  : 
		Unchanged: 
 Data sizes:     COMRAM   BANK0   BANK1   BANK2
      Params:         4       0       0       0
      Locals:         2       0       0       0
      Temps:          0       0       0       0
      Totals:         6       0       0       0
Total ram usage:        6 bytes
 Hardware stack levels used:    1
 Hardware stack levels required when called:    2
 This function calls:
		Nothing
 This function is called by:
		_fround
		_scale
 This function uses a non-reentrant model


 *************** function ___awdiv *****************
 Defined at:
		line 8 in file "C:\Program Files (x86)\Microchip\xc8\v1.37\sources\common\awdiv.c"
 Parameters:    Size  Location     Type
  dividend        2   37[COMRAM] int 
  divisor         2   39[COMRAM] int 
 Auto vars:     Size  Location     Type
  quotient        2   43[COMRAM] int 
  sign            1   42[COMRAM] unsigned char 
  counter         1   41[COMRAM] unsigned char 
 Return value:  Size  Location     Type
                  2   37[COMRAM] int 
 Registers used:
		wreg, status,2, status,0
 Tracked objects:
		On entry : 
		On exit  : 
		Unchanged: 
 Data sizes:     COMRAM   BANK0   BANK1   BANK2
      Params:         4       0       0       0
      Locals:         4       0       0       0
      Temps:          0       0       0       0
      Totals:         8       0       0       0
Total ram usage:        8 bytes
 Hardware stack levels used:    1
 Hardware stack levels required when called:    2
 This function calls:
		Nothing
 This function is called by:
		_fround
		_scale
		_sprintf
 This function uses a non-reentrant model


 *************** function __tdiv_to_l_ *****************
 Defined at:
		line 60 in file "C:\Program Files (x86)\Microchip\xc8\v1.37\sources\common\ftdivl.c"
 Parameters:    Size  Location     Type
  f1              4   31[COMRAM] float 
  f2              4   35[COMRAM] float 
 Auto vars:     Size  Location     Type
  quot            4    0[BANK0 ] unsigned long 
  exp1            1    5[BANK0 ] unsigned char 
  cntr            1    4[BANK0 ] unsigned char 
 Return value:  Size  Location     Type
                  4   31[COMRAM] unsigned long 
 Registers used:
		wreg, status,2, status,0
 Tracked objects:
		On entry : 
		On exit  : 
		Unchanged: 
 Data sizes:     COMRAM   BANK0   BANK1   BANK2
      Params:         8       0       0       0
      Locals:         0       6       0       0
      Temps:          3       0       0       0
      Totals:        11       6       0       0
Total ram usage:       17 bytes
 Hardware stack levels used:    1
 Hardware stack levels required when called:    2
 This function calls:
		Nothing
 This function is called by:
		_sprintf
 This function uses a non-reentrant model


 *************** function __div_to_l_ *****************
 Defined at:
		line 60 in file "C:\Program Files (x86)\Microchip\xc8\v1.37\sources\common\fldivl.c"
 Parameters:    Size  Location     Type
  f1              4   31[COMRAM] unsigned long 
  f2              4   35[COMRAM] unsigned long 
 Auto vars:     Size  Location     Type
  quot            4   39[COMRAM] unsigned long 
  exp1            1   44[COMRAM] unsigned char 
  cntr            1   43[COMRAM] unsigned char 
 Return value:  Size  Location     Type
                  4   31[COMRAM] unsigned long 
 Registers used:
		wreg, status,2, status,0
 Tracked objects:
		On entry : 
		On exit  : 
		Unchanged: 
 Data sizes:     COMRAM   BANK0   BANK1   BANK2
      Params:         8       0       0       0
      Locals:         6       0       0       0
      Temps:          0       0       0       0
      Totals:        14       0       0       0
Total ram usage:       14 bytes
 Hardware stack levels used:    1
 Hardware stack levels required when called:    2
 This function calls:
		Nothing
 This function is called by:
		_sprintf
 This function uses a non-reentrant model


 *************** function ___llmod *****************
 Defined at:
		line 8 in file "C:\Program Files (x86)\Microchip\xc8\v1.37\sources\common\llmod.c"
 Parameters:    Size  Location     Type
  dividend        4   31[COMRAM] unsigned long 
  divisor         4   35[COMRAM] unsigned long 
 Auto vars:     Size  Location     Type
  counter         1   39[COMRAM] unsigned char 
 Return value:  Size  Location     Type
                  4   31[COMRAM] unsigned long 
 Registers used:
		wreg, status,2, status,0
 Tracked objects:
		On entry : 
		On exit  : 
		Unchanged: 
 Data sizes:     COMRAM   BANK0   BANK1   BANK2
      Params:         8       0       0       0
      Locals:         1       0       0       0
      Temps:          0       0       0       0
      Totals:         9       0       0       0
Total ram usage:        9 bytes
 Hardware stack levels used:    1
 Hardware stack levels required when called:    2
 This function calls:
		Nothing
 This function is called by:
		_sprintf
 This function uses a non-reentrant model


 *************** function ___lldiv *****************
 Defined at:
		line 8 in file "C:\Program Files (x86)\Microchip\xc8\v1.37\sources\common\lldiv.c"
 Parameters:    Size  Location     Type
  dividend        4   31[COMRAM] unsigned long 
  divisor         4   35[COMRAM] unsigned long 
 Auto vars:     Size  Location     Type
  quotient        4   39[COMRAM] unsigned long 
  counter         1   43[COMRAM] unsigned char 
 Return value:  Size  Location     Type
                  4   31[COMRAM] unsigned long 
 Registers used:
		wreg, status,2, status,0
 Tracked objects:
		On entry : 
		On exit  : 
		Unchanged: 
 Data sizes:     COMRAM   BANK0   BANK1   BANK2
      Params:         8       0       0       0
      Locals:         5       0       0       0
      Temps:          0       0       0       0
      Totals:        13       0       0       0
Total ram usage:       13 bytes
 Hardware stack levels used:    1
 Hardware stack levels required when called:    2
 This function calls:
		Nothing
 This function is called by:
		_sprintf
 This function uses a non-reentrant model


 *************** function ___fltol *****************
 Defined at:
		line 43 in file "C:\Program Files (x86)\Microchip\xc8\v1.37\sources\common\fltol.c"
 Parameters:    Size  Location     Type
  f1              4   79[BANK0 ] unsigned long 
 Auto vars:     Size  Location     Type
  exp1            1   88[BANK0 ] unsigned char 
  sign1           1   87[BANK0 ] unsigned char 
 Return value:  Size  Location     Type
                  4   79[BANK0 ] long 
 Registers used:
		wreg, status,2, status,0
 Tracked objects:
		On entry : 
		On exit  : 
		Unchanged: 
 Data sizes:     COMRAM   BANK0   BANK1   BANK2
      Params:         0       4       0       0
      Locals:         0       2       0       0
      Temps:          0       4       0       0
      Totals:         0      10       0       0
Total ram usage:       10 bytes
 Hardware stack levels used:    1
 Hardware stack levels required when called:    2
 This function calls:
		Nothing
 This function is called by:
		_sprintf
 This function uses a non-reentrant model


 *************** function ___flsub *****************
 Defined at:
		line 245 in file "C:\Program Files (x86)\Microchip\xc8\v1.37\sources\common\sprcadd.c"
 Parameters:    Size  Location     Type
  b               4   45[BANK0 ] long 
  a               4   49[BANK0 ] long 
 Auto vars:     Size  Location     Type
		None
 Return value:  Size  Location     Type
                  4   45[BANK0 ] long 
 Registers used:
		wreg, status,2, status,0, cstack
 Tracked objects:
		On entry : 
		On exit  : 
		Unchanged: 
 Data sizes:     COMRAM   BANK0   BANK1   BANK2
      Params:         0       8       0       0
      Locals:         0       0       0       0
      Temps:          0       0       0       0
      Totals:         0       8       0       0
Total ram usage:        8 bytes
 Hardware stack levels used:    1
 Hardware stack levels required when called:    3
 This function calls:
		___fladd
 This function is called by:
		_sprintf
 This function uses a non-reentrant model


 *************** function ___fladd *****************
 Defined at:
		line 10 in file "C:\Program Files (x86)\Microchip\xc8\v1.37\sources\common\sprcadd.c"
 Parameters:    Size  Location     Type
  b               4   25[BANK0 ] long 
[...]
      Totals:         1       0       0       0
Total ram usage:        1 bytes
 Hardware stack levels used:    1
 Hardware stack levels required when called:    6
 This function calls:
		_LCD_send_command
 This function is called by:
		_main
		_ricarica
		_stabilizzazione
		_display_voltage
		_LCD_goto_xy
 This function uses a non-reentrant model


 *************** function _delay_s *****************
 Defined at:
		line 102 in file "../../../Desktop/LaurTec_PIC_libraries_v_3.3.1 - Copia/src\delay.c"
 Parameters:    Size  Location     Type
  value_s         1    wreg     unsigned char 
 Auto vars:     Size  Location     Type
  value_s         1   39[COMRAM] unsigned char 
  repeat_loop     1   40[COMRAM] unsigned char 
 Return value:  Size  Location     Type
                  1    wreg      void 
 Registers used:
		wreg, status,2, status,0, prodl, prodh, cstack
 Tracked objects:
		On entry : 
		On exit  : 
		Unchanged: 
 Data sizes:     COMRAM   BANK0   BANK1   BANK2
      Params:         0       0       0       0
      Locals:         2       0       0       0
      Temps:          0       0       0       0
      Totals:         2       0       0       0
Total ram usage:        2 bytes
 Hardware stack levels used:    1
 Hardware stack levels required when called:    4
 This function calls:
		_delay_ms
 This function is called by:
		_ricarica
		_stabilizzazione
 This function uses a non-reentrant model


 *************** function _inizializzazione *****************
 Defined at:
		line 185 in file "batterua.c"
 Parameters:    Size  Location     Type
		None
 Auto vars:     Size  Location     Type
		None
 Return value:  Size  Location     Type
                  1    wreg      void 
 Registers used:
		wreg, status,2, status,0, prodl, prodh, cstack
 Tracked objects:
		On entry : 
		On exit  : 
		Unchanged: 
 Data sizes:     COMRAM   BANK0   BANK1   BANK2
      Params:         0       0       0       0
      Locals:         0       0       0       0
      Temps:          0       0       0       0
      Totals:         0       0       0       0
Total ram usage:        0 bytes
 Hardware stack levels used:    1
 Hardware stack levels required when called:    8
 This function calls:
		_LCD_backlight
		_LCD_initialize
		_delay_ms
		_delay_set_quartz
 This function is called by:
		_main
 This function uses a non-reentrant model


 *************** function _LCD_initialize *****************
 Defined at:
		line 283 in file "../../../Desktop/LaurTec_PIC_libraries_v_3.3.1 - Copia/src\LCD_44780.c"
 Parameters:    Size  Location     Type
  quartz_frequ    1    wreg     unsigned char 
 Auto vars:     Size  Location     Type
  quartz_frequ    1   45[COMRAM] unsigned char 
 Return value:  Size  Location     Type
                  1    wreg      void 
 Registers used:
		wreg, status,2, status,0, prodl, prodh, cstack
 Tracked objects:
		On entry : 
		On exit  : 
		Unchanged: 
 Data sizes:     COMRAM   BANK0   BANK1   BANK2
      Params:         0       0       0       0
      Locals:         1       0       0       0
      Temps:          0       0       0       0
      Totals:         1       0       0       0
Total ram usage:        1 bytes
 Hardware stack levels used:    1
 Hardware stack levels required when called:    7
 This function calls:
		_LCD_clear
		_LCD_cursor
		_LCD_send_command
		_delay_ms
		_delay_set_quartz
 This function is called by:
		_inizializzazione
 This function uses a non-reentrant model


 *************** function _delay_set_quartz *****************
 Defined at:
		line 115 in file "../../../Desktop/LaurTec_PIC_libraries_v_3.3.1 - Copia/src\delay.c"
 Parameters:    Size  Location     Type
  frequency       1    wreg     unsigned char 
 Auto vars:     Size  Location     Type
  frequency       1   31[COMRAM] unsigned char 
 Return value:  Size  Location     Type
                  1    wreg      void 
 Registers used:
		wreg
 Tracked objects:
		On entry : 
		On exit  : 
		Unchanged: 
 Data sizes:     COMRAM   BANK0   BANK1   BANK2
      Params:         0       0       0       0
      Locals:         1       0       0       0
      Temps:          0       0       0       0
      Totals:         1       0       0       0
Total ram usage:        1 bytes
 Hardware stack levels used:    1
 Hardware stack levels required when called:    2
 This function calls:
		Nothing
 This function is called by:
		_LCD_initialize
		_inizializzazione
 This function uses a non-reentrant model


 *************** function _LCD_cursor *****************
 Defined at:
		line 266 in file "../../../Desktop/LaurTec_PIC_libraries_v_3.3.1 - Copia/src\LCD_44780.c"
 Parameters:    Size  Location     Type
  active          1    wreg     unsigned char 
  blinking        1   43[COMRAM] unsigned char 
 Auto vars:     Size  Location     Type
  active          1   44[COMRAM] unsigned char 
 Return value:  Size  Location     Type
                  1    wreg      void 
 Registers used:
		wreg, status,2, status,0, prodl, prodh, cstack
 Tracked objects:
		On entry : 
		On exit  : 
		Unchanged: 
 Data sizes:     COMRAM   BANK0   BANK1   BANK2
      Params:         1       0       0       0
      Locals:         1       0       0       0
      Temps:          0       0       0       0
      Totals:         2       0       0       0
Total ram usage:        2 bytes
 Hardware stack levels used:    1
 Hardware stack levels required when called:    6
 This function calls:
		_LCD_send_command
 This function is called by:
		_LCD_initialize
 This function uses a non-reentrant model


 *************** function _LCD_clear *****************
 Defined at:
		line 257 in file "../../../Desktop/LaurTec_PIC_libraries_v_3.3.1 - Copia/src\LCD_44780.c"
 Parameters:    Size  Location     Type
		None
 Auto vars:     Size  Location     Type
		None
 Return value:  Size  Location     Type
                  1    wreg      void 
 Registers used:
		wreg, status,2, status,0, prodl, prodh, cstack
 Tracked objects:
		On entry : 
		On exit  : 
		Unchanged: 
 Data sizes:     COMRAM   BANK0   BANK1   BANK2
      Params:         0       0       0       0
      Locals:         0       0       0       0
      Temps:          0       0       0       0
      Totals:         0       0       0       0
Total ram usage:        0 bytes
 Hardware stack levels used:    1
 Hardware stack levels required when called:    6
 This function calls:
		_LCD_send_command
 This function is called by:
		_LCD_initialize
		_ricarica
 This function uses a non-reentrant model


 *************** function _LCD_send_command *****************
 Defined at:
		line 61 in file "../../../Desktop/LaurTec_PIC_libraries_v_3.3.1 - Copia/src\LCD_44780.c"
 Parameters:    Size  Location     Type
  D3              1    wreg     unsigned char 
  D2              1   39[COMRAM] unsigned char 
  D1              1   40[COMRAM] unsigned char 
  D0              1   41[COMRAM] unsigned char 
 Auto vars:     Size  Location     Type
  D3              1   42[COMRAM] unsigned char 
 Return value:  Size  Location     Type
                  1    wreg      void 
 Registers used:
		wreg, status,2, status,0, prodl, prodh, cstack
 Tracked objects:
		On entry : 
		On exit  : 
		Unchanged: 
 Data sizes:     COMRAM   BANK0   BANK1   BANK2
      Params:         3       0       0       0
      Locals:         1       0       0       0
      Temps:          0       0       0       0
      Totals:         4       0       0       0
Total ram usage:        4 bytes
 Hardware stack levels used:    1
 Hardware stack levels required when called:    5
 This function calls:
		_LCD_enable_pulse
 This function is called by:
		_LCD_home
		_LCD_goto_line
		_LCD_write_char
		_LCD_clear
		_LCD_cursor
		_LCD_initialize
		_LCD_shift
		_LCD_shift_cursor
 This function uses a non-reentrant model


 *************** function _LCD_enable_pulse *****************
 Defined at:
		line 49 in file "../../../Desktop/LaurTec_PIC_libraries_v_3.3.1 - Copia/src\LCD_44780.c"
 Parameters:    Size  Location     Type
		None
 Auto vars:     Size  Location     Type
		None
 Return value:  Size  Location     Type
                  1    wreg      void 
 Registers used:
		wreg, status,2, status,0, prodl, prodh, cstack
 Tracked objects:
		On entry : 
		On exit  : 
		Unchanged: 
 Data sizes:     COMRAM   BANK0   BANK1   BANK2
      Params:         0       0       0       0
      Locals:         0       0       0       0
      Temps:          0       0       0       0
      Totals:         0       0       0       0
Total ram usage:        0 bytes
 Hardware stack levels used:    1
 Hardware stack levels required when called:    4
 This function calls:
		_delay_ms
 This function is called by:
		_LCD_send_command
 This function uses a non-reentrant model


 *************** function _delay_ms *****************
 Defined at:
		line 61 in file "../../../Desktop/LaurTec_PIC_libraries_v_3.3.1 - Copia/src\delay.c"
 Parameters:    Size  Location     Type
  value_ms        2   37[COMRAM] unsigned int 
 Auto vars:     Size  Location     Type
		None
 Return value:  Size  Location     Type
                  1    wreg      void 
 Registers used:
		wreg, status,2, status,0, prodl, prodh, cstack
 Tracked objects:
		On entry : 
		On exit  : 
		Unchanged: 
 Data sizes:     COMRAM   BANK0   BANK1   BANK2
      Params:         2       0       0       0
      Locals:         0       0       0       0
      Temps:          0       0       0       0
      Totals:         2       0       0       0
Total ram usage:        2 bytes
 Hardware stack levels used:    1
 Hardware stack levels required when called:    3
 This function calls:
		___wmul
 This function is called by:
		_LCD_enable_pulse
		_LCD_initialize
		_delay_s
		_scarica
		_read_adc
		_inizializzazione
 This function uses a non-reentrant model


 *************** function ___wmul *****************
 Defined at:
		line 15 in file "C:\Program Files (x86)\Microchip\xc8\v1.37\sources\common\Umul16.c"
 Parameters:    Size  Location     Type
  multiplier      2   31[COMRAM] unsigned int 
  multiplicand    2   33[COMRAM] unsigned int 
 Auto vars:     Size  Location     Type
  product         2   35[COMRAM] unsigned int 
 Return value:  Size  Location     Type
                  2   31[COMRAM] unsigned int 
 Registers used:
		wreg, status,2, status,0, prodl, prodh
 Tracked objects:
		On entry : 
		On exit  : 
		Unchanged: 
 Data sizes:     COMRAM   BANK0   BANK1   BANK2
      Params:         4       0       0       0
      Locals:         2       0       0       0
      Temps:          0       0       0       0
      Totals:         6       0       0       0
Total ram usage:        6 bytes
 Hardware stack levels used:    1
 Hardware stack levels required when called:    2
 This function calls:
		Nothing
 This function is called by:
		_delay_ms
		_sprintf
 This function uses a non-reentrant model


 *************** function _LCD_backlight *****************
 Defined at:
		line 275 in file "../../../Desktop/LaurTec_PIC_libraries_v_3.3.1 - Copia/src\LCD_44780.c"
 Parameters:    Size  Location     Type
  active          1    wreg     unsigned char 
 Auto vars:     Size  Location     Type
  active          1   31[COMRAM] unsigned char 
 Return value:  Size  Location     Type
                  1    wreg      void 
 Registers used:
		wreg
 Tracked objects:
		On entry : 
		On exit  : 
		Unchanged: 
 Data sizes:     COMRAM   BANK0   BANK1   BANK2
      Params:         0       0       0       0
      Locals:         1       0       0       0
      Temps:          0       0       0       0
      Totals:         1       0       0       0
Total ram usage:        1 bytes
 Hardware stack levels used:    1
 Hardware stack levels required when called:    2
 This function calls:
		Nothing
 This function is called by:
		_inizializzazione
 This function uses a non-reentrant model


 *************** function _isr_bassa *****************
 Defined at:
		line 54 in file "batterua.c"
 Parameters:    Size  Location     Type
		None
 Auto vars:     Size  Location     Type
		None
 Return value:  Size  Location     Type
                  1    wreg      void 
 Registers used:
		wreg, status,2
 Tracked objects:
		On entry : 
		On exit  : 
		Unchanged: 
 Data sizes:     COMRAM   BANK0   BANK1   BANK2
      Params:         0       0       0       0
      Locals:         0       0       0       0
      Temps:         17       0       0       0
      Totals:        17       0       0       0
Total ram usage:       17 bytes
 Hardware stack levels used:    1
 Hardware stack levels required when called:    1
 This function calls:
		Nothing
 This function is called by:
		Interrupt level 1
 This function uses a non-reentrant model


 *************** function _isr_alta *****************
 Defined at:
		line 38 in file "batterua.c"
 Parameters:    Size  Location     Type
		None
 Auto vars:     Size  Location     Type
		None
 Return value:  Size  Location     Type
                  1    wreg      void 
 Registers used:
		wreg, status,2, status,0
 Tracked objects:
		On entry : 
		On exit  : 
		Unchanged: 
 Data sizes:     COMRAM   BANK0   BANK1   BANK2
      Params:         0       0       0       0
      Locals:         0       0       0       0
      Temps:         14       0       0       0
      Totals:        14       0       0       0
Total ram usage:       14 bytes
 Hardware stack levels used:    1
 This function calls:
		Nothing
 This function is called by:
		Interrupt level 2
 This function uses a non-reentrant model



MODULE INFORMATION

Module		Function		Class		Link	Load	Size
C:\Program Files (x86)\Microchip\xc8\v1.37\sources\common\sprcdiv.c
		___fldiv       		CODE           	1690	0000	961

C:\Program Files (x86)\Microchip\xc8\v1.37\sources\common\sprcdiv.c estimated size: 961

C:\Program Files (x86)\Microchip\xc8\v1.37\sources\common\llmod.c
		___llmod       		CODE           	321C	0000	103

C:\Program Files (x86)\Microchip\xc8\v1.37\sources\common\llmod.c estimated size: 103

C:\Program Files (x86)\Microchip\xc8\v1.37\sources\common\doprnt.c
		_scale         		CODE           	1252	0000	1087
		_sprintf       		CODE           	00BC	0000	2121
		_fround        		CODE           	1A50	0000	649

C:\Program Files (x86)\Microchip\xc8\v1.37\sources\common\doprnt.c estimated size: 3857

batterua.c
		_isr_bassa     		CODE           	0018	0000	161
		_scarica       		CODE           	2108	0000	461
		_main          		CODE           	1F1C	0000	493
		_isr_alta      		CODE           	0008	0000	215
		_stabilizzazione		CODE           	30A8	0000	131
		_inizializzazione		CODE           	2F9C	0000	137
		_display_voltage		CODE           	2E70	0000	151
		_read_adc      		CODE           	1CD8	0000	581
		_ricarica      		CODE           	2DDA	0000	151

batterua.c estimated size: 2481

C:\Program Files (x86)\Microchip\xc8\v1.37\sources\common\Umul16.c
		___wmul        		CODE           	352C	0000	39

C:\Program Files (x86)\Microchip\xc8\v1.37\sources\common\Umul16.c estimated size: 39

C:\Program Files (x86)\Microchip\xc8\v1.37\sources\common\lwdiv.c
		___lwdiv       		CODE           	32DA	0000	83

C:\Program Files (x86)\Microchip\xc8\v1.37\sources\common\lwdiv.c estimated size: 83

C:\Program Files (x86)\Microchip\xc8\v1.37\sources\common\awdiv.c
		___awdiv       		CODE           	3024	0000	133

C:\Program Files (x86)\Microchip\xc8\v1.37\sources\common\awdiv.c estimated size: 133

C:\Program Files (x86)\Microchip\xc8\v1.37\sources\common\fltol.c
		___fltol       		CODE           	2A9E	0000	269

C:\Program Files (x86)\Microchip\xc8\v1.37\sources\common\fltol.c estimated size: 269

C:\Program Files (x86)\Microchip\xc8\v1.37\sources\common\isdigit.c
		_isdigit       		CODE           	3596	0000	31

C:\Program Files (x86)\Microchip\xc8\v1.37\sources\common\isdigit.c estimated size: 31

C:\Program Files (x86)\Microchip\xc8\v1.37\sources\common\sprcadd.c
		___flsub       		CODE           	3374	0000	73
		___fladd       		CODE           	0904	0000	1193

C:\Program Files (x86)\Microchip\xc8\v1.37\sources\common\sprcadd.c estimated size: 1266

C:\Program Files (x86)\Microchip\xc8\v1.37\sources\common\lldiv.c
		___lldiv       		CODE           	312A	0000	131

C:\Program Files (x86)\Microchip\xc8\v1.37\sources\common\lldiv.c estimated size: 131

../../../Desktop/LaurTec_PIC_libraries_v_3.3.1 - Copia/src\LCD_44780.c
		_LCD_clear     		CODE           	3506	0000	39
		_LCD_cursor    		CODE           	34B8	0000	41
		_LCD_goto_line 		CODE           	2C72	0000	185
		_LCD_write_string		CODE           	3552	0000	37
		_LCD_home      		CODE           	34E0	0000	39
		_LCD_enable_pulse		CODE           	35B4	0000	31
		_LCD_write_message		CODE           	348E	0000	43
		_LCD_write_char		CODE           	2F06	0000	151
		_LCD_write_integer		CODE           	22D4	0000	445
		_LCD_send_command		CODE           	3430	0000	49
		_LCD_initialize		CODE           	2984	0000	283
		_LCD_backlight 		CODE           	35D2	0000	15

../../../Desktop/LaurTec_PIC_libraries_v_3.3.1 - Copia/src\LCD_44780.c estimated size: 1358

C:\Program Files (x86)\Microchip\xc8\v1.37\sources\common\ftdivl.c
		__tdiv_to_l_   		CODE           	2490	0000	349

C:\Program Files (x86)\Microchip\xc8\v1.37\sources\common\ftdivl.c estimated size: 349

../../../Desktop/LaurTec_PIC_libraries_v_3.3.1 - Copia/src\delay.c
		_delay_set_quartz		CODE           	35E0	0000	9
		_delay_ms      		CODE           	33FE	0000	51
		_delay_s       		CODE           	3576	0000	33

../../../Desktop/LaurTec_PIC_libraries_v_3.3.1 - Copia/src\delay.c estimated size: 93

C:\Program Files (x86)\Microchip\xc8\v1.37\sources\common\fldivl.c
		__div_to_l_    		CODE           	273C	0000	297

C:\Program Files (x86)\Microchip\xc8\v1.37\sources\common\fldivl.c estimated size: 297

shared
		__powers_      		MEDIUMCONST    	3F1B	0000	53
		_dpowers       		MEDIUMCONST    	3F4F	0000	41
		__npowers_     		MEDIUMCONST    	3EE7	0000	53
		__initialization		CODE           	3282	0000	75

shared estimated size: 222

C:\Program Files (x86)\Microchip\xc8\v1.37\sources\common\itoa.c
		_itoa          		CODE           	332C	0000	73
		_utoa          		CODE           	2D2A	0000	177

C:\Program Files (x86)\Microchip\xc8\v1.37\sources\common\itoa.c estimated size: 250

C:\Program Files (x86)\Microchip\xc8\v1.37\sources\common\flneg.c
		___flneg       		CODE           	3460	0000	47

C:\Program Files (x86)\Microchip\xc8\v1.37\sources\common\flneg.c estimated size: 47

C:\Program Files (x86)\Microchip\xc8\v1.37\sources\common\flge.c
		___flge        		CODE           	2864	0000	289

C:\Program Files (x86)\Microchip\xc8\v1.37\sources\common\flge.c estimated size: 289

C:\Program Files (x86)\Microchip\xc8\v1.37\sources\common\xxtofl.c
		___xxtofl      		CODE           	25EC	0000	337

C:\Program Files (x86)\Microchip\xc8\v1.37\sources\common\xxtofl.c estimated size: 337

C:\Program Files (x86)\Microchip\xc8\v1.37\sources\common\lwmod.c
		___lwmod       		CODE           	33BC	0000	67

C:\Program Files (x86)\Microchip\xc8\v1.37\sources\common\lwmod.c estimated size: 67

C:\Program Files (x86)\Microchip\xc8\v1.37\sources\common\awmod.c
		___awmod       		CODE           	31AC	0000	113

C:\Program Files (x86)\Microchip\xc8\v1.37\sources\common\awmod.c estimated size: 113

C:\Program Files (x86)\Microchip\xc8\v1.37\sources\common\sprcmul.c
		___flmul       		CODE           	0DAC	0000	1191

C:\Program Files (x86)\Microchip\xc8\v1.37\sources\common\sprcmul.c estimated size: 1191

