Microchip MPLAB XC8 Compiler V1.37 ()

Linker command line:

--edf=C:\Program Files (x86)\Microchip\xc8\v1.37\dat\en_msgs.txt -cs \
  -h+dist/default/production\batteria4480.X.production.sym \
  --cmf=dist/default/production\batteria4480.X.production.cmf -z -Q18F4480 \
  -oC:\Users\simone\AppData\Local\Temp\s7og.2 \
  -Mdist/default/production/batteria4480.X.production.map -E1 -ver=XC8 \
  --acfsm=1493 -ASTACK=0C3h-02ffh -pstack=STACK -ACODE=00h-03FFFh \
  -ACONST=00h-03FFFh -ASMALLCONST=0300h-03FFhx61 -AMEDIUMCONST=0300h-03FFFh \
  -ACOMRAM=01h-05Fh -AABS1=00h-02FFh -ABIGRAM=01h-02FFh \
  -ARAM=060h-0FFh,0100h-01FFhx2 -ABANK0=060h-0FFh -ABANK1=0100h-01FFh \
  -ABANK2=0200h-02FFh -ASFR=0D00h-0DFFhx2,0F00h-0F5Fh,0F60h-0FFFh \
  -preset_vec=00h,intcode=08h,intcodelo,powerup,init,end_init \
  -pramtop=0300h -psmallconst=SMALLCONST -pmediumconst=MEDIUMCONST \
  -pconst=CONST -AFARRAM=00h-00h -ACONFIG=0300000h-030000Dh -pconfig=CONFIG \
  -AIDLOC=0200000h-0200007h -pidloc=IDLOC -AEEDATA=0F00000h-0F000FFh \
  -peeprom_data=EEDATA \
  -prdata=COMRAM,nvrram=COMRAM,nvbit=COMRAM,rbss=COMRAM,rbit=COMRAM \
  -pfarbss=FARRAM,fardata=FARRAM,nvFARRAM=FARRAM \
  -pintsave_regs=BIGRAM,bigbss=BIGRAM,bigdata=BIGRAM -pbss=RAM \
  -pidata=CODE,irdata=CODE,ibigdata=CODE,ifardata=CODE -prparam=COMRAM \
  C:\Users\simone\AppData\Local\Temp\s7og.obj \
  dist/default/production\batteria4480.X.production.obj 

Object code version is 3.11

Machine type is 18F4480

Call graph: (short form)




                Name                               Link     Load   Length Selector   Space Scale
C:\Users\simone\AppData\Local\Temp\s7og.obj
                end_init                             16       16        4        4       0
                reset_vec                             0        0        4        0       0
                idloc                            200000   200000        8   200000       0
                config                           300000   300000        E   300000       0
dist/default/production\batteria4480.X.production.obj
                intcode                               8        8        E        4       0
                temp                                 51       51        1        1       1
                smallconst                          300      300       D4      180       0
                intcode_body                       296E     296E       B4      1EA       0
                text33                             2E80     2E80       26      1EA       0
                text32                             2D78     2D78       32      1EA       0
                text31                             2EE8     2EE8       1E      1EA       0
                text30                             2DAA     2DAA       30      1EA       0
                text29                             28B6     28B6       B8      1EA       0
                text28                             2B98     2B98       70      1EA       0
                text27                             2EA6     2EA6       24      1EA       0
                text26                             2F06     2F06        E      1EA       0
                text25                             2E5A     2E5A       26      1EA       0
                text24                             2E32     2E32       28      1EA       0
                text23                             2F14     2F14        8      1EA       0
                text22                             26A2     26A2      11A      1EA       0
                text21                             2E08     2E08       2A      1EA       0
                text20                             2C08     2C08       6A      1EA       0
                text19                             1824     1824      33C      1EA       0
                text18                             14D4     14D4      350      1EA       0
                text17                             21D8     21D8      150      1EA       0
                text16                             1DDA     1DDA      23A      1EA       0
                text15                             2582     2582      120      1EA       0
                text14                             2DDA     2DDA       2E      1EA       0
                text13                              C14      C14      4A8      1EA       0
                text12                             2D30     2D30       48      1EA       0
                text11                             27BC     27BC       FA      1EA       0
                text10                             2AA6     2AA6       82      1EA       0
                text9                              2C72     2C72       66      1EA       0
                text8                              245A     245A      128      1EA       0
                text7                              2328     2328      132      1EA       0
                text6                              2A22     2A22       84      1EA       0
                text5                              2B28     2B28       70      1EA       0
                text4                              1B60     1B60      27A      1EA       0
                text3                              2ECA     2ECA       1E      1EA       0
                text2                              10BC     10BC      418      1EA       0
                text1                               3D4      3D4      840      1EA       0
                text0                              2014     2014      1C4      1EA       0
                cstackCOMRAM                          1        1       43        1       1
                cstackBANK0                          60       60       3F       60       1
                dataBANK0                            BF       BF        4       60       1
                bssBANK0                             9F       9F       1C       60       1
                dataCOMRAM                           50       50        1        1       1
                bssCOMRAM                            44       44        A        1       1
                cinit                              2CD8     2CD8       58      1EA       0
                nvBANK0                              BB       BB        4       60       1
                nvCOMRAM                             4E       4E        2        1       1
                idataBANK0                         2F1C     2F1C        4      1EA       0
                idataCOMRAM                        2F20     2F20        1      1EA       0

TOTAL           Name                               Link     Load   Length     Space
        CLASS   STACK          

        CLASS   CODE           
                end_init                             16       16        4         0
                intcode                               8        8        E         0
                reset_vec                             0        0        4         0
                intcode_body                       296E     296E       B4         0
                text33                             2E80     2E80       26         0
                text32                             2D78     2D78       32         0
                text31                             2EE8     2EE8       1E         0
                text30                             2DAA     2DAA       30         0
                text29                             28B6     28B6       B8         0
                text28                             2B98     2B98       70         0
                text27                             2EA6     2EA6       24         0
                text26                             2F06     2F06        E         0
                text25                             2E5A     2E5A       26         0
                text24                             2E32     2E32       28         0
                text23                             2F14     2F14        8         0
                text22                             26A2     26A2      11A         0
                text21                             2E08     2E08       2A         0
                text20                             2C08     2C08       6A         0
                text19                             1824     1824      33C         0
                text18                             14D4     14D4      350         0
                text17                             21D8     21D8      150         0
                text16                             1DDA     1DDA      23A         0
                text15                             2582     2582      120         0
                text14                             2DDA     2DDA       2E         0
                text13                              C14      C14      4A8         0
                text12                             2D30     2D30       48         0
                text11                             27BC     27BC       FA         0
                text10                             2AA6     2AA6       82         0
                text9                              2C72     2C72       66         0
                text8                              245A     245A      128         0
                text7                              2328     2328      132         0
                text6                              2A22     2A22       84         0
                text5                              2B28     2B28       70         0
                text4                              1B60     1B60      27A         0
                text3                              2ECA     2ECA       1E         0
                text2                              10BC     10BC      418         0
                text1                               3D4      3D4      840         0
                text0                              2014     2014      1C4         0
                cinit                              2CD8     2CD8       58         0
                idataBANK0                         2F1C     2F1C        4         0
                idataCOMRAM                        2F20     2F20        1         0

        CLASS   CONST          

        CLASS   SMALLCONST     
                smallconst                          300      300       D4         0

        CLASS   MEDIUMCONST    

        CLASS   COMRAM         
                temp                                 51       51        1         1
                cstackCOMRAM                          1        1       43         1
                dataCOMRAM                           50       50        1         1
                bssCOMRAM                            44       44        A         1
                nvCOMRAM                             4E       4E        2         1

        CLASS   ABS1           

        CLASS   BIGRAM         

        CLASS   RAM            

        CLASS   BANK0          
                cstackBANK0                          60       60       3F         1
                dataBANK0                            BF       BF        4         1
                bssBANK0                             9F       9F       1C         1
                nvBANK0                              BB       BB        4         1

        CLASS   BANK1          

        CLASS   BANK2          

        CLASS   SFR            

        CLASS   FARRAM         

        CLASS   CONFIG         
                config                           300000   300000        E         0

        CLASS   IDLOC          
                idloc                            200000   200000        8         0

        CLASS   EEDATA         



SEGMENTS        Name                           Load    Length   Top    Selector   Space  Class

                reset_vec                      000000  000004  000004         0       0  CODE    
                cstackCOMRAM                   000001  000051  000052         1       1  COMRAM  
                intcode                        000008  000012  00001A         4       0  CODE    
                cstackBANK0                    000060  000063  0000C3        60       1  BANK0   
                smallconst                     000300  0000D4  0003D4       180       0  SMALLCON
                text1                          0003D4  002B4D  002F21       1EA       0  CODE    
                idloc                          200000  000008  200008    200000       0  IDLOC   
                config                         300000  00000E  30000E    300000       0  CONFIG  


UNUSED ADDRESS RANGES

        Name                Unused          Largest block    Delta
        BANK0            0000C3-0000FF               3D
        BANK1            000100-0001FF              100
        BANK2            000200-0002FF              100
        BIGRAM           000052-00005F                E
                         0000C3-0002FF              23D
        CODE             000004-000007                4
                         00001A-0002FF              2E6
                         002F21-003FFF             10DF
        COMRAM           000052-00005F                E
        CONST            000004-000007                4
                         00001A-0002FF              2E6
                         002F21-003FFF             10DF
        EEDATA           F00000-F000FF              100
        MEDIUMCONST      002F21-003FFF             10DF
        RAM              0000C3-0002FF              100
        SFR              000D00-000FFF              100
        SMALLCONST       002F21-003FFF              100
        STACK            0000C3-0002FF              23D

                                  Symbol Table

?___awdiv                       cstackCOMRAM 000015
?___awmod                       cstackCOMRAM 00000F
?___fladd                       cstackBANK0  000060
?___fldiv                       cstackCOMRAM 000036
?___flmul                       cstackCOMRAM 00001D
?___flneg                       cstackCOMRAM 00000F
?___flsub                       cstackBANK0  000074
?___fltol                       cstackCOMRAM 00003F
?___lldiv                       cstackCOMRAM 00000F
?___llmod                       cstackCOMRAM 00000F
?___wmul                        cstackCOMRAM 00000F
?___xxtofl                      cstackCOMRAM 00000F
?__div_to_l_                    cstackCOMRAM 00000F
?__tdiv_to_l_                   cstackCOMRAM 00000F
?_fround                        cstackCOMRAM 000036
?_scale                         cstackCOMRAM 000036
?_sprintf                       cstackBANK0  00007C
LCD_backlight@active            cstackCOMRAM 00000F
LCD_cursor@active               cstackCOMRAM 00001C
LCD_cursor@blinking             cstackCOMRAM 00001B
LCD_goto_line@line              cstackCOMRAM 00001B
LCD_initialize@quartz_frequency cstackCOMRAM 00001D
LCD_send_command@D0             cstackCOMRAM 000019
LCD_send_command@D1             cstackCOMRAM 000018
LCD_send_command@D2             cstackCOMRAM 000017
LCD_send_command@D3             cstackCOMRAM 00001A
LCD_write_char@D0               cstackCOMRAM 00001E
LCD_write_char@D1               cstackCOMRAM 00001D
LCD_write_char@D2               cstackCOMRAM 00001C
LCD_write_char@D3               cstackCOMRAM 00001B
LCD_write_char@value            cstackCOMRAM 00001F
LCD_write_integer@F16106        bssBANK0     00009F
LCD_write_message@buffer        cstackCOMRAM 000020
LCD_write_string@buffer         cstackCOMRAM 000020
_ADCON0                         (abs)        000FC2
_ADCON0bits                     (abs)        000FC2
_ADCON1                         (abs)        000FC1
_ADCON2                         (abs)        000FC0
_ADRESH                         (abs)        000FC4
_ADRESL                         (abs)        000FC3
_INTCONbits                     (abs)        000FF2
_LATA                           (abs)        000F89
_LATB                           (abs)        000F8A
_LATC                           (abs)        000F8B
_LATD                           (abs)        000F8C
_LATDbits                       (abs)        000F8C
_LCD_backlight                  text26       002F06
_LCD_clear                      text25       002E5A
_LCD_cursor                     text24       002E32
_LCD_enable_pulse               text31       002EE8
_LCD_goto_line                  text29       0028B6
_LCD_initialize                 text22       0026A2
_LCD_send_command               text30       002DAA
_LCD_write_char                 text28       002B98
_LCD_write_message              text21       002E08
_LCD_write_string               text27       002EA6
_PORTBbits                      (abs)        000F81
_T0CON                          (abs)        000FD5
_TMR0H                          (abs)        000FD7
_TMR0L                          (abs)        000FD6
_TRISA                          (abs)        000F92
_TRISB                          (abs)        000F93
_TRISC                          (abs)        000F94
_TRISD                          (abs)        000F95
__CFG_BBSIZ$1024                (abs)        000000
__CFG_BOREN$BOHW                (abs)        000000
__CFG_BORV$3                    (abs)        000000
__CFG_CP0$OFF                   (abs)        000000
__CFG_CP1$OFF                   (abs)        000000
__CFG_CPB$OFF                   (abs)        000000
__CFG_CPD$OFF                   (abs)        000000
__CFG_EBTR0$OFF                 (abs)        000000
__CFG_EBTR1$OFF                 (abs)        000000
__CFG_EBTRB$OFF                 (abs)        000000
__CFG_FCMEN$OFF                 (abs)        000000
__CFG_IESO$OFF                  (abs)        000000
__CFG_LPT1OSC$OFF               (abs)        000000
__CFG_LVP$OFF                   (abs)        000000
__CFG_MCLRE$ON                  (abs)        000000
__CFG_OSC$HS                    (abs)        000000
__CFG_PBADEN$OFF                (abs)        000000
__CFG_PWRT$OFF                  (abs)        000000
__CFG_STVREN$ON                 (abs)        000000
__CFG_WDT$OFF                   (abs)        000000
__CFG_WDTPS$32768               (abs)        000000
__CFG_WRT0$OFF                  (abs)        000000
__CFG_WRT1$OFF                  (abs)        000000
__CFG_WRTB$OFF                  (abs)        000000
__CFG_WRTC$OFF                  (abs)        000000
__CFG_WRTD$OFF                  (abs)        000000
__CFG_XINST$OFF                 (abs)        000000
__HRAM                          (abs)        000000
__Habs1                         abs1         000000
__Hbank0                        bank0        000000
__Hbank1                        bank1        000000
__Hbank2                        bank2        000000
__Hbigbss                       bigbss       000000
__Hbigdata                      bigdata      000000
__Hbigram                       bigram       000000
__Hbss                          bss          000000
__HbssBANK0                     bssBANK0     000000
__HbssCOMRAM                    bssCOMRAM    000000
__Hcinit                        cinit        000000
__Hclrtext                      clrtext      000000
__Hcomram                       comram       000000
__Hconfig                       config       30000E
__Hconst                        const        000000
__HcstackBANK0                  cstackBANK0  000000
__HcstackCOMRAM                 cstackCOMRAM 000000
__Hdata                         data         000000
__HdataBANK0                    dataBANK0    000000
__HdataCOMRAM                   dataCOMRAM   000000
__Heeprom_data                  eeprom_data  000000
__Hend_init                     end_init     00001A
__Hfarbss                       farbss       000000
__Hfardata                      fardata      000000
__Hibigdata                     ibigdata     000000
__Hidata                        idata        000000
__HidataBANK0                   idataBANK0   000000
__HidataCOMRAM                  idataCOMRAM  000000
__Hidloc                        idloc        200008
__Hifardata                     ifardata     000000
__Hinit                         init         000016
__Hintcode                      intcode      000016
__Hintcode_body                 intcode_body 000000
__Hintcodelo                    intcodelo    000016
__Hintentry                     intentry     000000
__Hintret                       intret       000000
__Hintsave_regs                 intsave_regs 000000
__Hirdata                       irdata       000000
__Hmediumconst                  mediumconst  000000
__HnvBANK0                      nvBANK0      000000
__HnvCOMRAM                     nvCOMRAM     000000
__HnvFARRAM                     nvFARRAM     000000
__Hnvbit                        nvbit        000000
__Hnvrram                       nvrram       000000
__Hparam                        rparam       000000
__Hpowerup                      powerup      000016
__Hram                          ram          000000
__Hramtop                       ramtop       000300
__Hrbit                         rbit         000000
__Hrbss                         rbss         000000
__Hrdata                        rdata        000000
__Hreset_vec                    reset_vec    000004
__Hrparam                       rparam       000000
__Hsfr                          sfr          000000
__Hsmallconst                   smallconst   0003D4
__Hspace_0                      (abs)        30000E
__Hspace_1                      (abs)        0000C3
__Hspace_2                      (abs)        000000
__Hstack                        stack        000000
__Hstruct                       struct       000000
__Htemp                         temp         000052
__Htext                         text         000000
__Htext0                        text0        000000
__Htext1                        text1        000000
__Htext10                       text10       000000
__Htext11                       text11       000000
__Htext12                       text12       000000
__Htext13                       text13       000000
__Htext14                       text14       000000
__Htext15                       text15       000000
__Htext16                       text16       000000
__Htext17                       text17       000000
__Htext18                       text18       000000
__Htext19                       text19       000000
__Htext2                        text2        000000
__Htext20                       text20       000000
__Htext21                       text21       000000
__Htext22                       text22       000000
__Htext23                       text23       000000
__Htext24                       text24       000000
__Htext25                       text25       000000
__Htext26                       text26       000000
__Htext27                       text27       000000
__Htext28                       text28       000000
__Htext29                       text29       000000
__Htext3                        text3        000000
__Htext30                       text30       000000
__Htext31                       text31       000000
__Htext32                       text32       000000
__Htext33                       text33       000000
__Htext4                        text4        000000
__Htext5                        text5        000000
__Htext6                        text6        000000
__Htext7                        text7        000000
__Htext8                        text8        000000
__Htext9                        text9        000000
__LRAM                          (abs)        000001
__Labs1                         abs1         000000
__Lbank0                        bank0        000000
__Lbank1                        bank1        000000
__Lbank2                        bank2        000000
__Lbigbss                       bigbss       000000
__Lbigdata                      bigdata      000000
__Lbigram                       bigram       000000
__Lbss                          bss          000000
__LbssBANK0                     bssBANK0     000000
__LbssCOMRAM                    bssCOMRAM    000000
__Lcinit                        cinit        000000
__Lclrtext                      clrtext      000000
__Lcomram                       comram       000000
__Lconfig                       config       300000
__Lconst                        const        000000
__LcstackBANK0                  cstackBANK0  000000
__LcstackCOMRAM                 cstackCOMRAM 000000
__Ldata                         data         000000
__LdataBANK0                    dataBANK0    000000
__LdataCOMRAM                   dataCOMRAM   000000
__Leeprom_data                  eeprom_data  000000
__Lend_init                     end_init     000016
__Lfarbss                       farbss       000000
__Lfardata                      fardata      000000
__Libigdata                     ibigdata     000000
__Lidata                        idata        000000
__LidataBANK0                   idataBANK0   000000
__LidataCOMRAM                  idataCOMRAM  000000
__Lidloc                        idloc        200000
__Lifardata                     ifardata     000000
__Linit                         init         000016
__Lintcode                      intcode      000008
__Lintcode_body                 intcode_body 000000
__Lintcodelo                    intcodelo    000016
__Lintentry                     intentry     000000
__Lintret                       intret       000000
__Lintsave_regs                 intsave_regs 000000
__Lirdata                       irdata       000000
__Lmediumconst                  mediumconst  000000
__LnvBANK0                      nvBANK0      000000
__LnvCOMRAM                     nvCOMRAM     000000
__LnvFARRAM                     nvFARRAM     000000
__Lnvbit                        nvbit        000000
__Lnvrram                       nvrram       000000
__Lparam                        rparam       000000
__Lpowerup                      powerup      000016
__Lram                          ram          000000
__Lramtop                       ramtop       000300
__Lrbit                         rbit         000000
__Lrbss                         rbss         000000
__Lrdata                        rdata        000000
__Lreset_vec                    reset_vec    000000
__Lrparam                       rparam       000000
__Lsfr                          sfr          000000
__Lsmallconst                   smallconst   000300
__Lspace_0                      (abs)        000000
__Lspace_1                      (abs)        000000
__Lspace_2                      (abs)        000000
__Lstack                        stack        000000
__Lstruct                       struct       000000
__Ltemp                         temp         000051
__Ltext                         text         000000
__Ltext0                        text0        000000
__Ltext1                        text1        000000
__Ltext10                       text10       000000
__Ltext11                       text11       000000
__Ltext12                       text12       000000
__Ltext13                       text13       000000
__Ltext14                       text14       000000
__Ltext15                       text15       000000
__Ltext16                       text16       000000
__Ltext17                       text17       000000
__Ltext18                       text18       000000
__Ltext19                       text19       000000
__Ltext2                        text2        000000
__Ltext20                       text20       000000
__Ltext21                       text21       000000
__Ltext22                       text22       000000
__Ltext23                       text23       000000
__Ltext24                       text24       000000
__Ltext25                       text25       000000
__Ltext26                       text26       000000
__Ltext27                       text27       000000
__Ltext28                       text28       000000
__Ltext29                       text29       000000
__Ltext3                        text3        000000
__Ltext30                       text30       000000
__Ltext31                       text31       000000
__Ltext32                       text32       000000
__Ltext33                       text33       000000
__Ltext4                        text4        000000
__Ltext5                        text5        000000
__Ltext6                        text6        000000
__Ltext7                        text7        000000
__Ltext8                        text8        000000
__Ltext9                        text9        000000
__S0                            (abs)        30000E
__S1                            (abs)        0000C3
__S2                            (abs)        000000
___awdiv                        text6        002A22
___awdiv@counter                cstackCOMRAM 000019
___awdiv@dividend               cstackCOMRAM 000015
___awdiv@divisor                cstackCOMRAM 000017
___awdiv@quotient               cstackCOMRAM 00001B
___awdiv@sign                   cstackCOMRAM 00001A
___awmod                        text5        002B28
___awmod@counter                cstackCOMRAM 000013
___awmod@dividend               cstackCOMRAM 00000F
___awmod@divisor                cstackCOMRAM 000011
___awmod@sign                   cstackCOMRAM 000014
___fladd                        text13       000C14
___fladd@a                      cstackBANK0  000064
___fladd@aexp                   cstackBANK0  000071
___fladd@b                      cstackBANK0  000060
___fladd@bexp                   cstackBANK0  000072
___fladd@grs                    cstackBANK0  000073
___fladd@signs                  cstackBANK0  000070
___fldiv                        text19       001824
___fldiv@a                      cstackCOMRAM 00003A
___fldiv@aexp                   cstackBANK0  00006C
___fldiv@b                      cstackCOMRAM 000036
___fldiv@bexp                   cstackBANK0  00006B
___fldiv@grs                    cstackBANK0  000067
___fldiv@new_exp                cstackBANK0  000065
___fldiv@rem                    cstackBANK0  000061
___fldiv@sign                   cstackBANK0  000060
___flge                         text15       002582
___flge@ff1                     cstackCOMRAM 00000F
___flge@ff2                     cstackCOMRAM 000013
___flmul                        text18       0014D4
___flmul@a                      cstackCOMRAM 000021
___flmul@aexp                   cstackCOMRAM 00002E
___flmul@b                      cstackCOMRAM 00001D
___flmul@bexp                   cstackCOMRAM 00002F
___flmul@grs                    cstackCOMRAM 00002A
___flmul@prod                   cstackCOMRAM 000030
___flmul@sign                   cstackCOMRAM 000029
___flmul@temp                   cstackCOMRAM 000034
___flneg                        text14       002DDA
___flneg@f1                     cstackCOMRAM 00000F
___flsub                        text12       002D30
___flsub@a                      cstackBANK0  000078
___flsub@b                      cstackBANK0  000074
___fltol                        text11       0027BC
___fltol@exp1                   cstackBANK0  000065
___fltol@f1                     cstackCOMRAM 00003F
___fltol@sign1                  cstackBANK0  000064
___inthi_sp                     stack        000000
___intlo_sp                     stack        000000
___lldiv                        text10       002AA6
___lldiv@counter                cstackCOMRAM 00001B
___lldiv@dividend               cstackCOMRAM 00000F
___lldiv@divisor                cstackCOMRAM 000013
___lldiv@quotient               cstackCOMRAM 000017
___llmod                        text9        002C72
___llmod@counter                cstackCOMRAM 000017
___llmod@dividend               cstackCOMRAM 00000F
___llmod@divisor                cstackCOMRAM 000013
___param_bank                   (abs)        000010
___rparam_used                  (abs)        000001
___sp                           stack        000000
___wmul                         text33       002E80
___wmul@multiplicand            cstackCOMRAM 000011
___wmul@multiplier              cstackCOMRAM 00000F
___wmul@product                 cstackCOMRAM 000013
___xxtofl                       text17       0021D8
___xxtofl@arg                   cstackCOMRAM 000019
___xxtofl@exp                   cstackCOMRAM 000018
___xxtofl@sign                  cstackCOMRAM 000017
___xxtofl@val                   cstackCOMRAM 00000F
__accesstop                     (abs)        000060
__activetblptr                  (abs)        000002
__div_to_l_                     text8        00245A
__div_to_l_@cntr                cstackCOMRAM 00001B
__div_to_l_@exp1                cstackCOMRAM 00001C
__div_to_l_@f1                  cstackCOMRAM 00000F
__div_to_l_@f2                  cstackCOMRAM 000013
__div_to_l_@quot                cstackCOMRAM 000017
__end_of_LCD_backlight          text26       002F14
__end_of_LCD_clear              text25       002E80
__end_of_LCD_cursor             text24       002E5A
__end_of_LCD_enable_pulse       text31       002F06
__end_of_LCD_goto_line          text29       00296E
__end_of_LCD_initialize         text22       0027BC
__end_of_LCD_send_command       text30       002DDA
__end_of_LCD_write_char         text28       002C08
__end_of_LCD_write_message      text21       002E32
__end_of_LCD_write_string       text27       002ECA
__end_of___awdiv                text6        002AA6
__end_of___awmod                text5        002B98
__end_of___fladd                text13       0010BC
__end_of___fldiv                text19       001B60
__end_of___flge                 text15       0026A2
__end_of___flmul                text18       001824
__end_of___flneg                text14       002E08
__end_of___flsub                text12       002D78
__end_of___fltol                text11       0028B6
__end_of___lldiv                text10       002B28
__end_of___llmod                text9        002CD8
__end_of___wmul                 text33       002EA6
__end_of___xxtofl               text17       002328
__end_of__div_to_l_             text8        002582
__end_of__initialization        cinit        002D22
__end_of__npowers_              smallconst   000335
__end_of__powers_               smallconst   000369
__end_of__tdiv_to_l_            text7        00245A
__end_of_delay_ms               text32       002DAA
__end_of_delay_set_quartz       text23       002F1C
__end_of_dpowers                smallconst   000391
__end_of_fround                 text4        001DDA
__end_of_inizializzazione       text20       002C72
__end_of_isdigit                text3        002EE8
__end_of_isr_alta               intcode_body 002A22
__end_of_main                   text0        0021D8
__end_of_read_adc               text16       002014
__end_of_scale                  text2        0014D4
__end_of_sprintf                text1        000C14
__initialization                cinit        002CD8
__mediumconst                   mediumconst  000000
__npowers_                      smallconst   000301
__pbssBANK0                     bssBANK0     00009F
__pbssCOMRAM                    bssCOMRAM    000044
__pcinit                        cinit        002CD8
__pcstackBANK0                  cstackBANK0  000060
__pcstackCOMRAM                 cstackCOMRAM 000001
__pdataBANK0                    dataBANK0    0000BF
__pdataCOMRAM                   dataCOMRAM   000050
__pidataBANK0                   idataBANK0   002F1C
__pidataCOMRAM                  idataCOMRAM  002F20
__pintcode                      intcode      000008
__pintcode_body                 intcode_body 00296E
__pnvBANK0                      nvBANK0      0000BB
__pnvCOMRAM                     nvCOMRAM     00004E
__powers_                       smallconst   000335
__psmallconst                   smallconst   000300
__ptext0                        text0        002014
__ptext1                        text1        0003D4
__ptext10                       text10       002AA6
__ptext11                       text11       0027BC
__ptext12                       text12       002D30
__ptext13                       text13       000C14
__ptext14                       text14       002DDA
__ptext15                       text15       002582
__ptext16                       text16       001DDA
__ptext17                       text17       0021D8
__ptext18                       text18       0014D4
__ptext19                       text19       001824
__ptext2                        text2        0010BC
__ptext20                       text20       002C08
__ptext21                       text21       002E08
__ptext22                       text22       0026A2
__ptext23                       text23       002F14
__ptext24                       text24       002E32
__ptext25                       text25       002E5A
__ptext26                       text26       002F06
__ptext27                       text27       002EA6
__ptext28                       text28       002B98
__ptext29                       text29       0028B6
__ptext3                        text3        002ECA
__ptext30                       text30       002DAA
__ptext31                       text31       002EE8
__ptext32                       text32       002D78
__ptext33                       text33       002E80
__ptext4                        text4        001B60
__ptext5                        text5        002B28
__ptext6                        text6        002A22
__ptext7                        text7        002328
__ptext8                        text8        00245A
__ptext9                        text9        002C72
__ramtop                        ramtop       000300
__size_of_LCD_backlight         (abs)        000000
__size_of_LCD_clear             (abs)        000000
__size_of_LCD_cursor            (abs)        000000
__size_of_LCD_enable_pulse      (abs)        000000
__size_of_LCD_goto_line         (abs)        000000
__size_of_LCD_initialize        (abs)        000000
__size_of_LCD_send_command      (abs)        000000
__size_of_LCD_write_char        (abs)        000000
__size_of_LCD_write_message     (abs)        000000
__size_of_LCD_write_string      (abs)        000000
__size_of___awdiv               (abs)        000000
__size_of___awmod               (abs)        000000
__size_of___fladd               (abs)        000000
__size_of___fldiv               (abs)        000000
__size_of___flge                (abs)        000000
__size_of___flmul               (abs)        000000
__size_of___flneg               (abs)        000000
__size_of___flsub               (abs)        000000
__size_of___fltol               (abs)        000000
__size_of___lldiv               (abs)        000000
__size_of___llmod               (abs)        000000
__size_of___wmul                (abs)        000000
__size_of___xxtofl              (abs)        000000
__size_of__div_to_l_            (abs)        000000
__size_of__tdiv_to_l_           (abs)        000000
__size_of_delay_ms              (abs)        000000
__size_of_delay_set_quartz      (abs)        000000
__size_of_fround                (abs)        000000
__size_of_inizializzazione      (abs)        000000
__size_of_isdigit               (abs)        000000
__size_of_isr_alta              (abs)        000000
__size_of_main                  (abs)        000000
__size_of_read_adc              (abs)        000000
__size_of_scale                 (abs)        000000
__size_of_sprintf               (abs)        000000
__smallconst                    smallconst   000300
__tdiv_to_l_                    text7        002328
__tdiv_to_l_@cntr               cstackCOMRAM 00001E
__tdiv_to_l_@exp1               cstackCOMRAM 00001F
__tdiv_to_l_@f1                 cstackCOMRAM 00000F
__tdiv_to_l_@f2                 cstackCOMRAM 000013
__tdiv_to_l_@quot               cstackCOMRAM 00001A
_clock_counter_reference        nvCOMRAM     00004E
_combinazioni                   dataBANK0    0000BF
_current                        bssBANK0     0000AB
_delay_ms                       text32       002D78
_delay_quartz_frequency_value   dataCOMRAM   000050
_delay_set_quartz               text23       002F14
_dpowers                        smallconst   000369
_fround                         text4        001B60
_fround$1123                    cstackCOMRAM 00003E
_fround$1124                    cstackCOMRAM 00003A
_inizializzazione               text20       002C08
_isdigit                        text3        002ECA
_isdigit$748                    cstackCOMRAM 000010
_isr_alta                       intcode      000008
_lettura                        bssBANK0     0000A5
_main                           text0        002014
_minuti                         bssCOMRAM    000048
_ore                            bssCOMRAM    00004A
_rapporto                       nvBANK0      0000BB
_read_adc                       text16       001DDA
_scale                          text2        0010BC
_scale$1125                     cstackCOMRAM 00003A
_secondi                        bssCOMRAM    00004C
_sprintf                        text1        0003D4
_sprintf$1126                   cstackBANK0  000086
_str                            bssBANK0     0000B3
_tempo                          bssCOMRAM    000044
_voltage                        bssBANK0     0000AF
btemp                           temp         000051
delay_ms@value_ms               cstackCOMRAM 000015
delay_set_quartz@frequency      cstackCOMRAM 00000F
end_of_initialization           cinit        002D22
fround@prec                     cstackCOMRAM 000042
int$flags                       temp         000051
int_func                        intcode_body 00296E
intlevel0                       text         000000
intlevel1                       text         000000
intlevel2                       text         000000
intlevel3                       text         000000
isdigit@c                       cstackCOMRAM 000011
read_adc@i                      cstackBANK0  00006D
scale@scl                       cstackCOMRAM 00003E
sprintf@ap                      cstackBANK0  00008A
sprintf@c                       cstackBANK0  00009E
sprintf@exp                     cstackBANK0  000092
sprintf@f                       cstackBANK0  00007E
sprintf@flag                    cstackBANK0  00008C
sprintf@fval                    cstackBANK0  00009A
sprintf@prec                    cstackBANK0  000098
sprintf@sp                      cstackBANK0  00007C
sprintf@tmpval                  cstackBANK0  000094
sprintf@val                     cstackBANK0  00008E
stackhi                         (abs)        0002FF
stacklo                         (abs)        0000C3
start                           init         000016
start_initialization            cinit        002CD8


FUNCTION INFORMATION:

 *************** function _main *****************
 Defined at:
		line 49 in file "batterua.c"
 Parameters:    Size  Location     Type
		None
 Auto vars:     Size  Location     Type
		None
 Return value:  Size  Location     Type
                  1    wreg      void 
 Registers used:
		wreg, fsr2l, fsr2h, status,2, status,0, tblptrl, tblptrh, tblptru, prodl, prodh, cstack
 Tracked objects:
		On entry : 
		On exit  : 
		Unchanged: 
 Data sizes:     COMRAM   BANK0   BANK1   BANK2
      Params:         0       0       0       0
      Locals:         0       0       0       0
      Temps:          0       0       0       0
      Totals:         0       0       0       0
Total ram usage:        0 bytes
 Hardware stack levels required when called:    8
 This function calls:
		_LCD_goto_line
		_LCD_write_message
		_LCD_write_string
		___fldiv
		___flge
		_delay_ms
		_delay_set_quartz
		_inizializzazione
		_read_adc
		_sprintf
 This function is called by:
		Startup code after reset
 This function uses a non-reentrant model


 *************** function _sprintf *****************
 Defined at:
		line 492 in file "C:\Program Files (x86)\Microchip\xc8\v1.37\sources\common\doprnt.c"
 Parameters:    Size  Location     Type
  sp              2   28[BANK0 ] PTR unsigned char 
		 -> str(8), 
  f               2   30[BANK0 ] PTR const unsigned char 
		 -> STR_3(8), STR_2(7), 
 Auto vars:     Size  Location     Type
  fval            4   58[BANK0 ] PTR const unsigned char 
  tmpval          4   52[BANK0 ] struct .
  val             4   46[BANK0 ] unsigned long 
  cp              3    0        PTR const unsigned char 
  prec            2   56[BANK0 ] int 
  exp             2   50[BANK0 ] int 
  flag            2   44[BANK0 ] unsigned short 
  ap              2   42[BANK0 ] PTR void [1]
		 -> ?_sprintf(2), 
  len             2    0        unsigned int 
  width           2    0        int 
  c               1   62[BANK0 ] char 
  d               1    0        unsigned char 
 Return value:  Size  Location     Type
                  2   28[BANK0 ] int 
 Registers used:
		wreg, fsr2l, fsr2h, status,2, status,0, tblptrl, tblptrh, tblptru, prodl, prodh, cstack
 Tracked objects:
		On entry : 
		On exit  : 
		Unchanged: 
 Data sizes:     COMRAM   BANK0   BANK1   BANK2
      Params:         0       8       0       0
      Locals:         0      25       0       0
      Temps:          0       2       0       0
      Totals:         0      35       0       0
Total ram usage:       35 bytes
 Hardware stack levels used:    1
 Hardware stack levels required when called:    3
 This function calls:
		___awdiv
		___fladd
		___flge
		___flmul
		___flneg
		___flsub
		___fltol
		___lldiv
		___llmod
		___wmul
		___xxtofl
		__div_to_l_
		__tdiv_to_l_
		_fround
		_isdigit
		_scale
 This function is called by:
		_main
 This function uses a non-reentrant model


 *************** function _scale *****************
 Defined at:
		line 425 in file "C:\Program Files (x86)\Microchip\xc8\v1.37\sources\common\doprnt.c"
 Parameters:    Size  Location     Type
  scl             1    wreg     char 
 Auto vars:     Size  Location     Type
  scl             1   61[COMRAM] char 
 Return value:  Size  Location     Type
                  4   53[COMRAM] char 
 Registers used:
		wreg, status,2, status,0, tblptrl, tblptrh, tblptru, prodl, prodh, cstack
 Tracked objects:
		On entry : 
		On exit  : 
		Unchanged: 
 Data sizes:     COMRAM   BANK0   BANK1   BANK2
      Params:         4       0       0       0
      Locals:         5       0       0       0
      Temps:          0       0       0       0
      Totals:         9       0       0       0
Total ram usage:        9 bytes
 Hardware stack levels used:    1
 Hardware stack levels required when called:    2
 This function calls:
		___awdiv
		___awmod
		___flmul
 This function is called by:
		_sprintf
 This function uses a non-reentrant model


 *************** function _isdigit *****************
 Defined at:
		line 8 in file "C:\Program Files (x86)\Microchip\xc8\v1.37\sources\common\isdigit.c"
 Parameters:    Size  Location     Type
  c               1    wreg     unsigned char 
 Auto vars:     Size  Location     Type
  c               1   16[COMRAM] unsigned char 
 Return value:  Size  Location     Type
		None               void
 Registers used:
		wreg, status,2, status,0
 Tracked objects:
		On entry : 
		On exit  : 
		Unchanged: 
 Data sizes:     COMRAM   BANK0   BANK1   BANK2
      Params:         0       0       0       0
      Locals:         2       0       0       0
      Temps:          1       0       0       0
      Totals:         3       0       0       0
Total ram usage:        3 bytes
 Hardware stack levels used:    1
 Hardware stack levels required when called:    1
 This function calls:
		Nothing
 This function is called by:
		_sprintf
 This function uses a non-reentrant model


 *************** function _fround *****************
 Defined at:
		line 409 in file "C:\Program Files (x86)\Microchip\xc8\v1.37\sources\common\doprnt.c"
 Parameters:    Size  Location     Type
  prec            1    wreg     unsigned char 
 Auto vars:     Size  Location     Type
  prec            1   65[COMRAM] unsigned char 
 Return value:  Size  Location     Type
                  4   53[COMRAM] unsigned char 
 Registers used:
		wreg, status,2, status,0, tblptrl, tblptrh, tblptru, prodl, prodh, cstack
 Tracked objects:
		On entry : 
		On exit  : 
		Unchanged: 
 Data sizes:     COMRAM   BANK0   BANK1   BANK2
      Params:         4       0       0       0
      Locals:         9       0       0       0
      Temps:          0       0       0       0
      Totals:        13       0       0       0
Total ram usage:       13 bytes
 Hardware stack levels used:    1
 Hardware stack levels required when called:    2
 This function calls:
		___awdiv
		___awmod
		___flmul
 This function is called by:
		_sprintf
 This function uses a non-reentrant model


 *************** function ___awmod *****************
 Defined at:
		line 8 in file "C:\Program Files (x86)\Microchip\xc8\v1.37\sources\common\awmod.c"
 Parameters:    Size  Location     Type
  dividend        2   14[COMRAM] int 
  divisor         2   16[COMRAM] int 
 Auto vars:     Size  Location     Type
  sign            1   19[COMRAM] unsigned char 
  counter         1   18[COMRAM] unsigned char 
 Return value:  Size  Location     Type
                  2   14[COMRAM] int 
 Registers used:
		wreg, status,2, status,0
 Tracked objects:
		On entry : 
		On exit  : 
		Unchanged: 
 Data sizes:     COMRAM   BANK0   BANK1   BANK2
      Params:         4       0       0       0
      Locals:         2       0       0       0
      Temps:          0       0       0       0
      Totals:         6       0       0       0
Total ram usage:        6 bytes
 Hardware stack levels used:    1
 Hardware stack levels required when called:    1
 This function calls:
		Nothing
 This function is called by:
		_fround
		_scale
 This function uses a non-reentrant model


 *************** function ___awdiv *****************
 Defined at:
		line 8 in file "C:\Program Files (x86)\Microchip\xc8\v1.37\sources\common\awdiv.c"
 Parameters:    Size  Location     Type
  dividend        2   20[COMRAM] int 
  divisor         2   22[COMRAM] int 
 Auto vars:     Size  Location     Type
  quotient        2   26[COMRAM] int 
  sign            1   25[COMRAM] unsigned char 
  counter         1   24[COMRAM] unsigned char 
 Return value:  Size  Location     Type
                  2   20[COMRAM] int 
 Registers used:
		wreg, status,2, status,0
 Tracked objects:
		On entry : 
		On exit  : 
		Unchanged: 
 Data sizes:     COMRAM   BANK0   BANK1   BANK2
      Params:         4       0       0       0
      Locals:         4       0       0       0
      Temps:          0       0       0       0
      Totals:         8       0       0       0
Total ram usage:        8 bytes
 Hardware stack levels used:    1
 Hardware stack levels required when called:    1
 This function calls:
		Nothing
 This function is called by:
		_fround
		_scale
		_sprintf
 This function uses a non-reentrant model


 *************** function __tdiv_to_l_ *****************
 Defined at:
		line 60 in file "C:\Program Files (x86)\Microchip\xc8\v1.37\sources\common\ftdivl.c"
 Parameters:    Size  Location     Type
  f1              4   14[COMRAM] float 
  f2              4   18[COMRAM] float 
 Auto vars:     Size  Location     Type
  quot            4   25[COMRAM] unsigned long 
  exp1            1   30[COMRAM] unsigned char 
  cntr            1   29[COMRAM] unsigned char 
 Return value:  Size  Location     Type
                  4   14[COMRAM] unsigned long 
 Registers used:
		wreg, status,2, status,0
 Tracked objects:
		On entry : 
		On exit  : 
		Unchanged: 
 Data sizes:     COMRAM   BANK0   BANK1   BANK2
      Params:         8       0       0       0
      Locals:         6       0       0       0
      Temps:          3       0       0       0
      Totals:        17       0       0       0
Total ram usage:       17 bytes
 Hardware stack levels used:    1
 Hardware stack levels required when called:    1
 This function calls:
		Nothing
 This function is called by:
		_sprintf
 This function uses a non-reentrant model


 *************** function __div_to_l_ *****************
 Defined at:
		line 60 in file "C:\Program Files (x86)\Microchip\xc8\v1.37\sources\common\fldivl.c"
 Parameters:    Size  Location     Type
  f1              4   14[COMRAM] unsigned long 
  f2              4   18[COMRAM] unsigned long 
 Auto vars:     Size  Location     Type
  quot            4   22[COMRAM] unsigned long 
  exp1            1   27[COMRAM] unsigned char 
  cntr            1   26[COMRAM] unsigned char 
 Return value:  Size  Location     Type
                  4   14[COMRAM] unsigned long 
 Registers used:
		wreg, status,2, status,0
 Tracked objects:
		On entry : 
		On exit  : 
		Unchanged: 
 Data sizes:     COMRAM   BANK0   BANK1   BANK2
      Params:         8       0       0       0
      Locals:         6       0       0       0
      Temps:          0       0       0       0
      Totals:        14       0       0       0
Total ram usage:       14 bytes
 Hardware stack levels used:    1
 Hardware stack levels required when called:    1
 This function calls:
		Nothing
 This function is called by:
		_sprintf
 This function uses a non-reentrant model


 *************** function ___llmod *****************
 Defined at:
		line 8 in file "C:\Program Files (x86)\Microchip\xc8\v1.37\sources\common\llmod.c"
 Parameters:    Size  Location     Type
  dividend        4   14[COMRAM] unsigned long 
  divisor         4   18[COMRAM] unsigned long 
 Auto vars:     Size  Location     Type
  counter         1   22[COMRAM] unsigned char 
 Return value:  Size  Location     Type
                  4   14[COMRAM] unsigned long 
 Registers used:
		wreg, status,2, status,0
 Tracked objects:
		On entry : 
		On exit  : 
		Unchanged: 
 Data sizes:     COMRAM   BANK0   BANK1   BANK2
      Params:         8       0       0       0
      Locals:         1       0       0       0
      Temps:          0       0       0       0
      Totals:         9       0       0       0
Total ram usage:        9 bytes
 Hardware stack levels used:    1
 Hardware stack levels required when called:    1
 This function calls:
		Nothing
 This function is called by:
		_sprintf
 This function uses a non-reentrant model


 *************** function ___lldiv *****************
 Defined at:
		line 8 in file "C:\Program Files (x86)\Microchip\xc8\v1.37\sources\common\lldiv.c"
 Parameters:    Size  Location     Type
  dividend        4   14[COMRAM] unsigned long 
  divisor         4   18[COMRAM] unsigned long 
 Auto vars:     Size  Location     Type
  quotient        4   22[COMRAM] unsigned long 
  counter         1   26[COMRAM] unsigned char 
 Return value:  Size  Location     Type
                  4   14[COMRAM] unsigned long 
 Registers used:
		wreg, status,2, status,0
 Tracked objects:
		On entry : 
		On exit  : 
		Unchanged: 
 Data sizes:     COMRAM   BANK0   BANK1   BANK2
      Params:         8       0       0       0
      Locals:         5       0       0       0
      Temps:          0       0       0       0
      Totals:        13       0       0       0
Total ram usage:       13 bytes
 Hardware stack levels used:    1
 Hardware stack levels required when called:    1
 This function calls:
		Nothing
 This function is called by:
		_sprintf
 This function uses a non-reentrant model


 *************** function ___fltol *****************
 Defined at:
		line 43 in file "C:\Program Files (x86)\Microchip\xc8\v1.37\sources\common\fltol.c"
 Parameters:    Size  Location     Type
  f1              4   62[COMRAM] unsigned long 
 Auto vars:     Size  Location     Type
  exp1            1    5[BANK0 ] unsigned char 
  sign1           1    4[BANK0 ] unsigned char 
 Return value:  Size  Location     Type
                  4   62[COMRAM] long 
 Registers used:
		wreg, status,2, status,0
 Tracked objects:
		On entry : 
		On exit  : 
		Unchanged: 
 Data sizes:     COMRAM   BANK0   BANK1   BANK2
      Params:         4       0       0       0
      Locals:         0       2       0       0
      Temps:          0       4       0       0
      Totals:         4       6       0       0
Total ram usage:       10 bytes
 Hardware stack levels used:    1
 Hardware stack levels required when called:    1
 This function calls:
		Nothing
 This function is called by:
		_sprintf
 This function uses a non-reentrant model


 *************** function ___flsub *****************
 Defined at:
		line 245 in file "C:\Program Files (x86)\Microchip\xc8\v1.37\sources\common\sprcadd.c"
 Parameters:    Size  Location     Type
  b               4   20[BANK0 ] long 
  a               4   24[BANK0 ] long 
 Auto vars:     Size  Location     Type
		None
 Return value:  Size  Location     Type
                  4   20[BANK0 ] long 
 Registers used:
		wreg, status,2, status,0, cstack
 Tracked objects:
		On entry : 
		On exit  : 
		Unchanged: 
 Data sizes:     COMRAM   BANK0   BANK1   BANK2
      Params:         0       8       0       0
      Locals:         0       0       0       0
      Temps:          0       0       0       0
      Totals:         0       8       0       0
Total ram usage:        8 bytes
 Hardware stack levels used:    1
 Hardware stack levels required when called:    2
 This function calls:
		___fladd
 This function is called by:
		_sprintf
 This function uses a non-reentrant model


 *************** function ___fladd *****************
 Defined at:
		line 10 in file "C:\Program Files (x86)\Microchip\xc8\v1.37\sources\common\sprcadd.c"
 Parameters:    Size  Location     Type
  b               4    0[BANK0 ] long 
  a               4    4[BANK0 ] long 
 Auto vars:     Size  Location     Type
  grs             1   19[BANK0 ] unsigned char 
  bexp            1   18[BANK0 ] unsigned char 
  aexp            1   17[BANK0 ] unsigned char 
  signs           1   16[BANK0 ] unsigned char 
 Return value:  Size  Location     Type
                  4    0[BANK0 ] unsigned char 
 Registers used:
		wreg, status,2, status,0
 Tracked objects:
		On entry : 
		On exit  : 
		Unchanged: 
 Data sizes:     COMRAM   BANK0   BANK1   BANK2
      Params:         0       8       0       0
      Locals:         0       4       0       0
      Temps:          0       8       0       0
      Totals:         0      20       0       0
Total ram usage:       20 bytes
 Hardware stack levels used:    1
 Hardware stack levels required when called:    1
 This function calls:
		Nothing
 This function is called by:
		_sprintf
		___flsub
 This function uses a non-reentrant model


 *************** function ___flneg *****************
 Defined at:
		line 15 in file "C:\Program Files (x86)\Microchip\xc8\v1.37\sources\common\flneg.c"
 Parameters:    Size  Location     Type
  f1              4   14[COMRAM] unsigned char 
 Auto vars:     Size  Location     Type
		None
 Return value:  Size  Location     Type
                  4   14[COMRAM] unsigned char 
 Registers used:
		wreg, status,2, status,0
 Tracked objects:
		On entry : 
		On exit  : 
		Unchanged: 
 Data sizes:     COMRAM   BANK0   BANK1   BANK2
      Params:         4       0       0       0
      Locals:         0       0       0       0
      Temps:          0       0       0       0
      Totals:         4       0       0       0
Total ram usage:        4 bytes
 Hardware stack levels used:    1
 Hardware stack levels required when called:    1
 This function calls:
		Nothing
 This function is called by:
		_sprintf
 This function uses a non-reentrant model


 *************** function ___flge *****************
 Defined at:
		line 4 in file "C:\Program Files (x86)\Microchip\xc8\v1.37\sources\common\flge.c"
 Parameters:    Size  Location     Type
  ff1             4   14[COMRAM] unsigned char 
  ff2             4   18[COMRAM] unsigned char 
 Auto vars:     Size  Location     Type
		None
 Return value:  Size  Location     Type
		None               void
 Registers used:
		wreg, status,2, status,0
 Tracked objects:
		On entry : 
		On exit  : 
		Unchanged: 
 Data sizes:     COMRAM   BANK0   BANK1   BANK2
      Params:         8       0       0       0
      Locals:         0       0       0       0
      Temps:          4       0       0       0
      Totals:        12       0       0       0
Total ram usage:       12 bytes
 Hardware stack levels used:    1
 Hardware stack levels required when called:    1
 This function calls:
		Nothing
 This function is called by:
		_main
		_sprintf
 This function uses a non-reentrant model


 *************** function _read_adc *****************
 Defined at:
		line 80 in file "batterua.c"
 Parameters:    Size  Location     Type
		None
 Auto vars:     Size  Location     Type
  i               1   13[BANK0 ] unsigned char 
 Return value:  Size  Location     Type
                  1    wreg      void 
 Registers used:
		wreg, fsr2l, fsr2h, status,2, status,0, prodl, prodh, cstack
 Tracked objects:
		On entry : 
		On exit  : 
		Unchanged: 
 Data sizes:     COMRAM   BANK0   BANK1   BANK2
      Params:         0       0       0       0
      Locals:         0       1       0       0
      Temps:          2       0       0       0
      Totals:         2       1       0       0
Total ram usage:        3 bytes
 Hardware stack levels used:    1
 Hardware stack levels required when called:    3
 This function calls:
		___fldiv
		___flmul
		___xxtofl
		_delay_ms
 This function is called by:
		_main
 This function uses a non-reentrant model


 *************** function ___xxtofl *****************
 Defined at:
		line 10 in file "C:\Program Files (x86)\Microchip\xc8\v1.37\sources\common\xxtofl.c"
 Parameters:    Size  Location     Type
  sign            1    wreg     unsigned char 
  val             4   14[COMRAM] long 
 Auto vars:     Size  Location     Type
  sign            1   22[COMRAM] unsigned char 
  arg             4   24[COMRAM] unsigned long 
  exp             1   23[COMRAM] unsigned char 
 Return value:  Size  Location     Type
                  4   14[COMRAM] unsigned char 
 Registers used:
		wreg, status,2, status,0
 Tracked objects:
		On entry : 
		On exit  : 
		Unchanged: 
 Data sizes:     COMRAM   BANK0   BANK1   BANK2
      Params:         4       0       0       0
      Locals:         6       0       0       0
      Temps:          4       0       0       0
      Totals:        14       0       0       0
Total ram usage:       14 bytes
 Hardware stack levels used:    1
 Hardware stack levels required when called:    1
 This function calls:
		Nothing
 This function is called by:
		_read_adc
		_sprintf
 This function uses a non-reentrant model


 *************** function ___flmul *****************
 Defined at:
		line 8 in file "C:\Program Files (x86)\Microchip\xc8\v1.37\sources\common\sprcmul.c"
 Parameters:    Size  Location     Type
  b               4   28[COMRAM] unsigned char 
  a               4   32[COMRAM] unsigned char 
 Auto vars:     Size  Location     Type
  prod            4   47[COMRAM] struct .
  grs             4   41[COMRAM] unsigned long 
  temp            2   51[COMRAM] struct .
  bexp            1   46[COMRAM] unsigned char 
  aexp            1   45[COMRAM] unsigned char 
  sign            1   40[COMRAM] unsigned char 
 Return value:  Size  Location     Type
                  4   28[COMRAM] unsigned char 
 Registers used:
		wreg, status,2, status,0, prodl, prodh
 Tracked objects:
		On entry : 
		On exit  : 
		Unchanged: 
 Data sizes:     COMRAM   BANK0   BANK1   BANK2
      Params:         8       0       0       0
      Locals:        13       0       0       0
      Temps:          4       0       0       0
      Totals:        25       0       0       0
Total ram usage:       25 bytes
 Hardware stack levels used:    1
 Hardware stack levels required when called:    1
 This function calls:
		Nothing
 This function is called by:
		_read_adc
		_fround
		_scale
		_sprintf
 This function uses a non-reentrant model


 *************** function ___fldiv *****************
 Defined at:
		line 11 in file "C:\Program Files (x86)\Microchip\xc8\v1.37\sources\common\sprcdiv.c"
 Parameters:    Size  Location     Type
  b               4   53[COMRAM] unsigned char 
  a               4   57[COMRAM] unsigned char 
 Auto vars:     Size  Location     Type
  grs             4    7[BANK0 ] unsigned long 
  rem             4    1[BANK0 ] unsigned long 
  new_exp         2    5[BANK0 ] int 
  aexp            1   12[BANK0 ] unsigned char 
  bexp            1   11[BANK0 ] unsigned char 
  sign            1    0[BANK0 ] unsigned char 
 Return value:  Size  Location     Type
                  4   53[COMRAM] unsigned char 
 Registers used:
		wreg, status,2, status,0
 Tracked objects:
		On entry : 
		On exit  : 
		Unchanged: 
 Data sizes:     COMRAM   BANK0   BANK1   BANK2
      Params:         8       0       0       0
      Locals:         0      13       0       0
      Temps:          4       0       0       0
      Totals:        12      13       0       0
Total ram usage:       25 bytes
 Hardware stack levels used:    1
 Hardware stack levels required when called:    1
 This function calls:
		Nothing
 This function is called by:
		_main
		_read_adc
 This function uses a non-reentrant model


 *************** function _inizializzazione *****************
 Defined at:
		line 98 in file "batterua.c"
 Parameters:    Size  Location     Type
		None
 Auto vars:     Size  Location     Type
		None
 Return value:  Size  Location     Type
                  1    wreg      void 
 Registers used:
		wreg, status,2, status,0, tblptrl, tblptrh, tblptru, prodl, prodh, cstack
 Tracked objects:
		On entry : 
		On exit  : 
		Unchanged: 
 Data sizes:     COMRAM   BANK0   BANK1   BANK2
      Params:         0       0       0       0
      Locals:         0       0       0       0
      Temps:          0       0       0       0
      Totals:         0       0       0       0
Total ram usage:        0 bytes
 Hardware stack levels used:    1
 Hardware stack levels required when called:    7
 This function calls:
		_LCD_backlight
		_LCD_initialize
		_LCD_write_message
		_delay_ms
 This function is called by:
		_main
 This function uses a non-reentrant model


 *************** function _LCD_write_message *****************
 Defined at:
		line 178 in file "C:/Users/simone/Desktop/LaurTec_PIC_libraries_v_3.3.1 - Copia/src\LCD_44780.c"
 Parameters:    Size  Location     Type
  buffer          2   31[COMRAM] PTR const unsigned char 
		 -> STR_5(16), STR_4(17), STR_1(17), 
 Auto vars:     Size  Location     Type
		None
 Return value:  Size  Location     Type
                  1    wreg      void 
 Registers used:
		wreg, status,2, status,0, tblptrl, tblptrh, tblptru, prodl, prodh, cstack
 Tracked objects:
		On entry : 
		On exit  : 
		Unchanged: 
 Data sizes:     COMRAM   BANK0   BANK1   BANK2
      Params:         2       0       0       0
      Locals:         0       0       0       0
      Temps:          0       0       0       0
      Totals:         2       0       0       0
Total ram usage:        2 bytes
 Hardware stack levels used:    1
 Hardware stack levels required when called:    6
 This function calls:
		_LCD_write_char
 This function is called by:
		_main
		_inizializzazione
 This function uses a non-reentrant model


 *************** function _LCD_initialize *****************
 Defined at:
		line 283 in file "C:/Users/simone/Desktop/LaurTec_PIC_libraries_v_3.3.1 - Copia/src\LCD_44780.c"
 Parameters:    Size  Location     Type
  quartz_frequ    1    wreg     unsigned char 
 Auto vars:     Size  Location     Type
  quartz_frequ    1   28[COMRAM] unsigned char 
 Return value:  Size  Location     Type
                  1    wreg      void 
 Registers used:
		wreg, status,2, status,0, prodl, prodh, cstack
 Tracked objects:
		On entry : 
		On exit  : 
		Unchanged: 
 Data sizes:     COMRAM   BANK0   BANK1   BANK2
      Params:         0       0       0       0
      Locals:         1       0       0       0
      Temps:          0       0       0       0
      Totals:         1       0       0       0
Total ram usage:        1 bytes
 Hardware stack levels used:    1
 Hardware stack levels required when called:    6
 This function calls:
		_LCD_clear
		_LCD_cursor
		_LCD_send_command
		_delay_ms
		_delay_set_quartz
 This function is called by:
		_inizializzazione
 This function uses a non-reentrant model


 *************** function _delay_set_quartz *****************
 Defined at:
		line 115 in file "C:/Users/simone/Desktop/LaurTec_PIC_libraries_v_3.3.1 - Copia/src\delay.c"
 Parameters:    Size  Location     Type
  frequency       1    wreg     unsigned char 
 Auto vars:     Size  Location     Type
  frequency       1   14[COMRAM] unsigned char 
 Return value:  Size  Location     Type
                  1    wreg      void 
 Registers used:
		wreg
 Tracked objects:
		On entry : 
		On exit  : 
		Unchanged: 
 Data sizes:     COMRAM   BANK0   BANK1   BANK2
      Params:         0       0       0       0
      Locals:         1       0       0       0
      Temps:          0       0       0       0
      Totals:         1       0       0       0
Total ram usage:        1 bytes
 Hardware stack levels used:    1
 Hardware stack levels required when called:    1
 This function calls:
		Nothing
 This function is called by:
		_LCD_initialize
		_main
 This function uses a non-reentrant model


 *************** function _LCD_cursor *****************
 Defined at:
		line 266 in file "C:/Users/simone/Desktop/LaurTec_PIC_libraries_v_3.3.1 - Copia/src\LCD_44780.c"
 Parameters:    Size  Location     Type
  active          1    wreg     unsigned char 
  blinking        1   26[COMRAM] unsigned char 
 Auto vars:     Size  Location     Type
  active          1   27[COMRAM] unsigned char 
 Return value:  Size  Location     Type
                  1    wreg      void 
 Registers used:
		wreg, status,2, status,0, prodl, prodh, cstack
 Tracked objects:
		On entry : 
		On exit  : 
		Unchanged: 
 Data sizes:     COMRAM   BANK0   BANK1   BANK2
      Params:         1       0       0       0
      Locals:         1       0       0       0
      Temps:          0       0       0       0
      Totals:         2       0       0       0
Total ram usage:        2 bytes
 Hardware stack levels used:    1
 Hardware stack levels required when called:    5
 This function calls:
		_LCD_send_command
 This function is called by:
		_LCD_initialize
 This function uses a non-reentrant model


 *************** function _LCD_clear *****************
 Defined at:
		line 257 in file "C:/Users/simone/Desktop/LaurTec_PIC_libraries_v_3.3.1 - Copia/src\LCD_44780.c"
 Parameters:    Size  Location     Type
		None
 Auto vars:     Size  Location     Type
		None
 Return value:  Size  Location     Type
                  1    wreg      void 
 Registers used:
		wreg, status,2, status,0, prodl, prodh, cstack
 Tracked objects:
		On entry : 
		On exit  : 
		Unchanged: 
 Data sizes:     COMRAM   BANK0   BANK1   BANK2
      Params:         0       0       0       0
      Locals:         0       0       0       0
      Temps:          0       0       0       0
      Totals:         0       0       0       0
Total ram usage:        0 bytes
 Hardware stack levels used:    1
 Hardware stack levels required when called:    5
 This function calls:
		_LCD_send_command
 This function is called by:
		_LCD_initialize
 This function uses a non-reentrant model


 *************** function _LCD_backlight *****************
 Defined at:
		line 275 in file "C:/Users/simone/Desktop/LaurTec_PIC_libraries_v_3.3.1 - Copia/src\LCD_44780.c"
 Parameters:    Size  Location     Type
  active          1    wreg     unsigned char 
 Auto vars:     Size  Location     Type
  active          1   14[COMRAM] unsigned char 
 Return value:  Size  Location     Type
                  1    wreg      void 
 Registers used:
		wreg
 Tracked objects:
		On entry : 
		On exit  : 
		Unchanged: 
 Data sizes:     COMRAM   BANK0   BANK1   BANK2
      Params:         0       0       0       0
      Locals:         1       0       0       0
      Temps:          0       0       0       0
      Totals:         1       0       0       0
Total ram usage:        1 bytes
 Hardware stack levels used:    1
 Hardware stack levels required when called:    1
 This function calls:
		Nothing
 This function is called by:
		_inizializzazione
 This function uses a non-reentrant model


 *************** function _LCD_write_string *****************
 Defined at:
		line 194 in file "C:/Users/simone/Desktop/LaurTec_PIC_libraries_v_3.3.1 - Copia/src\LCD_44780.c"
 Parameters:    Size  Location     Type
  buffer          2   31[COMRAM] PTR unsigned char 
		 -> str(8), LCD_write_integer@convertedInt(6), 
 Auto vars:     Size  Location     Type
		None
 Return value:  Size  Location     Type
                  1    wreg      void 
 Registers used:
		wreg, fsr2l, fsr2h, status,2, status,0, prodl, prodh, cstack
 Tracked objects:
		On entry : 
		On exit  : 
		Unchanged: 
 Data sizes:     COMRAM   BANK0   BANK1   BANK2
      Params:         2       0       0       0
      Locals:         0       0       0       0
      Temps:          0       0       0       0
      Totals:         2       0       0       0
Total ram usage:        2 bytes
 Hardware stack levels used:    1
 Hardware stack levels required when called:    6
 This function calls:
		_LCD_write_char
 This function is called by:
		_main
		_LCD_write_integer
 This function uses a non-reentrant model


 *************** function _LCD_write_char *****************
 Defined at:
		line 145 in file "C:/Users/simone/Desktop/LaurTec_PIC_libraries_v_3.3.1 - Copia/src\LCD_44780.c"
 Parameters:    Size  Location     Type
  value           1    wreg     unsigned char 
 Auto vars:     Size  Location     Type
  value           1   30[COMRAM] unsigned char 
  D0              1   29[COMRAM] unsigned char 
  D1              1   28[COMRAM] unsigned char 
  D2              1   27[COMRAM] unsigned char 
  D3              1   26[COMRAM] unsigned char 
 Return value:  Size  Location     Type
                  1    wreg      void 
 Registers used:
		wreg, status,2, status,0, prodl, prodh, cstack
 Tracked objects:
		On entry : 
		On exit  : 
		Unchanged: 
 Data sizes:     COMRAM   BANK0   BANK1   BANK2
      Params:         0       0       0       0
      Locals:         5       0       0       0
      Temps:          0       0       0       0
      Totals:         5       0       0       0
Total ram usage:        5 bytes
 Hardware stack levels used:    1
 Hardware stack levels required when called:    5
 This function calls:
		_LCD_send_command
 This function is called by:
		_LCD_write_message
		_LCD_write_string
 This function uses a non-reentrant model


 *************** function _LCD_goto_line *****************
 Defined at:
		line 111 in file "C:/Users/simone/Desktop/LaurTec_PIC_libraries_v_3.3.1 - Copia/src\LCD_44780.c"
 Parameters:    Size  Location     Type
  line            1    wreg     unsigned char 
 Auto vars:     Size  Location     Type
  line            1   26[COMRAM] unsigned char 
 Return value:  Size  Location     Type
                  1    wreg      void 
 Registers used:
		wreg, status,2, status,0, prodl, prodh, cstack
 Tracked objects:
		On entry : 
		On exit  : 
		Unchanged: 
 Data sizes:     COMRAM   BANK0   BANK1   BANK2
      Params:         0       0       0       0
      Locals:         1       0       0       0
      Temps:          0       0       0       0
      Totals:         1       0       0       0
Total ram usage:        1 bytes
 Hardware stack levels used:    1
 Hardware stack levels required when called:    5
 This function calls:
		_LCD_send_command
 This function is called by:
		_main
		_LCD_goto_xy
 This function uses a non-reentrant model


 *************** function _LCD_send_command *****************
 Defined at:
		line 61 in file "C:/Users/simone/Desktop/LaurTec_PIC_libraries_v_3.3.1 - Copia/src\LCD_44780.c"
 Parameters:    Size  Location     Type
  D3              1    wreg     unsigned char 
  D2              1   22[COMRAM] unsigned char 
  D1              1   23[COMRAM] unsigned char 
  D0              1   24[COMRAM] unsigned char 
 Auto vars:     Size  Location     Type
  D3              1   25[COMRAM] unsigned char 
 Return value:  Size  Location     Type
                  1    wreg      void 
 Registers used:
		wreg, status,2, status,0, prodl, prodh, cstack
 Tracked objects:
		On entry : 
		On exit  : 
		Unchanged: 
 Data sizes:     COMRAM   BANK0   BANK1   BANK2
      Params:         3       0       0       0
      Locals:         1       0       0       0
      Temps:          0       0       0       0
      Totals:         4       0       0       0
Total ram usage:        4 bytes
 Hardware stack levels used:    1
 Hardware stack levels required when called:    4
 This function calls:
		_LCD_enable_pulse
 This function is called by:
		_LCD_goto_line
		_LCD_write_char
		_LCD_clear
		_LCD_cursor
		_LCD_initialize
		_LCD_home
		_LCD_shift
		_LCD_shift_cursor
 This function uses a non-reentrant model


 *************** function _LCD_enable_pulse *****************
 Defined at:
		line 49 in file "C:/Users/simone/Desktop/LaurTec_PIC_libraries_v_3.3.1 - Copia/src\LCD_44780.c"
 Parameters:    Size  Location     Type
		None
 Auto vars:     Size  Location     Type
		None
 Return value:  Size  Location     Type
                  1    wreg      void 
 Registers used:
		wreg, status,2, status,0, prodl, prodh, cstack
 Tracked objects:
		On entry : 
		On exit  : 
		Unchanged: 
 Data sizes:     COMRAM   BANK0   BANK1   BANK2
      Params:         0       0       0       0
      Locals:         0       0       0       0
      Temps:          0       0       0       0
      Totals:         0       0       0       0
Total ram usage:        0 bytes
 Hardware stack levels used:    1
 Hardware stack levels required when called:    3
 This function calls:
		_delay_ms
 This function is called by:
		_LCD_send_command
 This function uses a non-reentrant model


 *************** function _delay_ms *****************
 Defined at:
		line 61 in file "C:/Users/simone/Desktop/LaurTec_PIC_libraries_v_3.3.1 - Copia/src\delay.c"
 Parameters:    Size  Location     Type
  value_ms        2   20[COMRAM] unsigned int 
 Auto vars:     Size  Location     Type
		None
 Return value:  Size  Location     Type
                  1    wreg      void 
 Registers used:
		wreg, status,2, status,0, prodl, prodh, cstack
 Tracked objects:
		On entry : 
		On exit  : 
		Unchanged: 
 Data sizes:     COMRAM   BANK0   BANK1   BANK2
      Params:         2       0       0       0
      Locals:         0       0       0       0
      Temps:          0       0       0       0
      Totals:         2       0       0       0
Total ram usage:        2 bytes
 Hardware stack levels used:    1
 Hardware stack levels required when called:    2
 This function calls:
		___wmul
 This function is called by:
		_LCD_enable_pulse
		_LCD_initialize
		_main
		_read_adc
		_inizializzazione
		_delay_s
 This function uses a non-reentrant model


 *************** function ___wmul *****************
 Defined at:
		line 15 in file "C:\Program Files (x86)\Microchip\xc8\v1.37\sources\common\Umul16.c"
 Parameters:    Size  Location     Type
  multiplier      2   14[COMRAM] unsigned int 
  multiplicand    2   16[COMRAM] unsigned int 
 Auto vars:     Size  Location     Type
  product         2   18[COMRAM] unsigned int 
 Return value:  Size  Location     Type
                  2   14[COMRAM] unsigned int 
 Registers used:
		wreg, status,2, status,0, prodl, prodh
 Tracked objects:
		On entry : 
		On exit  : 
		Unchanged: 
 Data sizes:     COMRAM   BANK0   BANK1   BANK2
      Params:         4       0       0       0
      Locals:         2       0       0       0
      Temps:          0       0       0       0
      Totals:         6       0       0       0
Total ram usage:        6 bytes
 Hardware stack levels used:    1
 Hardware stack levels required when called:    1
 This function calls:
		Nothing
 This function is called by:
		_delay_ms
		_sprintf
 This function uses a non-reentrant model


 *************** function _isr_alta *****************
 Defined at:
		line 33 in file "batterua.c"
 Parameters:    Size  Location     Type
		None
 Auto vars:     Size  Location     Type
		None
 Return value:  Size  Location     Type
                  1    wreg      void 
 Registers used:
		wreg, status,2, status,0
 Tracked objects:
		On entry : 
		On exit  : 
		Unchanged: 
 Data sizes:     COMRAM   BANK0   BANK1   BANK2
      Params:         0       0       0       0
      Locals:         0       0       0       0
      Temps:         14       0       0       0
      Totals:        14       0       0       0
Total ram usage:       14 bytes
 Hardware stack levels used:    1
 This function calls:
		Nothing
 This function is called by:
		Interrupt level 2
 This function uses a non-reentrant model



MODULE INFORMATION

Module		Function		Class		Link	Load	Size
C:\Program Files (x86)\Microchip\xc8\v1.37\sources\common\sprcdiv.c
		___fldiv       		CODE           	1824	0000	829

C:\Program Files (x86)\Microchip\xc8\v1.37\sources\common\sprcdiv.c estimated size: 829

C:\Program Files (x86)\Microchip\xc8\v1.37\sources\common\llmod.c
		___llmod       		CODE           	2C72	0000	103

C:\Program Files (x86)\Microchip\xc8\v1.37\sources\common\llmod.c estimated size: 103

C:/Users/simone/Desktop/LaurTec_PIC_libraries_v_3.3.1 - Copia/src\delay.c
		_delay_set_quartz		CODE           	2F14	0000	9
		_delay_ms      		CODE           	2D78	0000	51

C:/Users/simone/Desktop/LaurTec_PIC_libraries_v_3.3.1 - Copia/src\delay.c estimated size: 60

C:\Program Files (x86)\Microchip\xc8\v1.37\sources\common\doprnt.c
		_scale         		CODE           	10BC	0000	1049
		_sprintf       		CODE           	03D4	0000	2113
		_fround        		CODE           	1B60	0000	635

C:\Program Files (x86)\Microchip\xc8\v1.37\sources\common\doprnt.c estimated size: 3797

batterua.c
		_main          		CODE           	2014	0000	453
		_isr_alta      		CODE           	0008	0000	195
		_inizializzazione		CODE           	2C08	0000	107
		_read_adc      		CODE           	1DDA	0000	571

batterua.c estimated size: 1326

C:\Program Files (x86)\Microchip\xc8\v1.37\sources\common\Umul16.c
		___wmul        		CODE           	2E80	0000	39

C:\Program Files (x86)\Microchip\xc8\v1.37\sources\common\Umul16.c estimated size: 39

C:/Users/simone/Desktop/LaurTec_PIC_libraries_v_3.3.1 - Copia/src\LCD_44780.c
		_LCD_clear     		CODE           	2E5A	0000	39
		_LCD_cursor    		CODE           	2E32	0000	41
		_LCD_goto_line 		CODE           	28B6	0000	185
		_LCD_write_string		CODE           	2EA6	0000	37
		_LCD_enable_pulse		CODE           	2EE8	0000	31
		_LCD_write_message		CODE           	2E08	0000	43
		_LCD_write_char		CODE           	2B98	0000	113
		_LCD_send_command		CODE           	2DAA	0000	49
		_LCD_initialize		CODE           	26A2	0000	283
		_LCD_backlight 		CODE           	2F06	0000	15

C:/Users/simone/Desktop/LaurTec_PIC_libraries_v_3.3.1 - Copia/src\LCD_44780.c estimated size: 836

C:\Program Files (x86)\Microchip\xc8\v1.37\sources\common\awdiv.c
		___awdiv       		CODE           	2A22	0000	133

C:\Program Files (x86)\Microchip\xc8\v1.37\sources\common\awdiv.c estimated size: 133

C:\Program Files (x86)\Microchip\xc8\v1.37\sources\common\fltol.c
		___fltol       		CODE           	27BC	0000	251

C:\Program Files (x86)\Microchip\xc8\v1.37\sources\common\fltol.c estimated size: 251

C:\Program Files (x86)\Microchip\xc8\v1.37\sources\common\isdigit.c
		_isdigit       		CODE           	2ECA	0000	31

C:\Program Files (x86)\Microchip\xc8\v1.37\sources\common\isdigit.c estimated size: 31

C:\Program Files (x86)\Microchip\xc8\v1.37\sources\common\sprcadd.c
		___flsub       		CODE           	2D30	0000	73
		___fladd       		CODE           	0C14	0000	1193

C:\Program Files (x86)\Microchip\xc8\v1.37\sources\common\sprcadd.c estimated size: 1266

C:\Program Files (x86)\Microchip\xc8\v1.37\sources\common\lldiv.c
		___lldiv       		CODE           	2AA6	0000	131

C:\Program Files (x86)\Microchip\xc8\v1.37\sources\common\lldiv.c estimated size: 131

C:\Program Files (x86)\Microchip\xc8\v1.37\sources\common\ftdivl.c
		__tdiv_to_l_   		CODE           	2328	0000	307

C:\Program Files (x86)\Microchip\xc8\v1.37\sources\common\ftdivl.c estimated size: 307

C:\Program Files (x86)\Microchip\xc8\v1.37\sources\common\fldivl.c
		__div_to_l_    		CODE           	245A	0000	297

C:\Program Files (x86)\Microchip\xc8\v1.37\sources\common\fldivl.c estimated size: 297

shared
		__powers_      		SMALLCONST     	0335	0000	53
		_dpowers       		SMALLCONST     	0369	0000	41
		__npowers_     		SMALLCONST     	0301	0000	53
		__initialization		CODE           	2CD8	0000	75

shared estimated size: 222

C:\Program Files (x86)\Microchip\xc8\v1.37\sources\common\flneg.c
		___flneg       		CODE           	2DDA	0000	47

C:\Program Files (x86)\Microchip\xc8\v1.37\sources\common\flneg.c estimated size: 47

C:\Program Files (x86)\Microchip\xc8\v1.37\sources\common\flge.c
		___flge        		CODE           	2582	0000	289

C:\Program Files (x86)\Microchip\xc8\v1.37\sources\common\flge.c estimated size: 289

C:\Program Files (x86)\Microchip\xc8\v1.37\sources\common\xxtofl.c
		___xxtofl      		CODE           	21D8	0000	337

C:\Program Files (x86)\Microchip\xc8\v1.37\sources\common\xxtofl.c estimated size: 337

C:\Program Files (x86)\Microchip\xc8\v1.37\sources\common\awmod.c
		___awmod       		CODE           	2B28	0000	113

C:\Program Files (x86)\Microchip\xc8\v1.37\sources\common\awmod.c estimated size: 113

C:\Program Files (x86)\Microchip\xc8\v1.37\sources\common\sprcmul.c
		___flmul       		CODE           	14D4	0000	849

C:\Program Files (x86)\Microchip\xc8\v1.37\sources\common\sprcmul.c estimated size: 849

