Microchip MPLAB XC8 Compiler V1.37 ()

Linker command line:

--edf=C:\Program Files (x86)\Microchip\xc8\v1.37\dat\en_msgs.txt -cs \
  -h+dist/default/production\batteria4480.X.production.sym \
  --cmf=dist/default/production\batteria4480.X.production.cmf -z -Q18F4550 \
  -oC:\Users\simone\AppData\Local\Temp\s7hc.2 \
  -Mdist/default/production/batteria4480.X.production.map -E1 -ver=XC8 \
  --acfsm=1493 -ASTACK=0125h-07ffh -pstack=STACK -ACODE=00h-07FFFh \
  -ACONST=00h-07FFFh -ASMALLCONST=0800h-08FFhx120 \
  -AMEDIUMCONST=0800h-07FFFh -ACOMRAM=01h-05Fh -AABS1=00h-07FFh \
  -ABIGRAM=01h-07FFh -ARAM=060h-0FFh,0100h-01FFhx7 -ABANK0=060h-0FFh \
  -ABANK1=0100h-01FFh -ABANK2=0200h-02FFh -ABANK3=0300h-03FFh \
  -ABANK4=0400h-04FFh -ABANK5=0500h-05FFh -ABANK6=0600h-06FFh \
  -ABANK7=0700h-07FFh -ASFR=0F60h-0FFFh \
  -preset_vec=00h,intcode=08h,intcodelo=018h,powerup,init,end_init \
  -pramtop=0800h -psmallconst=SMALLCONST -pmediumconst=MEDIUMCONST \
  -pconst=CONST -AFARRAM=00h-00h -ACONFIG=0300000h-030000Dh -pconfig=CONFIG \
  -AIDLOC=0200000h-0200007h -pidloc=IDLOC -AEEDATA=0F00000h-0F000FFh \
  -peeprom_data=EEDATA \
  -prdata=COMRAM,nvrram=COMRAM,nvbit=COMRAM,rbss=COMRAM,rbit=COMRAM \
  -pfarbss=FARRAM,fardata=FARRAM,nvFARRAM=FARRAM \
  -pintsave_regs=BIGRAM,bigbss=BIGRAM,bigdata=BIGRAM -pbss=RAM \
  -pidata=CODE,irdata=CODE,ibigdata=CODE,ifardata=CODE -prparam=COMRAM \
  C:\Users\simone\AppData\Local\Temp\s7hc.obj \
  dist/default/production\batteria4480.X.production.obj 

Object code version is 3.11

Machine type is 18F4550

Call graph: (short form)




                Name                               Link     Load   Length Selector   Space Scale
C:\Users\simone\AppData\Local\Temp\s7hc.obj
                end_init                             B8       B8        4        C       0
                reset_vec                             0        0        4        0       0
                idloc                            200000   200000        8   200000       0
                config                           300000   300000        E   300000       0
dist/default/production\batteria4480.X.production.obj
                intcodelo                            18       18       A0        C       0
                intcode                               8        8        E        4       0
                temp                                 40       40        1        1       1
                mediumconst                        7EB6     7EB6      14A     3F5B       0
                intcode_body                       335E     335E       FE        C       0
                text48                             3F94     3F94       2A        C       0
                text47                             3EDC     3EDC       32        C       0
                text46                             3FE4     3FE4       22        C       0
                text45                             3E0C     3E0C       3A        C       0
                text44                             345C     345C       EC        C       0
                text43                             3CA0     3CA0       4C        C       0
                text42                             4024     4024       1C        C       0
                text41                             3EAA     3EAA       32        C       0
                text40                             3E78     3E78       32        C       0
                text39                             4040     4040        8        C       0
                text38                             2E78     2E78      16E        C       0
                text37                             3BD4     3BD4       6E        C       0
                text36                             39AE     39AE       96        C       0
                text35                             3F68     3F68       2C        C       0
                text34                             3F3C     3F3C       2C        C       0
                text33                             3FBE     3FBE       26        C       0
                text32                             1B8C     1B8C      3C0        C       0
                text31                             2FE6     2FE6      15C        C       0
                text30                             281E     281E      1BC        C       0
                text29                              918      918      4A8        C       0
                text28                              DC0      DC0      4A6        C       0
                text27                             3142     3142      110        C       0
                text26                             3902     3902       AC        C       0
                text25                             2CF4     2CF4      184        C       0
                text24                             1700     1700      48C        C       0
                text23                             3F0E     3F0E       2E        C       0
                text22                             3DC4     3DC4       48        C       0
                text21                             3252     3252      10C        C       0
                text20                             379A     379A       BC        C       0
                text19                             3A44     3A44       94        C       0
                text18                             2B6C     2B6C      188        C       0
                text17                             29DA     29DA      192        C       0
                text16                             3620     3620       BE        C       0
                text15                             3B56     3B56       7E        C       0
                text14                             1F4C     1F4C      2B6        C       0
                text13                             4006     4006       1E        C       0
                text12                             1266     1266      49A        C       0
                text11                               BC       BC      85C        C       0
                text10                             3548     3548       D8        C       0
                text9                              3856     3856       AC        C       0
                text8                              3E46     3E46       32        C       0
                text7                              3C42     3C42       5E        C       0
                text6                              3D7C     3D7C       48        C       0
                text5                              36DE     36DE       BC        C       0
                text4                              3D34     3D34       48        C       0
                text3                              265E     265E      1C0        C       0
                text2                              2474     2474      1EA        C       0
                text1                              3AD8     3AD8       7E        C       0
                text0                              2202     2202      272        C       0
                cstackCOMRAM                          1        1       23        1       1
                cstackBANK0                          60       60       76       60       1
                cstackBANK1                         100      100       25      100       1
                bssBANK0                             D6       D6       29       60       1
                dataCOMRAM                           38       38        5        1       1
                bssCOMRAM                            24       24       14        1       1
                bitbssCOMRAM                        1F8       3F        1        1       1     8
                cinit                              3CEC     3CEC       48        C       0
                nvCOMRAM                             3D       3D        2        1       1
                idataCOMRAM                        4048     4048        5        C       0

TOTAL           Name                               Link     Load   Length     Space
        CLASS   STACK          

        CLASS   CODE           
                end_init                             B8       B8        4         0
                intcodelo                            18       18       A0         0
                intcode                               8        8        E         0
                reset_vec                             0        0        4         0
                intcode_body                       335E     335E       FE         0
                text48                             3F94     3F94       2A         0
                text47                             3EDC     3EDC       32         0
                text46                             3FE4     3FE4       22         0
                text45                             3E0C     3E0C       3A         0
                text44                             345C     345C       EC         0
                text43                             3CA0     3CA0       4C         0
                text42                             4024     4024       1C         0
                text41                             3EAA     3EAA       32         0
                text40                             3E78     3E78       32         0
                text39                             4040     4040        8         0
                text38                             2E78     2E78      16E         0
                text37                             3BD4     3BD4       6E         0
                text36                             39AE     39AE       96         0
                text35                             3F68     3F68       2C         0
                text34                             3F3C     3F3C       2C         0
                text33                             3FBE     3FBE       26         0
                text32                             1B8C     1B8C      3C0         0
                text31                             2FE6     2FE6      15C         0
                text30                             281E     281E      1BC         0
                text29                              918      918      4A8         0
                text28                              DC0      DC0      4A6         0
                text27                             3142     3142      110         0
                text26                             3902     3902       AC         0
                text25                             2CF4     2CF4      184         0
                text24                             1700     1700      48C         0
                text23                             3F0E     3F0E       2E         0
                text22                             3DC4     3DC4       48         0
                text21                             3252     3252      10C         0
                text20                             379A     379A       BC         0
                text19                             3A44     3A44       94         0
                text18                             2B6C     2B6C      188         0
                text17                             29DA     29DA      192         0
                text16                             3620     3620       BE         0
                text15                             3B56     3B56       7E         0
                text14                             1F4C     1F4C      2B6         0
                text13                             4006     4006       1E         0
                text12                             1266     1266      49A         0
                text11                               BC       BC      85C         0
                text10                             3548     3548       D8         0
                text9                              3856     3856       AC         0
                text8                              3E46     3E46       32         0
                text7                              3C42     3C42       5E         0
                text6                              3D7C     3D7C       48         0
                text5                              36DE     36DE       BC         0
                text4                              3D34     3D34       48         0
                text3                              265E     265E      1C0         0
                text2                              2474     2474      1EA         0
                text1                              3AD8     3AD8       7E         0
                text0                              2202     2202      272         0
                cinit                              3CEC     3CEC       48         0
                idataCOMRAM                        4048     4048        5         0

        CLASS   CONST          

        CLASS   SMALLCONST     

        CLASS   MEDIUMCONST    
                mediumconst                        7EB6     7EB6      14A         0

        CLASS   COMRAM         
                temp                                 40       40        1         1
                cstackCOMRAM                          1        1       23         1
                dataCOMRAM                           38       38        5         1
                bssCOMRAM                            24       24       14         1
                bitbssCOMRAM                        1F8       3F        1         1
                nvCOMRAM                             3D       3D        2         1

        CLASS   ABS1           

        CLASS   BIGRAM         

        CLASS   RAM            

        CLASS   BANK0          
                cstackBANK0                          60       60       76         1
                bssBANK0                             D6       D6       29         1

        CLASS   BANK1          
                cstackBANK1                         100      100       25         1

        CLASS   BANK2          

        CLASS   BANK3          

        CLASS   BANK4          

        CLASS   BANK5          

        CLASS   BANK6          

        CLASS   BANK7          

        CLASS   SFR            

        CLASS   FARRAM         

        CLASS   CONFIG         
                config                           300000   300000        E         0

        CLASS   IDLOC          
                idloc                            200000   200000        8         0

        CLASS   EEDATA         



SEGMENTS        Name                           Load    Length   Top    Selector   Space  Class

                reset_vec                      000000  000004  000004         0       0  CODE    
                cstackCOMRAM                   000001  000040  000041         1       1  COMRAM  
                intcode                        000008  00000E  000016         4       0  CODE    
                intcodelo                      000018  004035  00404D         C       0  CODE    
                cstackBANK0                    000060  00009F  0000FF        60       1  BANK0   
                cstackBANK1                    000100  000025  000125       100       1  BANK1   
                mediumconst                    007EB6  00014A  008000      3F5B       0  MEDIUMCO
                idloc                          200000  000008  200008    200000       0  IDLOC   
                config                         300000  00000E  30000E    300000       0  CONFIG  


UNUSED ADDRESS RANGES

        Name                Unused          Largest block    Delta
        BANK0            0000FF-0000FF                1
        BANK1            000125-0001FF               DB
        BANK2            000200-0002FF              100
        BANK3            000300-0003FF              100
        BANK4            000400-0004FF              100
        BANK5            000500-0005FF              100
        BANK6            000600-0006FF              100
        BANK7            000700-0007FF              100
        BIGRAM           000041-00005F               1F
                         0000FF-0000FF                1
                         000125-0007FF              6DB
        CODE             000004-000007                4
                         000016-000017                2
                         00404D-007EB5             3E69
        COMRAM           000041-00005F               1F
        CONST            000004-000007                4
                         000016-000017                2
                         00404D-007EB5             3E69
        EEDATA           F00000-F000FF              100
        MEDIUMCONST      00404D-007EB5             3E69
        RAM              0000FF-0000FF                1
                         000125-0007FF              100
        SFR              000F60-000FFF               A0
        SMALLCONST       00404D-007EB5              100
        STACK            000125-0007FF              6DB

                                  Symbol Table

?___awdiv                          cstackBANK0  000062
?___awmod                          cstackCOMRAM 000020
?___fladd                          cstackBANK0  000083
?___fldiv                          cstackBANK0  00006A
?___flmul                          cstackBANK0  000097
?___flneg                          cstackCOMRAM 000020
?___flsub                          cstackBANK0  000097
?___fltol                          cstackBANK0  0000B9
?___lldiv                          cstackBANK0  000060
?___llmod                          cstackBANK0  000060
?___lwdiv                          cstackCOMRAM 000020
?___lwmod                          cstackCOMRAM 000020
?___wmul                           cstackCOMRAM 000020
?___xxtofl                         cstackCOMRAM 000020
?__div_to_l_                       cstackBANK0  000060
?__tdiv_to_l_                      cstackBANK0  000060
?_eval_poly                        cstackBANK0  0000B0
?_frexp                            cstackBANK0  000060
?_fround                           cstackBANK0  0000B0
?_log                              cstackBANK0  0000C0
?_scale                            cstackBANK0  0000B0
?_sprintf                          cstackBANK0  0000C3
LCD_cursor@active                  cstackBANK0  000069
LCD_cursor@blinking                cstackBANK0  000068
LCD_goto_line@line                 cstackBANK0  000068
LCD_goto_xy@x                      cstackBANK0  00006C
LCD_goto_xy@y                      cstackBANK0  00006B
LCD_initialize@quartz_frequency    cstackBANK0  00006A
LCD_send_command@D0                cstackBANK0  000066
LCD_send_command@D1                cstackBANK0  000065
LCD_send_command@D2                cstackBANK0  000064
LCD_send_command@D3                cstackBANK0  000067
LCD_shift_cursor@i                 cstackBANK0  00006A
LCD_shift_cursor@number_of_shift   cstackBANK0  000068
LCD_shift_cursor@shift             cstackBANK0  000069
LCD_write_char@D0                  cstackBANK0  00006B
LCD_write_char@D1                  cstackBANK0  00006A
LCD_write_char@D2                  cstackBANK0  000069
LCD_write_char@D3                  cstackBANK0  000068
LCD_write_char@value               cstackBANK0  00006C
LCD_write_integer@F4453            bssCOMRAM    00002C
LCD_write_integer@convertedInt     cstackBANK0  00007D
LCD_write_integer@index            cstackBANK0  000083
LCD_write_integer@number_of_digits cstackBANK0  000076
LCD_write_integer@value            cstackBANK0  000074
LCD_write_integer@zero_cleaning    cstackBANK0  000077
LCD_write_message@buffer           cstackBANK0  00006D
LCD_write_string@buffer            cstackBANK0  00006D
_ADCON0                            (abs)        000FC2
_ADCON0bits                        (abs)        000FC2
_ADCON1                            (abs)        000FC1
_ADCON2                            (abs)        000FC0
_ADRESH                            (abs)        000FC4
_ADRESL                            (abs)        000FC3
_INTCON2bits                       (abs)        000FF1
_INTCONbits                        (abs)        000FF2
_LATA                              (abs)        000F89
_LATB                              (abs)        000F8A
_LATBbits                          (abs)        000F8A
_LATC                              (abs)        000F8B
_LATCbits                          (abs)        000F8B
_LATD                              (abs)        000F8C
_LATDbits                          (abs)        000F8C
_LATE                              (abs)        000F8D
_LATEbits                          (abs)        000F8D
_LCD_clear                         text41       003EAA
_LCD_cursor                        text40       003E78
_LCD_enable_pulse                  text46       003FE4
_LCD_goto_line                     text44       00345C
_LCD_goto_xy                       text42       004024
_LCD_home                          text8        003E46
_LCD_initialize                    text38       002E78
_LCD_send_command                  text45       003E0C
_LCD_shift_cursor                  text43       003CA0
_LCD_write_char                    text36       0039AE
_LCD_write_integer                 text3        00265E
_LCD_write_message                 text35       003F68
_LCD_write_string                  text33       003FBE
_PIR1bits                          (abs)        000F9E
_PORTBbits                         (abs)        000F81
_RCONbits                          (abs)        000FD0
_T0CON                             (abs)        000FD5
_T1CON                             (abs)        000FCD
_TMR0H                             (abs)        000FD7
_TMR0L                             (abs)        000FD6
_TMR1H                             (abs)        000FCF
_TMR1L                             (abs)        000FCE
_TRISA                             (abs)        000F92
_TRISB                             (abs)        000F93
_TRISC                             (abs)        000F94
_TRISD                             (abs)        000F95
_TRISE                             (abs)        000F96
_UCONbits                          (abs)        000F6D
__CFG_BOR$ON                       (abs)        000000
__CFG_BORV$3                       (abs)        000000
__CFG_CCP2MX$OFF                   (abs)        000000
__CFG_CP0$OFF                      (abs)        000000
__CFG_CP1$OFF                      (abs)        000000
__CFG_CP2$OFF                      (abs)        000000
__CFG_CP3$OFF                      (abs)        000000
__CFG_CPB$OFF                      (abs)        000000
__CFG_CPD$OFF                      (abs)        000000
__CFG_CPUDIV$OSC1_PLL2             (abs)        000000
__CFG_EBTR0$OFF                    (abs)        000000
__CFG_EBTR1$OFF                    (abs)        000000
__CFG_EBTR2$OFF                    (abs)        000000
__CFG_EBTR3$OFF                    (abs)        000000
__CFG_EBTRB$OFF                    (abs)        000000
__CFG_FCMEN$OFF                    (abs)        000000
__CFG_FOSC$HS                      (abs)        000000
__CFG_ICPRT$OFF                    (abs)        000000
__CFG_IESO$OFF                     (abs)        000000
__CFG_LPT1OSC$OFF                  (abs)        000000
__CFG_LVP$OFF                      (abs)        000000
__CFG_MCLRE$ON                     (abs)        000000
__CFG_PBADEN$OFF                   (abs)        000000
__CFG_PLLDIV$1                     (abs)        000000
__CFG_PWRT$OFF                     (abs)        000000
__CFG_STVREN$ON                    (abs)        000000
__CFG_USBDIV$1                     (abs)        000000
__CFG_VREGEN$OFF                   (abs)        000000
__CFG_WDT$OFF                      (abs)        000000
__CFG_WDTPS$32768                  (abs)        000000
__CFG_WRT0$OFF                     (abs)        000000
__CFG_WRT1$OFF                     (abs)        000000
__CFG_WRT2$OFF                     (abs)        000000
__CFG_WRT3$OFF                     (abs)        000000
__CFG_WRTB$OFF                     (abs)        000000
__CFG_WRTC$OFF                     (abs)        000000
__CFG_WRTD$OFF                     (abs)        000000
__CFG_XINST$OFF                    (abs)        000000
__HRAM                             (abs)        000000
__Habs1                            abs1         000000
__Hbank0                           bank0        000000
__Hbank1                           bank1        000000
__Hbank2                           bank2        000000
__Hbank3                           bank3        000000
__Hbank4                           bank4        000000
__Hbank5                           bank5        000000
__Hbank6                           bank6        000000
__Hbank7                           bank7        000000
__Hbigbss                          bigbss       000000
__Hbigdata                         bigdata      000000
__Hbigram                          bigram       000000
__HbitbssCOMRAM                    bitbssCOMRAM 000000
__Hbss                             bss          000000
__HbssBANK0                        bssBANK0     000000
__HbssCOMRAM                       bssCOMRAM    000000
__Hcinit                           cinit        000000
__Hclrtext                         clrtext      000000
__Hcomram                          comram       000000
__Hconfig                          config       30000E
__Hconst                           const        000000
__HcstackBANK0                     cstackBANK0  000000
__HcstackBANK1                     cstackBANK1  000000
__HcstackCOMRAM                    cstackCOMRAM 000000
__Hdata                            data         000000
__HdataCOMRAM                      dataCOMRAM   000000
__Heeprom_data                     eeprom_data  000000
__Hend_init                        end_init     0000BC
__Hfarbss                          farbss       000000
__Hfardata                         fardata      000000
__Hibigdata                        ibigdata     000000
__Hidata                           idata        000000
__HidataCOMRAM                     idataCOMRAM  000000
__Hidloc                           idloc        200008
__Hifardata                        ifardata     000000
__Hinit                            init         0000B8
__Hintcode                         intcode      000016
__Hintcode_body                    intcode_body 000000
__Hintcodelo                       intcodelo    0000B8
__Hintentry                        intentry     000000
__Hintret                          intret       000000
__Hintsave_regs                    intsave_regs 000000
__Hirdata                          irdata       000000
__Hmediumconst                     mediumconst  008000
__HnvCOMRAM                        nvCOMRAM     000000
__HnvFARRAM                        nvFARRAM     000000
__Hnvbit                           nvbit        000000
__Hnvrram                          nvrram       000000
__Hparam                           rparam       000000
__Hpowerup                         powerup      0000B8
__Hram                             ram          000000
__Hramtop                          ramtop       000800
__Hrbit                            rbit         000000
__Hrbss                            rbss         000000
__Hrdata                           rdata        000000
__Hreset_vec                       reset_vec    000004
__Hrparam                          rparam       000000
__Hsfr                             sfr          000000
__Hsmallconst                      smallconst   000000
__Hspace_0                         (abs)        30000E
__Hspace_1                         (abs)        0001F9
__Hspace_2                         (abs)        000000
__Hstack                           stack        000000
__Hstruct                          struct       000000
__Htemp                            temp         000041
__Htext                            text         000000
__Htext0                           text0        000000
__Htext1                           text1        000000
__Htext10                          text10       000000
__Htext11                          text11       000000
__Htext12                          text12       000000
__Htext13                          text13       000000
__Htext14                          text14       000000
__Htext15                          text15       000000
__Htext16                          text16       000000
__Htext17                          text17       000000
__Htext18                          text18       000000
__Htext19                          text19       000000
__Htext2                           text2        000000
__Htext20                          text20       000000
__Htext21                          text21       000000
__Htext22                          text22       000000
__Htext23                          text23       000000
__Htext24                          text24       000000
__Htext25                          text25       000000
__Htext26                          text26       000000
__Htext27                          text27       000000
__Htext28                          text28       000000
__Htext29                          text29       000000
__Htext3                           text3        000000
__Htext30                          text30       000000
__Htext31                          text31       000000
__Htext32                          text32       000000
__Htext33                          text33       000000
__Htext34                          text34       000000
__Htext35                          text35       000000
__Htext36                          text36       000000
__Htext37                          text37       000000
__Htext38                          text38       000000
__Htext39                          text39       000000
__Htext4                           text4        000000
__Htext40                          text40       000000
__Htext41                          text41       000000
__Htext42                          text42       000000
__Htext43                          text43       000000
__Htext44                          text44       000000
__Htext45                          text45       000000
__Htext46                          text46       000000
__Htext47                          text47       000000
__Htext48                          text48       000000
__Htext5                           text5        000000
__Htext6                           text6        000000
__Htext7                           text7        000000
__Htext8                           text8        000000
__Htext9                           text9        000000
__LRAM                             (abs)        000001
__Labs1                            abs1         000000
__Lbank0                           bank0        000000
__Lbank1                           bank1        000000
__Lbank2                           bank2        000000
__Lbank3                           bank3        000000
__Lbank4                           bank4        000000
__Lbank5                           bank5        000000
__Lbank6                           bank6        000000
__Lbank7                           bank7        000000
__Lbigbss                          bigbss       000000
__Lbigdata                         bigdata      000000
__Lbigram                          bigram       000000
__LbitbssCOMRAM                    bitbssCOMRAM 000000
__Lbss                             bss          000000
__LbssBANK0                        bssBANK0     000000
__LbssCOMRAM                       bssCOMRAM    000000
__Lcinit                           cinit        000000
__Lclrtext                         clrtext      000000
__Lcomram                          comram       000000
__Lconfig                          config       300000
__Lconst                           const        000000
__LcstackBANK0                     cstackBANK0  000000
__LcstackBANK1                     cstackBANK1  000000
__LcstackCOMRAM                    cstackCOMRAM 000000
__Ldata                            data         000000
__LdataCOMRAM                      dataCOMRAM   000000
__Leeprom_data                     eeprom_data  000000
__Lend_init                        end_init     0000B8
__Lfarbss                          farbss       000000
__Lfardata                         fardata      000000
__Libigdata                        ibigdata     000000
__Lidata                           idata        000000
__LidataCOMRAM                     idataCOMRAM  000000
__Lidloc                           idloc        200000
__Lifardata                        ifardata     000000
__Linit                            init         0000B8
__Lintcode                         intcode      000008
__Lintcode_body                    intcode_body 000000
__Lintcodelo                       intcodelo    000018
__Lintentry                        intentry     000000
__Lintret                          intret       000000
__Lintsave_regs                    intsave_regs 000000
__Lirdata                          irdata       000000
__Lmediumconst                     mediumconst  007EB6
__LnvCOMRAM                        nvCOMRAM     000000
__LnvFARRAM                        nvFARRAM     000000
__Lnvbit                           nvbit        000000
__Lnvrram                          nvrram       000000
__Lparam                           rparam       000000
__Lpowerup                         powerup      0000B8
__Lram                             ram          000000
__Lramtop                          ramtop       000800
__Lrbit                            rbit         000000
__Lrbss                            rbss         000000
__Lrdata                           rdata        000000
__Lreset_vec                       reset_vec    000000
__Lrparam                          rparam       000000
__Lsfr                             sfr          000000
__Lsmallconst                      smallconst   000000
__Lspace_0                         (abs)        000000
__Lspace_1                         (abs)        000000
__Lspace_2                         (abs)        000000
__Lstack                           stack        000000
__Lstruct                          struct       000000
__Ltemp                            temp         000040
__Ltext                            text         000000
__Ltext0                           text0        000000
__Ltext1                           text1        000000
__Ltext10                          text10       000000
__Ltext11                          text11       000000
__Ltext12                          text12       000000
__Ltext13                          text13       000000
__Ltext14                          text14       000000
__Ltext15                          text15       000000
__Ltext16                          text16       000000
__Ltext17                          text17       000000
__Ltext18                          text18       000000
__Ltext19                          text19       000000
__Ltext2                           text2        000000
__Ltext20                          text20       000000
__Ltext21                          text21       000000
__Ltext22                          text22       000000
__Ltext23                          text23       000000
__Ltext24                          text24       000000
__Ltext25                          text25       000000
__Ltext26                          text26       000000
__Ltext27                          text27       000000
__Ltext28                          text28       000000
__Ltext29                          text29       000000
__Ltext3                           text3        000000
__Ltext30                          text30       000000
__Ltext31                          text31       000000
__Ltext32                          text32       000000
__Ltext33                          text33       000000
__Ltext34                          text34       000000
__Ltext35                          text35       000000
__Ltext36                          text36       000000
__Ltext37                          text37       000000
__Ltext38                          text38       000000
__Ltext39                          text39       000000
__Ltext4                           text4        000000
__Ltext40                          text40       000000
__Ltext41                          text41       000000
__Ltext42                          text42       000000
__Ltext43                          text43       000000
__Ltext44                          text44       000000
__Ltext45                          text45       000000
__Ltext46                          text46       000000
__Ltext47                          text47       000000
__Ltext48                          text48       000000
__Ltext5                           text5        000000
__Ltext6                           text6        000000
__Ltext7                           text7        000000
__Ltext8                           text8        000000
__Ltext9                           text9        000000
__S0                               (abs)        30000E
__S1                               (abs)        000125
__S2                               (abs)        000000
___awdiv                           text16       003620
___awdiv@counter                   cstackBANK0  000066
___awdiv@dividend                  cstackBANK0  000062
___awdiv@divisor                   cstackBANK0  000064
___awdiv@quotient                  cstackBANK0  000068
___awdiv@sign                      cstackBANK0  000067
___awmod                           text15       003B56
___awmod@counter                   cstackBANK0  000060
___awmod@dividend                  cstackCOMRAM 000020
___awmod@divisor                   cstackCOMRAM 000022
___awmod@sign                      cstackBANK0  000061
___fladd                           text29       000918
___fladd@a                         cstackBANK0  000087
___fladd@aexp                      cstackBANK0  000094
___fladd@b                         cstackBANK0  000083
___fladd@bexp                      cstackBANK0  000095
___fladd@grs                       cstackBANK0  000096
___fladd@signs                     cstackBANK0  000093
___fldiv                           text32       001B8C
___fldiv@a                         cstackBANK0  00006E
___fldiv@aexp                      cstackBANK0  000082
___fldiv@b                         cstackBANK0  00006A
___fldiv@bexp                      cstackBANK0  000081
___fldiv@grs                       cstackBANK0  00007D
___fldiv@new_exp                   cstackBANK0  00007B
___fldiv@rem                       cstackBANK0  000077
___fldiv@sign                      cstackBANK0  000076
___flge                            text31       002FE6
___flge@ff1                        cstackBANK0  000060
___flge@ff2                        cstackBANK0  000064
___flmul                           text28       000DC0
___flmul@a                         cstackBANK0  00009B
___flmul@aexp                      cstackBANK0  0000A4
___flmul@b                         cstackBANK0  000097
___flmul@bexp                      cstackBANK0  0000A9
___flmul@grs                       cstackBANK0  0000A5
___flmul@prod                      cstackBANK0  0000AA
___flmul@sign                      cstackBANK0  0000A3
___flmul@temp                      cstackBANK0  0000AE
___flneg                           text23       003F0E
___flneg@f1                        cstackCOMRAM 000020
___flsub                           text22       003DC4
___flsub@a                         cstackBANK0  00009B
___flsub@b                         cstackBANK0  000097
___fltol                           text21       003252
___fltol@exp1                      cstackBANK0  0000C2
___fltol@f1                        cstackBANK0  0000B9
___fltol@sign1                     cstackBANK0  0000C1
___inthi_sp                        stack        000000
___intlo_sp                        stack        000000
___lldiv                           text20       00379A
___lldiv@counter                   cstackBANK0  00006C
___lldiv@dividend                  cstackBANK0  000060
___lldiv@divisor                   cstackBANK0  000064
___lldiv@quotient                  cstackBANK0  000068
___llmod                           text19       003A44
___llmod@counter                   cstackCOMRAM 000020
___llmod@dividend                  cstackBANK0  000060
___llmod@divisor                   cstackBANK0  000064
___lwdiv                           text7        003C42
___lwdiv@counter                   cstackBANK0  000060
___lwdiv@dividend                  cstackCOMRAM 000020
___lwdiv@divisor                   cstackCOMRAM 000022
___lwdiv@quotient                  cstackBANK0  000061
___lwmod                           text6        003D7C
___lwmod@counter                   cstackBANK0  000060
___lwmod@dividend                  cstackCOMRAM 000020
___lwmod@divisor                   cstackCOMRAM 000022
___param_bank                      (abs)        000010
___rparam_used                     (abs)        000001
___sp                              stack        000000
___wmul                            text48       003F94
___wmul@multiplicand               cstackCOMRAM 000022
___wmul@multiplier                 cstackCOMRAM 000020
___wmul@product                    cstackBANK0  000060
___xxtofl                          text30       00281E
___xxtofl@arg                      cstackBANK0  000066
___xxtofl@exp                      cstackBANK0  000065
___xxtofl@sign                     cstackBANK0  000064
___xxtofl@val                      cstackCOMRAM 000020
__accesstop                        (abs)        000060
__activetblptr                     (abs)        000002
__div_to_l_                        text18       002B6C
__div_to_l_@cntr                   cstackBANK0  00006C
__div_to_l_@exp1                   cstackBANK0  00006D
__div_to_l_@f1                     cstackBANK0  000060
__div_to_l_@f2                     cstackBANK0  000064
__div_to_l_@quot                   cstackBANK0  000068
__end_of_LCD_clear                 text41       003EDC
__end_of_LCD_cursor                text40       003EAA
__end_of_LCD_enable_pulse          text46       004006
__end_of_LCD_goto_line             text44       003548
__end_of_LCD_goto_xy               text42       004040
__end_of_LCD_home                  text8        003E78
__end_of_LCD_initialize            text38       002FE6
__end_of_LCD_send_command          text45       003E46
__end_of_LCD_shift_cursor          text43       003CEC
__end_of_LCD_write_char            text36       003A44
__end_of_LCD_write_integer         text3        00281E
__end_of_LCD_write_message         text35       003F94
__end_of_LCD_write_string          text33       003FE4
__end_of___awdiv                   text16       0036DE
__end_of___awmod                   text15       003BD4
__end_of___fladd                   text29       000DC0
__end_of___fldiv                   text32       001F4C
__end_of___flge                    text31       003142
__end_of___flmul                   text28       001266
__end_of___flneg                   text23       003F3C
__end_of___flsub                   text22       003E0C
__end_of___fltol                   text21       00335E
__end_of___lldiv                   text20       003856
__end_of___llmod                   text19       003AD8
__end_of___lwdiv                   text7        003CA0
__end_of___lwmod                   text6        003DC4
__end_of___wmul                    text48       003FBE
__end_of___xxtofl                  text30       0029DA
__end_of__div_to_l_                text18       002CF4
__end_of__initialization           cinit        003D26
__end_of__npowers_                 mediumconst  007EEB
__end_of__powers_                  mediumconst  007F1F
__end_of__tdiv_to_l_               text17       002B6C
__end_of_delay_ms                  text47       003F0E
__end_of_delay_s                   text34       003F68
__end_of_delay_set_quartz          text39       004048
__end_of_display_voltage           text10       003620
__end_of_dpowers                   mediumconst  007F47
__end_of_eval_poly                 text27       003252
__end_of_frexp                     text26       0039AE
__end_of_fround                    text14       002202
__end_of_inizializzazione          text37       003C42
__end_of_isdigit                   text13       004024
__end_of_isr_alta                  intcode_body 00345C
__end_of_isr_bassa                 intcodelo    0000B8
__end_of_itoa                      text4        003D7C
__end_of_log                       text25       002E78
__end_of_main                      text0        002474
__end_of_read_adc                  text24       001B8C
__end_of_ricarica                  text9        003902
__end_of_scale                     text12       001700
__end_of_scarica                   text2        00265E
__end_of_sprintf                   text11       000918
__end_of_stabilizzazione           text1        003B56
__end_of_utoa                      text5        00379A
__end_oflog@coeff                  mediumconst  007F6B
__initialization                   cinit        003CEC
__mediumconst                      mediumconst  007EB6
__npowers_                         mediumconst  007EB7
__pbitbssCOMRAM                    bitbssCOMRAM 0001F8
__pbssBANK0                        bssBANK0     0000D6
__pbssCOMRAM                       bssCOMRAM    000024
__pcinit                           cinit        003CEC
__pcstackBANK0                     cstackBANK0  000060
__pcstackBANK1                     cstackBANK1  000100
__pcstackCOMRAM                    cstackCOMRAM 000001
__pdataCOMRAM                      dataCOMRAM   000038
__pidataCOMRAM                     idataCOMRAM  004048
__pintcode                         intcode      000008
__pintcode_body                    intcode_body 00335E
__pintcodelo                       intcodelo    000018
__pmediumconst                     mediumconst  007EB6
__pnvCOMRAM                        nvCOMRAM     00003D
__powers_                          mediumconst  007EEB
__ptext0                           text0        002202
__ptext1                           text1        003AD8
__ptext10                          text10       003548
__ptext11                          text11       0000BC
__ptext12                          text12       001266
__ptext13                          text13       004006
__ptext14                          text14       001F4C
__ptext15                          text15       003B56
__ptext16                          text16       003620
__ptext17                          text17       0029DA
__ptext18                          text18       002B6C
__ptext19                          text19       003A44
__ptext2                           text2        002474
__ptext20                          text20       00379A
__ptext21                          text21       003252
__ptext22                          text22       003DC4
__ptext23                          text23       003F0E
__ptext24                          text24       001700
__ptext25                          text25       002CF4
__ptext26                          text26       003902
__ptext27                          text27       003142
__ptext28                          text28       000DC0
__ptext29                          text29       000918
__ptext3                           text3        00265E
__ptext30                          text30       00281E
__ptext31                          text31       002FE6
__ptext32                          text32       001B8C
__ptext33                          text33       003FBE
__ptext34                          text34       003F3C
__ptext35                          text35       003F68
__ptext36                          text36       0039AE
__ptext37                          text37       003BD4
__ptext38                          text38       002E78
__ptext39                          text39       004040
__ptext4                           text4        003D34
__ptext40                          text40       003E78
__ptext41                          text41       003EAA
__ptext42                          text42       004024
__ptext43                          text43       003CA0
__ptext44                          text44       00345C
__ptext45                          text45       003E0C
__ptext46                          text46       003FE4
__ptext47                          text47       003EDC
__ptext48                          text48       003F94
__ptext5                           text5        0036DE
__ptext6                           text6        003D7C
__ptext7                           text7        003C42
__ptext8                           text8        003E46
__ptext9                           text9        003856
__ramtop                           ramtop       000800
__size_of_LCD_clear                (abs)        000000
__size_of_LCD_cursor               (abs)        000000
__size_of_LCD_enable_pulse         (abs)        000000
__size_of_LCD_goto_line            (abs)        000000
__size_of_LCD_goto_xy              (abs)        000000
__size_of_LCD_home                 (abs)        000000
__size_of_LCD_initialize           (abs)        000000
__size_of_LCD_send_command         (abs)        000000
__size_of_LCD_shift_cursor         (abs)        000000
__size_of_LCD_write_char           (abs)        000000
__size_of_LCD_write_integer        (abs)        000000
__size_of_LCD_write_message        (abs)        000000
__size_of_LCD_write_string         (abs)        000000
__size_of___awdiv                  (abs)        000000
__size_of___awmod                  (abs)        000000
__size_of___fladd                  (abs)        000000
__size_of___fldiv                  (abs)        000000
__size_of___flge                   (abs)        000000
__size_of___flmul                  (abs)        000000
__size_of___flneg                  (abs)        000000
__size_of___flsub                  (abs)        000000
__size_of___fltol                  (abs)        000000
__size_of___lldiv                  (abs)        000000
__size_of___llmod                  (abs)        000000
__size_of___lwdiv                  (abs)        000000
__size_of___lwmod                  (abs)        000000
__size_of___wmul                   (abs)        000000
__size_of___xxtofl                 (abs)        000000
__size_of__div_to_l_               (abs)        000000
__size_of__tdiv_to_l_              (abs)        000000
__size_of_delay_ms                 (abs)        000000
__size_of_delay_s                  (abs)        000000
__size_of_delay_set_quartz         (abs)        000000
__size_of_display_voltage          (abs)        000000
__size_of_eval_poly                (abs)        000000
__size_of_frexp                    (abs)        000000
__size_of_fround                   (abs)        000000
__size_of_inizializzazione         (abs)        000000
__size_of_isdigit                  (abs)        000000
__size_of_isr_alta                 (abs)        000000
__size_of_isr_bassa                (abs)        000000
__size_of_itoa                     (abs)        000000
__size_of_log                      (abs)        000000
__size_of_main                     (abs)        000000
__size_of_read_adc                 (abs)        000000
__size_of_ricarica                 (abs)        000000
__size_of_scale                    (abs)        000000
__size_of_scarica                  (abs)        000000
__size_of_sprintf                  (abs)        000000
__size_of_stabilizzazione          (abs)        000000
__size_of_utoa                     (abs)        000000
__smallconst                       smallconst   000000
__tdiv_to_l_                       text17       0029DA
__tdiv_to_l_@cntr                  cstackBANK0  00006C
__tdiv_to_l_@exp1                  cstackBANK0  00006D
__tdiv_to_l_@f1                    cstackBANK0  000060
__tdiv_to_l_@f2                    cstackBANK0  000064
__tdiv_to_l_@quot                  cstackBANK0  000068
_battery                           bssBANK0     0000EA
_clock_counter_reference           nvCOMRAM     00003D
_combinazioni                      dataCOMRAM   000038
_current                           bssBANK0     0000D6
_delay_ms                          text47       003EDC
_delay_quartz_frequency_value      dataCOMRAM   00003C
_delay_s                           text34       003F3C
_delay_set_quartz                  text39       004040
_display_voltage                   text10       003548
_dpowers                           mediumconst  007F1F
_errno                             bssCOMRAM    000036
_eval_poly                         text27       003142
_frexp                             text26       003902
_fround                            text14       001F4C
_fround$1587                       cstackBANK0  0000B8
_fround$1588                       cstackBANK0  0000B4
_inizializzazione                  text37       003BD4
_inizio                            bitbssCOMRAM 0001F8
_isdigit                           text13       004006
_isdigit$1152                      cstackCOMRAM 000021
_isr_alta                          intcode      000008
_isr_bassa                         intcodelo    000018
_itoa                              text4        003D34
_log                               text25       002CF4
_main                              text0        002202
_main$1585                         cstackBANK1  000121
_minuti                            bssBANK0     0000EC
_ore                               bssBANK0     0000EE
_read_adc                          text24       001700
_read_adc$1586                     cstackBANK0  0000C8
_ricarica                          text9        003856
_scale                             text12       001266
_scale$1589                        cstackBANK0  0000B4
_scarica                           text2        002474
_secondi                           bssBANK0     0000F0
_sommatoriaCorrente                bssBANK0     0000DA
_somme                             bssBANK0     0000DE
_sprintf                           text11       0000BC
_sprintf$1590                      cstackBANK1  000100
_stabilizzazione                   text1        003AD8
_stati                             bssBANK0     0000F2
_str                               bssBANK0     0000F3
_temperature                       bssBANK0     0000FB
_tempo                             bssBANK0     0000E2
_tempo_old                         bssCOMRAM    000032
_utoa                              text5        0036DE
_voltage                           bssBANK0     0000E6
btemp                              temp         000040
delay_ms@value_ms                  cstackBANK0  000062
delay_s@repeat_loop                cstackBANK0  000065
delay_s@value_s                    cstackBANK0  000064
delay_set_quartz@frequency         cstackCOMRAM 000020
display_voltage@line               cstackBANK0  0000D5
end_of_initialization              cinit        003D26
eval_poly@d                        cstackBANK0  0000B4
eval_poly@n                        cstackBANK0  0000B6
eval_poly@res                      cstackBANK0  0000BC
eval_poly@x                        cstackBANK0  0000B0
frexp@eptr                         cstackBANK0  000064
frexp@value                        cstackBANK0  000060
fround@prec                        cstackBANK0  0000BC
int$flags                          temp         000040
int_func                           intcode_body 00335E
intlevel0                          text         000000
intlevel1                          text         000000
intlevel2                          text         000000
intlevel3                          text         000000
isdigit@c                          cstackCOMRAM 000022
itoa@base                          cstackBANK0  000070
itoa@buf                           cstackBANK0  00006C
itoa@cp                            cstackBANK0  000072
itoa@val                           cstackBANK0  00006E
log@coeff                          mediumconst  007F47
log@exponent                       cstackBANK0  0000C4
log@x                              cstackBANK0  0000C0
read_adc@F4630                     bssCOMRAM    000024
read_adc@i                         cstackBANK0  0000CC
read_adc@lettura                   cstackBANK0  0000CD
scale@scl                          cstackBANK0  0000B8
sprintf@ap                         cstackBANK1  000104
sprintf@c                          cstackBANK1  000118
sprintf@exp                        cstackBANK1  00010C
sprintf@f                          cstackBANK0  0000C5
sprintf@flag                       cstackBANK1  000106
sprintf@fval                       cstackBANK1  000114
sprintf@prec                       cstackBANK1  000112
sprintf@sp                         cstackBANK0  0000C3
sprintf@tmpval                     cstackBANK1  00010E
sprintf@val                        cstackBANK1  000108
stackhi                            (abs)        0007FF
stacklo                            (abs)        000125
start                              init         0000B8
start_initialization               cinit        003CEC
utoa@base                          cstackBANK0  000067
utoa@buf                           cstackBANK0  000063
utoa@c                             cstackBANK0  00006B
utoa@v                             cstackBANK0  000069
utoa@val                           cstackBANK0  000065


FUNCTION INFORMATION:

 *************** function _main *****************
 Defined at:
		line 85 in file "batterua.c"
 Parameters:    Size  Location     Type
		None
 Auto vars:     Size  Location     Type
		None
 Return value:  Size  Location     Type
                  1    wreg      void 
 Registers used:
		wreg, fsr1l, fsr1h, fsr2l, fsr2h, status,2, status,0, tblptrl, tblptrh, tblptru, prodl, prodh, cstack
 Tracked objects:
		On entry : 
		On exit  : 
		Unchanged: 
 Data sizes:     COMRAM   BANK0   BANK1   BANK2   BANK3   BANK4   BANK5   BANK6   BANK7
      Params:         0       0       0       0       0       0       0       0       0
      Locals:         0       0       4       0       0       0       0       0       0
      Temps:          0       0       0       0       0       0       0       0       0
      Totals:         0       0       4       0       0       0       0       0       0
Total ram usage:        4 bytes
 Hardware stack levels required when called:   10
 This function calls:
		_LCD_goto_line
		_LCD_goto_xy
		_LCD_home
		_LCD_initialize
		_LCD_write_integer
		_LCD_write_message
		_LCD_write_string
		___fladd
		___fldiv
		___flmul
		___xxtofl
		_delay_ms
		_inizializzazione
		_read_adc
		_ricarica
		_scarica
		_sprintf
		_stabilizzazione
 This function is called by:
		Startup code after reset
 This function uses a non-reentrant model


 *************** function _stabilizzazione *****************
 Defined at:
		line 144 in file "batterua.c"
 Parameters:    Size  Location     Type
		None
 Auto vars:     Size  Location     Type
		None
 Return value:  Size  Location     Type
                  1    wreg      void 
 Registers used:
		wreg, fsr1l, fsr1h, fsr2l, fsr2h, status,2, status,0, tblptrl, tblptrh, tblptru, prodl, prodh, cstack
 Tracked objects:
		On entry : 
		On exit  : 
		Unchanged: 
 Data sizes:     COMRAM   BANK0   BANK1   BANK2   BANK3   BANK4   BANK5   BANK6   BANK7
      Params:         0       0       0       0       0       0       0       0       0
      Locals:         0       0       0       0       0       0       0       0       0
      Temps:          0       0       0       0       0       0       0       0       0
      Totals:         0       0       0       0       0       0       0       0       0
Total ram usage:        0 bytes
 Hardware stack levels used:    1
 Hardware stack levels required when called:    9
 This function calls:
		_LCD_goto_line
		_LCD_initialize
		_LCD_write_message
		___flge
		_delay_ms
		_delay_s
		_display_voltage
 This function is called by:
		_main
 This function uses a non-reentrant model


 *************** function _scarica *****************
 Defined at:
		line 161 in file "batterua.c"
 Parameters:    Size  Location     Type
		None
 Auto vars:     Size  Location     Type
		None
 Return value:  Size  Location     Type
                  1    wreg      void 
 Registers used:
		wreg, fsr1l, fsr1h, fsr2l, fsr2h, status,2, status,0, tblptrl, tblptrh, tblptru, prodl, prodh, cstack
 Tracked objects:
		On entry : 
		On exit  : 
		Unchanged: 
 Data sizes:     COMRAM   BANK0   BANK1   BANK2   BANK3   BANK4   BANK5   BANK6   BANK7
      Params:         0       0       0       0       0       0       0       0       0
      Locals:         0       0       0       0       0       0       0       0       0
      Temps:          0       0       8       0       0       0       0       0       0
      Totals:         0       0       8       0       0       0       0       0       0
Total ram usage:        8 bytes
 Hardware stack levels used:    1
 Hardware stack levels required when called:    9
 This function calls:
		_LCD_home
		_LCD_initialize
		_LCD_write_integer
		_LCD_write_message
		___fladd
		___flge
		_delay_ms
		_display_voltage
 This function is called by:
		_main
 This function uses a non-reentrant model


 *************** function _LCD_write_integer *****************
 Defined at:
		line 210 in file "../../../Desktop/LaurTec_PIC_libraries_v_3.3.1 - Copia/src\LCD_44780.c"
 Parameters:    Size  Location     Type
  value           2   20[BANK0 ] int 
  number_of_di    1   22[BANK0 ] unsigned char 
  zero_cleanin    1   23[BANK0 ] unsigned char 
 Auto vars:     Size  Location     Type
  convertedInt    6   29[BANK0 ] unsigned char [6]
  index           1   35[BANK0 ] unsigned char 
 Return value:  Size  Location     Type
                  1    wreg      void 
 Registers used:
		wreg, fsr1l, fsr1h, fsr2l, fsr2h, status,2, status,0, prodl, prodh, cstack
 Tracked objects:
		On entry : 
		On exit  : 
		Unchanged: 
 Data sizes:     COMRAM   BANK0   BANK1   BANK2   BANK3   BANK4   BANK5   BANK6   BANK7
      Params:         0       4       0       0       0       0       0       0       0
      Locals:         0       7       0       0       0       0       0       0       0
      Temps:          0       5       0       0       0       0       0       0       0
      Totals:         0      16       0       0       0       0       0       0       0
Total ram usage:       16 bytes
 Hardware stack levels used:    1
 Hardware stack levels required when called:    8
 This function calls:
		_LCD_write_string
		_itoa
 This function is called by:
		_main
		_scarica
 This function uses a non-reentrant model


 *************** function _itoa *****************
 Defined at:
		line 4 in file "C:\Program Files (x86)\Microchip\xc8\v1.37\sources\common\itoa.c"
 Parameters:    Size  Location     Type
  buf             2   12[BANK0 ] PTR unsigned char 
		 -> LCD_write_integer@convertedInt(6), 
  val             2   14[BANK0 ] int 
  base            2   16[BANK0 ] int 
 Auto vars:     Size  Location     Type
  cp              2   18[BANK0 ] PTR unsigned char 
		 -> LCD_write_integer@convertedInt(6), 
 Return value:  Size  Location     Type
                  2   12[BANK0 ] PTR unsigned char 
 Registers used:
		wreg, fsr2l, fsr2h, status,2, status,0, cstack
 Tracked objects:
		On entry : 
		On exit  : 
		Unchanged: 
 Data sizes:     COMRAM   BANK0   BANK1   BANK2   BANK3   BANK4   BANK5   BANK6   BANK7
      Params:         0       6       0       0       0       0       0       0       0
      Locals:         0       2       0       0       0       0       0       0       0
      Temps:          0       0       0       0       0       0       0       0       0
      Totals:         0       8       0       0       0       0       0       0       0
Total ram usage:        8 bytes
 Hardware stack levels used:    1
 Hardware stack levels required when called:    4
 This function calls:
		_utoa
 This function is called by:
		_LCD_write_integer
 This function uses a non-reentrant model


 *************** function _utoa *****************
 Defined at:
		line 17 in file "C:\Program Files (x86)\Microchip\xc8\v1.37\sources\common\itoa.c"
 Parameters:    Size  Location     Type
  buf             2    3[BANK0 ] PTR unsigned char 
		 -> LCD_write_integer@convertedInt(6), 
  val             2    5[BANK0 ] unsigned int 
  base            2    7[BANK0 ] int 
 Auto vars:     Size  Location     Type
  v               2    9[BANK0 ] unsigned int 
  c               1   11[BANK0 ] unsigned char 
 Return value:  Size  Location     Type
                  2    3[BANK0 ] PTR unsigned char 
 Registers used:
		wreg, fsr2l, fsr2h, status,2, status,0, cstack
 Tracked objects:
		On entry : 
		On exit  : 
		Unchanged: 
 Data sizes:     COMRAM   BANK0   BANK1   BANK2   BANK3   BANK4   BANK5   BANK6   BANK7
      Params:         0       6       0       0       0       0       0       0       0
      Locals:         0       3       0       0       0       0       0       0       0
      Temps:          0       0       0       0       0       0       0       0       0
      Totals:         0       9       0       0       0       0       0       0       0
Total ram usage:        9 bytes
 Hardware stack levels used:    1
 Hardware stack levels required when called:    3
 This function calls:
		___lwdiv
		___lwmod
 This function is called by:
		_itoa
 This function uses a non-reentrant model


 *************** function ___lwmod *****************
 Defined at:
		line 8 in file "C:\Program Files (x86)\Microchip\xc8\v1.37\sources\common\lwmod.c"
 Parameters:    Size  Location     Type
  dividend        2   31[COMRAM] unsigned int 
  divisor         2   33[COMRAM] unsigned int 
 Auto vars:     Size  Location     Type
  counter         1    0[BANK0 ] unsigned char 
 Return value:  Size  Location     Type
                  2   31[COMRAM] unsigned int 
 Registers used:
		wreg, status,2, status,0
 Tracked objects:
		On entry : 
		On exit  : 
		Unchanged: 
 Data sizes:     COMRAM   BANK0   BANK1   BANK2   BANK3   BANK4   BANK5   BANK6   BANK7
      Params:         4       0       0       0       0       0       0       0       0
      Locals:         0       1       0       0       0       0       0       0       0
      Temps:          0       0       0       0       0       0       0       0       0
      Totals:         4       1       0       0       0       0       0       0       0
Total ram usage:        5 bytes
 Hardware stack levels used:    1
 Hardware stack levels required when called:    2
 This function calls:
		Nothing
 This function is called by:
		_utoa
 This function uses a non-reentrant model


 *************** function ___lwdiv *****************
 Defined at:
		line 8 in file "C:\Program Files (x86)\Microchip\xc8\v1.37\sources\common\lwdiv.c"
 Parameters:    Size  Location     Type
  dividend        2   31[COMRAM] unsigned int 
  divisor         2   33[COMRAM] unsigned int 
 Auto vars:     Size  Location     Type
  quotient        2    1[BANK0 ] unsigned int 
  counter         1    0[BANK0 ] unsigned char 
 Return value:  Size  Location     Type
                  2   31[COMRAM] unsigned int 
 Registers used:
		wreg, status,2, status,0
 Tracked objects:
		On entry : 
		On exit  : 
		Unchanged: 
 Data sizes:     COMRAM   BANK0   BANK1   BANK2   BANK3   BANK4   BANK5   BANK6   BANK7
      Params:         4       0       0       0       0       0       0       0       0
      Locals:         0       3       0       0       0       0       0       0       0
      Temps:          0       0       0       0       0       0       0       0       0
      Totals:         4       3       0       0       0       0       0       0       0
Total ram usage:        7 bytes
 Hardware stack levels used:    1
 Hardware stack levels required when called:    2
 This function calls:
		Nothing
 This function is called by:
		_utoa
 This function uses a non-reentrant model


 *************** function _LCD_home *****************
 Defined at:
		line 74 in file "../../../Desktop/LaurTec_PIC_libraries_v_3.3.1 - Copia/src\LCD_44780.c"
 Parameters:    Size  Location     Type
		None
 Auto vars:     Size  Location     Type
		None
 Return value:  Size  Location     Type
                  1    wreg      void 
 Registers used:
		wreg, status,2, status,0, prodl, prodh, cstack
 Tracked objects:
		On entry : 
		On exit  : 
		Unchanged: 
 Data sizes:     COMRAM   BANK0   BANK1   BANK2   BANK3   BANK4   BANK5   BANK6   BANK7
      Params:         0       0       0       0       0       0       0       0       0
      Locals:         0       0       0       0       0       0       0       0       0
      Temps:          0       0       0       0       0       0       0       0       0
      Totals:         0       0       0       0       0       0       0       0       0
Total ram usage:        0 bytes
 Hardware stack levels used:    1
 Hardware stack levels required when called:    6
 This function calls:
		_LCD_send_command
 This function is called by:
		_main
		_scarica
 This function uses a non-reentrant model


 *************** function _ricarica *****************
 Defined at:
		line 127 in file "batterua.c"
 Parameters:    Size  Location     Type
		None
 Auto vars:     Size  Location     Type
		None
 Return value:  Size  Location     Type
                  1    wreg      void 
 Registers used:
		wreg, fsr1l, fsr1h, fsr2l, fsr2h, status,2, status,0, tblptrl, tblptrh, tblptru, prodl, prodh, cstack
 Tracked objects:
		On entry : 
		On exit  : 
		Unchanged: 
 Data sizes:     COMRAM   BANK0   BANK1   BANK2   BANK3   BANK4   BANK5   BANK6   BANK7
      Params:         0       0       0       0       0       0       0       0       0
      Locals:         0       0       0       0       0       0       0       0       0
      Temps:          0       0       0       0       0       0       0       0       0
      Totals:         0       0       0       0       0       0       0       0       0
Total ram usage:        0 bytes
 Hardware stack levels used:    1
 Hardware stack levels required when called:    9
 This function calls:
		_LCD_clear
		_LCD_goto_line
		_LCD_initialize
		_LCD_write_message
		___flge
		_delay_s
		_display_voltage
		_read_adc
 This function is called by:
		_main
 This function uses a non-reentrant model


 *************** function _display_voltage *****************
 Defined at:
		line 194 in file "batterua.c"
 Parameters:    Size  Location     Type
  line            1    wreg     unsigned char 
 Auto vars:     Size  Location     Type
  line            1  117[BANK0 ] unsigned char 
 Return value:  Size  Location     Type
                  1    wreg      void 
 Registers used:
		wreg, fsr1l, fsr1h, fsr2l, fsr2h, status,2, status,0, tblptrl, tblptrh, tblptru, prodl, prodh, cstack
 Tracked objects:
		On entry : 
		On exit  : 
		Unchanged: 
 Data sizes:     COMRAM   BANK0   BANK1   BANK2   BANK3   BANK4   BANK5   BANK6   BANK7
      Params:         0       0       0       0       0       0       0       0       0
      Locals:         0       1       0       0       0       0       0       0       0
      Temps:          0       0       0       0       0       0       0       0       0
      Totals:         0       1       0       0       0       0       0       0       0
Total ram usage:        1 bytes
 Hardware stack levels used:    1
 Hardware stack levels required when called:    8
 This function calls:
		_LCD_goto_line
		_LCD_write_string
		_read_adc
		_sprintf
 This function is called by:
		_ricarica
		_stabilizzazione
		_scarica
 This function uses a non-reentrant model


 *************** function _sprintf *****************
 Defined at:
		line 492 in file "C:\Program Files (x86)\Microchip\xc8\v1.37\sources\common\doprnt.c"
 Parameters:    Size  Location     Type
  sp              2   99[BANK0 ] PTR unsigned char 
		 -> str(8), 
  f               2  101[BANK0 ] PTR const unsigned char 
		 -> STR_15(8), STR_14(8), STR_13(7), STR_6(5), 
 Auto vars:     Size  Location     Type
  fval            4   20[BANK1 ] PTR const unsigned char 
  tmpval          4   14[BANK1 ] struct .
  val             4    8[BANK1 ] unsigned long 
  cp              3    0        PTR const unsigned char 
  prec            2   18[BANK1 ] int 
  exp             2   12[BANK1 ] int 
  flag            2    6[BANK1 ] unsigned short 
  ap              2    4[BANK1 ] PTR void [1]
		 -> ?_sprintf(2), 
  len             2    0        unsigned int 
  width           2    0        int 
  c               1   24[BANK1 ] char 
  d               1    0        unsigned char 
 Return value:  Size  Location     Type
                  2   99[BANK0 ] int 
 Registers used:
		wreg, fsr2l, fsr2h, status,2, status,0, tblptrl, tblptrh, tblptru, prodl, prodh, cstack
 Tracked objects:
		On entry : 
		On exit  : 
		Unchanged: 
 Data sizes:     COMRAM   BANK0   BANK1   BANK2   BANK3   BANK4   BANK5   BANK6   BANK7
      Params:         0       8       0       0       0       0       0       0       0
      Locals:         0       0      25       0       0       0       0       0       0
      Temps:          0       2       0       0       0       0       0       0       0
      Totals:         0      10      25       0       0       0       0       0       0
Total ram usage:       35 bytes
 Hardware stack levels used:    1
 Hardware stack levels required when called:    4
 This function calls:
		___awdiv
		___fladd
		___flge
		___flmul
		___flneg
		___flsub
		___fltol
		___lldiv
		___llmod
		___wmul
		___xxtofl
		__div_to_l_
		__tdiv_to_l_
		_fround
		_isdigit
		_scale
 This function is called by:
		_main
		_display_voltage
 This function uses a non-reentrant model


 *************** function _scale *****************
 Defined at:
		line 425 in file "C:\Program Files (x86)\Microchip\xc8\v1.37\sources\common\doprnt.c"
 Parameters:    Size  Location     Type
  scl             1    wreg     char 
 Auto vars:     Size  Location     Type
  scl             1   88[BANK0 ] char 
 Return value:  Size  Location     Type
                  4   80[BANK0 ] char 
 Registers used:
		wreg, status,2, status,0, tblptrl, tblptrh, tblptru, prodl, prodh, cstack
 Tracked objects:
		On entry : 
		On exit  : 
		Unchanged: 
 Data sizes:     COMRAM   BANK0   BANK1   BANK2   BANK3   BANK4   BANK5   BANK6   BANK7
      Params:         0       4       0       0       0       0       0       0       0
      Locals:         0       5       0       0       0       0       0       0       0
      Temps:          0       0       0       0       0       0       0       0       0
      Totals:         0       9       0       0       0       0       0       0       0
Total ram usage:        9 bytes
 Hardware stack levels used:    1
 Hardware stack levels required when called:    3
 This function calls:
		___awdiv
		___awmod
		___flmul
 This function is called by:
		_sprintf
 This function uses a non-reentrant model


 *************** function _isdigit *****************
 Defined at:
		line 8 in file "C:\Program Files (x86)\Microchip\xc8\v1.37\sources\common\isdigit.c"
 Parameters:    Size  Location     Type
  c               1    wreg     unsigned char 
 Auto vars:     Size  Location     Type
  c               1   33[COMRAM] unsigned char 
 Return value:  Size  Location     Type
		None               void
 Registers used:
		wreg, status,2, status,0
 Tracked objects:
		On entry : 
		On exit  : 
		Unchanged: 
 Data sizes:     COMRAM   BANK0   BANK1   BANK2   BANK3   BANK4   BANK5   BANK6   BANK7
      Params:         0       0       0       0       0       0       0       0       0
      Locals:         2       0       0       0       0       0       0       0       0
      Temps:          1       0       0       0       0       0       0       0       0
      Totals:         3       0       0       0       0       0       0       0       0
Total ram usage:        3 bytes
 Hardware stack levels used:    1
 Hardware stack levels required when called:    2
 This function calls:
		Nothing
 This function is called by:
		_sprintf
 This function uses a non-reentrant model


 *************** function _fround *****************
 Defined at:
		line 409 in file "C:\Program Files (x86)\Microchip\xc8\v1.37\sources\common\doprnt.c"
 Parameters:    Size  Location     Type
  prec            1    wreg     unsigned char 
 Auto vars:     Size  Location     Type
  prec            1   92[BANK0 ] unsigned char 
 Return value:  Size  Location     Type
                  4   80[BANK0 ] unsigned char 
 Registers used:
		wreg, status,2, status,0, tblptrl, tblptrh, tblptru, prodl, prodh, cstack
 Tracked objects:
		On entry : 
		On exit  : 
		Unchanged: 
 Data sizes:     COMRAM   BANK0   BANK1   BANK2   BANK3   BANK4   BANK5   BANK6   BANK7
      Params:         0       4       0       0       0       0       0       0       0
      Locals:         0       9       0       0       0       0       0       0       0
      Temps:          0       0       0       0       0       0       0       0       0
      Totals:         0      13       0       0       0       0       0       0       0
Total ram usage:       13 bytes
 Hardware stack levels used:    1
 Hardware stack levels required when called:    3
 This function calls:
		___awdiv
		___awmod
		___flmul
 This function is called by:
		_sprintf
 This function uses a non-reentrant model


 *************** function ___awmod *****************
 Defined at:
		line 8 in file "C:\Program Files (x86)\Microchip\xc8\v1.37\sources\common\awmod.c"
 Parameters:    Size  Location     Type
  dividend        2   31[COMRAM] int 
  divisor         2   33[COMRAM] int 
 Auto vars:     Size  Location     Type
  sign            1    1[BANK0 ] unsigned char 
  counter         1    0[BANK0 ] unsigned char 
 Return value:  Size  Location     Type
                  2   31[COMRAM] int 
 Registers used:
		wreg, status,2, status,0
 Tracked objects:
		On entry : 
		On exit  : 
		Unchanged: 
 Data sizes:     COMRAM   BANK0   BANK1   BANK2   BANK3   BANK4   BANK5   BANK6   BANK7
      Params:         4       0       0       0       0       0       0       0       0
      Locals:         0       2       0       0       0       0       0       0       0
      Temps:          0       0       0       0       0       0       0       0       0
      Totals:         4       2       0       0       0       0       0       0       0
Total ram usage:        6 bytes
[...]
      Params:         0       1       0       0       0       0       0       0       0
      Locals:         0       1       0       0       0       0       0       0       0
      Temps:          0       0       0       0       0       0       0       0       0
      Totals:         0       2       0       0       0       0       0       0       0
Total ram usage:        2 bytes
 Hardware stack levels used:    1
 Hardware stack levels required when called:    6
 This function calls:
		_LCD_send_command
 This function is called by:
		_LCD_initialize
 This function uses a non-reentrant model


 *************** function _LCD_clear *****************
 Defined at:
		line 257 in file "../../../Desktop/LaurTec_PIC_libraries_v_3.3.1 - Copia/src\LCD_44780.c"
 Parameters:    Size  Location     Type
		None
 Auto vars:     Size  Location     Type
		None
 Return value:  Size  Location     Type
                  1    wreg      void 
 Registers used:
		wreg, status,2, status,0, prodl, prodh, cstack
 Tracked objects:
		On entry : 
		On exit  : 
		Unchanged: 
 Data sizes:     COMRAM   BANK0   BANK1   BANK2   BANK3   BANK4   BANK5   BANK6   BANK7
      Params:         0       0       0       0       0       0       0       0       0
      Locals:         0       0       0       0       0       0       0       0       0
      Temps:          0       0       0       0       0       0       0       0       0
      Totals:         0       0       0       0       0       0       0       0       0
Total ram usage:        0 bytes
 Hardware stack levels used:    1
 Hardware stack levels required when called:    6
 This function calls:
		_LCD_send_command
 This function is called by:
		_LCD_initialize
		_ricarica
 This function uses a non-reentrant model


 *************** function _LCD_goto_xy *****************
 Defined at:
		line 136 in file "../../../Desktop/LaurTec_PIC_libraries_v_3.3.1 - Copia/src\LCD_44780.c"
 Parameters:    Size  Location     Type
  x               1    wreg     unsigned char 
  y               1   11[BANK0 ] unsigned char 
 Auto vars:     Size  Location     Type
  x               1   12[BANK0 ] unsigned char 
 Return value:  Size  Location     Type
                  1    wreg      void 
 Registers used:
		wreg, status,2, status,0, prodl, prodh, cstack
 Tracked objects:
		On entry : 
		On exit  : 
		Unchanged: 
 Data sizes:     COMRAM   BANK0   BANK1   BANK2   BANK3   BANK4   BANK5   BANK6   BANK7
      Params:         0       1       0       0       0       0       0       0       0
      Locals:         0       1       0       0       0       0       0       0       0
      Temps:          0       0       0       0       0       0       0       0       0
      Totals:         0       2       0       0       0       0       0       0       0
Total ram usage:        2 bytes
 Hardware stack levels used:    1
 Hardware stack levels required when called:    7
 This function calls:
		_LCD_goto_line
		_LCD_shift_cursor
 This function is called by:
		_main
 This function uses a non-reentrant model


 *************** function _LCD_shift_cursor *****************
 Defined at:
		line 98 in file "../../../Desktop/LaurTec_PIC_libraries_v_3.3.1 - Copia/src\LCD_44780.c"
 Parameters:    Size  Location     Type
  shift           1    wreg     unsigned char 
  number_of_sh    1    8[BANK0 ] unsigned char 
 Auto vars:     Size  Location     Type
  shift           1    9[BANK0 ] unsigned char 
  i               1   10[BANK0 ] unsigned char 
 Return value:  Size  Location     Type
                  1    wreg      void 
 Registers used:
		wreg, status,2, status,0, prodl, prodh, cstack
 Tracked objects:
		On entry : 
		On exit  : 
		Unchanged: 
 Data sizes:     COMRAM   BANK0   BANK1   BANK2   BANK3   BANK4   BANK5   BANK6   BANK7
      Params:         0       1       0       0       0       0       0       0       0
      Locals:         0       2       0       0       0       0       0       0       0
      Temps:          0       0       0       0       0       0       0       0       0
      Totals:         0       3       0       0       0       0       0       0       0
Total ram usage:        3 bytes
 Hardware stack levels used:    1
 Hardware stack levels required when called:    6
 This function calls:
		_LCD_send_command
 This function is called by:
		_LCD_goto_xy
 This function uses a non-reentrant model


 *************** function _LCD_goto_line *****************
 Defined at:
		line 111 in file "../../../Desktop/LaurTec_PIC_libraries_v_3.3.1 - Copia/src\LCD_44780.c"
 Parameters:    Size  Location     Type
  line            1    wreg     unsigned char 
 Auto vars:     Size  Location     Type
  line            1    8[BANK0 ] unsigned char 
 Return value:  Size  Location     Type
                  1    wreg      void 
 Registers used:
		wreg, status,2, status,0, prodl, prodh, cstack
 Tracked objects:
		On entry : 
		On exit  : 
		Unchanged: 
 Data sizes:     COMRAM   BANK0   BANK1   BANK2   BANK3   BANK4   BANK5   BANK6   BANK7
      Params:         0       0       0       0       0       0       0       0       0
      Locals:         0       1       0       0       0       0       0       0       0
      Temps:          0       0       0       0       0       0       0       0       0
      Totals:         0       1       0       0       0       0       0       0       0
Total ram usage:        1 bytes
 Hardware stack levels used:    1
 Hardware stack levels required when called:    6
 This function calls:
		_LCD_send_command
 This function is called by:
		_LCD_goto_xy
		_main
		_ricarica
		_stabilizzazione
		_display_voltage
 This function uses a non-reentrant model


 *************** function _LCD_send_command *****************
 Defined at:
		line 61 in file "../../../Desktop/LaurTec_PIC_libraries_v_3.3.1 - Copia/src\LCD_44780.c"
 Parameters:    Size  Location     Type
  D3              1    wreg     unsigned char 
  D2              1    4[BANK0 ] unsigned char 
  D1              1    5[BANK0 ] unsigned char 
  D0              1    6[BANK0 ] unsigned char 
 Auto vars:     Size  Location     Type
  D3              1    7[BANK0 ] unsigned char 
 Return value:  Size  Location     Type
                  1    wreg      void 
 Registers used:
		wreg, status,2, status,0, prodl, prodh, cstack
 Tracked objects:
		On entry : 
		On exit  : 
		Unchanged: 
 Data sizes:     COMRAM   BANK0   BANK1   BANK2   BANK3   BANK4   BANK5   BANK6   BANK7
      Params:         0       3       0       0       0       0       0       0       0
      Locals:         0       1       0       0       0       0       0       0       0
      Temps:          0       0       0       0       0       0       0       0       0
      Totals:         0       4       0       0       0       0       0       0       0
Total ram usage:        4 bytes
 Hardware stack levels used:    1
 Hardware stack levels required when called:    5
 This function calls:
		_LCD_enable_pulse
 This function is called by:
		_LCD_home
		_LCD_shift_cursor
		_LCD_goto_line
		_LCD_write_char
		_LCD_clear
		_LCD_cursor
		_LCD_initialize
		_LCD_shift
 This function uses a non-reentrant model


 *************** function _LCD_enable_pulse *****************
 Defined at:
		line 49 in file "../../../Desktop/LaurTec_PIC_libraries_v_3.3.1 - Copia/src\LCD_44780.c"
 Parameters:    Size  Location     Type
		None
 Auto vars:     Size  Location     Type
		None
 Return value:  Size  Location     Type
                  1    wreg      void 
 Registers used:
		wreg, status,2, status,0, prodl, prodh, cstack
 Tracked objects:
		On entry : 
		On exit  : 
		Unchanged: 
 Data sizes:     COMRAM   BANK0   BANK1   BANK2   BANK3   BANK4   BANK5   BANK6   BANK7
      Params:         0       0       0       0       0       0       0       0       0
      Locals:         0       0       0       0       0       0       0       0       0
      Temps:          0       0       0       0       0       0       0       0       0
      Totals:         0       0       0       0       0       0       0       0       0
Total ram usage:        0 bytes
 Hardware stack levels used:    1
 Hardware stack levels required when called:    4
 This function calls:
		_delay_ms
 This function is called by:
		_LCD_send_command
 This function uses a non-reentrant model


 *************** function _delay_ms *****************
 Defined at:
		line 61 in file "../../../Desktop/LaurTec_PIC_libraries_v_3.3.1 - Copia/src\delay.c"
 Parameters:    Size  Location     Type
  value_ms        2    2[BANK0 ] unsigned int 
 Auto vars:     Size  Location     Type
		None
 Return value:  Size  Location     Type
                  1    wreg      void 
 Registers used:
		wreg, status,2, status,0, prodl, prodh, cstack
 Tracked objects:
		On entry : 
		On exit  : 
		Unchanged: 
 Data sizes:     COMRAM   BANK0   BANK1   BANK2   BANK3   BANK4   BANK5   BANK6   BANK7
      Params:         0       2       0       0       0       0       0       0       0
      Locals:         0       0       0       0       0       0       0       0       0
      Temps:          0       0       0       0       0       0       0       0       0
      Totals:         0       2       0       0       0       0       0       0       0
Total ram usage:        2 bytes
 Hardware stack levels used:    1
 Hardware stack levels required when called:    3
 This function calls:
		___wmul
 This function is called by:
		_LCD_enable_pulse
		_LCD_initialize
		_delay_s
		_main
		_stabilizzazione
		_scarica
		_read_adc
 This function uses a non-reentrant model


 *************** function ___wmul *****************
 Defined at:
		line 15 in file "C:\Program Files (x86)\Microchip\xc8\v1.37\sources\common\Umul16.c"
 Parameters:    Size  Location     Type
  multiplier      2   31[COMRAM] unsigned int 
  multiplicand    2   33[COMRAM] unsigned int 
 Auto vars:     Size  Location     Type
  product         2    0[BANK0 ] unsigned int 
 Return value:  Size  Location     Type
                  2   31[COMRAM] unsigned int 
 Registers used:
		wreg, status,2, status,0, prodl, prodh
 Tracked objects:
		On entry : 
		On exit  : 
		Unchanged: 
 Data sizes:     COMRAM   BANK0   BANK1   BANK2   BANK3   BANK4   BANK5   BANK6   BANK7
      Params:         4       0       0       0       0       0       0       0       0
      Locals:         0       2       0       0       0       0       0       0       0
      Temps:          0       0       0       0       0       0       0       0       0
      Totals:         4       2       0       0       0       0       0       0       0
Total ram usage:        6 bytes
 Hardware stack levels used:    1
 Hardware stack levels required when called:    2
 This function calls:
		Nothing
 This function is called by:
		_delay_ms
		_sprintf
 This function uses a non-reentrant model


 *************** function _isr_bassa *****************
 Defined at:
		line 75 in file "batterua.c"
 Parameters:    Size  Location     Type
		None
 Auto vars:     Size  Location     Type
		None
 Return value:  Size  Location     Type
                  1    wreg      void 
 Registers used:
		wreg, status,2
 Tracked objects:
		On entry : 
		On exit  : 
		Unchanged: 
 Data sizes:     COMRAM   BANK0   BANK1   BANK2   BANK3   BANK4   BANK5   BANK6   BANK7
      Params:         0       0       0       0       0       0       0       0       0
      Locals:         0       0       0       0       0       0       0       0       0
      Temps:         17       0       0       0       0       0       0       0       0
      Totals:        17       0       0       0       0       0       0       0       0
Total ram usage:       17 bytes
 Hardware stack levels used:    1
 Hardware stack levels required when called:    1
 This function calls:
		Nothing
 This function is called by:
		Interrupt level 1
 This function uses a non-reentrant model


 *************** function _isr_alta *****************
 Defined at:
		line 45 in file "batterua.c"
 Parameters:    Size  Location     Type
		None
 Auto vars:     Size  Location     Type
		None
 Return value:  Size  Location     Type
                  1    wreg      void 
 Registers used:
		wreg, status,2, status,0
 Tracked objects:
		On entry : 
		On exit  : 
		Unchanged: 
 Data sizes:     COMRAM   BANK0   BANK1   BANK2   BANK3   BANK4   BANK5   BANK6   BANK7
      Params:         0       0       0       0       0       0       0       0       0
      Locals:         0       0       0       0       0       0       0       0       0
      Temps:         14       0       0       0       0       0       0       0       0
      Totals:        14       0       0       0       0       0       0       0       0
Total ram usage:       14 bytes
 Hardware stack levels used:    1
 This function calls:
		Nothing
 This function is called by:
		Interrupt level 2
 This function uses a non-reentrant model



MODULE INFORMATION

Module		Function		Class		Link	Load	Size
C:\Program Files (x86)\Microchip\xc8\v1.37\sources\common\sprcdiv.c
		___fldiv       		CODE           	1B8C	0000	961

C:\Program Files (x86)\Microchip\xc8\v1.37\sources\common\sprcdiv.c estimated size: 961

C:\Program Files (x86)\Microchip\xc8\v1.37\sources\common\llmod.c
		___llmod       		CODE           	3A44	0000	149

C:\Program Files (x86)\Microchip\xc8\v1.37\sources\common\llmod.c estimated size: 149

C:\Program Files (x86)\Microchip\xc8\v1.37\sources\common\doprnt.c
		_scale         		CODE           	1266	0000	1179
		_sprintf       		CODE           	00BC	0000	2141
		_fround        		CODE           	1F4C	0000	695

C:\Program Files (x86)\Microchip\xc8\v1.37\sources\common\doprnt.c estimated size: 4015

batterua.c
		_isr_bassa     		CODE           	0018	0000	161
		_scarica       		CODE           	2474	0000	491
		_main          		CODE           	2202	0000	627
		_isr_alta      		CODE           	0008	0000	269
		_stabilizzazione		CODE           	3AD8	0000	127
		_inizializzazione		CODE           	3BD4	0000	111
		_display_voltage		CODE           	3548	0000	217
		_read_adc      		CODE           	1700	0000	1165
		_ricarica      		CODE           	3856	0000	173

batterua.c estimated size: 3341

C:\Program Files (x86)\Microchip\xc8\v1.37\sources\common\Umul16.c
		___wmul        		CODE           	3F94	0000	43

C:\Program Files (x86)\Microchip\xc8\v1.37\sources\common\Umul16.c estimated size: 43

C:\Program Files (x86)\Microchip\xc8\v1.37\sources\common\lwdiv.c
		___lwdiv       		CODE           	3C42	0000	95

C:\Program Files (x86)\Microchip\xc8\v1.37\sources\common\lwdiv.c estimated size: 95

C:\Program Files (x86)\Microchip\xc8\v1.37\sources\common\awdiv.c
		___awdiv       		CODE           	3620	0000	191

C:\Program Files (x86)\Microchip\xc8\v1.37\sources\common\awdiv.c estimated size: 191

C:\Program Files (x86)\Microchip\xc8\v1.37\sources\common\fltol.c
		___fltol       		CODE           	3252	0000	269

C:\Program Files (x86)\Microchip\xc8\v1.37\sources\common\fltol.c estimated size: 269

C:\Program Files (x86)\Microchip\xc8\v1.37\sources\common\log.c
		_log           		CODE           	2CF4	0000	389

C:\Program Files (x86)\Microchip\xc8\v1.37\sources\common\log.c estimated size: 389

C:\Program Files (x86)\Microchip\xc8\v1.37\sources\common\isdigit.c
		_isdigit       		CODE           	4006	0000	31

C:\Program Files (x86)\Microchip\xc8\v1.37\sources\common\isdigit.c estimated size: 31

C:\Program Files (x86)\Microchip\xc8\v1.37\sources\common\sprcadd.c
		___flsub       		CODE           	3DC4	0000	73
		___fladd       		CODE           	0918	0000	1193

C:\Program Files (x86)\Microchip\xc8\v1.37\sources\common\sprcadd.c estimated size: 1266

C:\Program Files (x86)\Microchip\xc8\v1.37\sources\common\lldiv.c
		___lldiv       		CODE           	379A	0000	189

C:\Program Files (x86)\Microchip\xc8\v1.37\sources\common\lldiv.c estimated size: 189

../../../Desktop/LaurTec_PIC_libraries_v_3.3.1 - Copia/src\LCD_44780.c
		_LCD_clear     		CODE           	3EAA	0000	51
		_LCD_cursor    		CODE           	3E78	0000	51
		_LCD_goto_xy   		CODE           	4024	0000	29
		_LCD_goto_line 		CODE           	345C	0000	237
		_LCD_shift_cursor		CODE           	3CA0	0000	77
		_LCD_write_string		CODE           	3FBE	0000	39
		_LCD_home      		CODE           	3E46	0000	51
		_LCD_enable_pulse		CODE           	3FE4	0000	35
		_LCD_write_message		CODE           	3F68	0000	45
		_LCD_write_char		CODE           	39AE	0000	151
		_LCD_write_integer		CODE           	265E	0000	449
		_LCD_send_command		CODE           	3E0C	0000	59
		_LCD_initialize		CODE           	2E78	0000	367

../../../Desktop/LaurTec_PIC_libraries_v_3.3.1 - Copia/src\LCD_44780.c estimated size: 1641

C:\Program Files (x86)\Microchip\xc8\v1.37\sources\common\ftdivl.c
		__tdiv_to_l_   		CODE           	29DA	0000	403

C:\Program Files (x86)\Microchip\xc8\v1.37\sources\common\ftdivl.c estimated size: 403

../../../Desktop/LaurTec_PIC_libraries_v_3.3.1 - Copia/src\delay.c
		_delay_set_quartz		CODE           	4040	0000	9
		_delay_ms      		CODE           	3EDC	0000	51
		_delay_s       		CODE           	3F3C	0000	45

../../../Desktop/LaurTec_PIC_libraries_v_3.3.1 - Copia/src\delay.c estimated size: 105

C:\Program Files (x86)\Microchip\xc8\v1.37\sources\common\fldivl.c
		__div_to_l_    		CODE           	2B6C	0000	393

C:\Program Files (x86)\Microchip\xc8\v1.37\sources\common\fldivl.c estimated size: 393

shared
		__powers_      		MEDIUMCONST    	7EEB	0000	53
		_dpowers       		MEDIUMCONST    	7F1F	0000	41
		__npowers_     		MEDIUMCONST    	7EB7	0000	53
		__initialization		CODE           	3CEC	0000	59
		log@coeff      		MEDIUMCONST    	7F47	0000	37

shared estimated size: 243

C:\Program Files (x86)\Microchip\xc8\v1.37\sources\common\itoa.c
		_itoa          		CODE           	3D34	0000	73
		_utoa          		CODE           	36DE	0000	189

C:\Program Files (x86)\Microchip\xc8\v1.37\sources\common\itoa.c estimated size: 262

C:\Program Files (x86)\Microchip\xc8\v1.37\sources\common\flneg.c
		___flneg       		CODE           	3F0E	0000	47

C:\Program Files (x86)\Microchip\xc8\v1.37\sources\common\flneg.c estimated size: 47

C:\Program Files (x86)\Microchip\xc8\v1.37\sources\common\flge.c
		___flge        		CODE           	2FE6	0000	349

C:\Program Files (x86)\Microchip\xc8\v1.37\sources\common\flge.c estimated size: 349

C:\Program Files (x86)\Microchip\xc8\v1.37\sources\common\frexp.c
		_frexp         		CODE           	3902	0000	173

C:\Program Files (x86)\Microchip\xc8\v1.37\sources\common\frexp.c estimated size: 173

C:\Program Files (x86)\Microchip\xc8\v1.37\sources\common\xxtofl.c
		___xxtofl      		CODE           	281E	0000	445

C:\Program Files (x86)\Microchip\xc8\v1.37\sources\common\xxtofl.c estimated size: 445

C:\Program Files (x86)\Microchip\xc8\v1.37\sources\common\evalpoly.c
		_eval_poly     		CODE           	3142	0000	273

C:\Program Files (x86)\Microchip\xc8\v1.37\sources\common\evalpoly.c estimated size: 273

C:\Program Files (x86)\Microchip\xc8\v1.37\sources\common\lwmod.c
		___lwmod       		CODE           	3D7C	0000	73

C:\Program Files (x86)\Microchip\xc8\v1.37\sources\common\lwmod.c estimated size: 73

C:\Program Files (x86)\Microchip\xc8\v1.37\sources\common\awmod.c
		___awmod       		CODE           	3B56	0000	127

C:\Program Files (x86)\Microchip\xc8\v1.37\sources\common\awmod.c estimated size: 127

C:\Program Files (x86)\Microchip\xc8\v1.37\sources\common\sprcmul.c
		___flmul       		CODE           	0DC0	0000	1191

C:\Program Files (x86)\Microchip\xc8\v1.37\sources\common\sprcmul.c estimated size: 1191

