Microchip MPLAB XC8 Compiler V1.37 ()

Linker command line:

--edf=C:\Program Files (x86)\Microchip\xc8\v1.37\dat\en_msgs.txt -cs \
  -h+dist/default/production\batteria4480.X.production.sym \
  --cmf=dist/default/production\batteria4480.X.production.cmf -z -Q18F4480 \
  -oC:\Users\simone\AppData\Local\Temp\s4n0.2 \
  -Mdist/default/production/batteria4480.X.production.map -E1 -ver=XC8 \
  --acfsm=1493 -ASTACK=0E6h-02ffh -pstack=STACK -ACODE=00h-03FFFh \
  -ACONST=00h-03FFFh -ASMALLCONST=0300h-03FFhx61 -AMEDIUMCONST=0300h-03FFFh \
  -ACOMRAM=01h-05Fh -AABS1=00h-02FFh -ABIGRAM=01h-02FFh \
  -ARAM=060h-0FFh,0100h-01FFhx2 -ABANK0=060h-0FFh -ABANK1=0100h-01FFh \
  -ABANK2=0200h-02FFh -ASFR=0D00h-0DFFhx2,0F00h-0F5Fh,0F60h-0FFFh \
  -preset_vec=00h,intcode=08h,intcodelo=018h,powerup,init,end_init \
  -pramtop=0300h -psmallconst=SMALLCONST -pmediumconst=MEDIUMCONST \
  -pconst=CONST -AFARRAM=00h-00h -ACONFIG=0300000h-030000Dh -pconfig=CONFIG \
  -AIDLOC=0200000h-0200007h -pidloc=IDLOC -AEEDATA=0F00000h-0F000FFh \
  -peeprom_data=EEDATA \
  -prdata=COMRAM,nvrram=COMRAM,nvbit=COMRAM,rbss=COMRAM,rbit=COMRAM \
  -pfarbss=FARRAM,fardata=FARRAM,nvFARRAM=FARRAM \
  -pintsave_regs=BIGRAM,bigbss=BIGRAM,bigdata=BIGRAM -pbss=RAM \
  -pidata=CODE,irdata=CODE,ibigdata=CODE,ifardata=CODE -prparam=COMRAM \
  C:\Users\simone\AppData\Local\Temp\s4n0.obj \
  dist/default/production\batteria4480.X.production.obj 

Object code version is 3.11

Machine type is 18F4480

Call graph: (short form)




                Name                               Link     Load   Length Selector   Space Scale
C:\Users\simone\AppData\Local\Temp\s4n0.obj
                end_init                             B8       B8        4        C       0
                reset_vec                             0        0        4        0       0
                idloc                            200000   200000        8   200000       0
                config                           300000   300000        E   300000       0
dist/default/production\batteria4480.X.production.obj
                intcodelo                            18       18       A0        C       0
                intcode                               8        8        E        4       0
                temp                                 40       40        1        1       1
                smallconst                          300      300       F6      180       0
                intcode_body                       315C     315C       B6      1FB       0
                text35                             3692     3692       32      1FB       0
                text34                             35FA     35FA       34      1FB       0
                text33                             36F0     36F0       2C      1FB       0
                text32                             376A     376A       22      1FB       0
                text31                             3588     3588       3A      1FB       0
                text30                             2EF6     2EF6       EC      1FB       0
                text29                             3212     3212       96      1FB       0
                text28                             3744     3744       26      1FB       0
                text27                             1A7E     1A7E      3C0      1FB       0
                text26                             15D8     15D8      4A6      1FB       0
                text25                             25F8     25F8      1CE      1FB       0
                text24                             23A2     23A2      256      1FB       0
                text23                             2964     2964      190      1FB       0
                text22                             35C2     35C2       38      1FB       0
                text21                             1130     1130      4A8      1FB       0
                text20                             3540     3540       48      1FB       0
                text19                             2DEA     2DEA      10C      1FB       0
                text18                             30A0     30A0       BC      1FB       0
                text17                             333C     333C       94      1FB       0
                text16                             2AF4     2AF4      188      1FB       0
                text15                             27C6     27C6      19E      1FB       0
                text14                             2FE2     2FE2       BE      1FB       0
                text13                             32A8     32A8       94      1FB       0
                text12                             1E3E     1E3E      2D2      1FB       0
                text11                             371C     371C       28      1FB       0
                text10                              C5E      C5E      4D2      1FB       0
                text9                               3F6      3F6      868      1FB       0
                text8                              33D0     33D0       92      1FB       0
                text7                              378C     378C        E      1FB       0
                text6                              3660     3660       32      1FB       0
                text5                              362E     362E       32      1FB       0
                text4                              379A     379A        8      1FB       0
                text3                              2C7C     2C7C      16E      1FB       0
                text2                              36C4     36C4       2C      1FB       0
                text1                              3462     3462       86      1FB       0
                text0                              2110     2110      292      1FB       0
                cstackCOMRAM                          1        1       21        1       1
                cstackBANK0                          60       60       72       60       1
                dataBANK0                            E2       E2        4       60       1
                bssBANK0                             D2       D2       10       60       1
                dataCOMRAM                           3F       3F        1        1       1
                bssCOMRAM                            22       22       17        1       1
                cinit                              34E8     34E8       58      1FB       0
                nvCOMRAM                             39       39        6        1       1
                idataBANK0                         37A2     37A2        4      1FB       0
                idataCOMRAM                        37A6     37A6        1      1FB       0

TOTAL           Name                               Link     Load   Length     Space
        CLASS   STACK          

        CLASS   CODE           
                end_init                             B8       B8        4         0
                intcodelo                            18       18       A0         0
                intcode                               8        8        E         0
                reset_vec                             0        0        4         0
                intcode_body                       315C     315C       B6         0
                text35                             3692     3692       32         0
                text34                             35FA     35FA       34         0
                text33                             36F0     36F0       2C         0
                text32                             376A     376A       22         0
                text31                             3588     3588       3A         0
                text30                             2EF6     2EF6       EC         0
                text29                             3212     3212       96         0
                text28                             3744     3744       26         0
                text27                             1A7E     1A7E      3C0         0
                text26                             15D8     15D8      4A6         0
                text25                             25F8     25F8      1CE         0
                text24                             23A2     23A2      256         0
                text23                             2964     2964      190         0
                text22                             35C2     35C2       38         0
                text21                             1130     1130      4A8         0
                text20                             3540     3540       48         0
                text19                             2DEA     2DEA      10C         0
                text18                             30A0     30A0       BC         0
                text17                             333C     333C       94         0
                text16                             2AF4     2AF4      188         0
                text15                             27C6     27C6      19E         0
                text14                             2FE2     2FE2       BE         0
                text13                             32A8     32A8       94         0
                text12                             1E3E     1E3E      2D2         0
                text11                             371C     371C       28         0
                text10                              C5E      C5E      4D2         0
                text9                               3F6      3F6      868         0
                text8                              33D0     33D0       92         0
                text7                              378C     378C        E         0
                text6                              3660     3660       32         0
                text5                              362E     362E       32         0
                text4                              379A     379A        8         0
                text3                              2C7C     2C7C      16E         0
                text2                              36C4     36C4       2C         0
                text1                              3462     3462       86         0
                text0                              2110     2110      292         0
                cinit                              34E8     34E8       58         0
                idataBANK0                         37A2     37A2        4         0
                idataCOMRAM                        37A6     37A6        1         0

        CLASS   CONST          

        CLASS   SMALLCONST     
                smallconst                          300      300       F6         0

        CLASS   MEDIUMCONST    

        CLASS   COMRAM         
                temp                                 40       40        1         1
                cstackCOMRAM                          1        1       21         1
                dataCOMRAM                           3F       3F        1         1
                bssCOMRAM                            22       22       17         1
                nvCOMRAM                             39       39        6         1

        CLASS   ABS1           

        CLASS   BIGRAM         

        CLASS   RAM            

        CLASS   BANK0          
                cstackBANK0                          60       60       72         1
                dataBANK0                            E2       E2        4         1
                bssBANK0                             D2       D2       10         1

        CLASS   BANK1          

        CLASS   BANK2          

        CLASS   SFR            

        CLASS   FARRAM         

        CLASS   CONFIG         
                config                           300000   300000        E         0

        CLASS   IDLOC          
                idloc                            200000   200000        8         0

        CLASS   EEDATA         



SEGMENTS        Name                           Load    Length   Top    Selector   Space  Class

                reset_vec                      000000  000004  000004         0       0  CODE    
                cstackCOMRAM                   000001  000040  000041         1       1  COMRAM  
                intcode                        000008  00000E  000016         4       0  CODE    
                intcodelo                      000018  0000A4  0000BC         C       0  CODE    
                cstackBANK0                    000060  000086  0000E6        60       1  BANK0   
                smallconst                     000300  0000F6  0003F6       180       0  SMALLCON
                text9                          0003F6  0033B1  0037A7       1FB       0  CODE    
                idloc                          200000  000008  200008    200000       0  IDLOC   
                config                         300000  00000E  30000E    300000       0  CONFIG  


UNUSED ADDRESS RANGES

        Name                Unused          Largest block    Delta
        BANK0            0000E6-0000FF               1A
        BANK1            000100-0001FF              100
        BANK2            000200-0002FF              100
        BIGRAM           000041-00005F               1F
                         0000E6-0002FF              21A
        CODE             000004-000007                4
                         000016-000017                2
                         0000BC-0002FF              244
                         0037A7-003FFF              859
        COMRAM           000041-00005F               1F
        CONST            000004-000007                4
                         000016-000017                2
                         0000BC-0002FF              244
                         0037A7-003FFF              859
        EEDATA           F00000-F000FF              100
        MEDIUMCONST      0037A7-003FFF              859
        RAM              0000E6-0002FF              100
        SFR              000D00-000FFF              100
        SMALLCONST       0037A7-003FFF              100
        STACK            0000E6-0002FF              21A

                                  Symbol Table

?___awdiv                       cstackBANK0  000064
?___awmod                       cstackBANK0  000060
?___fladd                       cstackBANK0  000092
?___fldiv                       cstackBANK0  000085
?___flmul                       cstackBANK0  00006C
?___flneg                       cstackBANK0  000060
?___flsub                       cstackBANK0  0000A6
?___fltol                       cstackBANK0  00008E
?___lldiv                       cstackBANK0  000060
?___llmod                       cstackBANK0  000060
?___wmul                        cstackBANK0  000060
?___xxtofl                      cstackBANK0  000060
?__div_to_l_                    cstackBANK0  000060
?__tdiv_to_l_                   cstackBANK0  000060
?_fround                        cstackBANK0  000085
?_scale                         cstackBANK0  000085
?_sprintf                       cstackBANK0  0000AE
LCD_backlight@active            cstackCOMRAM 000020
LCD_cursor@active               cstackBANK0  00006B
LCD_cursor@blinking             cstackBANK0  00006A
LCD_goto_line@line              cstackBANK0  00006A
LCD_initialize@quartz_frequency cstackBANK0  00006C
LCD_send_command@D0             cstackBANK0  000068
LCD_send_command@D1             cstackBANK0  000067
LCD_send_command@D2             cstackBANK0  000066
LCD_send_command@D3             cstackBANK0  000069
LCD_write_char@D0               cstackBANK0  00006D
LCD_write_char@D1               cstackBANK0  00006C
LCD_write_char@D2               cstackBANK0  00006B
LCD_write_char@D3               cstackBANK0  00006A
LCD_write_char@value            cstackBANK0  00006E
LCD_write_integer@F16106        bssBANK0     0000D2
LCD_write_message@buffer        cstackBANK0  00006F
LCD_write_string@buffer         cstackBANK0  00006F
_ADCON0                         (abs)        000FC2
_ADCON0bits                     (abs)        000FC2
_ADCON1                         (abs)        000FC1
_ADCON2                         (abs)        000FC0
_ADRESH                         (abs)        000FC4
_ADRESL                         (abs)        000FC3
_INTCONbits                     (abs)        000FF2
_IPR1bits                       (abs)        000F9F
_LATA                           (abs)        000F89
_LATB                           (abs)        000F8A
_LATC                           (abs)        000F8B
_LATD                           (abs)        000F8C
_LATDbits                       (abs)        000F8C
_LCD_backlight                  text7        00378C
_LCD_clear                      text6        003660
_LCD_cursor                     text5        00362E
_LCD_enable_pulse               text32       00376A
_LCD_goto_line                  text30       002EF6
_LCD_initialize                 text3        002C7C
_LCD_send_command               text31       003588
_LCD_write_char                 text29       003212
_LCD_write_message              text2        0036C4
_LCD_write_string               text28       003744
_PIE1bits                       (abs)        000F9D
_PIR1bits                       (abs)        000F9E
_PORTBbits                      (abs)        000F81
_RCONbits                       (abs)        000FD0
_T0CON                          (abs)        000FD5
_T1CON                          (abs)        000FCD
_TMR0H                          (abs)        000FD7
_TMR0L                          (abs)        000FD6
_TMR1H                          (abs)        000FCF
_TMR1L                          (abs)        000FCE
_TRISA                          (abs)        000F92
_TRISB                          (abs)        000F93
_TRISC                          (abs)        000F94
_TRISD                          (abs)        000F95
__CFG_BBSIZ$1024                (abs)        000000
__CFG_BOREN$BOHW                (abs)        000000
__CFG_BORV$3                    (abs)        000000
__CFG_CP0$OFF                   (abs)        000000
__CFG_CP1$OFF                   (abs)        000000
__CFG_CPB$OFF                   (abs)        000000
__CFG_CPD$OFF                   (abs)        000000
__CFG_EBTR0$OFF                 (abs)        000000
__CFG_EBTR1$OFF                 (abs)        000000
__CFG_EBTRB$OFF                 (abs)        000000
__CFG_FCMEN$OFF                 (abs)        000000
__CFG_IESO$OFF                  (abs)        000000
__CFG_LPT1OSC$OFF               (abs)        000000
__CFG_LVP$OFF                   (abs)        000000
__CFG_MCLRE$ON                  (abs)        000000
__CFG_OSC$HS                    (abs)        000000
__CFG_PBADEN$OFF                (abs)        000000
__CFG_PWRT$OFF                  (abs)        000000
__CFG_STVREN$ON                 (abs)        000000
__CFG_WDT$OFF                   (abs)        000000
__CFG_WDTPS$32768               (abs)        000000
__CFG_WRT0$OFF                  (abs)        000000
__CFG_WRT1$OFF                  (abs)        000000
__CFG_WRTB$OFF                  (abs)        000000
__CFG_WRTC$OFF                  (abs)        000000
__CFG_WRTD$OFF                  (abs)        000000
__CFG_XINST$OFF                 (abs)        000000
__HRAM                          (abs)        000000
__Habs1                         abs1         000000
__Hbank0                        bank0        000000
__Hbank1                        bank1        000000
__Hbank2                        bank2        000000
__Hbigbss                       bigbss       000000
__Hbigdata                      bigdata      000000
__Hbigram                       bigram       000000
__Hbss                          bss          000000
__HbssBANK0                     bssBANK0     000000
__HbssCOMRAM                    bssCOMRAM    000000
__Hcinit                        cinit        000000
__Hclrtext                      clrtext      000000
__Hcomram                       comram       000000
__Hconfig                       config       30000E
__Hconst                        const        000000
__HcstackBANK0                  cstackBANK0  000000
__HcstackCOMRAM                 cstackCOMRAM 000000
__Hdata                         data         000000
__HdataBANK0                    dataBANK0    000000
__HdataCOMRAM                   dataCOMRAM   000000
__Heeprom_data                  eeprom_data  000000
__Hend_init                     end_init     0000BC
__Hfarbss                       farbss       000000
__Hfardata                      fardata      000000
__Hibigdata                     ibigdata     000000
__Hidata                        idata        000000
__HidataBANK0                   idataBANK0   000000
__HidataCOMRAM                  idataCOMRAM  000000
__Hidloc                        idloc        200008
__Hifardata                     ifardata     000000
__Hinit                         init         0000B8
__Hintcode                      intcode      000016
__Hintcode_body                 intcode_body 000000
__Hintcodelo                    intcodelo    0000B8
__Hintentry                     intentry     000000
__Hintret                       intret       000000
__Hintsave_regs                 intsave_regs 000000
__Hirdata                       irdata       000000
__Hmediumconst                  mediumconst  000000
__HnvCOMRAM                     nvCOMRAM     000000
__HnvFARRAM                     nvFARRAM     000000
__Hnvbit                        nvbit        000000
__Hnvrram                       nvrram       000000
__Hparam                        rparam       000000
__Hpowerup                      powerup      0000B8
__Hram                          ram          000000
__Hramtop                       ramtop       000300
__Hrbit                         rbit         000000
__Hrbss                         rbss         000000
__Hrdata                        rdata        000000
__Hreset_vec                    reset_vec    000004
__Hrparam                       rparam       000000
__Hsfr                          sfr          000000
__Hsmallconst                   smallconst   0003F6
__Hspace_0                      (abs)        30000E
__Hspace_1                      (abs)        0000E6
__Hspace_2                      (abs)        000000
__Hstack                        stack        000000
__Hstruct                       struct       000000
__Htemp                         temp         000041
__Htext                         text         000000
__Htext0                        text0        000000
__Htext1                        text1        000000
__Htext10                       text10       000000
__Htext11                       text11       000000
__Htext12                       text12       000000
__Htext13                       text13       000000
__Htext14                       text14       000000
__Htext15                       text15       000000
__Htext16                       text16       000000
__Htext17                       text17       000000
__Htext18                       text18       000000
__Htext19                       text19       000000
__Htext2                        text2        000000
__Htext20                       text20       000000
__Htext21                       text21       000000
__Htext22                       text22       000000
__Htext23                       text23       000000
__Htext24                       text24       000000
__Htext25                       text25       000000
__Htext26                       text26       000000
__Htext27                       text27       000000
__Htext28                       text28       000000
__Htext29                       text29       000000
__Htext3                        text3        000000
__Htext30                       text30       000000
__Htext31                       text31       000000
__Htext32                       text32       000000
__Htext33                       text33       000000
__Htext34                       text34       000000
__Htext35                       text35       000000
__Htext4                        text4        000000
__Htext5                        text5        000000
__Htext6                        text6        000000
__Htext7                        text7        000000
__Htext8                        text8        000000
__Htext9                        text9        000000
__LRAM                          (abs)        000001
__Labs1                         abs1         000000
__Lbank0                        bank0        000000
__Lbank1                        bank1        000000
__Lbank2                        bank2        000000
__Lbigbss                       bigbss       000000
__Lbigdata                      bigdata      000000
__Lbigram                       bigram       000000
__Lbss                          bss          000000
__LbssBANK0                     bssBANK0     000000
__LbssCOMRAM                    bssCOMRAM    000000
__Lcinit                        cinit        000000
__Lclrtext                      clrtext      000000
__Lcomram                       comram       000000
__Lconfig                       config       300000
__Lconst                        const        000000
__LcstackBANK0                  cstackBANK0  000000
__LcstackCOMRAM                 cstackCOMRAM 000000
__Ldata                         data         000000
__LdataBANK0                    dataBANK0    000000
__LdataCOMRAM                   dataCOMRAM   000000
__Leeprom_data                  eeprom_data  000000
__Lend_init                     end_init     0000B8
__Lfarbss                       farbss       000000
__Lfardata                      fardata      000000
__Libigdata                     ibigdata     000000
__Lidata                        idata        000000
__LidataBANK0                   idataBANK0   000000
__LidataCOMRAM                  idataCOMRAM  000000
__Lidloc                        idloc        200000
__Lifardata                     ifardata     000000
__Linit                         init         0000B8
__Lintcode                      intcode      000008
__Lintcode_body                 intcode_body 000000
__Lintcodelo                    intcodelo    000018
__Lintentry                     intentry     000000
__Lintret                       intret       000000
__Lintsave_regs                 intsave_regs 000000
__Lirdata                       irdata       000000
__Lmediumconst                  mediumconst  000000
__LnvCOMRAM                     nvCOMRAM     000000
__LnvFARRAM                     nvFARRAM     000000
__Lnvbit                        nvbit        000000
__Lnvrram                       nvrram       000000
__Lparam                        rparam       000000
__Lpowerup                      powerup      0000B8
__Lram                          ram          000000
__Lramtop                       ramtop       000300
__Lrbit                         rbit         000000
__Lrbss                         rbss         000000
__Lrdata                        rdata        000000
__Lreset_vec                    reset_vec    000000
__Lrparam                       rparam       000000
__Lsfr                          sfr          000000
__Lsmallconst                   smallconst   000300
__Lspace_0                      (abs)        000000
__Lspace_1                      (abs)        000000
__Lspace_2                      (abs)        000000
__Lstack                        stack        000000
__Lstruct                       struct       000000
__Ltemp                         temp         000040
__Ltext                         text         000000
__Ltext0                        text0        000000
__Ltext1                        text1        000000
__Ltext10                       text10       000000
__Ltext11                       text11       000000
__Ltext12                       text12       000000
__Ltext13                       text13       000000
__Ltext14                       text14       000000
__Ltext15                       text15       000000
__Ltext16                       text16       000000
__Ltext17                       text17       000000
__Ltext18                       text18       000000
__Ltext19                       text19       000000
__Ltext2                        text2        000000
__Ltext20                       text20       000000
__Ltext21                       text21       000000
__Ltext22                       text22       000000
__Ltext23                       text23       000000
__Ltext24                       text24       000000
__Ltext25                       text25       000000
__Ltext26                       text26       000000
__Ltext27                       text27       000000
__Ltext28                       text28       000000
__Ltext29                       text29       000000
__Ltext3                        text3        000000
__Ltext30                       text30       000000
__Ltext31                       text31       000000
__Ltext32                       text32       000000
__Ltext33                       text33       000000
__Ltext34                       text34       000000
__Ltext35                       text35       000000
__Ltext4                        text4        000000
__Ltext5                        text5        000000
__Ltext6                        text6        000000
__Ltext7                        text7        000000
__Ltext8                        text8        000000
__Ltext9                        text9        000000
__S0                            (abs)        30000E
__S1                            (abs)        0000E6
__S2                            (abs)        000000
___awdiv                        text14       002FE2
___awdiv@counter                cstackBANK0  000068
___awdiv@dividend               cstackBANK0  000064
___awdiv@divisor                cstackBANK0  000066
___awdiv@quotient               cstackBANK0  00006A
___awdiv@sign                   cstackBANK0  000069
___awmod                        text13       0032A8
___awmod@counter                cstackCOMRAM 000020
___awmod@dividend               cstackBANK0  000060
___awmod@divisor                cstackBANK0  000062
___awmod@sign                   cstackCOMRAM 000021
___fladd                        text21       001130
___fladd@a                      cstackBANK0  000096
___fladd@aexp                   cstackBANK0  0000A3
___fladd@b                      cstackBANK0  000092
___fladd@bexp                   cstackBANK0  0000A4
___fladd@grs                    cstackBANK0  0000A5
___fladd@signs                  cstackBANK0  0000A2
___fldiv                        text27       001A7E
___fldiv@a                      cstackBANK0  000089
___fldiv@aexp                   cstackBANK0  00009D
___fldiv@b                      cstackBANK0  000085
___fldiv@bexp                   cstackBANK0  00009C
___fldiv@grs                    cstackBANK0  000098
___fldiv@new_exp                cstackBANK0  000096
___fldiv@rem                    cstackBANK0  000092
___fldiv@sign                   cstackBANK0  000091
___flge                         text23       002964
___flge@ff1                     cstackBANK0  000060
___flge@ff2                     cstackBANK0  000064
___flmul                        text26       0015D8
___flmul@a                      cstackBANK0  000070
___flmul@aexp                   cstackBANK0  000079
___flmul@b                      cstackBANK0  00006C
___flmul@bexp                   cstackBANK0  00007E
___flmul@grs                    cstackBANK0  00007A
___flmul@prod                   cstackBANK0  00007F
___flmul@sign                   cstackBANK0  000078
___flmul@temp                   cstackBANK0  000083
___flneg                        text22       0035C2
___flneg@f1                     cstackBANK0  000060
___flsub                        text20       003540
___flsub@a                      cstackBANK0  0000AA
___flsub@b                      cstackBANK0  0000A6
___fltol                        text19       002DEA
___fltol@exp1                   cstackBANK0  000097
___fltol@f1                     cstackBANK0  00008E
___fltol@sign1                  cstackBANK0  000096
___inthi_sp                     stack        000000
___intlo_sp                     stack        000000
___lldiv                        text18       0030A0
___lldiv@counter                cstackBANK0  00006C
___lldiv@dividend               cstackBANK0  000060
___lldiv@divisor                cstackBANK0  000064
___lldiv@quotient               cstackBANK0  000068
___llmod                        text17       00333C
___llmod@counter                cstackCOMRAM 000020
___llmod@dividend               cstackBANK0  000060
___llmod@divisor                cstackBANK0  000064
___param_bank                   (abs)        000010
___rparam_used                  (abs)        000001
___sp                           stack        000000
___wmul                         text35       003692
___wmul@multiplicand            cstackBANK0  000062
___wmul@multiplier              cstackBANK0  000060
___wmul@product                 cstackCOMRAM 000020
___xxtofl                       text25       0025F8
___xxtofl@arg                   cstackBANK0  00006A
___xxtofl@exp                   cstackBANK0  000069
___xxtofl@sign                  cstackBANK0  000068
___xxtofl@val                   cstackBANK0  000060
__accesstop                     (abs)        000060
__activetblptr                  (abs)        000002
__div_to_l_                     text16       002AF4
__div_to_l_@cntr                cstackBANK0  00006C
__div_to_l_@exp1                cstackBANK0  00006D
__div_to_l_@f1                  cstackBANK0  000060
__div_to_l_@f2                  cstackBANK0  000064
__div_to_l_@quot                cstackBANK0  000068
__end_of_LCD_backlight          text7        00379A
__end_of_LCD_clear              text6        003692
__end_of_LCD_cursor             text5        003660
__end_of_LCD_enable_pulse       text32       00378C
__end_of_LCD_goto_line          text30       002FE2
__end_of_LCD_initialize         text3        002DEA
__end_of_LCD_send_command       text31       0035C2
__end_of_LCD_write_char         text29       0032A8
__end_of_LCD_write_message      text2        0036F0
__end_of_LCD_write_string       text28       00376A
__end_of___awdiv                text14       0030A0
__end_of___awmod                text13       00333C
__end_of___fladd                text21       0015D8
__end_of___fldiv                text27       001E3E
__end_of___flge                 text23       002AF4
__end_of___flmul                text26       001A7E
__end_of___flneg                text22       0035FA
__end_of___flsub                text20       003588
__end_of___fltol                text19       002EF6
__end_of___lldiv                text18       00315C
__end_of___llmod                text17       0033D0
__end_of___wmul                 text35       0036C4
__end_of___xxtofl               text25       0027C6
__end_of__div_to_l_             text16       002C7C
__end_of__initialization        cinit        003532
__end_of__npowers_              smallconst   000335
__end_of__powers_               smallconst   000369
__end_of__tdiv_to_l_            text15       002964
__end_of_delay_ms               text34       00362E
__end_of_delay_s                text33       00371C
__end_of_delay_set_quartz       text4        0037A2
__end_of_display_voltage        text8        003462
__end_of_dpowers                smallconst   000391
__end_of_fround                 text12       002110
__end_of_inizializzazione       text1        0034E8
__end_of_isdigit                text11       003744
__end_of_isr_alta               intcode_body 003212
__end_of_isr_bassa              intcodelo    0000B8
__end_of_main                   text0        0023A2
__end_of_read_adc               text24       0025F8
__end_of_scale                  text10       001130
__end_of_sprintf                text9        000C5E
__initialization                cinit        0034E8
__mediumconst                   mediumconst  000000
__npowers_                      smallconst   000301
__pbssBANK0                     bssBANK0     0000D2
__pbssCOMRAM                    bssCOMRAM    000022
__pcinit                        cinit        0034E8
__pcstackBANK0                  cstackBANK0  000060
__pcstackCOMRAM                 cstackCOMRAM 000001
__pdataBANK0                    dataBANK0    0000E2
__pdataCOMRAM                   dataCOMRAM   00003F
__pidataBANK0                   idataBANK0   0037A2
__pidataCOMRAM                  idataCOMRAM  0037A6
__pintcode                      intcode      000008
__pintcode_body                 intcode_body 00315C
__pintcodelo                    intcodelo    000018
__pnvCOMRAM                     nvCOMRAM     000039
__powers_                       smallconst   000335
__psmallconst                   smallconst   000300
__ptext0                        text0        002110
__ptext1                        text1        003462
__ptext10                       text10       000C5E
__ptext11                       text11       00371C
__ptext12                       text12       001E3E
__ptext13                       text13       0032A8
__ptext14                       text14       002FE2
__ptext15                       text15       0027C6
__ptext16                       text16       002AF4
__ptext17                       text17       00333C
__ptext18                       text18       0030A0
__ptext19                       text19       002DEA
__ptext2                        text2        0036C4
__ptext20                       text20       003540
__ptext21                       text21       001130
__ptext22                       text22       0035C2
__ptext23                       text23       002964
__ptext24                       text24       0023A2
__ptext25                       text25       0025F8
__ptext26                       text26       0015D8
__ptext27                       text27       001A7E
__ptext28                       text28       003744
__ptext29                       text29       003212
__ptext3                        text3        002C7C
__ptext30                       text30       002EF6
__ptext31                       text31       003588
__ptext32                       text32       00376A
__ptext33                       text33       0036F0
__ptext34                       text34       0035FA
__ptext35                       text35       003692
__ptext4                        text4        00379A
__ptext5                        text5        00362E
__ptext6                        text6        003660
__ptext7                        text7        00378C
__ptext8                        text8        0033D0
__ptext9                        text9        0003F6
__ramtop                        ramtop       000300
__size_of_LCD_backlight         (abs)        000000
__size_of_LCD_clear             (abs)        000000
__size_of_LCD_cursor            (abs)        000000
__size_of_LCD_enable_pulse      (abs)        000000
__size_of_LCD_goto_line         (abs)        000000
__size_of_LCD_initialize        (abs)        000000
__size_of_LCD_send_command      (abs)        000000
__size_of_LCD_write_char        (abs)        000000
__size_of_LCD_write_message     (abs)        000000
__size_of_LCD_write_string      (abs)        000000
__size_of___awdiv               (abs)        000000
__size_of___awmod               (abs)        000000
__size_of___fladd               (abs)        000000
__size_of___fldiv               (abs)        000000
__size_of___flge                (abs)        000000
__size_of___flmul               (abs)        000000
__size_of___flneg               (abs)        000000
__size_of___flsub               (abs)        000000
__size_of___fltol               (abs)        000000
__size_of___lldiv               (abs)        000000
__size_of___llmod               (abs)        000000
__size_of___wmul                (abs)        000000
__size_of___xxtofl              (abs)        000000
__size_of__div_to_l_            (abs)        000000
__size_of__tdiv_to_l_           (abs)        000000
__size_of_delay_ms              (abs)        000000
__size_of_delay_s               (abs)        000000
__size_of_delay_set_quartz      (abs)        000000
__size_of_display_voltage       (abs)        000000
__size_of_fround                (abs)        000000
__size_of_inizializzazione      (abs)        000000
__size_of_isdigit               (abs)        000000
__size_of_isr_alta              (abs)        000000
__size_of_isr_bassa             (abs)        000000
__size_of_main                  (abs)        000000
__size_of_read_adc              (abs)        000000
__size_of_scale                 (abs)        000000
__size_of_sprintf               (abs)        000000
__smallconst                    smallconst   000300
__tdiv_to_l_                    text15       0027C6
__tdiv_to_l_@cntr               cstackBANK0  00006F
__tdiv_to_l_@exp1               cstackBANK0  000070
__tdiv_to_l_@f1                 cstackBANK0  000060
__tdiv_to_l_@f2                 cstackBANK0  000064
__tdiv_to_l_@quot               cstackBANK0  00006B
_clock_counter_reference        nvCOMRAM     000039
_combinazioni                   dataBANK0    0000E2
_current                        bssCOMRAM    000022
_delay_ms                       text34       0035FA
_delay_quartz_frequency_value   dataCOMRAM   00003F
_delay_s                        text33       0036F0
_delay_set_quartz               text4        00379A
_display_voltage                text8        0033D0
_dpowers                        smallconst   000369
_fround                         text12       001E3E
_fround$1349                    cstackBANK0  00008D
_fround$1350                    cstackBANK0  000089
_inizializzazione               text1        003462
_isdigit                        text11       00371C
_isdigit$972                    cstackBANK0  000060
_isr_alta                       intcode      000008
_isr_bassa                      intcodelo    000018
_lettura                        bssBANK0     0000D8
_main                           text0        002110
_minuti                         bssCOMRAM    00002A
_ore                            bssCOMRAM    00002C
_rapporto                       nvCOMRAM     00003B
_read_adc                       text24       0023A2
_scale                          text10       000C5E
_scale$1351                     cstackBANK0  000089
_secondi                        bssCOMRAM    00002E
_sprintf                        text9        0003F6
_sprintf$1352                   cstackBANK0  0000B8
_stati                          bssCOMRAM    000030
_str                            bssCOMRAM    000031
_tempo                          bssBANK0     0000DE
_voltage                        bssCOMRAM    000026
btemp                           temp         000040
delay_ms@value_ms               cstackBANK0  000064
delay_s@repeat_loop             cstackBANK0  000067
delay_s@value_s                 cstackBANK0  000066
delay_set_quartz@frequency      cstackCOMRAM 000020
display_voltage@line            cstackBANK0  0000D1
end_of_initialization           cinit        003532
fround@prec                     cstackBANK0  000091
int$flags                       temp         000040
int_func                        intcode_body 00315C
intlevel0                       text         000000
intlevel1                       text         000000
intlevel2                       text         000000
intlevel3                       text         000000
isdigit@c                       cstackBANK0  000061
read_adc@i                      cstackBANK0  0000A0
scale@scl                       cstackBANK0  00008D
sprintf@ap                      cstackBANK0  0000BC
sprintf@c                       cstackBANK0  0000D0
sprintf@exp                     cstackBANK0  0000C4
sprintf@f                       cstackBANK0  0000B0
sprintf@flag                    cstackBANK0  0000BE
sprintf@fval                    cstackBANK0  0000CC
sprintf@prec                    cstackBANK0  0000CA
sprintf@sp                      cstackBANK0  0000AE
sprintf@tmpval                  cstackBANK0  0000C6
sprintf@val                     cstackBANK0  0000C0
stackhi                         (abs)        0002FF
stacklo                         (abs)        0000E6
start                           init         0000B8
start_initialization            cinit        0034E8


FUNCTION INFORMATION:

 *************** function _main *****************
 Defined at:
		line 60 in file "batterua.c"
 Parameters:    Size  Location     Type
		None
 Auto vars:     Size  Location     Type
		None
 Return value:  Size  Location     Type
                  1    wreg      void 
 Registers used:
		wreg, fsr2l, fsr2h, status,2, status,0, tblptrl, tblptrh, tblptru, prodl, prodh, cstack
 Tracked objects:
		On entry : 
		On exit  : 
		Unchanged: 
 Data sizes:     COMRAM   BANK0   BANK1   BANK2
      Params:         0       0       0       0
      Locals:         0       0       0       0
      Temps:          0       0       0       0
      Totals:         0       0       0       0
Total ram usage:        0 bytes
 Hardware stack levels required when called:    9
 This function calls:
		_LCD_goto_line
		_LCD_write_message
		_LCD_write_string
		___fldiv
		___flge
		_delay_ms
		_delay_s
		_delay_set_quartz
		_display_voltage
		_inizializzazione
		_read_adc
		_sprintf
 This function is called by:
		Startup code after reset
 This function uses a non-reentrant model


 *************** function _inizializzazione *****************
 Defined at:
		line 141 in file "batterua.c"
 Parameters:    Size  Location     Type
		None
 Auto vars:     Size  Location     Type
		None
 Return value:  Size  Location     Type
                  1    wreg      void 
 Registers used:
		wreg, status,2, status,0, tblptrl, tblptrh, tblptru, prodl, prodh, cstack
 Tracked objects:
		On entry : 
		On exit  : 
		Unchanged: 
 Data sizes:     COMRAM   BANK0   BANK1   BANK2
      Params:         0       0       0       0
      Locals:         0       0       0       0
      Temps:          0       0       0       0
      Totals:         0       0       0       0
Total ram usage:        0 bytes
 Hardware stack levels used:    1
 Hardware stack levels required when called:    8
 This function calls:
		_LCD_backlight
		_LCD_initialize
		_LCD_write_message
		_delay_ms
 This function is called by:
		_main
 This function uses a non-reentrant model


 *************** function _LCD_write_message *****************
 Defined at:
		line 178 in file "C:/Users/simone/Desktop/LaurTec_PIC_libraries_v_3.3.1 - Copia/src\LCD_44780.c"
 Parameters:    Size  Location     Type
  buffer          2   15[BANK0 ] PTR const unsigned char 
		 -> STR_9(16), STR_6(17), STR_5(17), STR_4(17), 
		 -> STR_1(17), 
 Auto vars:     Size  Location     Type
		None
 Return value:  Size  Location     Type
                  1    wreg      void 
 Registers used:
		wreg, status,2, status,0, tblptrl, tblptrh, tblptru, prodl, prodh, cstack
 Tracked objects:
		On entry : 
		On exit  : 
		Unchanged: 
 Data sizes:     COMRAM   BANK0   BANK1   BANK2
      Params:         0       2       0       0
      Locals:         0       0       0       0
      Temps:          0       0       0       0
      Totals:         0       2       0       0
Total ram usage:        2 bytes
 Hardware stack levels used:    1
 Hardware stack levels required when called:    7
 This function calls:
		_LCD_write_char
 This function is called by:
		_main
		_inizializzazione
 This function uses a non-reentrant model


 *************** function _LCD_initialize *****************
 Defined at:
		line 283 in file "C:/Users/simone/Desktop/LaurTec_PIC_libraries_v_3.3.1 - Copia/src\LCD_44780.c"
 Parameters:    Size  Location     Type
  quartz_frequ    1    wreg     unsigned char 
 Auto vars:     Size  Location     Type
  quartz_frequ    1   12[BANK0 ] unsigned char 
 Return value:  Size  Location     Type
                  1    wreg      void 
 Registers used:
		wreg, status,2, status,0, prodl, prodh, cstack
 Tracked objects:
		On entry : 
		On exit  : 
		Unchanged: 
 Data sizes:     COMRAM   BANK0   BANK1   BANK2
      Params:         0       0       0       0
      Locals:         0       1       0       0
      Temps:          0       0       0       0
      Totals:         0       1       0       0
Total ram usage:        1 bytes
 Hardware stack levels used:    1
 Hardware stack levels required when called:    7
 This function calls:
		_LCD_clear
		_LCD_cursor
		_LCD_send_command
		_delay_ms
		_delay_set_quartz
 This function is called by:
		_inizializzazione
 This function uses a non-reentrant model


 *************** function _delay_set_quartz *****************
 Defined at:
		line 115 in file "C:/Users/simone/Desktop/LaurTec_PIC_libraries_v_3.3.1 - Copia/src\delay.c"
 Parameters:    Size  Location     Type
  frequency       1    wreg     unsigned char 
 Auto vars:     Size  Location     Type
  frequency       1   31[COMRAM] unsigned char 
 Return value:  Size  Location     Type
                  1    wreg      void 
 Registers used:
		wreg
 Tracked objects:
		On entry : 
		On exit  : 
		Unchanged: 
 Data sizes:     COMRAM   BANK0   BANK1   BANK2
      Params:         0       0       0       0
      Locals:         1       0       0       0
      Temps:          0       0       0       0
      Totals:         1       0       0       0
Total ram usage:        1 bytes
 Hardware stack levels used:    1
 Hardware stack levels required when called:    2
 This function calls:
		Nothing
 This function is called by:
		_LCD_initialize
		_main
 This function uses a non-reentrant model


 *************** function _LCD_cursor *****************
 Defined at:
		line 266 in file "C:/Users/simone/Desktop/LaurTec_PIC_libraries_v_3.3.1 - Copia/src\LCD_44780.c"
 Parameters:    Size  Location     Type
  active          1    wreg     unsigned char 
  blinking        1   10[BANK0 ] unsigned char 
 Auto vars:     Size  Location     Type
  active          1   11[BANK0 ] unsigned char 
 Return value:  Size  Location     Type
                  1    wreg      void 
 Registers used:
		wreg, status,2, status,0, prodl, prodh, cstack
 Tracked objects:
		On entry : 
		On exit  : 
		Unchanged: 
 Data sizes:     COMRAM   BANK0   BANK1   BANK2
      Params:         0       1       0       0
      Locals:         0       1       0       0
      Temps:          0       0       0       0
      Totals:         0       2       0       0
Total ram usage:        2 bytes
 Hardware stack levels used:    1
 Hardware stack levels required when called:    6
 This function calls:
		_LCD_send_command
 This function is called by:
		_LCD_initialize
 This function uses a non-reentrant model


 *************** function _LCD_clear *****************
 Defined at:
		line 257 in file "C:/Users/simone/Desktop/LaurTec_PIC_libraries_v_3.3.1 - Copia/src\LCD_44780.c"
 Parameters:    Size  Location     Type
		None
 Auto vars:     Size  Location     Type
		None
 Return value:  Size  Location     Type
                  1    wreg      void 
 Registers used:
		wreg, status,2, status,0, prodl, prodh, cstack
 Tracked objects:
		On entry : 
		On exit  : 
		Unchanged: 
 Data sizes:     COMRAM   BANK0   BANK1   BANK2
      Params:         0       0       0       0
      Locals:         0       0       0       0
      Temps:          0       0       0       0
      Totals:         0       0       0       0
Total ram usage:        0 bytes
 Hardware stack levels used:    1
 Hardware stack levels required when called:    6
 This function calls:
		_LCD_send_command
 This function is called by:
		_LCD_initialize
 This function uses a non-reentrant model


 *************** function _LCD_backlight *****************
 Defined at:
		line 275 in file "C:/Users/simone/Desktop/LaurTec_PIC_libraries_v_3.3.1 - Copia/src\LCD_44780.c"
 Parameters:    Size  Location     Type
  active          1    wreg     unsigned char 
 Auto vars:     Size  Location     Type
  active          1   31[COMRAM] unsigned char 
 Return value:  Size  Location     Type
                  1    wreg      void 
 Registers used:
		wreg
 Tracked objects:
		On entry : 
		On exit  : 
		Unchanged: 
 Data sizes:     COMRAM   BANK0   BANK1   BANK2
      Params:         0       0       0       0
      Locals:         1       0       0       0
      Temps:          0       0       0       0
      Totals:         1       0       0       0
Total ram usage:        1 bytes
 Hardware stack levels used:    1
 Hardware stack levels required when called:    2
 This function calls:
		Nothing
 This function is called by:
		_inizializzazione
 This function uses a non-reentrant model


 *************** function _display_voltage *****************
 Defined at:
		line 112 in file "batterua.c"
 Parameters:    Size  Location     Type
  line            1    wreg     unsigned char 
 Auto vars:     Size  Location     Type
  line            1  113[BANK0 ] unsigned char 
 Return value:  Size  Location     Type
                  1    wreg      void 
 Registers used:
		wreg, fsr2l, fsr2h, status,2, status,0, tblptrl, tblptrh, tblptru, prodl, prodh, cstack
 Tracked objects:
		On entry : 
		On exit  : 
		Unchanged: 
 Data sizes:     COMRAM   BANK0   BANK1   BANK2
      Params:         0       0       0       0
      Locals:         0       1       0       0
      Temps:          0       0       0       0
      Totals:         0       1       0       0
Total ram usage:        1 bytes
 Hardware stack levels used:    1
 Hardware stack levels required when called:    8
 This function calls:
		_LCD_goto_line
		_LCD_write_string
		_read_adc
		_sprintf
 This function is called by:
		_main
 This function uses a non-reentrant model


 *************** function _sprintf *****************
 Defined at:
		line 492 in file "C:\Program Files (x86)\Microchip\xc8\v1.37\sources\common\doprnt.c"
 Parameters:    Size  Location     Type
  sp              2   78[BANK0 ] PTR unsigned char 
		 -> str(8), 
  f               2   80[BANK0 ] PTR const unsigned char 
		 -> STR_8(8), STR_7(7), STR_3(8), STR_2(7), 
 Auto vars:     Size  Location     Type
  fval            4  108[BANK0 ] PTR const unsigned char 
  tmpval          4  102[BANK0 ] struct .
  val             4   96[BANK0 ] unsigned long 
  cp              3    0        PTR const unsigned char 
  prec            2  106[BANK0 ] int 
  exp             2  100[BANK0 ] int 
  flag            2   94[BANK0 ] unsigned short 
  ap              2   92[BANK0 ] PTR void [1]
		 -> ?_sprintf(2), 
  len             2    0        unsigned int 
  width           2    0        int 
  c               1  112[BANK0 ] char 
  d               1    0        unsigned char 
 Return value:  Size  Location     Type
                  2   78[BANK0 ] int 
 Registers used:
		wreg, fsr2l, fsr2h, status,2, status,0, tblptrl, tblptrh, tblptru, prodl, prodh, cstack
 Tracked objects:
		On entry : 
		On exit  : 
		Unchanged: 
 Data sizes:     COMRAM   BANK0   BANK1   BANK2
      Params:         0       8       0       0
      Locals:         0      25       0       0
      Temps:          0       2       0       0
      Totals:         0      35       0       0
Total ram usage:       35 bytes
 Hardware stack levels used:    1
 Hardware stack levels required when called:    4
 This function calls:
		___awdiv
		___fladd
		___flge
		___flmul
		___flneg
		___flsub
		___fltol
		___lldiv
		___llmod
		___wmul
		___xxtofl
		__div_to_l_
		__tdiv_to_l_
		_fround
		_isdigit
		_scale
 This function is called by:
		_main
		_display_voltage
 This function uses a non-reentrant model


 *************** function _scale *****************
 Defined at:
		line 425 in file "C:\Program Files (x86)\Microchip\xc8\v1.37\sources\common\doprnt.c"
 Parameters:    Size  Location     Type
  scl             1    wreg     char 
 Auto vars:     Size  Location     Type
  scl             1   45[BANK0 ] char 
 Return value:  Size  Location     Type
                  4   37[BANK0 ] char 
 Registers used:
		wreg, status,2, status,0, tblptrl, tblptrh, tblptru, prodl, prodh, cstack
 Tracked objects:
		On entry : 
		On exit  : 
		Unchanged: 
 Data sizes:     COMRAM   BANK0   BANK1   BANK2
      Params:         0       4       0       0
      Locals:         0       5       0       0
      Temps:          0       0       0       0
      Totals:         0       9       0       0
Total ram usage:        9 bytes
 Hardware stack levels used:    1
 Hardware stack levels required when called:    3
 This function calls:
		___awdiv
		___awmod
		___flmul
 This function is called by:
		_sprintf
 This function uses a non-reentrant model


 *************** function _isdigit *****************
 Defined at:
		line 8 in file "C:\Program Files (x86)\Microchip\xc8\v1.37\sources\common\isdigit.c"
 Parameters:    Size  Location     Type
  c               1    wreg     unsigned char 
 Auto vars:     Size  Location     Type
  c               1    1[BANK0 ] unsigned char 
 Return value:  Size  Location     Type
		None               void
 Registers used:
		wreg, status,2, status,0
 Tracked objects:
		On entry : 
		On exit  : 
		Unchanged: 
 Data sizes:     COMRAM   BANK0   BANK1   BANK2
      Params:         0       0       0       0
      Locals:         0       2       0       0
      Temps:          1       0       0       0
      Totals:         1       2       0       0
Total ram usage:        3 bytes
 Hardware stack levels used:    1
 Hardware stack levels required when called:    2
 This function calls:
		Nothing
 This function is called by:
		_sprintf
 This function uses a non-reentrant model


 *************** function _fround *****************
 Defined at:
		line 409 in file "C:\Program Files (x86)\Microchip\xc8\v1.37\sources\common\doprnt.c"
 Parameters:    Size  Location     Type
  prec            1    wreg     unsigned char 
 Auto vars:     Size  Location     Type
  prec            1   49[BANK0 ] unsigned char 
 Return value:  Size  Location     Type
                  4   37[BANK0 ] unsigned char 
 Registers used:
		wreg, status,2, status,0, tblptrl, tblptrh, tblptru, prodl, prodh, cstack
 Tracked objects:
		On entry : 
		On exit  : 
		Unchanged: 
 Data sizes:     COMRAM   BANK0   BANK1   BANK2
      Params:         0       4       0       0
      Locals:         0       9       0       0
      Temps:          0       0       0       0
      Totals:         0      13       0       0
Total ram usage:       13 bytes
 Hardware stack levels used:    1
 Hardware stack levels required when called:    3
 This function calls:
		___awdiv
		___awmod
		___flmul
 This function is called by:
		_sprintf
 This function uses a non-reentrant model


 *************** function ___awmod *****************
 Defined at:
		line 8 in file "C:\Program Files (x86)\Microchip\xc8\v1.37\sources\common\awmod.c"
 Parameters:    Size  Location     Type
  dividend        2    0[BANK0 ] int 
  divisor         2    2[BANK0 ] int 
 Auto vars:     Size  Location     Type
  sign            1   32[COMRAM] unsigned char 
  counter         1   31[COMRAM] unsigned char 
 Return value:  Size  Location     Type
                  2    0[BANK0 ] int 
 Registers used:
		wreg, status,2, status,0
 Tracked objects:
		On entry : 
		On exit  : 
		Unchanged: 
 Data sizes:     COMRAM   BANK0   BANK1   BANK2
      Params:         0       4       0       0
      Locals:         2       0       0       0
      Temps:          0       0       0       0
      Totals:         2       4       0       0
Total ram usage:        6 bytes
 Hardware stack levels used:    1
 Hardware stack levels required when called:    2
 This function calls:
		Nothing
 This function is called by:
		_fround
		_scale
 This function uses a non-reentrant model


 *************** function ___awdiv *****************
 Defined at:
		line 8 in file "C:\Program Files (x86)\Microchip\xc8\v1.37\sources\common\awdiv.c"
 Parameters:    Size  Location     Type
  dividend        2    4[BANK0 ] int 
  divisor         2    6[BANK0 ] int 
 Auto vars:     Size  Location     Type
  quotient        2   10[BANK0 ] int 
  sign            1    9[BANK0 ] unsigned char 
  counter         1    8[BANK0 ] unsigned char 
 Return value:  Size  Location     Type
                  2    4[BANK0 ] int 
 Registers used:
		wreg, status,2, status,0
 Tracked objects:
		On entry : 
		On exit  : 
		Unchanged: 
 Data sizes:     COMRAM   BANK0   BANK1   BANK2
      Params:         0       4       0       0
      Locals:         0       4       0       0
      Temps:          0       0       0       0
      Totals:         0       8       0       0
Total ram usage:        8 bytes
 Hardware stack levels used:    1
 Hardware stack levels required when called:    2
 This function calls:
		Nothing
 This function is called by:
		_fround
		_scale
		_sprintf
 This function uses a non-reentrant model


 *************** function __tdiv_to_l_ *****************
 Defined at:
		line 60 in file "C:\Program Files (x86)\Microchip\xc8\v1.37\sources\common\ftdivl.c"
 Parameters:    Size  Location     Type
  f1              4    0[BANK0 ] float 
  f2              4    4[BANK0 ] float 
 Auto vars:     Size  Location     Type
  quot            4   11[BANK0 ] unsigned long 
  exp1            1   16[BANK0 ] unsigned char 
  cntr            1   15[BANK0 ] unsigned char 
 Return value:  Size  Location     Type
                  4    0[BANK0 ] unsigned long 
 Registers used:
		wreg, status,2, status,0
 Tracked objects:
		On entry : 
		On exit  : 
		Unchanged: 
 Data sizes:     COMRAM   BANK0   BANK1   BANK2
      Params:         0       8       0       0
      Locals:         0       6       0       0
      Temps:          0       3       0       0
      Totals:         0      17       0       0
Total ram usage:       17 bytes
 Hardware stack levels used:    1
 Hardware stack levels required when called:    2
 This function calls:
		Nothing
 This function is called by:
		_sprintf
 This function uses a non-reentrant model


 *************** function __div_to_l_ *****************
 Defined at:
		line 60 in file "C:\Program Files (x86)\Microchip\xc8\v1.37\sources\common\fldivl.c"
 Parameters:    Size  Location     Type
  f1              4    0[BANK0 ] unsigned long 
  f2              4    4[BANK0 ] unsigned long 
 Auto vars:     Size  Location     Type
  quot            4    8[BANK0 ] unsigned long 
  exp1            1   13[BANK0 ] unsigned char 
  cntr            1   12[BANK0 ] unsigned char 
 Return value:  Size  Location     Type
                  4    0[BANK0 ] unsigned long 
 Registers used:
		wreg, status,2, status,0
 Tracked objects:
		On entry : 
		On exit  : 
		Unchanged: 
 Data sizes:     COMRAM   BANK0   BANK1   BANK2
      Params:         0       8       0       0
      Locals:         0       6       0       0
      Temps:          0       0       0       0
      Totals:         0      14       0       0
Total ram usage:       14 bytes
 Hardware stack levels used:    1
 Hardware stack levels required when called:    2
 This function calls:
		Nothing
 This function is called by:
		_sprintf
 This function uses a non-reentrant model


 *************** function ___llmod *****************
 Defined at:
		line 8 in file "C:\Program Files (x86)\Microchip\xc8\v1.37\sources\common\llmod.c"
 Parameters:    Size  Location     Type
  dividend        4    0[BANK0 ] unsigned long 
  divisor         4    4[BANK0 ] unsigned long 
 Auto vars:     Size  Location     Type
  counter         1   31[COMRAM] unsigned char 
 Return value:  Size  Location     Type
                  4    0[BANK0 ] unsigned long 
 Registers used:
		wreg, status,2, status,0
 Tracked objects:
		On entry : 
		On exit  : 
		Unchanged: 
 Data sizes:     COMRAM   BANK0   BANK1   BANK2
      Params:         0       8       0       0
      Locals:         1       0       0       0
      Temps:          0       0       0       0
      Totals:         1       8       0       0
Total ram usage:        9 bytes
 Hardware stack levels used:    1
 Hardware stack levels required when called:    2
 This function calls:
		Nothing
 This function is called by:
		_sprintf
 This function uses a non-reentrant model


 *************** function ___lldiv *****************
 Defined at:
		line 8 in file "C:\Program Files (x86)\Microchip\xc8\v1.37\sources\common\lldiv.c"
 Parameters:    Size  Location     Type
  dividend        4    0[BANK0 ] unsigned long 
  divisor         4    4[BANK0 ] unsigned long 
 Auto vars:     Size  Location     Type
  quotient        4    8[BANK0 ] unsigned long 
  counter         1   12[BANK0 ] unsigned char 
 Return value:  Size  Location     Type
                  4    0[BANK0 ] unsigned long 
 Registers used:
		wreg, status,2, status,0
 Tracked objects:
		On entry : 
		On exit  : 
		Unchanged: 
 Data sizes:     COMRAM   BANK0   BANK1   BANK2
      Params:         0       8       0       0
      Locals:         0       5       0       0
      Temps:          0       0       0       0
      Totals:         0      13       0       0
Total ram usage:       13 bytes
 Hardware stack levels used:    1
 Hardware stack levels required when called:    2
 This function calls:
		Nothing
 This function is called by:
		_sprintf
 This function uses a non-reentrant model


 *************** function ___fltol *****************
 Defined at:
		line 43 in file "C:\Program Files (x86)\Microchip\xc8\v1.37\sources\common\fltol.c"
 Parameters:    Size  Location     Type
  f1              4   46[BANK0 ] unsigned long 
 Auto vars:     Size  Location     Type
  exp1            1   55[BANK0 ] unsigned char 
  sign1           1   54[BANK0 ] unsigned char 
 Return value:  Size  Location     Type
                  4   46[BANK0 ] long 
 Registers used:
		wreg, status,2, status,0
 Tracked objects:
		On entry : 
		On exit  : 
		Unchanged: 
 Data sizes:     COMRAM   BANK0   BANK1   BANK2
      Params:         0       4       0       0
      Locals:         0       2       0       0
      Temps:          0       4       0       0
      Totals:         0      10       0       0
Total ram usage:       10 bytes
 Hardware stack levels used:    1
 Hardware stack levels required when called:    2
 This function calls:
		Nothing
 This function is called by:
		_sprintf
 This function uses a non-reentrant model


 *************** function ___flsub *****************
 Defined at:
		line 245 in file "C:\Program Files (x86)\Microchip\xc8\v1.37\sources\common\sprcadd.c"
 Parameters:    Size  Location     Type
  b               4   70[BANK0 ] long 
  a               4   74[BANK0 ] long 
 Auto vars:     Size  Location     Type
		None
 Return value:  Size  Location     Type
                  4   70[BANK0 ] long 
 Registers used:
		wreg, status,2, status,0, cstack
 Tracked objects:
		On entry : 
		On exit  : 
		Unchanged: 
 Data sizes:     COMRAM   BANK0   BANK1   BANK2
      Params:         0       8       0       0
      Locals:         0       0       0       0
      Temps:          0       0       0       0
      Totals:         0       8       0       0
Total ram usage:        8 bytes
 Hardware stack levels used:    1
 Hardware stack levels required when called:    3
 This function calls:
		___fladd
 This function is called by:
		_sprintf
 This function uses a non-reentrant model


 *************** function ___fladd *****************
 Defined at:
		line 10 in file "C:\Program Files (x86)\Microchip\xc8\v1.37\sources\common\sprcadd.c"
 Parameters:    Size  Location     Type
  b               4   50[BANK0 ] long 
  a               4   54[BANK0 ] long 
 Auto vars:     Size  Location     Type
  grs             1   69[BANK0 ] unsigned char 
  bexp            1   68[BANK0 ] unsigned char 
  aexp            1   67[BANK0 ] unsigned char 
  signs           1   66[BANK0 ] unsigned char 
 Return value:  Size  Location     Type
                  4   50[BANK0 ] unsigned char 
 Registers used:
		wreg, status,2, status,0
 Tracked objects:
		On entry : 
		On exit  : 
		Unchanged: 
 Data sizes:     COMRAM   BANK0   BANK1   BANK2
      Params:         0       8       0       0
      Locals:         0       4       0       0
      Temps:          0       8       0       0
      Totals:         0      20       0       0
Total ram usage:       20 bytes
 Hardware stack levels used:    1
 Hardware stack levels required when called:    2
 This function calls:
		Nothing
 This function is called by:
		_sprintf
		___flsub
 This function uses a non-reentrant model


 *************** function ___flneg *****************
 Defined at:
		line 15 in file "C:\Program Files (x86)\Microchip\xc8\v1.37\sources\common\flneg.c"
 Parameters:    Size  Location     Type
  f1              4    0[BANK0 ] unsigned char 
 Auto vars:     Size  Location     Type
		None
 Return value:  Size  Location     Type
                  4    0[BANK0 ] unsigned char 
 Registers used:
		wreg, status,2, status,0
 Tracked objects:
		On entry : 
		On exit  : 
		Unchanged: 
 Data sizes:     COMRAM   BANK0   BANK1   BANK2
      Params:         0       4       0       0
      Locals:         0       0       0       0
      Temps:          0       0       0       0
      Totals:         0       4       0       0
Total ram usage:        4 bytes
 Hardware stack levels used:    1
 Hardware stack levels required when called:    2
 This function calls:
		Nothing
 This function is called by:
		_sprintf
 This function uses a non-reentrant model


 *************** function ___flge *****************
 Defined at:
		line 4 in file "C:\Program Files (x86)\Microchip\xc8\v1.37\sources\common\flge.c"
 Parameters:    Size  Location     Type
  ff1             4    0[BANK0 ] unsigned char 
  ff2             4    4[BANK0 ] unsigned char 
 Auto vars:     Size  Location     Type
		None
 Return value:  Size  Location     Type
		None               void
 Registers used:
		wreg, status,2, status,0
 Tracked objects:
		On entry : 
		On exit  : 
		Unchanged: 
 Data sizes:     COMRAM   BANK0   BANK1   BANK2
      Params:         0       8       0       0
      Locals:         0       0       0       0
      Temps:          0       4       0       0
      Totals:         0      12       0       0
Total ram usage:       12 bytes
 Hardware stack levels used:    1
 Hardware stack levels required when called:    2
 This function calls:
		Nothing
 This function is called by:
		_main
		_sprintf
 This function uses a non-reentrant model


 *************** function _read_adc *****************
 Defined at:
		line 123 in file "batterua.c"
 Parameters:    Size  Location     Type
		None
 Auto vars:     Size  Location     Type
  i               1   64[BANK0 ] unsigned char 
 Return value:  Size  Location     Type
                  1    wreg      void 
 Registers used:
		wreg, fsr2l, fsr2h, status,2, status,0, prodl, prodh, cstack
 Tracked objects:
		On entry : 
		On exit  : 
		Unchanged: 
 Data sizes:     COMRAM   BANK0   BANK1   BANK2
      Params:         0       0       0       0
      Locals:         0       1       0       0
      Temps:          0       2       0       0
      Totals:         0       3       0       0
Total ram usage:        3 bytes
 Hardware stack levels used:    1
 Hardware stack levels required when called:    4
 This function calls:
		___fldiv
		___flmul
		___xxtofl
		_delay_ms
 This function is called by:
		_main
		_display_voltage
 This function uses a non-reentrant model


 *************** function ___xxtofl *****************
 Defined at:
		line 10 in file "C:\Program Files (x86)\Microchip\xc8\v1.37\sources\common\xxtofl.c"
 Parameters:    Size  Location     Type
  sign            1    wreg     unsigned char 
  val             4    0[BANK0 ] long 
 Auto vars:     Size  Location     Type
  sign            1    8[BANK0 ] unsigned char 
  arg             4   10[BANK0 ] unsigned long 
  exp             1    9[BANK0 ] unsigned char 
 Return value:  Size  Location     Type
                  4    0[BANK0 ] unsigned char 
 Registers used:
		wreg, status,2, status,0
 Tracked objects:
		On entry : 
		On exit  : 
		Unchanged: 
 Data sizes:     COMRAM   BANK0   BANK1   BANK2
      Params:         0       4       0       0
      Locals:         0       6       0       0
      Temps:          0       4       0       0
      Totals:         0      14       0       0
Total ram usage:       14 bytes
 Hardware stack levels used:    1
 Hardware stack levels required when called:    2
 This function calls:
		Nothing
 This function is called by:
		_read_adc
		_sprintf
 This function uses a non-reentrant model


 *************** function ___flmul *****************
 Defined at:
		line 8 in file "C:\Program Files (x86)\Microchip\xc8\v1.37\sources\common\sprcmul.c"
 Parameters:    Size  Location     Type
  b               4   12[BANK0 ] unsigned char 
  a               4   16[BANK0 ] unsigned char 
 Auto vars:     Size  Location     Type
  prod            4   31[BANK0 ] struct .
  grs             4   26[BANK0 ] unsigned long 
  temp            2   35[BANK0 ] struct .
  bexp            1   30[BANK0 ] unsigned char 
  aexp            1   25[BANK0 ] unsigned char 
  sign            1   24[BANK0 ] unsigned char 
 Return value:  Size  Location     Type
                  4   12[BANK0 ] unsigned char 
 Registers used:
		wreg, status,2, status,0, prodl, prodh
 Tracked objects:
		On entry : 
		On exit  : 
		Unchanged: 
 Data sizes:     COMRAM   BANK0   BANK1   BANK2
      Params:         0       8       0       0
      Locals:         0      13       0       0
      Temps:          0       4       0       0
      Totals:         0      25       0       0
Total ram usage:       25 bytes
 Hardware stack levels used:    1
 Hardware stack levels required when called:    2
 This function calls:
		Nothing
 This function is called by:
		_read_adc
		_fround
		_scale
		_sprintf
 This function uses a non-reentrant model


 *************** function ___fldiv *****************
 Defined at:
		line 11 in file "C:\Program Files (x86)\Microchip\xc8\v1.37\sources\common\sprcdiv.c"
 Parameters:    Size  Location     Type
  b               4   37[BANK0 ] unsigned char 
  a               4   41[BANK0 ] unsigned char 
 Auto vars:     Size  Location     Type
  grs             4   56[BANK0 ] unsigned long 
  rem             4   50[BANK0 ] unsigned long 
  new_exp         2   54[BANK0 ] int 
  aexp            1   61[BANK0 ] unsigned char 
  bexp            1   60[BANK0 ] unsigned char 
  sign            1   49[BANK0 ] unsigned char 
 Return value:  Size  Location     Type
                  4   37[BANK0 ] unsigned char 
 Registers used:
		wreg, status,2, status,0
 Tracked objects:
		On entry : 
		On exit  : 
		Unchanged: 
 Data sizes:     COMRAM   BANK0   BANK1   BANK2
      Params:         0       8       0       0
      Locals:         0      13       0       0
      Temps:          0       4       0       0
      Totals:         0      25       0       0
Total ram usage:       25 bytes
 Hardware stack levels used:    1
 Hardware stack levels required when called:    2
 This function calls:
		Nothing
 This function is called by:
		_main
		_read_adc
 This function uses a non-reentrant model


 *************** function _LCD_write_string *****************
 Defined at:
		line 194 in file "C:/Users/simone/Desktop/LaurTec_PIC_libraries_v_3.3.1 - Copia/src\LCD_44780.c"
 Parameters:    Size  Location     Type
  buffer          2   15[BANK0 ] PTR unsigned char 
		 -> str(8), LCD_write_integer@convertedInt(6), 
 Auto vars:     Size  Location     Type
		None
 Return value:  Size  Location     Type
                  1    wreg      void 
 Registers used:
		wreg, fsr2l, fsr2h, status,2, status,0, prodl, prodh, cstack
 Tracked objects:
		On entry : 
		On exit  : 
		Unchanged: 
 Data sizes:     COMRAM   BANK0   BANK1   BANK2
      Params:         0       2       0       0
      Locals:         0       0       0       0
      Temps:          0       0       0       0
      Totals:         0       2       0       0
Total ram usage:        2 bytes
 Hardware stack levels used:    1
 Hardware stack levels required when called:    7
 This function calls:
		_LCD_write_char
 This function is called by:
		_main
		_display_voltage
		_LCD_write_integer
 This function uses a non-reentrant model


 *************** function _LCD_write_char *****************
 Defined at:
		line 145 in file "C:/Users/simone/Desktop/LaurTec_PIC_libraries_v_3.3.1 - Copia/src\LCD_44780.c"
 Parameters:    Size  Location     Type
  value           1    wreg     unsigned char 
 Auto vars:     Size  Location     Type
  value           1   14[BANK0 ] unsigned char 
  D0              1   13[BANK0 ] unsigned char 
  D1              1   12[BANK0 ] unsigned char 
  D2              1   11[BANK0 ] unsigned char 
  D3              1   10[BANK0 ] unsigned char 
 Return value:  Size  Location     Type
                  1    wreg      void 
 Registers used:
		wreg, status,2, status,0, prodl, prodh, cstack
 Tracked objects:
		On entry : 
		On exit  : 
		Unchanged: 
 Data sizes:     COMRAM   BANK0   BANK1   BANK2
      Params:         0       0       0       0
      Locals:         0       5       0       0
      Temps:          0       0       0       0
      Totals:         0       5       0       0
Total ram usage:        5 bytes
 Hardware stack levels used:    1
 Hardware stack levels required when called:    6
 This function calls:
		_LCD_send_command
 This function is called by:
		_LCD_write_message
		_LCD_write_string
 This function uses a non-reentrant model


 *************** function _LCD_goto_line *****************
 Defined at:
		line 111 in file "C:/Users/simone/Desktop/LaurTec_PIC_libraries_v_3.3.1 - Copia/src\LCD_44780.c"
 Parameters:    Size  Location     Type
  line            1    wreg     unsigned char 
 Auto vars:     Size  Location     Type
  line            1   10[BANK0 ] unsigned char 
 Return value:  Size  Location     Type
                  1    wreg      void 
 Registers used:
		wreg, status,2, status,0, prodl, prodh, cstack
 Tracked objects:
		On entry : 
		On exit  : 
		Unchanged: 
 Data sizes:     COMRAM   BANK0   BANK1   BANK2
      Params:         0       0       0       0
      Locals:         0       1       0       0
      Temps:          0       0       0       0
      Totals:         0       1       0       0
Total ram usage:        1 bytes
 Hardware stack levels used:    1
 Hardware stack levels required when called:    6
 This function calls:
		_LCD_send_command
 This function is called by:
		_main
		_display_voltage
		_LCD_goto_xy
 This function uses a non-reentrant model


 *************** function _LCD_send_command *****************
 Defined at:
		line 61 in file "C:/Users/simone/Desktop/LaurTec_PIC_libraries_v_3.3.1 - Copia/src\LCD_44780.c"
 Parameters:    Size  Location     Type
  D3              1    wreg     unsigned char 
  D2              1    6[BANK0 ] unsigned char 
  D1              1    7[BANK0 ] unsigned char 
  D0              1    8[BANK0 ] unsigned char 
 Auto vars:     Size  Location     Type
  D3              1    9[BANK0 ] unsigned char 
 Return value:  Size  Location     Type
                  1    wreg      void 
 Registers used:
		wreg, status,2, status,0, prodl, prodh, cstack
 Tracked objects:
		On entry : 
		On exit  : 
		Unchanged: 
 Data sizes:     COMRAM   BANK0   BANK1   BANK2
      Params:         0       3       0       0
      Locals:         0       1       0       0
      Temps:          0       0       0       0
      Totals:         0       4       0       0
Total ram usage:        4 bytes
 Hardware stack levels used:    1
 Hardware stack levels required when called:    5
 This function calls:
		_LCD_enable_pulse
 This function is called by:
		_LCD_goto_line
		_LCD_write_char
		_LCD_clear
		_LCD_cursor
		_LCD_initialize
		_LCD_home
		_LCD_shift
		_LCD_shift_cursor
 This function uses a non-reentrant model


 *************** function _LCD_enable_pulse *****************
 Defined at:
		line 49 in file "C:/Users/simone/Desktop/LaurTec_PIC_libraries_v_3.3.1 - Copia/src\LCD_44780.c"
 Parameters:    Size  Location     Type
		None
 Auto vars:     Size  Location     Type
		None
 Return value:  Size  Location     Type
                  1    wreg      void 
 Registers used:
		wreg, status,2, status,0, prodl, prodh, cstack
 Tracked objects:
		On entry : 
		On exit  : 
		Unchanged: 
 Data sizes:     COMRAM   BANK0   BANK1   BANK2
      Params:         0       0       0       0
      Locals:         0       0       0       0
      Temps:          0       0       0       0
      Totals:         0       0       0       0
Total ram usage:        0 bytes
 Hardware stack levels used:    1
 Hardware stack levels required when called:    4
 This function calls:
		_delay_ms
 This function is called by:
		_LCD_send_command
 This function uses a non-reentrant model


 *************** function _delay_s *****************
 Defined at:
		line 102 in file "C:/Users/simone/Desktop/LaurTec_PIC_libraries_v_3.3.1 - Copia/src\delay.c"
 Parameters:    Size  Location     Type
  value_s         1    wreg     unsigned char 
 Auto vars:     Size  Location     Type
  value_s         1    6[BANK0 ] unsigned char 
  repeat_loop     1    7[BANK0 ] unsigned char 
 Return value:  Size  Location     Type
                  1    wreg      void 
 Registers used:
		wreg, status,2, status,0, prodl, prodh, cstack
 Tracked objects:
		On entry : 
		On exit  : 
		Unchanged: 
 Data sizes:     COMRAM   BANK0   BANK1   BANK2
      Params:         0       0       0       0
      Locals:         0       2       0       0
      Temps:          0       0       0       0
      Totals:         0       2       0       0
Total ram usage:        2 bytes
 Hardware stack levels used:    1
 Hardware stack levels required when called:    4
 This function calls:
		_delay_ms
 This function is called by:
		_main
 This function uses a non-reentrant model


 *************** function _delay_ms *****************
 Defined at:
		line 61 in file "C:/Users/simone/Desktop/LaurTec_PIC_libraries_v_3.3.1 - Copia/src\delay.c"
 Parameters:    Size  Location     Type
  value_ms        2    4[BANK0 ] unsigned int 
 Auto vars:     Size  Location     Type
		None
 Return value:  Size  Location     Type
                  1    wreg      void 
 Registers used:
		wreg, status,2, status,0, prodl, prodh, cstack
 Tracked objects:
		On entry : 
		On exit  : 
		Unchanged: 
 Data sizes:     COMRAM   BANK0   BANK1   BANK2
      Params:         0       2       0       0
      Locals:         0       0       0       0
      Temps:          0       0       0       0
      Totals:         0       2       0       0
Total ram usage:        2 bytes
 Hardware stack levels used:    1
 Hardware stack levels required when called:    3
 This function calls:
		___wmul
 This function is called by:
		_LCD_enable_pulse
		_LCD_initialize
		_delay_s
		_main
		_read_adc
		_inizializzazione
 This function uses a non-reentrant model


 *************** function ___wmul *****************
 Defined at:
		line 15 in file "C:\Program Files (x86)\Microchip\xc8\v1.37\sources\common\Umul16.c"
 Parameters:    Size  Location     Type
  multiplier      2    0[BANK0 ] unsigned int 
  multiplicand    2    2[BANK0 ] unsigned int 
 Auto vars:     Size  Location     Type
  product         2   31[COMRAM] unsigned int 
 Return value:  Size  Location     Type
                  2    0[BANK0 ] unsigned int 
 Registers used:
		wreg, status,2, status,0, prodl, prodh
 Tracked objects:
		On entry : 
		On exit  : 
		Unchanged: 
 Data sizes:     COMRAM   BANK0   BANK1   BANK2
      Params:         0       4       0       0
      Locals:         2       0       0       0
      Temps:          0       0       0       0
      Totals:         2       4       0       0
Total ram usage:        6 bytes
 Hardware stack levels used:    1
 Hardware stack levels required when called:    2
 This function calls:
		Nothing
 This function is called by:
		_delay_ms
		_sprintf
 This function uses a non-reentrant model


 *************** function _isr_bassa *****************
 Defined at:
		line 50 in file "batterua.c"
 Parameters:    Size  Location     Type
		None
 Auto vars:     Size  Location     Type
		None
 Return value:  Size  Location     Type
                  1    wreg      void 
 Registers used:
		wreg, status,2
 Tracked objects:
		On entry : 
		On exit  : 
		Unchanged: 
 Data sizes:     COMRAM   BANK0   BANK1   BANK2
      Params:         0       0       0       0
      Locals:         0       0       0       0
      Temps:         17       0       0       0
      Totals:        17       0       0       0
Total ram usage:       17 bytes
 Hardware stack levels used:    1
 Hardware stack levels required when called:    1
 This function calls:
		Nothing
 This function is called by:
		Interrupt level 1
 This function uses a non-reentrant model


 *************** function _isr_alta *****************
 Defined at:
		line 34 in file "batterua.c"
 Parameters:    Size  Location     Type
		None
 Auto vars:     Size  Location     Type
		None
 Return value:  Size  Location     Type
                  1    wreg      void 
 Registers used:
		wreg, status,2, status,0
 Tracked objects:
		On entry : 
		On exit  : 
		Unchanged: 
 Data sizes:     COMRAM   BANK0   BANK1   BANK2
      Params:         0       0       0       0
      Locals:         0       0       0       0
      Temps:         14       0       0       0
      Totals:        14       0       0       0
Total ram usage:       14 bytes
 Hardware stack levels used:    1
 This function calls:
		Nothing
 This function is called by:
		Interrupt level 2
 This function uses a non-reentrant model



MODULE INFORMATION

Module		Function		Class		Link	Load	Size
C:\Program Files (x86)\Microchip\xc8\v1.37\sources\common\sprcdiv.c
		___fldiv       		CODE           	1A7E	0000	961

C:\Program Files (x86)\Microchip\xc8\v1.37\sources\common\sprcdiv.c estimated size: 961

C:\Program Files (x86)\Microchip\xc8\v1.37\sources\common\llmod.c
		___llmod       		CODE           	333C	0000	149

C:\Program Files (x86)\Microchip\xc8\v1.37\sources\common\llmod.c estimated size: 149

C:/Users/simone/Desktop/LaurTec_PIC_libraries_v_3.3.1 - Copia/src\delay.c
		_delay_set_quartz		CODE           	379A	0000	9
		_delay_ms      		CODE           	35FA	0000	53
		_delay_s       		CODE           	36F0	0000	45

C:/Users/simone/Desktop/LaurTec_PIC_libraries_v_3.3.1 - Copia/src\delay.c estimated size: 107

C:\Program Files (x86)\Microchip\xc8\v1.37\sources\common\doprnt.c
		_scale         		CODE           	0C5E	0000	1235
		_sprintf       		CODE           	03F6	0000	2153
		_fround        		CODE           	1E3E	0000	723

C:\Program Files (x86)\Microchip\xc8\v1.37\sources\common\doprnt.c estimated size: 4111

batterua.c
		_isr_bassa     		CODE           	0018	0000	161
		_main          		CODE           	2110	0000	659
		_isr_alta      		CODE           	0008	0000	197
		_inizializzazione		CODE           	3462	0000	135
		_display_voltage		CODE           	33D0	0000	147
		_read_adc      		CODE           	23A2	0000	599

batterua.c estimated size: 1898

C:\Program Files (x86)\Microchip\xc8\v1.37\sources\common\Umul16.c
		___wmul        		CODE           	3692	0000	51

C:\Program Files (x86)\Microchip\xc8\v1.37\sources\common\Umul16.c estimated size: 51

C:/Users/simone/Desktop/LaurTec_PIC_libraries_v_3.3.1 - Copia/src\LCD_44780.c
		_LCD_clear     		CODE           	3660	0000	51
		_LCD_cursor    		CODE           	362E	0000	51
		_LCD_goto_line 		CODE           	2EF6	0000	237
		_LCD_write_string		CODE           	3744	0000	39
		_LCD_enable_pulse		CODE           	376A	0000	35
		_LCD_write_message		CODE           	36C4	0000	45
		_LCD_write_char		CODE           	3212	0000	151
		_LCD_send_command		CODE           	3588	0000	59
		_LCD_initialize		CODE           	2C7C	0000	367
		_LCD_backlight 		CODE           	378C	0000	15

C:/Users/simone/Desktop/LaurTec_PIC_libraries_v_3.3.1 - Copia/src\LCD_44780.c estimated size: 1050

C:\Program Files (x86)\Microchip\xc8\v1.37\sources\common\awdiv.c
		___awdiv       		CODE           	2FE2	0000	191

C:\Program Files (x86)\Microchip\xc8\v1.37\sources\common\awdiv.c estimated size: 191

C:\Program Files (x86)\Microchip\xc8\v1.37\sources\common\fltol.c
		___fltol       		CODE           	2DEA	0000	269

C:\Program Files (x86)\Microchip\xc8\v1.37\sources\common\fltol.c estimated size: 269

C:\Program Files (x86)\Microchip\xc8\v1.37\sources\common\isdigit.c
		_isdigit       		CODE           	371C	0000	41

C:\Program Files (x86)\Microchip\xc8\v1.37\sources\common\isdigit.c estimated size: 41

C:\Program Files (x86)\Microchip\xc8\v1.37\sources\common\sprcadd.c
		___flsub       		CODE           	3540	0000	73
		___fladd       		CODE           	1130	0000	1193

C:\Program Files (x86)\Microchip\xc8\v1.37\sources\common\sprcadd.c estimated size: 1266

C:\Program Files (x86)\Microchip\xc8\v1.37\sources\common\lldiv.c
		___lldiv       		CODE           	30A0	0000	189

C:\Program Files (x86)\Microchip\xc8\v1.37\sources\common\lldiv.c estimated size: 189

C:\Program Files (x86)\Microchip\xc8\v1.37\sources\common\ftdivl.c
		__tdiv_to_l_   		CODE           	27C6	0000	415

C:\Program Files (x86)\Microchip\xc8\v1.37\sources\common\ftdivl.c estimated size: 415

C:\Program Files (x86)\Microchip\xc8\v1.37\sources\common\fldivl.c
		__div_to_l_    		CODE           	2AF4	0000	393

C:\Program Files (x86)\Microchip\xc8\v1.37\sources\common\fldivl.c estimated size: 393

shared
		__powers_      		SMALLCONST     	0335	0000	53
		_dpowers       		SMALLCONST     	0369	0000	41
		__npowers_     		SMALLCONST     	0301	0000	53
		__initialization		CODE           	34E8	0000	75

shared estimated size: 222

C:\Program Files (x86)\Microchip\xc8\v1.37\sources\common\flneg.c
		___flneg       		CODE           	35C2	0000	57

C:\Program Files (x86)\Microchip\xc8\v1.37\sources\common\flneg.c estimated size: 57

C:\Program Files (x86)\Microchip\xc8\v1.37\sources\common\flge.c
		___flge        		CODE           	2964	0000	401

C:\Program Files (x86)\Microchip\xc8\v1.37\sources\common\flge.c estimated size: 401

C:\Program Files (x86)\Microchip\xc8\v1.37\sources\common\xxtofl.c
		___xxtofl      		CODE           	25F8	0000	463

C:\Program Files (x86)\Microchip\xc8\v1.37\sources\common\xxtofl.c estimated size: 463

C:\Program Files (x86)\Microchip\xc8\v1.37\sources\common\awmod.c
		___awmod       		CODE           	32A8	0000	149

C:\Program Files (x86)\Microchip\xc8\v1.37\sources\common\awmod.c estimated size: 149

C:\Program Files (x86)\Microchip\xc8\v1.37\sources\common\sprcmul.c
		___flmul       		CODE           	15D8	0000	1191

C:\Program Files (x86)\Microchip\xc8\v1.37\sources\common\sprcmul.c estimated size: 1191

